==== ADD-CHAIN IR CAPTURE Wed Jul 29 12:12:41 UTC 2026 ====
-- IR add3 (-> haoyang_logs/ir/addchain_add3.txt)
   bundles(async_compile.sdsc)=0
0  loop_ir=yes
   SUMMARY op=add3 rows=2048 cols=4096 cores=32 tiles=0 lx=0 io_hbm_bytes=100663296 kernel_us=933.123 pred_us=863.691 err_pct=-7.4 bw_gbps=107.9 memset_us=305.462 other_dev_us=939.381 total_dev_us=2177.966 kernel_us_min=933.123 kernel_us_median=933.123 kernel_us_mean=933.123 kernel_us_std=0.000 kernel_us_cv=0.00 reps=1
-- IR add4 (-> haoyang_logs/ir/addchain_add4.txt)
   bundles(async_compile.sdsc)=0
0  loop_ir=yes
   SUMMARY op=add4 rows=2048 cols=4096 cores=32 tiles=0 lx=0 io_hbm_bytes=150994944 kernel_us=1518.706 pred_us=1295.537 err_pct=-14.7 bw_gbps=99.4 memset_us=212.781 other_dev_us=1051.179 total_dev_us=2782.666 kernel_us_min=1518.706 kernel_us_median=1518.706 kernel_us_mean=1518.706 kernel_us_std=0.000 kernel_us_cv=0.00 reps=1
-- IR add5 (-> haoyang_logs/ir/addchain_add5.txt)
   bundles(async_compile.sdsc)=0
0  loop_ir=yes
   SUMMARY op=add5 rows=2048 cols=4096 cores=32 tiles=0 lx=0 io_hbm_bytes=201326592 kernel_us=2029.078 pred_us=1727.382 err_pct=-14.9 bw_gbps=99.2 memset_us=212.936 other_dev_us=1069.588 total_dev_us=3311.602 kernel_us_min=2029.078 kernel_us_median=2029.078 kernel_us_mean=2029.078 kernel_us_std=0.000 kernel_us_cv=0.00 reps=1
-- IR add6 (-> haoyang_logs/ir/addchain_add6.txt)
   bundles(async_compile.sdsc)=0
0  loop_ir=yes
   SUMMARY op=add6 rows=2048 cols=4096 cores=32 tiles=0 lx=0 io_hbm_bytes=251658240 kernel_us=2519.603 pred_us=2159.228 err_pct=-14.3 bw_gbps=99.9 memset_us=289.459 other_dev_us=821.917 total_dev_us=3630.979 kernel_us_min=2519.603 kernel_us_median=2519.603 kernel_us_mean=2519.603 kernel_us_std=0.000 kernel_us_cv=0.00 reps=1
-- IR add3_sep (-> haoyang_logs/ir/addchain_add3_sep.txt)
   bundles(async_compile.sdsc)=0
0  loop_ir=yes
   SUMMARY op=add3_sep rows=2048 cols=4096 cores=32 tiles=0 lx=0 io_hbm_bytes=50331648 kernel_us=936.879 pred_us=431.846 err_pct=-53.9 bw_gbps=53.7 memset_us=266.653 other_dev_us=997.202 total_dev_us=2200.734 kernel_us_min=936.879 kernel_us_median=936.879 kernel_us_mean=936.879 kernel_us_std=0.000 kernel_us_cv=0.00 reps=1
-- IR add4_sep (-> haoyang_logs/ir/addchain_add4_sep.txt)
   bundles(async_compile.sdsc)=0
0  loop_ir=yes
   SUMMARY op=add4_sep rows=2048 cols=4096 cores=32 tiles=0 lx=0 io_hbm_bytes=50331648 kernel_us=1380.190 pred_us=431.846 err_pct=-68.7 bw_gbps=36.5 memset_us=218.250 other_dev_us=1006.172 total_dev_us=2604.612 kernel_us_min=1380.190 kernel_us_median=1380.190 kernel_us_mean=1380.190 kernel_us_std=0.000 kernel_us_cv=0.00 reps=1
-- IR add5_sep (-> haoyang_logs/ir/addchain_add5_sep.txt)
   bundles(async_compile.sdsc)=0
0  loop_ir=yes
   SUMMARY op=add5_sep rows=2048 cols=4096 cores=32 tiles=0 lx=0 io_hbm_bytes=50331648 kernel_us=2035.233 pred_us=431.846 err_pct=-78.8 bw_gbps=24.7 memset_us=316.454 other_dev_us=748.766 total_dev_us=3100.453 kernel_us_min=2035.233 kernel_us_median=2035.233 kernel_us_mean=2035.233 kernel_us_std=0.000 kernel_us_cv=0.00 reps=1
-- IR add6_sep (-> haoyang_logs/ir/addchain_add6_sep.txt)
   bundles(async_compile.sdsc)=0
0  loop_ir=yes
   SUMMARY op=add6_sep rows=2048 cols=4096 cores=32 tiles=0 lx=0 io_hbm_bytes=50331648 kernel_us=2539.257 pred_us=431.846 err_pct=-83.0 bw_gbps=19.8 memset_us=328.042 other_dev_us=958.701 total_dev_us=3826.000 kernel_us_min=2539.257 kernel_us_median=2539.257 kernel_us_mean=2539.257 kernel_us_std=0.000 kernel_us_cv=0.00 reps=1
==== DONE -- read haoyang_logs/ir/addchain_*.txt ====
   EXPECT: add3,add4 bundles=1 ; first split (bundles>1) at add5 or add6 ;
           add{n}_sep = n-1 separate sdsc kernels ; all chains left-associative.
