==== bmm sweep Tue Jul 14 20:00:03 UTC 2026 ====
git: 7f37527  sections: BM1 BM2 BM3
## BM1 batch scaling: M=N=1024 K=2048, B in {1,2,4,8}
-- bmm_k_tiling B=1 M=1024 K=2048 N=1024
  op_it_space_splits={d0: 8, d1: 4, d2: 1}
     compute = MACs/cores/(mac_peak*pt_eff) = 2147483648/32/(1140*1.000) = 58.87 us  (M/m=128, pt_eff=1.000)
IO -- device-layout I/O (cost model, stick-padded) --
IO   op bmm [reduction]
IO     output op0                    torch [1, 1024, 1024] -> device [1024, 16, 1, 64] in HBM = 1048576 elems x 2B = 2097152 B  (hbm counted: 2097152 B)
IO     input  arg0_1                 torch [1, 1024, 2048] -> device [1024, 32, 1, 64] in HBM = 2097152 elems x 2B = 4194304 B  (hbm counted: 4194304 B) broadcast (loaded once)
IO     input  arg1_1                 torch [1, 2048, 1024] -> device [2048, 16, 1, 64] in HBM = 2097152 elems x 2B = 4194304 B  (hbm counted: 4194304 B) broadcast (loaded once)
IO   => HBM I/O total = 10485760 B  (lx 0 B, ~free)
MODEL -- estimate (turnaround): T = compute + (R+W)/BW_PEAK + a*min(R,W) --
MODEL   R=8388608 B (read)   W=2097152 B (write)   loop_trip L=1
MODEL   compute = MACs/cores/(mac_peak*pt_eff) = 2147483648/32/(1140*1.000) = 58.87 us  (M/m=128, pt_eff=1.000)
MODEL   base = R/150+W/150 = 69.91 us
MODEL   turn = a*min(R,W) = 0.00574*2097152 = 12.04 us
MODEL   => T_model = 113.73 us
MODEL FEATS [{"name":"bmm","is_reduction":true,"out_elems":1048576,"cores":32,"dtype_bytes":2,"args":[{"name":"op0","role":"output","mem":"hbm","elems":1048576,"broadcast":false,"dims":[1024,16,1,64],"logical":[1,1024,1024],"loop_factor":1},{"name":"arg0_1","role":"input","mem":"hbm","elems":2097152,"broadcast":true,"dims":[1024,32,1,64],"logical":[1,1024,2048],"loop_factor":1},{"name":"arg1_1","role":"input","mem":"hbm","elems":2097152,"broadcast":true,"dims":[2048,16,1,64],"logical":[1,2048,1024],"loop_factor":1}],"reduction_cores":1,"loop_trip":1,"tiles_output_dim":false,"tile_rows_per_core":0.0,"is_matmul":true,"matmul_macs":2147483648,"matmul_rows_per_core":128.0,"matmul_cols_per_core":256.0,"matmul_a_bytes":4194304,"matmul_b_bytes":4194304,"hbm_pattern":""}]
SUMMARY op=bmm_k_tiling rows=1024 cols=2048 cores=32 tiles=1 lx=1 io_hbm_bytes=10485760 kernel_us=148.007 pred_us=113.731 err_pct=-23.2 bw_gbps=70.8 memset_us=70.850 other_dev_us=252.515 total_dev_us=471.372
-- bmm_k_tiling B=2 M=1024 K=2048 N=1024
  op_it_space_splits={d0: 1, d1: 16, d2: 2, d3: 1}
     compute = MACs/cores/(mac_peak*pt_eff) = 4294967296/32/(1140*0.297) = 396.01 us  (M/m=2, pt_eff=0.297)
IO -- device-layout I/O (cost model, stick-padded) --
IO   op bmm [reduction]
IO     output op0                    torch [2, 1024, 1024] -> device [1024, 16, 2, 64] in HBM = 2097152 elems x 2B = 4194304 B  (hbm counted: 4194304 B)
IO     input  arg0_1                 torch [2, 1024, 2048] -> device [1024, 32, 2, 64] in HBM = 4194304 elems x 2B = 8388608 B  (hbm counted: 8388608 B)
IO     input  arg1_1                 torch [2, 2048, 1024] -> device [2048, 16, 2, 64] in HBM = 4194304 elems x 2B = 8388608 B  (hbm counted: 8388608 B)
IO   => HBM I/O total = 20971520 B  (lx 0 B, ~free)
MODEL -- estimate (turnaround): T = compute + (R+W)/BW_PEAK + a*min(R,W) --
MODEL   R=16777216 B (read)   W=4194304 B (write)   loop_trip L=1
MODEL   compute = MACs/cores/(mac_peak*pt_eff) = 4294967296/32/(1140*0.297) = 396.01 us  (M/m=2, pt_eff=0.297)
MODEL   base = R/150+W/150 = 139.81 us
MODEL   turn = a*min(R,W) = 0.00574*4194304 = 24.08 us
MODEL   => T_model = 484.51 us
MODEL FEATS [{"name":"bmm","is_reduction":true,"out_elems":2097152,"cores":32,"dtype_bytes":2,"args":[{"name":"op0","role":"output","mem":"hbm","elems":2097152,"broadcast":false,"dims":[1024,16,2,64],"logical":[2,1024,1024],"loop_factor":1},{"name":"arg0_1","role":"input","mem":"hbm","elems":4194304,"broadcast":false,"dims":[1024,32,2,64],"logical":[2,1024,2048],"loop_factor":1},{"name":"arg1_1","role":"input","mem":"hbm","elems":4194304,"broadcast":false,"dims":[2048,16,2,64],"logical":[2,2048,1024],"loop_factor":1}],"reduction_cores":1,"loop_trip":1,"tiles_output_dim":false,"tile_rows_per_core":0.0,"is_matmul":true,"matmul_macs":4294967296,"matmul_rows_per_core":2.0,"matmul_cols_per_core":512.0,"matmul_a_bytes":8192,"matmul_b_bytes":4194304,"hbm_pattern":""}]
SUMMARY op=bmm_k_tiling rows=1024 cols=2048 cores=32 tiles=1 lx=1 io_hbm_bytes=20971520 kernel_us=959.860 pred_us=484.509 err_pct=-49.5 bw_gbps=21.8 memset_us=66.705 other_dev_us=380.314 total_dev_us=1406.879
-- bmm_k_tiling B=4 M=1024 K=2048 N=1024
  op_it_space_splits={d0: 1, d1: 16, d2: 2, d3: 1}
     compute = MACs/cores/(mac_peak*pt_eff) = 8589934592/32/(1140*0.379) = 621.41 us  (M/m=4, pt_eff=0.379)
IO -- device-layout I/O (cost model, stick-padded) --
IO   op bmm [reduction]
IO     output op0                    torch [4, 1024, 1024] -> device [1024, 16, 4, 64] in HBM = 4194304 elems x 2B = 8388608 B  (hbm counted: 8388608 B)
IO     input  arg0_1                 torch [4, 1024, 2048] -> device [1024, 32, 4, 64] in HBM = 8388608 elems x 2B = 16777216 B  (hbm counted: 16777216 B)
IO     input  arg1_1                 torch [4, 2048, 1024] -> device [2048, 16, 4, 64] in HBM = 8388608 elems x 2B = 16777216 B  (hbm counted: 16777216 B)
IO   => HBM I/O total = 41943040 B  (lx 0 B, ~free)
MODEL -- estimate (turnaround): T = compute + (R+W)/BW_PEAK + a*min(R,W) --
MODEL   R=33554432 B (read)   W=8388608 B (write)   loop_trip L=1
MODEL   compute = MACs/cores/(mac_peak*pt_eff) = 8589934592/32/(1140*0.379) = 621.41 us  (M/m=4, pt_eff=0.379)
MODEL   base = R/150+W/150 = 279.62 us
MODEL   turn = a*min(R,W) = 0.00574*8388608 = 48.15 us
MODEL   => T_model = 798.40 us
MODEL FEATS [{"name":"bmm","is_reduction":true,"out_elems":4194304,"cores":32,"dtype_bytes":2,"args":[{"name":"op0","role":"output","mem":"hbm","elems":4194304,"broadcast":false,"dims":[1024,16,4,64],"logical":[4,1024,1024],"loop_factor":1},{"name":"arg0_1","role":"input","mem":"hbm","elems":8388608,"broadcast":false,"dims":[1024,32,4,64],"logical":[4,1024,2048],"loop_factor":1},{"name":"arg1_1","role":"input","mem":"hbm","elems":8388608,"broadcast":false,"dims":[2048,16,4,64],"logical":[4,2048,1024],"loop_factor":1}],"reduction_cores":1,"loop_trip":1,"tiles_output_dim":false,"tile_rows_per_core":0.0,"is_matmul":true,"matmul_macs":8589934592,"matmul_rows_per_core":4.0,"matmul_cols_per_core":512.0,"matmul_a_bytes":16384,"matmul_b_bytes":4194304,"hbm_pattern":""}]
SUMMARY op=bmm_k_tiling rows=1024 cols=2048 cores=32 tiles=1 lx=1 io_hbm_bytes=41943040 kernel_us=3810.366 pred_us=798.405 err_pct=-79.0 bw_gbps=11.0 memset_us=176.909 other_dev_us=544.642 total_dev_us=4531.917
-- bmm_k_tiling B=8 M=1024 K=2048 N=1024
  op_it_space_splits={d0: 1, d1: 16, d2: 2, d3: 1}
     compute = MACs/cores/(mac_peak*pt_eff) = 17179869184/32/(1140*0.483) = 975.09 us  (M/m=8, pt_eff=0.483)
IO -- device-layout I/O (cost model, stick-padded) --
IO   op bmm [reduction]
IO     output op0                    torch [8, 1024, 1024] -> device [1024, 16, 8, 64] in HBM = 8388608 elems x 2B = 16777216 B  (hbm counted: 16777216 B)
IO     input  arg0_1                 torch [8, 1024, 2048] -> device [1024, 32, 8, 64] in HBM = 16777216 elems x 2B = 33554432 B  (hbm counted: 33554432 B)
IO     input  arg1_1                 torch [8, 2048, 1024] -> device [2048, 16, 8, 64] in HBM = 16777216 elems x 2B = 33554432 B  (hbm counted: 33554432 B)
IO   => HBM I/O total = 83886080 B  (lx 0 B, ~free)
MODEL -- estimate (turnaround): T = compute + (R+W)/BW_PEAK + a*min(R,W) --
MODEL   R=67108864 B (read)   W=16777216 B (write)   loop_trip L=1
MODEL   compute = MACs/cores/(mac_peak*pt_eff) = 17179869184/32/(1140*0.483) = 975.09 us  (M/m=8, pt_eff=0.483)
MODEL   base = R/150+W/150 = 559.24 us
MODEL   turn = a*min(R,W) = 0.00574*16777216 = 96.30 us
MODEL   => T_model = 1329.09 us
MODEL FEATS [{"name":"bmm","is_reduction":true,"out_elems":8388608,"cores":32,"dtype_bytes":2,"args":[{"name":"op0","role":"output","mem":"hbm","elems":8388608,"broadcast":false,"dims":[1024,16,8,64],"logical":[8,1024,1024],"loop_factor":1},{"name":"arg0_1","role":"input","mem":"hbm","elems":16777216,"broadcast":false,"dims":[1024,32,8,64],"logical":[8,1024,2048],"loop_factor":1},{"name":"arg1_1","role":"input","mem":"hbm","elems":16777216,"broadcast":false,"dims":[2048,16,8,64],"logical":[8,2048,1024],"loop_factor":1}],"reduction_cores":1,"loop_trip":1,"tiles_output_dim":false,"tile_rows_per_core":0.0,"is_matmul":true,"matmul_macs":17179869184,"matmul_rows_per_core":8.0,"matmul_cols_per_core":512.0,"matmul_a_bytes":32768,"matmul_b_bytes":4194304,"hbm_pattern":""}]
SUMMARY op=bmm_k_tiling rows=1024 cols=2048 cores=32 tiles=1 lx=1 io_hbm_bytes=83886080 kernel_us=7399.901 pred_us=1329.087 err_pct=-82.0 bw_gbps=11.3 memset_us=339.066 other_dev_us=521.194 total_dev_us=8260.161
## BM2 row scaling: B=4 N=1024 K=2048, M in {256,512,1024,2048}
-- bmm_k_tiling B=4 M=256 K=2048 N=1024
  op_it_space_splits={d0: 1, d1: 8, d2: 2, d3: 2}
     compute = MACs/cores/(mac_peak*pt_eff) = 2147483648/32/(1140*0.379) = 155.35 us  (M/m=4, pt_eff=0.379)
IO -- device-layout I/O (cost model, stick-padded) --
IO   op bmm [reduction]
IO     output op0                    torch [4, 256, 1024] -> device [256, 16, 4, 64] in HBM = 1048576 elems x 2B = 2097152 B  (hbm counted: 2097152 B)
IO     input  arg0_1                 torch [4, 256, 2048] -> device [256, 32, 4, 64] in HBM = 2097152 elems x 2B = 4194304 B  (hbm counted: 4194304 B)
IO     input  arg1_1                 torch [4, 2048, 1024] -> device [2048, 16, 4, 64] in HBM = 8388608 elems x 2B = 16777216 B  (hbm counted: 16777216 B)
IO   => HBM I/O total = 23068672 B  (lx 0 B, ~free)
MODEL -- estimate (turnaround): T = compute + (R+W)/BW_PEAK + a*min(R,W) --
MODEL   R=20971520 B (read)   W=2097152 B (write)   loop_trip L=1
MODEL   compute = MACs/cores/(mac_peak*pt_eff) = 2147483648/32/(1140*0.379) = 155.35 us  (M/m=4, pt_eff=0.379)
MODEL   base = R/150+W/150 = 153.79 us
MODEL   turn = a*min(R,W) = 0.00574*2097152 = 12.04 us
MODEL   => T_model = 249.72 us
MODEL FEATS [{"name":"bmm","is_reduction":true,"out_elems":1048576,"cores":32,"dtype_bytes":2,"args":[{"name":"op0","role":"output","mem":"hbm","elems":1048576,"broadcast":false,"dims":[256,16,4,64],"logical":[4,256,1024],"loop_factor":1},{"name":"arg0_1","role":"input","mem":"hbm","elems":2097152,"broadcast":false,"dims":[256,32,4,64],"logical":[4,256,2048],"loop_factor":1},{"name":"arg1_1","role":"input","mem":"hbm","elems":8388608,"broadcast":false,"dims":[2048,16,4,64],"logical":[4,2048,1024],"loop_factor":1}],"reduction_cores":2,"loop_trip":1,"tiles_output_dim":false,"tile_rows_per_core":0.0,"is_matmul":true,"matmul_macs":2147483648,"matmul_rows_per_core":4.0,"matmul_cols_per_core":512.0,"matmul_a_bytes":16384,"matmul_b_bytes":4194304,"hbm_pattern":""}]
SUMMARY op=bmm_k_tiling rows=256 cols=2048 cores=32 tiles=1 lx=1 io_hbm_bytes=23068672 kernel_us=453.432 pred_us=249.719 err_pct=-44.9 bw_gbps=50.9 memset_us=95.701 other_dev_us=332.686 total_dev_us=881.819
-- bmm_k_tiling B=4 M=512 K=2048 N=1024
  op_it_space_splits={d0: 1, d1: 16, d2: 2, d3: 1}
     compute = MACs/cores/(mac_peak*pt_eff) = 4294967296/32/(1140*0.379) = 310.70 us  (M/m=4, pt_eff=0.379)
IO -- device-layout I/O (cost model, stick-padded) --
IO   op bmm [reduction]
IO     output op0                    torch [4, 512, 1024] -> device [512, 16, 4, 64] in HBM = 2097152 elems x 2B = 4194304 B  (hbm counted: 4194304 B)
IO     input  arg0_1                 torch [4, 512, 2048] -> device [512, 32, 4, 64] in HBM = 4194304 elems x 2B = 8388608 B  (hbm counted: 8388608 B)
IO     input  arg1_1                 torch [4, 2048, 1024] -> device [2048, 16, 4, 64] in HBM = 8388608 elems x 2B = 16777216 B  (hbm counted: 16777216 B)
IO   => HBM I/O total = 29360128 B  (lx 0 B, ~free)
MODEL -- estimate (turnaround): T = compute + (R+W)/BW_PEAK + a*min(R,W) --
MODEL   R=25165824 B (read)   W=4194304 B (write)   loop_trip L=1
MODEL   compute = MACs/cores/(mac_peak*pt_eff) = 4294967296/32/(1140*0.379) = 310.70 us  (M/m=4, pt_eff=0.379)
MODEL   base = R/150+W/150 = 195.73 us
MODEL   turn = a*min(R,W) = 0.00574*4194304 = 24.08 us
MODEL   => T_model = 429.40 us
MODEL FEATS [{"name":"bmm","is_reduction":true,"out_elems":2097152,"cores":32,"dtype_bytes":2,"args":[{"name":"op0","role":"output","mem":"hbm","elems":2097152,"broadcast":false,"dims":[512,16,4,64],"logical":[4,512,1024],"loop_factor":1},{"name":"arg0_1","role":"input","mem":"hbm","elems":4194304,"broadcast":false,"dims":[512,32,4,64],"logical":[4,512,2048],"loop_factor":1},{"name":"arg1_1","role":"input","mem":"hbm","elems":8388608,"broadcast":false,"dims":[2048,16,4,64],"logical":[4,2048,1024],"loop_factor":1}],"reduction_cores":1,"loop_trip":1,"tiles_output_dim":false,"tile_rows_per_core":0.0,"is_matmul":true,"matmul_macs":4294967296,"matmul_rows_per_core":4.0,"matmul_cols_per_core":512.0,"matmul_a_bytes":16384,"matmul_b_bytes":4194304,"hbm_pattern":""}]
SUMMARY op=bmm_k_tiling rows=512 cols=2048 cores=32 tiles=1 lx=1 io_hbm_bytes=29360128 kernel_us=892.914 pred_us=429.401 err_pct=-51.9 bw_gbps=32.9 memset_us=130.366 other_dev_us=341.413 total_dev_us=1364.693
-- bmm_k_tiling B=4 M=1024 K=2048 N=1024
  op_it_space_splits={d0: 1, d1: 16, d2: 2, d3: 1}
     compute = MACs/cores/(mac_peak*pt_eff) = 8589934592/32/(1140*0.379) = 621.41 us  (M/m=4, pt_eff=0.379)
IO -- device-layout I/O (cost model, stick-padded) --
IO   op bmm [reduction]
IO     output op0                    torch [4, 1024, 1024] -> device [1024, 16, 4, 64] in HBM = 4194304 elems x 2B = 8388608 B  (hbm counted: 8388608 B)
IO     input  arg0_1                 torch [4, 1024, 2048] -> device [1024, 32, 4, 64] in HBM = 8388608 elems x 2B = 16777216 B  (hbm counted: 16777216 B)
IO     input  arg1_1                 torch [4, 2048, 1024] -> device [2048, 16, 4, 64] in HBM = 8388608 elems x 2B = 16777216 B  (hbm counted: 16777216 B)
IO   => HBM I/O total = 41943040 B  (lx 0 B, ~free)
MODEL -- estimate (turnaround): T = compute + (R+W)/BW_PEAK + a*min(R,W) --
MODEL   R=33554432 B (read)   W=8388608 B (write)   loop_trip L=1
MODEL   compute = MACs/cores/(mac_peak*pt_eff) = 8589934592/32/(1140*0.379) = 621.41 us  (M/m=4, pt_eff=0.379)
MODEL   base = R/150+W/150 = 279.62 us
MODEL   turn = a*min(R,W) = 0.00574*8388608 = 48.15 us
MODEL   => T_model = 798.40 us
MODEL FEATS [{"name":"bmm","is_reduction":true,"out_elems":4194304,"cores":32,"dtype_bytes":2,"args":[{"name":"op0","role":"output","mem":"hbm","elems":4194304,"broadcast":false,"dims":[1024,16,4,64],"logical":[4,1024,1024],"loop_factor":1},{"name":"arg0_1","role":"input","mem":"hbm","elems":8388608,"broadcast":false,"dims":[1024,32,4,64],"logical":[4,1024,2048],"loop_factor":1},{"name":"arg1_1","role":"input","mem":"hbm","elems":8388608,"broadcast":false,"dims":[2048,16,4,64],"logical":[4,2048,1024],"loop_factor":1}],"reduction_cores":1,"loop_trip":1,"tiles_output_dim":false,"tile_rows_per_core":0.0,"is_matmul":true,"matmul_macs":8589934592,"matmul_rows_per_core":4.0,"matmul_cols_per_core":512.0,"matmul_a_bytes":16384,"matmul_b_bytes":4194304,"hbm_pattern":""}]
SUMMARY op=bmm_k_tiling rows=1024 cols=2048 cores=32 tiles=1 lx=1 io_hbm_bytes=41943040 kernel_us=3798.097 pred_us=798.405 err_pct=-79.0 bw_gbps=11.0 memset_us=117.125 other_dev_us=565.328 total_dev_us=4480.550
-- bmm_k_tiling B=4 M=2048 K=2048 N=1024
  op_it_space_splits={d0: 1, d1: 16, d2: 2, d3: 1}
     compute = MACs/cores/(mac_peak*pt_eff) = 17179869184/32/(1140*0.379) = 1242.82 us  (M/m=4, pt_eff=0.379)
IO -- device-layout I/O (cost model, stick-padded) --
IO   op bmm [reduction]
IO     output op0                    torch [4, 2048, 1024] -> device [2048, 16, 4, 64] in HBM = 8388608 elems x 2B = 16777216 B  (hbm counted: 16777216 B)
IO     input  arg0_1                 torch [4, 2048, 2048] -> device [2048, 32, 4, 64] in HBM = 16777216 elems x 2B = 33554432 B  (hbm counted: 33554432 B)
IO     input  arg1_1                 torch [4, 2048, 1024] -> device [2048, 16, 4, 64] in HBM = 8388608 elems x 2B = 16777216 B  (hbm counted: 16777216 B)
IO   => HBM I/O total = 67108864 B  (lx 0 B, ~free)
MODEL -- estimate (turnaround): T = compute + (R+W)/BW_PEAK + a*min(R,W) --
MODEL   R=50331648 B (read)   W=16777216 B (write)   loop_trip L=1
MODEL   compute = MACs/cores/(mac_peak*pt_eff) = 17179869184/32/(1140*0.379) = 1242.82 us  (M/m=4, pt_eff=0.379)
MODEL   base = R/150+W/150 = 447.39 us
MODEL   turn = a*min(R,W) = 0.00574*16777216 = 96.30 us
MODEL   => T_model = 1536.41 us
MODEL FEATS [{"name":"bmm","is_reduction":true,"out_elems":8388608,"cores":32,"dtype_bytes":2,"args":[{"name":"op0","role":"output","mem":"hbm","elems":8388608,"broadcast":false,"dims":[2048,16,4,64],"logical":[4,2048,1024],"loop_factor":1},{"name":"arg0_1","role":"input","mem":"hbm","elems":16777216,"broadcast":false,"dims":[2048,32,4,64],"logical":[4,2048,2048],"loop_factor":1},{"name":"arg1_1","role":"input","mem":"hbm","elems":8388608,"broadcast":false,"dims":[2048,16,4,64],"logical":[4,2048,1024],"loop_factor":1}],"reduction_cores":1,"loop_trip":1,"tiles_output_dim":false,"tile_rows_per_core":0.0,"is_matmul":true,"matmul_macs":17179869184,"matmul_rows_per_core":4.0,"matmul_cols_per_core":512.0,"matmul_a_bytes":16384,"matmul_b_bytes":4194304,"hbm_pattern":""}]
SUMMARY op=bmm_k_tiling rows=2048 cols=2048 cores=32 tiles=1 lx=1 io_hbm_bytes=67108864 kernel_us=5880.169 pred_us=1536.411 err_pct=-73.9 bw_gbps=11.4 memset_us=263.396 other_dev_us=819.234 total_dev_us=6962.799
## BM3 3d2d + memory-bound control + K scaling
-- bmm_3d2d_k_tiling B=8 M=1024 K=2048 N=1024
  op_it_space_splits={d0: 1, d1: 8, d2: 4, d3: 1}
     compute = MACs/cores/(mac_peak*pt_eff) = 17179869184/32/(1140*0.483) = 975.09 us  (M/m=8, pt_eff=0.483)
IO -- device-layout I/O (cost model, stick-padded) --
IO   op bmm_default [reduction]
IO     output op0                    torch [8, 1024, 1024] -> device [1024, 16, 8, 64] in HBM = 8388608 elems x 2B = 16777216 B  (hbm counted: 16777216 B)
IO     input  arg0_1                 torch [8, 1024, 2048] -> device [1024, 32, 8, 64] in HBM = 16777216 elems x 2B = 33554432 B  (hbm counted: 33554432 B)
IO     input  arg1_1                 torch [2048, 1024] -> device [16, 2048, 64] in HBM = 2097152 elems x 2B = 4194304 B  (hbm counted: 4194304 B) broadcast (loaded once)
IO   => HBM I/O total = 54525952 B  (lx 0 B, ~free)
MODEL -- estimate (turnaround): T = compute + (R+W)/BW_PEAK + a*min(R,W) --
MODEL   R=37748736 B (read)   W=16777216 B (write)   loop_trip L=1
MODEL   compute = MACs/cores/(mac_peak*pt_eff) = 17179869184/32/(1140*0.483) = 975.09 us  (M/m=8, pt_eff=0.483)
MODEL   base = R/150+W/150 = 363.51 us
MODEL   turn = a*min(R,W) = 0.00574*16777216 = 96.30 us
MODEL   => T_model = 1223.39 us
MODEL FEATS [{"name":"bmm_default","is_reduction":true,"out_elems":8388608,"cores":32,"dtype_bytes":2,"args":[{"name":"op0","role":"output","mem":"hbm","elems":8388608,"broadcast":false,"dims":[1024,16,8,64],"logical":[8,1024,1024],"loop_factor":1},{"name":"arg0_1","role":"input","mem":"hbm","elems":16777216,"broadcast":false,"dims":[1024,32,8,64],"logical":[8,1024,2048],"loop_factor":1},{"name":"arg1_1","role":"input","mem":"hbm","elems":2097152,"broadcast":true,"dims":[16,2048,64],"logical":[2048,1024],"loop_factor":1}],"reduction_cores":1,"loop_trip":1,"tiles_output_dim":false,"tile_rows_per_core":0.0,"is_matmul":true,"matmul_macs":17179869184,"matmul_rows_per_core":8.0,"matmul_cols_per_core":256.0,"matmul_a_bytes":32768,"matmul_b_bytes":4194304,"hbm_pattern":""}]
SUMMARY op=bmm_3d2d_k_tiling rows=1024 cols=2048 cores=32 tiles=1 lx=1 io_hbm_bytes=54525952 kernel_us=1497.522 pred_us=1223.390 err_pct=-18.3 bw_gbps=36.4 memset_us=291.728 other_dev_us=782.306 total_dev_us=2571.556
-- bmm_k_tiling B=8 M=1024 K=2048 N=1024
  op_it_space_splits={d0: 1, d1: 16, d2: 2, d3: 1}
     compute = MACs/cores/(mac_peak*pt_eff) = 17179869184/32/(1140*0.483) = 975.09 us  (M/m=8, pt_eff=0.483)
IO -- device-layout I/O (cost model, stick-padded) --
IO   op bmm [reduction]
IO     output op0                    torch [8, 1024, 1024] -> device [1024, 16, 8, 64] in HBM = 8388608 elems x 2B = 16777216 B  (hbm counted: 16777216 B)
IO     input  arg0_1                 torch [8, 1024, 2048] -> device [1024, 32, 8, 64] in HBM = 16777216 elems x 2B = 33554432 B  (hbm counted: 33554432 B)
IO     input  arg1_1                 torch [8, 2048, 1024] -> device [2048, 16, 8, 64] in HBM = 16777216 elems x 2B = 33554432 B  (hbm counted: 33554432 B)
IO   => HBM I/O total = 83886080 B  (lx 0 B, ~free)
MODEL -- estimate (turnaround): T = compute + (R+W)/BW_PEAK + a*min(R,W) --
MODEL   R=67108864 B (read)   W=16777216 B (write)   loop_trip L=1
MODEL   compute = MACs/cores/(mac_peak*pt_eff) = 17179869184/32/(1140*0.483) = 975.09 us  (M/m=8, pt_eff=0.483)
MODEL   base = R/150+W/150 = 559.24 us
MODEL   turn = a*min(R,W) = 0.00574*16777216 = 96.30 us
MODEL   => T_model = 1329.09 us
MODEL FEATS [{"name":"bmm","is_reduction":true,"out_elems":8388608,"cores":32,"dtype_bytes":2,"args":[{"name":"op0","role":"output","mem":"hbm","elems":8388608,"broadcast":false,"dims":[1024,16,8,64],"logical":[8,1024,1024],"loop_factor":1},{"name":"arg0_1","role":"input","mem":"hbm","elems":16777216,"broadcast":false,"dims":[1024,32,8,64],"logical":[8,1024,2048],"loop_factor":1},{"name":"arg1_1","role":"input","mem":"hbm","elems":16777216,"broadcast":false,"dims":[2048,16,8,64],"logical":[8,2048,1024],"loop_factor":1}],"reduction_cores":1,"loop_trip":1,"tiles_output_dim":false,"tile_rows_per_core":0.0,"is_matmul":true,"matmul_macs":17179869184,"matmul_rows_per_core":8.0,"matmul_cols_per_core":512.0,"matmul_a_bytes":32768,"matmul_b_bytes":4194304,"hbm_pattern":""}]
SUMMARY op=bmm_k_tiling rows=1024 cols=2048 cores=32 tiles=1 lx=1 io_hbm_bytes=83886080 kernel_us=7386.523 pred_us=1329.087 err_pct=-82.0 bw_gbps=11.4 memset_us=260.921 other_dev_us=768.799 total_dev_us=8416.243
-- bmm_k_tiling B=8 M=1024 K=64 N=1024
  op_it_space_splits={d0: 1, d1: 16, d2: 2, d3: 1}
     compute = MACs/cores/(mac_peak*pt_eff) = 536870912/32/(1140*0.483) = 30.47 us  (M/m=8, pt_eff=0.483)
IO -- device-layout I/O (cost model, stick-padded) --
IO   op bmm [reduction]
IO     output op0                    torch [8, 1024, 1024] -> device [1024, 16, 8, 64] in HBM = 8388608 elems x 2B = 16777216 B  (hbm counted: 16777216 B)
IO     input  arg0_1                 torch [8, 1024, 64] -> device [1024, 1, 8, 64] in HBM = 524288 elems x 2B = 1048576 B  (hbm counted: 1048576 B)
IO     input  arg1_1                 torch [8, 64, 1024] -> device [64, 16, 8, 64] in HBM = 524288 elems x 2B = 1048576 B  (hbm counted: 1048576 B)
IO   => HBM I/O total = 18874368 B  (lx 0 B, ~free)
MODEL -- estimate (turnaround): T = compute + (R+W)/BW_PEAK + a*min(R,W) --
MODEL   R=2097152 B (read)   W=16777216 B (write)   loop_trip L=1
MODEL   compute = MACs/cores/(mac_peak*pt_eff) = 536870912/32/(1140*0.483) = 30.47 us  (M/m=8, pt_eff=0.483)
MODEL   base = R/150+W/150 = 125.83 us
MODEL   turn = a*min(R,W) = 0.00574*2097152 = 12.04 us
MODEL   => T_model = 154.32 us
MODEL FEATS [{"name":"bmm","is_reduction":true,"out_elems":8388608,"cores":32,"dtype_bytes":2,"args":[{"name":"op0","role":"output","mem":"hbm","elems":8388608,"broadcast":false,"dims":[1024,16,8,64],"logical":[8,1024,1024],"loop_factor":1},{"name":"arg0_1","role":"input","mem":"hbm","elems":524288,"broadcast":false,"dims":[1024,1,8,64],"logical":[8,1024,64],"loop_factor":1},{"name":"arg1_1","role":"input","mem":"hbm","elems":524288,"broadcast":false,"dims":[64,16,8,64],"logical":[8,64,1024],"loop_factor":1}],"reduction_cores":1,"loop_trip":1,"tiles_output_dim":false,"tile_rows_per_core":0.0,"is_matmul":true,"matmul_macs":536870912,"matmul_rows_per_core":8.0,"matmul_cols_per_core":512.0,"matmul_a_bytes":1024,"matmul_b_bytes":131072,"hbm_pattern":""}]
SUMMARY op=bmm_k_tiling rows=1024 cols=64 cores=32 tiles=1 lx=1 io_hbm_bytes=18874368 kernel_us=299.639 pred_us=154.321 err_pct=-48.5 bw_gbps=63.0 memset_us=208.081 other_dev_us=971.086 total_dev_us=1478.806
-- bmm_k_tiling B=4 M=1024 K=512 N=1024
  op_it_space_splits={d0: 1, d1: 16, d2: 2, d3: 1}
     compute = MACs/cores/(mac_peak*pt_eff) = 2147483648/32/(1140*0.379) = 155.35 us  (M/m=4, pt_eff=0.379)
IO -- device-layout I/O (cost model, stick-padded) --
IO   op bmm [reduction]
IO     output op0                    torch [4, 1024, 1024] -> device [1024, 16, 4, 64] in HBM = 4194304 elems x 2B = 8388608 B  (hbm counted: 8388608 B)
IO     input  arg0_1                 torch [4, 1024, 512] -> device [1024, 8, 4, 64] in HBM = 2097152 elems x 2B = 4194304 B  (hbm counted: 4194304 B)
IO     input  arg1_1                 torch [4, 512, 1024] -> device [512, 16, 4, 64] in HBM = 2097152 elems x 2B = 4194304 B  (hbm counted: 4194304 B)
IO   => HBM I/O total = 16777216 B  (lx 0 B, ~free)
MODEL -- estimate (turnaround): T = compute + (R+W)/BW_PEAK + a*min(R,W) --
MODEL   R=8388608 B (read)   W=8388608 B (write)   loop_trip L=1
MODEL   compute = MACs/cores/(mac_peak*pt_eff) = 2147483648/32/(1140*0.379) = 155.35 us  (M/m=4, pt_eff=0.379)
MODEL   base = R/150+W/150 = 111.85 us
MODEL   turn = a*min(R,W) = 0.00574*8388608 = 48.15 us
MODEL   => T_model = 243.89 us
MODEL FEATS [{"name":"bmm","is_reduction":true,"out_elems":4194304,"cores":32,"dtype_bytes":2,"args":[{"name":"op0","role":"output","mem":"hbm","elems":4194304,"broadcast":false,"dims":[1024,16,4,64],"logical":[4,1024,1024],"loop_factor":1},{"name":"arg0_1","role":"input","mem":"hbm","elems":2097152,"broadcast":false,"dims":[1024,8,4,64],"logical":[4,1024,512],"loop_factor":1},{"name":"arg1_1","role":"input","mem":"hbm","elems":2097152,"broadcast":false,"dims":[512,16,4,64],"logical":[4,512,1024],"loop_factor":1}],"reduction_cores":1,"loop_trip":1,"tiles_output_dim":false,"tile_rows_per_core":0.0,"is_matmul":true,"matmul_macs":2147483648,"matmul_rows_per_core":4.0,"matmul_cols_per_core":512.0,"matmul_a_bytes":4096,"matmul_b_bytes":1048576,"hbm_pattern":""}]
SUMMARY op=bmm_k_tiling rows=1024 cols=512 cores=32 tiles=1 lx=1 io_hbm_bytes=16777216 kernel_us=886.206 pred_us=243.889 err_pct=-72.5 bw_gbps=18.9 memset_us=167.119 other_dev_us=590.984 total_dev_us=1644.309
-- bmm_k_tiling B=4 M=1024 K=1024 N=1024
  op_it_space_splits={d0: 1, d1: 16, d2: 2, d3: 1}
     compute = MACs/cores/(mac_peak*pt_eff) = 4294967296/32/(1140*0.379) = 310.70 us  (M/m=4, pt_eff=0.379)
IO -- device-layout I/O (cost model, stick-padded) --
IO   op bmm [reduction]
IO     output op0                    torch [4, 1024, 1024] -> device [1024, 16, 4, 64] in HBM = 4194304 elems x 2B = 8388608 B  (hbm counted: 8388608 B)
IO     input  arg0_1                 torch [4, 1024, 1024] -> device [1024, 16, 4, 64] in HBM = 4194304 elems x 2B = 8388608 B  (hbm counted: 8388608 B)
IO     input  arg1_1                 torch [4, 1024, 1024] -> device [1024, 16, 4, 64] in HBM = 4194304 elems x 2B = 8388608 B  (hbm counted: 8388608 B)
IO   => HBM I/O total = 25165824 B  (lx 0 B, ~free)
MODEL -- estimate (turnaround): T = compute + (R+W)/BW_PEAK + a*min(R,W) --
MODEL   R=16777216 B (read)   W=8388608 B (write)   loop_trip L=1
MODEL   compute = MACs/cores/(mac_peak*pt_eff) = 4294967296/32/(1140*0.379) = 310.70 us  (M/m=4, pt_eff=0.379)
MODEL   base = R/150+W/150 = 167.77 us
MODEL   turn = a*min(R,W) = 0.00574*8388608 = 48.15 us
MODEL   => T_model = 427.30 us
MODEL FEATS [{"name":"bmm","is_reduction":true,"out_elems":4194304,"cores":32,"dtype_bytes":2,"args":[{"name":"op0","role":"output","mem":"hbm","elems":4194304,"broadcast":false,"dims":[1024,16,4,64],"logical":[4,1024,1024],"loop_factor":1},{"name":"arg0_1","role":"input","mem":"hbm","elems":4194304,"broadcast":false,"dims":[1024,16,4,64],"logical":[4,1024,1024],"loop_factor":1},{"name":"arg1_1","role":"input","mem":"hbm","elems":4194304,"broadcast":false,"dims":[1024,16,4,64],"logical":[4,1024,1024],"loop_factor":1}],"reduction_cores":1,"loop_trip":1,"tiles_output_dim":false,"tile_rows_per_core":0.0,"is_matmul":true,"matmul_macs":4294967296,"matmul_rows_per_core":4.0,"matmul_cols_per_core":512.0,"matmul_a_bytes":8192,"matmul_b_bytes":2097152,"hbm_pattern":""}]
SUMMARY op=bmm_k_tiling rows=1024 cols=1024 cores=32 tiles=1 lx=1 io_hbm_bytes=25165824 kernel_us=1864.022 pred_us=427.302 err_pct=-77.1 bw_gbps=13.5 memset_us=163.045 other_dev_us=464.529 total_dev_us=2491.596
-- bmm_k_tiling B=4 M=1024 K=2048 N=1024
  op_it_space_splits={d0: 1, d1: 16, d2: 2, d3: 1}
     compute = MACs/cores/(mac_peak*pt_eff) = 8589934592/32/(1140*0.379) = 621.41 us  (M/m=4, pt_eff=0.379)
IO -- device-layout I/O (cost model, stick-padded) --
IO   op bmm [reduction]
IO     output op0                    torch [4, 1024, 1024] -> device [1024, 16, 4, 64] in HBM = 4194304 elems x 2B = 8388608 B  (hbm counted: 8388608 B)
IO     input  arg0_1                 torch [4, 1024, 2048] -> device [1024, 32, 4, 64] in HBM = 8388608 elems x 2B = 16777216 B  (hbm counted: 16777216 B)
IO     input  arg1_1                 torch [4, 2048, 1024] -> device [2048, 16, 4, 64] in HBM = 8388608 elems x 2B = 16777216 B  (hbm counted: 16777216 B)
IO   => HBM I/O total = 41943040 B  (lx 0 B, ~free)
MODEL -- estimate (turnaround): T = compute + (R+W)/BW_PEAK + a*min(R,W) --
MODEL   R=33554432 B (read)   W=8388608 B (write)   loop_trip L=1
MODEL   compute = MACs/cores/(mac_peak*pt_eff) = 8589934592/32/(1140*0.379) = 621.41 us  (M/m=4, pt_eff=0.379)
MODEL   base = R/150+W/150 = 279.62 us
MODEL   turn = a*min(R,W) = 0.00574*8388608 = 48.15 us
MODEL   => T_model = 798.40 us
MODEL FEATS [{"name":"bmm","is_reduction":true,"out_elems":4194304,"cores":32,"dtype_bytes":2,"args":[{"name":"op0","role":"output","mem":"hbm","elems":4194304,"broadcast":false,"dims":[1024,16,4,64],"logical":[4,1024,1024],"loop_factor":1},{"name":"arg0_1","role":"input","mem":"hbm","elems":8388608,"broadcast":false,"dims":[1024,32,4,64],"logical":[4,1024,2048],"loop_factor":1},{"name":"arg1_1","role":"input","mem":"hbm","elems":8388608,"broadcast":false,"dims":[2048,16,4,64],"logical":[4,2048,1024],"loop_factor":1}],"reduction_cores":1,"loop_trip":1,"tiles_output_dim":false,"tile_rows_per_core":0.0,"is_matmul":true,"matmul_macs":8589934592,"matmul_rows_per_core":4.0,"matmul_cols_per_core":512.0,"matmul_a_bytes":16384,"matmul_b_bytes":4194304,"hbm_pattern":""}]
SUMMARY op=bmm_k_tiling rows=1024 cols=2048 cores=32 tiles=1 lx=1 io_hbm_bytes=41943040 kernel_us=3784.988 pred_us=798.405 err_pct=-78.9 bw_gbps=11.1 memset_us=156.071 other_dev_us=612.353 total_dev_us=4553.412
==== DONE -> forward haoyang_logs/bmm_20260714_200003.log ====
