==== coarse-tiling sweep Tue Jul 14 18:50:59 UTC 2026 ====
git: 18569fc  sections: CT3 CT4 CT5 CT6
## CT3 ctsum/ctamax/ctamin [4096,2048] TILES{1,2,4,8}; ctsum also LX=0
-- ctsum [4096,2048] tiles=1 lx=1
  op_it_space_splits={d0: 32, d1: 1}
IO -- device-layout I/O (cost model, stick-padded) --
IO   op sum_1 [reduction]
IO     output op0                    torch [2048] -> device [32, 64] in HBM = 2048 elems x 2B = 4096 B  (hbm counted: 4096 B)
IO     input  arg0_1                 torch [4096, 2048] -> device [32, 4096, 64] in HBM = 8388608 elems x 2B = 16777216 B  (hbm counted: 16777216 B)
IO   => HBM I/O total = 16781312 B  (lx 0 B, ~free)
MODEL -- estimate (turnaround): T = (R+W)/BW_PEAK + a*min(R,W) --
MODEL   R=16777216 B (read)   W=4096 B (write)   loop_trip L=1
MODEL   base = (R+W)/150 = 111.88 us
MODEL   turn = a*min(R,W) = 0.00574*4096 = 0.02 us
MODEL   => T_model = 148.51 us
MODEL FEATS [{"name":"sum_1","is_reduction":true,"out_elems":2048,"cores":32,"dtype_bytes":2,"args":[{"name":"op0","role":"output","mem":"hbm","elems":2048,"broadcast":false,"dims":[32,64],"logical":[2048],"loop_factor":1},{"name":"arg0_1","role":"input","mem":"hbm","elems":8388608,"broadcast":false,"dims":[32,4096,64],"logical":[4096,2048],"loop_factor":1}],"reduction_cores":1,"loop_trip":1,"tiles_output_dim":false,"tile_rows_per_core":0.0,"is_matmul":false,"matmul_macs":0,"matmul_rows_per_core":0.0,"matmul_cols_per_core":0.0,"matmul_a_bytes":0,"matmul_b_bytes":0,"hbm_pattern":"reduce_outer"}]
SUMMARY op=ctsum rows=4096 cols=2048 cores=32 tiles=1 lx=1 io_hbm_bytes=16781312 kernel_us=144.253 pred_us=148.507 err_pct=+2.9 bw_gbps=116.3 memset_us=19.801 other_dev_us=19.723 total_dev_us=183.777
-- ctsum [4096,2048] tiles=2 lx=1
  op_it_space_splits={d0: 32}
  op_it_space_splits={d0: 32, d1: 1}
  op_it_space_splits={d0: 32}
  op_it_space_splits={d0: 32}
  op_it_space_splits={d0: 32, d1: 1}
  op_it_space_splits={d0: 32}
  op_it_space_splits={d0: 32}
  op_it_space_splits={d0: 32, d1: 1}
  op_it_space_splits={d0: 32}
  op_it_space_splits={d0: 32}
  op_it_space_splits={d0: 32, d1: 1}
  op_it_space_splits={d0: 32}
  op_it_space_splits={d0: 32}
  op_it_space_splits={d0: 32, d1: 1}
  op_it_space_splits={d0: 32}
  op_it_space_splits={d0: 32}
  op_it_space_splits={d0: 32, d1: 1}
  op_it_space_splits={d0: 32}
IO -- device-layout I/O (cost model, stick-padded) --
IO   op Pointwise
IO     output coarse_tile_fill_buf0  torch [2048] -> device [2048] in HBM = 2048 elems x 2B = 4096 B  (hbm counted: 4096 B)
IO     input  buf2                   device [1, 64] in HBM = 64 elems x 2B = 128 B  (hbm counted: 128 B) broadcast (loaded once)
IO   op sum_1 [reduction]
IO     output op0                    torch [2048] -> device [32, 64] in LX = 2048 elems x 2B = 4096 B  (hbm counted: 0 B) xL=2
IO     input  arg0_1                 torch [4096, 2048] -> device [32, 4096, 64] in HBM = 8388608 elems x 2B = 16777216 B  (hbm counted: 16777216 B)
IO   op Pointwise
IO     output coarse_tile_combine_buf0 torch [2048] -> device [2048] in HBM = 2048 elems x 2B = 4096 B  (hbm counted: 8192 B) xL=2
IO     input  buf0                   torch [2048] -> device [32, 64] in LX = 2048 elems x 2B = 4096 B  (hbm counted: 0 B) xL=2
IO     input  buf1                   torch [2048] -> device [32, 64] in HBM = 2048 elems x 2B = 4096 B  (hbm counted: 8192 B) xL=2
IO   => HBM I/O total = 16797824 B  (lx 8192 B, ~free)
SUMMARY op=ctsum rows=4096 cols=2048 tiles=2 lx=1 FAILED reason=AttributeError: 'CostParams' object has no attribute 'c_loop_ns'
-- ctsum [4096,2048] tiles=4 lx=1
  op_it_space_splits={d0: 32}
  op_it_space_splits={d0: 32, d1: 1}
  op_it_space_splits={d0: 32}
  op_it_space_splits={d0: 32}
  op_it_space_splits={d0: 32, d1: 1}
  op_it_space_splits={d0: 32}
  op_it_space_splits={d0: 32}
  op_it_space_splits={d0: 32, d1: 1}
  op_it_space_splits={d0: 32}
  op_it_space_splits={d0: 32}
  op_it_space_splits={d0: 32, d1: 1}
  op_it_space_splits={d0: 32}
  op_it_space_splits={d0: 32}
  op_it_space_splits={d0: 32, d1: 1}
  op_it_space_splits={d0: 32}
  op_it_space_splits={d0: 32}
  op_it_space_splits={d0: 32, d1: 1}
  op_it_space_splits={d0: 32}
IO -- device-layout I/O (cost model, stick-padded) --
IO   op Pointwise
IO     output coarse_tile_fill_buf0  torch [2048] -> device [2048] in HBM = 2048 elems x 2B = 4096 B  (hbm counted: 4096 B)
IO     input  buf2                   device [1, 64] in HBM = 64 elems x 2B = 128 B  (hbm counted: 128 B) broadcast (loaded once)
IO   op sum_1 [reduction]
IO     output op0                    torch [2048] -> device [32, 64] in LX = 2048 elems x 2B = 4096 B  (hbm counted: 0 B) xL=4
IO     input  arg0_1                 torch [4096, 2048] -> device [32, 4096, 64] in HBM = 8388608 elems x 2B = 16777216 B  (hbm counted: 16777216 B)
IO   op Pointwise
IO     output coarse_tile_combine_buf0 torch [2048] -> device [2048] in HBM = 2048 elems x 2B = 4096 B  (hbm counted: 16384 B) xL=4
IO     input  buf0                   torch [2048] -> device [32, 64] in LX = 2048 elems x 2B = 4096 B  (hbm counted: 0 B) xL=4
IO     input  buf1                   torch [2048] -> device [32, 64] in HBM = 2048 elems x 2B = 4096 B  (hbm counted: 16384 B) xL=4
IO   => HBM I/O total = 16814208 B  (lx 8192 B, ~free)
SUMMARY op=ctsum rows=4096 cols=2048 tiles=4 lx=1 FAILED reason=AttributeError: 'CostParams' object has no attribute 'c_loop_ns'
-- ctsum [4096,2048] tiles=8 lx=1
  op_it_space_splits={d0: 32}
  op_it_space_splits={d0: 32, d1: 1}
  op_it_space_splits={d0: 32}
  op_it_space_splits={d0: 32}
  op_it_space_splits={d0: 32, d1: 1}
  op_it_space_splits={d0: 32}
  op_it_space_splits={d0: 32}
  op_it_space_splits={d0: 32, d1: 1}
  op_it_space_splits={d0: 32}
  op_it_space_splits={d0: 32}
  op_it_space_splits={d0: 32, d1: 1}
  op_it_space_splits={d0: 32}
  op_it_space_splits={d0: 32}
  op_it_space_splits={d0: 32, d1: 1}
  op_it_space_splits={d0: 32}
  op_it_space_splits={d0: 32}
  op_it_space_splits={d0: 32, d1: 1}
  op_it_space_splits={d0: 32}
IO -- device-layout I/O (cost model, stick-padded) --
IO   op Pointwise
IO     output coarse_tile_fill_buf0  torch [2048] -> device [2048] in HBM = 2048 elems x 2B = 4096 B  (hbm counted: 4096 B)
IO     input  buf2                   device [1, 64] in HBM = 64 elems x 2B = 128 B  (hbm counted: 128 B) broadcast (loaded once)
IO   op sum_1 [reduction]
IO     output op0                    torch [2048] -> device [32, 64] in LX = 2048 elems x 2B = 4096 B  (hbm counted: 0 B) xL=8
IO     input  arg0_1                 torch [4096, 2048] -> device [32, 4096, 64] in HBM = 8388608 elems x 2B = 16777216 B  (hbm counted: 16777216 B)
IO   op Pointwise
IO     output coarse_tile_combine_buf0 torch [2048] -> device [2048] in HBM = 2048 elems x 2B = 4096 B  (hbm counted: 32768 B) xL=8
IO     input  buf0                   torch [2048] -> device [32, 64] in LX = 2048 elems x 2B = 4096 B  (hbm counted: 0 B) xL=8
IO     input  buf1                   torch [2048] -> device [32, 64] in HBM = 2048 elems x 2B = 4096 B  (hbm counted: 32768 B) xL=8
IO   => HBM I/O total = 16846976 B  (lx 8192 B, ~free)
SUMMARY op=ctsum rows=4096 cols=2048 tiles=8 lx=1 FAILED reason=AttributeError: 'CostParams' object has no attribute 'c_loop_ns'
-- ctamax [4096,2048] tiles=1 lx=1
  op_it_space_splits={d0: 32, d1: 1}
IO -- device-layout I/O (cost model, stick-padded) --
IO   op amax [reduction]
IO     output op0                    torch [2048] -> device [32, 64] in HBM = 2048 elems x 2B = 4096 B  (hbm counted: 4096 B)
IO     input  arg0_1                 torch [4096, 2048] -> device [32, 4096, 64] in HBM = 8388608 elems x 2B = 16777216 B  (hbm counted: 16777216 B)
IO   => HBM I/O total = 16781312 B  (lx 0 B, ~free)
MODEL -- estimate (turnaround): T = (R+W)/BW_PEAK + a*min(R,W) --
MODEL   R=16777216 B (read)   W=4096 B (write)   loop_trip L=1
MODEL   base = (R+W)/150 = 111.88 us
MODEL   turn = a*min(R,W) = 0.00574*4096 = 0.02 us
MODEL   => T_model = 148.51 us
MODEL FEATS [{"name":"amax","is_reduction":true,"out_elems":2048,"cores":32,"dtype_bytes":2,"args":[{"name":"op0","role":"output","mem":"hbm","elems":2048,"broadcast":false,"dims":[32,64],"logical":[2048],"loop_factor":1},{"name":"arg0_1","role":"input","mem":"hbm","elems":8388608,"broadcast":false,"dims":[32,4096,64],"logical":[4096,2048],"loop_factor":1}],"reduction_cores":1,"loop_trip":1,"tiles_output_dim":false,"tile_rows_per_core":0.0,"is_matmul":false,"matmul_macs":0,"matmul_rows_per_core":0.0,"matmul_cols_per_core":0.0,"matmul_a_bytes":0,"matmul_b_bytes":0,"hbm_pattern":"reduce_outer"}]
SUMMARY op=ctamax rows=4096 cols=2048 cores=32 tiles=1 lx=1 io_hbm_bytes=16781312 kernel_us=140.978 pred_us=148.507 err_pct=+5.3 bw_gbps=119.0 memset_us=23.384 other_dev_us=16.170 total_dev_us=180.532
-- ctamax [4096,2048] tiles=2 lx=1
  op_it_space_splits={d0: 32}
  op_it_space_splits={d0: 32, d1: 1}
  op_it_space_splits={d0: 32}
  op_it_space_splits={d0: 32}
  op_it_space_splits={d0: 32, d1: 1}
  op_it_space_splits={d0: 32}
  op_it_space_splits={d0: 32}
  op_it_space_splits={d0: 32, d1: 1}
  op_it_space_splits={d0: 32}
  op_it_space_splits={d0: 32}
  op_it_space_splits={d0: 32, d1: 1}
  op_it_space_splits={d0: 32}
  op_it_space_splits={d0: 32}
  op_it_space_splits={d0: 32, d1: 1}
  op_it_space_splits={d0: 32}
  op_it_space_splits={d0: 32}
  op_it_space_splits={d0: 32, d1: 1}
  op_it_space_splits={d0: 32}
IO -- device-layout I/O (cost model, stick-padded) --
IO   op Pointwise
IO     output coarse_tile_fill_buf0  torch [2048] -> device [2048] in HBM = 2048 elems x 2B = 4096 B  (hbm counted: 4096 B)
IO     input  buf2                   device [1, 64] in HBM = 64 elems x 2B = 128 B  (hbm counted: 128 B) broadcast (loaded once)
IO   op amax [reduction]
IO     output op0                    torch [2048] -> device [32, 64] in LX = 2048 elems x 2B = 4096 B  (hbm counted: 0 B) xL=2
IO     input  arg0_1                 torch [4096, 2048] -> device [32, 4096, 64] in HBM = 8388608 elems x 2B = 16777216 B  (hbm counted: 16777216 B)
IO   op Pointwise
IO     output coarse_tile_combine_buf0 torch [2048] -> device [2048] in HBM = 2048 elems x 2B = 4096 B  (hbm counted: 8192 B) xL=2
IO     input  buf0                   torch [2048] -> device [32, 64] in LX = 2048 elems x 2B = 4096 B  (hbm counted: 0 B) xL=2
IO     input  buf1                   torch [2048] -> device [32, 64] in HBM = 2048 elems x 2B = 4096 B  (hbm counted: 8192 B) xL=2
IO   => HBM I/O total = 16797824 B  (lx 8192 B, ~free)
SUMMARY op=ctamax rows=4096 cols=2048 tiles=2 lx=1 FAILED reason=AttributeError: 'CostParams' object has no attribute 'c_loop_ns'
-- ctamax [4096,2048] tiles=4 lx=1
  op_it_space_splits={d0: 32}
  op_it_space_splits={d0: 32, d1: 1}
  op_it_space_splits={d0: 32}
  op_it_space_splits={d0: 32}
  op_it_space_splits={d0: 32, d1: 1}
  op_it_space_splits={d0: 32}
  op_it_space_splits={d0: 32}
  op_it_space_splits={d0: 32, d1: 1}
  op_it_space_splits={d0: 32}
  op_it_space_splits={d0: 32}
  op_it_space_splits={d0: 32, d1: 1}
  op_it_space_splits={d0: 32}
  op_it_space_splits={d0: 32}
  op_it_space_splits={d0: 32, d1: 1}
  op_it_space_splits={d0: 32}
  op_it_space_splits={d0: 32}
  op_it_space_splits={d0: 32, d1: 1}
  op_it_space_splits={d0: 32}
IO -- device-layout I/O (cost model, stick-padded) --
IO   op Pointwise
IO     output coarse_tile_fill_buf0  torch [2048] -> device [2048] in HBM = 2048 elems x 2B = 4096 B  (hbm counted: 4096 B)
IO     input  buf2                   device [1, 64] in HBM = 64 elems x 2B = 128 B  (hbm counted: 128 B) broadcast (loaded once)
IO   op amax [reduction]
IO     output op0                    torch [2048] -> device [32, 64] in LX = 2048 elems x 2B = 4096 B  (hbm counted: 0 B) xL=4
IO     input  arg0_1                 torch [4096, 2048] -> device [32, 4096, 64] in HBM = 8388608 elems x 2B = 16777216 B  (hbm counted: 16777216 B)
IO   op Pointwise
IO     output coarse_tile_combine_buf0 torch [2048] -> device [2048] in HBM = 2048 elems x 2B = 4096 B  (hbm counted: 16384 B) xL=4
IO     input  buf0                   torch [2048] -> device [32, 64] in LX = 2048 elems x 2B = 4096 B  (hbm counted: 0 B) xL=4
IO     input  buf1                   torch [2048] -> device [32, 64] in HBM = 2048 elems x 2B = 4096 B  (hbm counted: 16384 B) xL=4
IO   => HBM I/O total = 16814208 B  (lx 8192 B, ~free)
SUMMARY op=ctamax rows=4096 cols=2048 tiles=4 lx=1 FAILED reason=AttributeError: 'CostParams' object has no attribute 'c_loop_ns'
-- ctamax [4096,2048] tiles=8 lx=1
  op_it_space_splits={d0: 32}
  op_it_space_splits={d0: 32, d1: 1}
  op_it_space_splits={d0: 32}
  op_it_space_splits={d0: 32}
  op_it_space_splits={d0: 32, d1: 1}
  op_it_space_splits={d0: 32}
  op_it_space_splits={d0: 32}
  op_it_space_splits={d0: 32, d1: 1}
  op_it_space_splits={d0: 32}
  op_it_space_splits={d0: 32}
  op_it_space_splits={d0: 32, d1: 1}
  op_it_space_splits={d0: 32}
  op_it_space_splits={d0: 32}
  op_it_space_splits={d0: 32, d1: 1}
  op_it_space_splits={d0: 32}
  op_it_space_splits={d0: 32}
  op_it_space_splits={d0: 32, d1: 1}
  op_it_space_splits={d0: 32}
IO -- device-layout I/O (cost model, stick-padded) --
IO   op Pointwise
IO     output coarse_tile_fill_buf0  torch [2048] -> device [2048] in HBM = 2048 elems x 2B = 4096 B  (hbm counted: 4096 B)
IO     input  buf2                   device [1, 64] in HBM = 64 elems x 2B = 128 B  (hbm counted: 128 B) broadcast (loaded once)
IO   op amax [reduction]
IO     output op0                    torch [2048] -> device [32, 64] in LX = 2048 elems x 2B = 4096 B  (hbm counted: 0 B) xL=8
IO     input  arg0_1                 torch [4096, 2048] -> device [32, 4096, 64] in HBM = 8388608 elems x 2B = 16777216 B  (hbm counted: 16777216 B)
IO   op Pointwise
IO     output coarse_tile_combine_buf0 torch [2048] -> device [2048] in HBM = 2048 elems x 2B = 4096 B  (hbm counted: 32768 B) xL=8
IO     input  buf0                   torch [2048] -> device [32, 64] in LX = 2048 elems x 2B = 4096 B  (hbm counted: 0 B) xL=8
IO     input  buf1                   torch [2048] -> device [32, 64] in HBM = 2048 elems x 2B = 4096 B  (hbm counted: 32768 B) xL=8
IO   => HBM I/O total = 16846976 B  (lx 8192 B, ~free)
SUMMARY op=ctamax rows=4096 cols=2048 tiles=8 lx=1 FAILED reason=AttributeError: 'CostParams' object has no attribute 'c_loop_ns'
-- ctamin [4096,2048] tiles=1 lx=1
  op_it_space_splits={d0: 32, d1: 1}
IO -- device-layout I/O (cost model, stick-padded) --
IO   op amin [reduction]
IO     output op0                    torch [2048] -> device [32, 64] in HBM = 2048 elems x 2B = 4096 B  (hbm counted: 4096 B)
IO     input  arg0_1                 torch [4096, 2048] -> device [32, 4096, 64] in HBM = 8388608 elems x 2B = 16777216 B  (hbm counted: 16777216 B)
IO   => HBM I/O total = 16781312 B  (lx 0 B, ~free)
MODEL -- estimate (turnaround): T = (R+W)/BW_PEAK + a*min(R,W) --
MODEL   R=16777216 B (read)   W=4096 B (write)   loop_trip L=1
MODEL   base = (R+W)/150 = 111.88 us
MODEL   turn = a*min(R,W) = 0.00574*4096 = 0.02 us
MODEL   => T_model = 148.51 us
MODEL FEATS [{"name":"amin","is_reduction":true,"out_elems":2048,"cores":32,"dtype_bytes":2,"args":[{"name":"op0","role":"output","mem":"hbm","elems":2048,"broadcast":false,"dims":[32,64],"logical":[2048],"loop_factor":1},{"name":"arg0_1","role":"input","mem":"hbm","elems":8388608,"broadcast":false,"dims":[32,4096,64],"logical":[4096,2048],"loop_factor":1}],"reduction_cores":1,"loop_trip":1,"tiles_output_dim":false,"tile_rows_per_core":0.0,"is_matmul":false,"matmul_macs":0,"matmul_rows_per_core":0.0,"matmul_cols_per_core":0.0,"matmul_a_bytes":0,"matmul_b_bytes":0,"hbm_pattern":"reduce_outer"}]
SUMMARY op=ctamin rows=4096 cols=2048 cores=32 tiles=1 lx=1 io_hbm_bytes=16781312 kernel_us=137.550 pred_us=148.507 err_pct=+8.0 bw_gbps=122.0 memset_us=20.135 other_dev_us=15.121 total_dev_us=172.806
-- ctamin [4096,2048] tiles=2 lx=1
  op_it_space_splits={d0: 32}
  op_it_space_splits={d0: 32, d1: 1}
  op_it_space_splits={d0: 32}
  op_it_space_splits={d0: 32}
  op_it_space_splits={d0: 32, d1: 1}
  op_it_space_splits={d0: 32}
  op_it_space_splits={d0: 32}
  op_it_space_splits={d0: 32, d1: 1}
  op_it_space_splits={d0: 32}
  op_it_space_splits={d0: 32}
  op_it_space_splits={d0: 32, d1: 1}
  op_it_space_splits={d0: 32}
  op_it_space_splits={d0: 32}
  op_it_space_splits={d0: 32, d1: 1}
  op_it_space_splits={d0: 32}
  op_it_space_splits={d0: 32}
  op_it_space_splits={d0: 32, d1: 1}
  op_it_space_splits={d0: 32}
IO -- device-layout I/O (cost model, stick-padded) --
IO   op Pointwise
IO     output coarse_tile_fill_buf0  torch [2048] -> device [2048] in HBM = 2048 elems x 2B = 4096 B  (hbm counted: 4096 B)
IO     input  buf2                   device [1, 64] in HBM = 64 elems x 2B = 128 B  (hbm counted: 128 B) broadcast (loaded once)
IO   op amin [reduction]
IO     output op0                    torch [2048] -> device [32, 64] in HBM = 2048 elems x 2B = 4096 B  (hbm counted: 8192 B) xL=2
IO     input  arg0_1                 torch [4096, 2048] -> device [32, 4096, 64] in HBM = 8388608 elems x 2B = 16777216 B  (hbm counted: 16777216 B)
IO   op Pointwise
IO     output coarse_tile_combine_buf0 torch [2048] -> device [2048] in HBM = 2048 elems x 2B = 4096 B  (hbm counted: 8192 B) xL=2
IO     input  buf0                   torch [2048] -> device [32, 64] in HBM = 2048 elems x 2B = 4096 B  (hbm counted: 8192 B) xL=2
IO     input  buf1                   torch [2048] -> device [32, 64] in HBM = 2048 elems x 2B = 4096 B  (hbm counted: 8192 B) xL=2
IO   => HBM I/O total = 16814208 B  (lx 0 B, ~free)
SUMMARY op=ctamin rows=4096 cols=2048 tiles=2 lx=1 FAILED reason=AttributeError: 'CostParams' object has no attribute 'c_loop_ns'
-- ctamin [4096,2048] tiles=4 lx=1
  op_it_space_splits={d0: 32}
  op_it_space_splits={d0: 32, d1: 1}
  op_it_space_splits={d0: 32}
  op_it_space_splits={d0: 32}
  op_it_space_splits={d0: 32, d1: 1}
  op_it_space_splits={d0: 32}
  op_it_space_splits={d0: 32}
  op_it_space_splits={d0: 32, d1: 1}
  op_it_space_splits={d0: 32}
  op_it_space_splits={d0: 32}
  op_it_space_splits={d0: 32, d1: 1}
  op_it_space_splits={d0: 32}
  op_it_space_splits={d0: 32}
  op_it_space_splits={d0: 32, d1: 1}
  op_it_space_splits={d0: 32}
  op_it_space_splits={d0: 32}
  op_it_space_splits={d0: 32, d1: 1}
  op_it_space_splits={d0: 32}
IO -- device-layout I/O (cost model, stick-padded) --
IO   op Pointwise
IO     output coarse_tile_fill_buf0  torch [2048] -> device [2048] in HBM = 2048 elems x 2B = 4096 B  (hbm counted: 4096 B)
IO     input  buf2                   device [1, 64] in HBM = 64 elems x 2B = 128 B  (hbm counted: 128 B) broadcast (loaded once)
IO   op amin [reduction]
IO     output op0                    torch [2048] -> device [32, 64] in HBM = 2048 elems x 2B = 4096 B  (hbm counted: 16384 B) xL=4
IO     input  arg0_1                 torch [4096, 2048] -> device [32, 4096, 64] in HBM = 8388608 elems x 2B = 16777216 B  (hbm counted: 16777216 B)
IO   op Pointwise
IO     output coarse_tile_combine_buf0 torch [2048] -> device [2048] in HBM = 2048 elems x 2B = 4096 B  (hbm counted: 16384 B) xL=4
IO     input  buf0                   torch [2048] -> device [32, 64] in HBM = 2048 elems x 2B = 4096 B  (hbm counted: 16384 B) xL=4
IO     input  buf1                   torch [2048] -> device [32, 64] in HBM = 2048 elems x 2B = 4096 B  (hbm counted: 16384 B) xL=4
IO   => HBM I/O total = 16846976 B  (lx 0 B, ~free)
SUMMARY op=ctamin rows=4096 cols=2048 tiles=4 lx=1 FAILED reason=AttributeError: 'CostParams' object has no attribute 'c_loop_ns'
-- ctamin [4096,2048] tiles=8 lx=1
  op_it_space_splits={d0: 32}
  op_it_space_splits={d0: 32, d1: 1}
  op_it_space_splits={d0: 32}
  op_it_space_splits={d0: 32}
  op_it_space_splits={d0: 32, d1: 1}
  op_it_space_splits={d0: 32}
  op_it_space_splits={d0: 32}
  op_it_space_splits={d0: 32, d1: 1}
  op_it_space_splits={d0: 32}
  op_it_space_splits={d0: 32}
  op_it_space_splits={d0: 32, d1: 1}
  op_it_space_splits={d0: 32}
  op_it_space_splits={d0: 32}
  op_it_space_splits={d0: 32, d1: 1}
  op_it_space_splits={d0: 32}
  op_it_space_splits={d0: 32}
  op_it_space_splits={d0: 32, d1: 1}
  op_it_space_splits={d0: 32}
IO -- device-layout I/O (cost model, stick-padded) --
IO   op Pointwise
IO     output coarse_tile_fill_buf0  torch [2048] -> device [2048] in HBM = 2048 elems x 2B = 4096 B  (hbm counted: 4096 B)
IO     input  buf2                   device [1, 64] in HBM = 64 elems x 2B = 128 B  (hbm counted: 128 B) broadcast (loaded once)
IO   op amin [reduction]
IO     output op0                    torch [2048] -> device [32, 64] in HBM = 2048 elems x 2B = 4096 B  (hbm counted: 32768 B) xL=8
IO     input  arg0_1                 torch [4096, 2048] -> device [32, 4096, 64] in HBM = 8388608 elems x 2B = 16777216 B  (hbm counted: 16777216 B)
IO   op Pointwise
IO     output coarse_tile_combine_buf0 torch [2048] -> device [2048] in HBM = 2048 elems x 2B = 4096 B  (hbm counted: 32768 B) xL=8
IO     input  buf0                   torch [2048] -> device [32, 64] in HBM = 2048 elems x 2B = 4096 B  (hbm counted: 32768 B) xL=8
IO     input  buf1                   torch [2048] -> device [32, 64] in HBM = 2048 elems x 2B = 4096 B  (hbm counted: 32768 B) xL=8
IO   => HBM I/O total = 16912512 B  (lx 0 B, ~free)
SUMMARY op=ctamin rows=4096 cols=2048 tiles=8 lx=1 FAILED reason=AttributeError: 'CostParams' object has no attribute 'c_loop_ns'
-- ctsum [4096,2048] tiles=1 lx=0
  op_it_space_splits={d0: 32, d1: 1}
IO -- device-layout I/O (cost model, stick-padded) --
IO   op sum_1 [reduction]
IO     output op0                    torch [2048] -> device [32, 64] in HBM = 2048 elems x 2B = 4096 B  (hbm counted: 4096 B)
IO     input  arg0_1                 torch [4096, 2048] -> device [32, 4096, 64] in HBM = 8388608 elems x 2B = 16777216 B  (hbm counted: 16777216 B)
IO   => HBM I/O total = 16781312 B  (lx 0 B, ~free)
MODEL -- estimate (turnaround): T = (R+W)/BW_PEAK + a*min(R,W) --
MODEL   R=16777216 B (read)   W=4096 B (write)   loop_trip L=1
MODEL   base = (R+W)/150 = 111.88 us
MODEL   turn = a*min(R,W) = 0.00574*4096 = 0.02 us
MODEL   => T_model = 148.51 us
MODEL FEATS [{"name":"sum_1","is_reduction":true,"out_elems":2048,"cores":32,"dtype_bytes":2,"args":[{"name":"op0","role":"output","mem":"hbm","elems":2048,"broadcast":false,"dims":[32,64],"logical":[2048],"loop_factor":1},{"name":"arg0_1","role":"input","mem":"hbm","elems":8388608,"broadcast":false,"dims":[32,4096,64],"logical":[4096,2048],"loop_factor":1}],"reduction_cores":1,"loop_trip":1,"tiles_output_dim":false,"tile_rows_per_core":0.0,"is_matmul":false,"matmul_macs":0,"matmul_rows_per_core":0.0,"matmul_cols_per_core":0.0,"matmul_a_bytes":0,"matmul_b_bytes":0,"hbm_pattern":"reduce_outer"}]
SUMMARY op=ctsum rows=4096 cols=2048 cores=32 tiles=1 lx=0 io_hbm_bytes=16781312 kernel_us=139.735 pred_us=148.507 err_pct=+6.3 bw_gbps=120.1 memset_us=19.325 other_dev_us=15.192 total_dev_us=174.252
-- ctsum [4096,2048] tiles=2 lx=0
  op_it_space_splits={d0: 32}
  op_it_space_splits={d0: 32, d1: 1}
  op_it_space_splits={d0: 32}
  op_it_space_splits={d0: 32}
  op_it_space_splits={d0: 32, d1: 1}
  op_it_space_splits={d0: 32}
  op_it_space_splits={d0: 32}
  op_it_space_splits={d0: 32, d1: 1}
  op_it_space_splits={d0: 32}
  op_it_space_splits={d0: 32}
  op_it_space_splits={d0: 32, d1: 1}
  op_it_space_splits={d0: 32}
  op_it_space_splits={d0: 32}
  op_it_space_splits={d0: 32, d1: 1}
  op_it_space_splits={d0: 32}
  op_it_space_splits={d0: 32}
  op_it_space_splits={d0: 32, d1: 1}
  op_it_space_splits={d0: 32}
IO -- device-layout I/O (cost model, stick-padded) --
IO   op Pointwise
IO     output coarse_tile_fill_buf0  torch [2048] -> device [2048] in HBM = 2048 elems x 2B = 4096 B  (hbm counted: 4096 B)
IO     input  buf2                   device [1, 64] in HBM = 64 elems x 2B = 128 B  (hbm counted: 128 B) broadcast (loaded once)
IO   op sum_1 [reduction]
IO     output op0                    torch [2048] -> device [32, 64] in HBM = 2048 elems x 2B = 4096 B  (hbm counted: 8192 B) xL=2
IO     input  arg0_1                 torch [4096, 2048] -> device [32, 4096, 64] in HBM = 8388608 elems x 2B = 16777216 B  (hbm counted: 16777216 B)
IO   op Pointwise
IO     output coarse_tile_combine_buf0 torch [2048] -> device [2048] in HBM = 2048 elems x 2B = 4096 B  (hbm counted: 8192 B) xL=2
IO     input  buf0                   torch [2048] -> device [32, 64] in HBM = 2048 elems x 2B = 4096 B  (hbm counted: 8192 B) xL=2
IO     input  buf1                   torch [2048] -> device [32, 64] in HBM = 2048 elems x 2B = 4096 B  (hbm counted: 8192 B) xL=2
IO   => HBM I/O total = 16814208 B  (lx 0 B, ~free)
SUMMARY op=ctsum rows=4096 cols=2048 tiles=2 lx=0 FAILED reason=AttributeError: 'CostParams' object has no attribute 'c_loop_ns'
-- ctsum [4096,2048] tiles=4 lx=0
  op_it_space_splits={d0: 32}
  op_it_space_splits={d0: 32, d1: 1}
  op_it_space_splits={d0: 32}
  op_it_space_splits={d0: 32}
  op_it_space_splits={d0: 32, d1: 1}
  op_it_space_splits={d0: 32}
  op_it_space_splits={d0: 32}
  op_it_space_splits={d0: 32, d1: 1}
  op_it_space_splits={d0: 32}
  op_it_space_splits={d0: 32}
  op_it_space_splits={d0: 32, d1: 1}
  op_it_space_splits={d0: 32}
  op_it_space_splits={d0: 32}
  op_it_space_splits={d0: 32, d1: 1}
  op_it_space_splits={d0: 32}
  op_it_space_splits={d0: 32}
  op_it_space_splits={d0: 32, d1: 1}
  op_it_space_splits={d0: 32}
IO -- device-layout I/O (cost model, stick-padded) --
IO   op Pointwise
IO     output coarse_tile_fill_buf0  torch [2048] -> device [2048] in HBM = 2048 elems x 2B = 4096 B  (hbm counted: 4096 B)
IO     input  buf2                   device [1, 64] in HBM = 64 elems x 2B = 128 B  (hbm counted: 128 B) broadcast (loaded once)
IO   op sum_1 [reduction]
IO     output op0                    torch [2048] -> device [32, 64] in HBM = 2048 elems x 2B = 4096 B  (hbm counted: 16384 B) xL=4
IO     input  arg0_1                 torch [4096, 2048] -> device [32, 4096, 64] in HBM = 8388608 elems x 2B = 16777216 B  (hbm counted: 16777216 B)
IO   op Pointwise
IO     output coarse_tile_combine_buf0 torch [2048] -> device [2048] in HBM = 2048 elems x 2B = 4096 B  (hbm counted: 16384 B) xL=4
IO     input  buf0                   torch [2048] -> device [32, 64] in HBM = 2048 elems x 2B = 4096 B  (hbm counted: 16384 B) xL=4
IO     input  buf1                   torch [2048] -> device [32, 64] in HBM = 2048 elems x 2B = 4096 B  (hbm counted: 16384 B) xL=4
IO   => HBM I/O total = 16846976 B  (lx 0 B, ~free)
SUMMARY op=ctsum rows=4096 cols=2048 tiles=4 lx=0 FAILED reason=AttributeError: 'CostParams' object has no attribute 'c_loop_ns'
-- ctsum [4096,2048] tiles=8 lx=0
  op_it_space_splits={d0: 32}
  op_it_space_splits={d0: 32, d1: 1}
  op_it_space_splits={d0: 32}
  op_it_space_splits={d0: 32}
  op_it_space_splits={d0: 32, d1: 1}
  op_it_space_splits={d0: 32}
  op_it_space_splits={d0: 32}
  op_it_space_splits={d0: 32, d1: 1}
  op_it_space_splits={d0: 32}
  op_it_space_splits={d0: 32}
  op_it_space_splits={d0: 32, d1: 1}
  op_it_space_splits={d0: 32}
  op_it_space_splits={d0: 32}
  op_it_space_splits={d0: 32, d1: 1}
  op_it_space_splits={d0: 32}
  op_it_space_splits={d0: 32}
  op_it_space_splits={d0: 32, d1: 1}
  op_it_space_splits={d0: 32}
IO -- device-layout I/O (cost model, stick-padded) --
IO   op Pointwise
IO     output coarse_tile_fill_buf0  torch [2048] -> device [2048] in HBM = 2048 elems x 2B = 4096 B  (hbm counted: 4096 B)
IO     input  buf2                   device [1, 64] in HBM = 64 elems x 2B = 128 B  (hbm counted: 128 B) broadcast (loaded once)
IO   op sum_1 [reduction]
IO     output op0                    torch [2048] -> device [32, 64] in HBM = 2048 elems x 2B = 4096 B  (hbm counted: 32768 B) xL=8
IO     input  arg0_1                 torch [4096, 2048] -> device [32, 4096, 64] in HBM = 8388608 elems x 2B = 16777216 B  (hbm counted: 16777216 B)
IO   op Pointwise
IO     output coarse_tile_combine_buf0 torch [2048] -> device [2048] in HBM = 2048 elems x 2B = 4096 B  (hbm counted: 32768 B) xL=8
IO     input  buf0                   torch [2048] -> device [32, 64] in HBM = 2048 elems x 2B = 4096 B  (hbm counted: 32768 B) xL=8
IO     input  buf1                   torch [2048] -> device [32, 64] in HBM = 2048 elems x 2B = 4096 B  (hbm counted: 32768 B) xL=8
IO   => HBM I/O total = 16912512 B  (lx 0 B, ~free)
SUMMARY op=ctsum rows=4096 cols=2048 tiles=8 lx=0 FAILED reason=AttributeError: 'CostParams' object has no attribute 'c_loop_ns'
## CT4 matmul_k_tiling (M=K=N=2048 + 1024x4096x1024) + mm_nested, TILES{1..16}
-- matmul_k_tiling M=2048 K=2048 N=2048 tiles=1
  op_it_space_splits={d0: 8, d1: 4, d2: 1}
IO -- device-layout I/O (cost model, stick-padded) --
IO   op mm [reduction]
IO     output op0                    torch [2048, 2048] -> device [32, 2048, 64] in HBM = 4194304 elems x 2B = 8388608 B  (hbm counted: 8388608 B)
IO     input  arg0_1                 torch [2048, 2048] -> device [32, 2048, 64] in HBM = 4194304 elems x 2B = 8388608 B  (hbm counted: 8388608 B)
IO     input  arg1_1                 torch [2048, 2048] -> device [32, 2048, 64] in HBM = 4194304 elems x 2B = 8388608 B  (hbm counted: 8388608 B)
IO   => HBM I/O total = 25165824 B  (lx 0 B, ~free)
MODEL -- estimate (turnaround): T = compute + (R+W)/BW_PEAK + a*min(R,W) --
MODEL   R=16777216 B (read)   W=8388608 B (write)   loop_trip L=1
MODEL   compute = MACs/cores/(mac_peak*pt_eff) = 8589934592/32/(1140*1.000) = 235.47 us  (M/m=256, pt_eff=1.000)
MODEL   base = R/150+W/150 = 167.77 us
MODEL   turn = a*min(R,W) = 0.00574*8388608 = 48.15 us
MODEL   => T_model = 393.41 us
MODEL FEATS [{"name":"mm","is_reduction":true,"out_elems":4194304,"cores":32,"dtype_bytes":2,"args":[{"name":"op0","role":"output","mem":"hbm","elems":4194304,"broadcast":false,"dims":[32,2048,64],"logical":[2048,2048],"loop_factor":1},{"name":"arg0_1","role":"input","mem":"hbm","elems":4194304,"broadcast":false,"dims":[32,2048,64],"logical":[2048,2048],"loop_factor":1},{"name":"arg1_1","role":"input","mem":"hbm","elems":4194304,"broadcast":false,"dims":[32,2048,64],"logical":[2048,2048],"loop_factor":1}],"reduction_cores":1,"loop_trip":1,"tiles_output_dim":false,"tile_rows_per_core":0.0,"is_matmul":true,"matmul_macs":8589934592,"matmul_rows_per_core":256.0,"matmul_cols_per_core":512.0,"matmul_a_bytes":8388608,"matmul_b_bytes":8388608,"hbm_pattern":""}]
SUMMARY op=matmul_k_tiling rows=2048 cols=2048 cores=32 tiles=1 lx=1 io_hbm_bytes=25165824 kernel_us=391.639 pred_us=393.408 err_pct=+0.5 bw_gbps=64.3 memset_us=114.699 other_dev_us=648.435 total_dev_us=1154.773
-- matmul_k_tiling M=2048 K=2048 N=2048 tiles=2
  op_it_space_splits={d0: 32, d1: 1}
  op_it_space_splits={d0: 8, d1: 4, d2: 1}
  op_it_space_splits={d0: 32, d1: 1}
  op_it_space_splits={d0: 32, d1: 1}
  op_it_space_splits={d0: 8, d1: 4, d2: 1}
  op_it_space_splits={d0: 32, d1: 1}
  op_it_space_splits={d0: 32, d1: 1}
  op_it_space_splits={d0: 8, d1: 4, d2: 1}
  op_it_space_splits={d0: 32, d1: 1}
  op_it_space_splits={d0: 32, d1: 1}
  op_it_space_splits={d0: 8, d1: 4, d2: 1}
  op_it_space_splits={d0: 32, d1: 1}
  op_it_space_splits={d0: 32, d1: 1}
  op_it_space_splits={d0: 8, d1: 4, d2: 1}
  op_it_space_splits={d0: 32, d1: 1}
  op_it_space_splits={d0: 32, d1: 1}
  op_it_space_splits={d0: 8, d1: 4, d2: 1}
  op_it_space_splits={d0: 32, d1: 1}
IO -- device-layout I/O (cost model, stick-padded) --
IO   op Pointwise
IO     output coarse_tile_fill_buf0  torch [2048, 2048] -> device [2048, 2048] in HBM = 4194304 elems x 2B = 8388608 B  (hbm counted: 8388608 B)
IO     input  buf2                   device [1, 64] in HBM = 64 elems x 2B = 128 B  (hbm counted: 128 B) broadcast (loaded once)
IO   op mm [reduction]
IO     output op0                    torch [2048, 2048] -> device [32, 2048, 64] in HBM = 4194304 elems x 2B = 8388608 B  (hbm counted: 16777216 B) xL=2
IO     input  arg0_1                 torch [2048, 2048] -> device [32, 2048, 64] in HBM = 4194304 elems x 2B = 8388608 B  (hbm counted: 8388608 B)
IO     input  arg1_1                 torch [2048, 2048] -> device [32, 2048, 64] in HBM = 4194304 elems x 2B = 8388608 B  (hbm counted: 8388608 B)
IO   op Pointwise
IO     output coarse_tile_combine_buf0 torch [2048, 2048] -> device [2048, 2048] in HBM = 4194304 elems x 2B = 8388608 B  (hbm counted: 16777216 B) xL=2
IO     input  buf0                   torch [2048, 2048] -> device [32, 2048, 64] in HBM = 4194304 elems x 2B = 8388608 B  (hbm counted: 16777216 B) xL=2
IO     input  buf1                   torch [2048, 2048] -> device [32, 2048, 64] in HBM = 4194304 elems x 2B = 8388608 B  (hbm counted: 16777216 B) xL=2
IO   => HBM I/O total = 92274816 B  (lx 0 B, ~free)
SUMMARY op=matmul_k_tiling rows=2048 cols=2048 tiles=2 lx=1 FAILED reason=AttributeError: 'CostParams' object has no attribute 'c_loop_ns'
-- matmul_k_tiling M=2048 K=2048 N=2048 tiles=4
-- matmul_k_tiling M=2048 K=2048 N=2048 tiles=8
-- matmul_k_tiling M=2048 K=2048 N=2048 tiles=16
