==== COARSE RE-READ LADDER  Mon Aug  3 22:36:39 UTC 2026 ====
git: d3d92e5
# fixed M=4096 K=2048 reps=5; N varies B=K*N; cores varies rows/core; L is the loop trip
## coarse_reread
# ---- cores=32 N=512  (B = 2.0 MB) ----
-- matmul_row_tiling 4096x2048x512 t=1 cores=32
IO -- device-layout I/O (cost model, stick-padded) --
IO   op mm [reduction]
IO     output op0                    torch [4096, 512] -> device [8, 4096, 64] in HBM = 2097152 elems x 2B = 4194304 B  (hbm counted: 4194304 B)
IO     input  arg0_1                 torch [4096, 2048] -> device [32, 4096, 64] in HBM = 8388608 elems x 2B = 16777216 B  (hbm counted: 16777216 B)
IO     input  arg1_1                 torch [2048, 512] -> device [8, 2048, 64] in HBM = 1048576 elems x 2B = 2097152 B  (hbm counted: 2097152 B)
IO   => HBM I/O total = 23068672 B  (lx 0 B, ~free)
MODEL -- estimate (turnaround): T = compute + (R+W)/BW_PEAK + a*min(R,W) --
MODEL   R=18874368 B (read)   W=4194304 B (write)   loop_trip L=1
MODEL   compute = MACs/cores/(mac_peak*pt_eff) = 4294967296/32/(1140*1.000) = 117.73 us  (M/m=512, pt_eff=1.000)
MODEL   base = R/150+W/150 = 153.79 us
MODEL   turn = a*min(R,W) = 0.00574*4194304 = 24.08 us
MODEL   => T_model = 241.44 us
MODEL FEATS [{"name":"mm","is_reduction":true,"out_elems":2097152,"cores":32,"dtype_bytes":2,"args":[{"name":"op0","role":"output","mem":"hbm","elems":2097152,"broadcast":false,"dims":[8,4096,64],"logical":[4096,512],"loop_factor":1},{"name":"arg0_1","role":"input","mem":"hbm","elems":8388608,"broadcast":false,"dims":[32,4096,64],"logical":[4096,2048],"loop_factor":1},{"name":"arg1_1","role":"input","mem":"hbm","elems":1048576,"broadcast":false,"dims":[8,2048,64],"logical":[2048,512],"loop_factor":1}],"reduction_cores":1,"loop_trip":1,"tiles_output_dim":false,"tiles_reduction_dim":false,"tile_rows_per_core":0.0,"is_matmul":true,"matmul_macs":4294967296,"matmul_rows_per_core":512.0,"matmul_cols_per_core":128.0,"matmul_a_bytes":16777216,"matmul_b_bytes":2097152,"matmul_m_split":8,"matmul_n_split":4,"hbm_pattern":""}]
SUMMARY op=matmul_row_tiling rows=4096 cols=2048 cores=32 tiles=1 lx=1 io_hbm_bytes=23068672 kernel_us=205.976 pred_us=241.443 err_pct=+17.2 bw_gbps=112.0 memset_us=86.269 other_dev_us=469.894 total_dev_us=762.139 kernel_us_min=201.920 kernel_us_median=205.976 kernel_us_mean=205.922 kernel_us_std=2.328 kernel_us_cv=1.13 reps=5
-- matmul_row_tiling 4096x2048x512 t=4 cores=32
IO -- device-layout I/O (cost model, stick-padded) --
IO   op mm [reduction]
IO     output op0                    torch [4096, 512] -> device [4096, 512] in HBM = 2097152 elems x 2B = 4194304 B  (hbm counted: 4194304 B)
IO     input  arg0_1                 torch [4096, 2048] -> device [32, 4096, 64] in HBM = 8388608 elems x 2B = 16777216 B  (hbm counted: 16777216 B)
IO     input  arg1_1                 torch [2048, 512] -> device [8, 2048, 64] in HBM = 1048576 elems x 2B = 2097152 B  (hbm counted: 2097152 B)
IO   => HBM I/O total = 23068672 B  (lx 0 B, ~free)
MODEL -- estimate (turnaround): T = compute + [(R+W)/BW_PEAK + a*min(R,W)] / eff_underfill --
MODEL   R=18874368 B (read)   W=4194304 B (write)   loop_trip L=4
MODEL   compute = MACs/cores/(mac_peak*pt_eff) = 4294967296/32/(1140*1.000) = 117.73 us  (M/m=128, pt_eff=1.000)
MODEL   base = R/150+W/150 = 153.79 us
MODEL   turn = a*min(R,W) = 0.00574*4194304 = 24.08 us
MODEL   eff_underfill = min(0.95,(128.0/13)**0.68) = 0.950 -> (base+turn)/eff = 187.23 us
MODEL   => T_model = 250.80 us
MODEL FEATS [{"name":"mm","is_reduction":true,"out_elems":2097152,"cores":32,"dtype_bytes":2,"args":[{"name":"op0","role":"output","mem":"hbm","elems":2097152,"broadcast":false,"dims":[4096,512],"logical":[4096,512],"loop_factor":1},{"name":"arg0_1","role":"input","mem":"hbm","elems":8388608,"broadcast":false,"dims":[32,4096,64],"logical":[4096,2048],"loop_factor":1},{"name":"arg1_1","role":"input","mem":"hbm","elems":1048576,"broadcast":false,"dims":[8,2048,64],"logical":[2048,512],"loop_factor":1}],"reduction_cores":1,"loop_trip":4,"tiles_output_dim":true,"tiles_reduction_dim":false,"tile_rows_per_core":128,"is_matmul":true,"matmul_macs":4294967296,"matmul_rows_per_core":128.0,"matmul_cols_per_core":128.0,"matmul_a_bytes":4194304,"matmul_b_bytes":2097152,"matmul_m_split":8,"matmul_n_split":4,"hbm_pattern":""}]
SUMMARY op=matmul_row_tiling rows=4096 cols=2048 cores=32 tiles=4 lx=1 io_hbm_bytes=23068672 kernel_us=206.429 pred_us=250.805 err_pct=+21.5 bw_gbps=111.8 memset_us=92.343 other_dev_us=416.709 total_dev_us=715.481 kernel_us_min=204.244 kernel_us_median=206.429 kernel_us_mean=206.074 kernel_us_std=0.978 kernel_us_cv=0.47 reps=5
-- matmul_row_tiling 4096x2048x512 t=8 cores=32
IO -- device-layout I/O (cost model, stick-padded) --
IO   op mm [reduction]
IO     output op0                    torch [4096, 512] -> device [4096, 512] in HBM = 2097152 elems x 2B = 4194304 B  (hbm counted: 4194304 B)
IO     input  arg0_1                 torch [4096, 2048] -> device [32, 4096, 64] in HBM = 8388608 elems x 2B = 16777216 B  (hbm counted: 16777216 B)
IO     input  arg1_1                 torch [2048, 512] -> device [8, 2048, 64] in HBM = 1048576 elems x 2B = 2097152 B  (hbm counted: 2097152 B)
IO   => HBM I/O total = 23068672 B  (lx 0 B, ~free)
MODEL -- estimate (turnaround): T = compute + [(R+W)/BW_PEAK + a*min(R,W)] / eff_underfill --
MODEL   R=18874368 B (read)   W=4194304 B (write)   loop_trip L=8
MODEL   compute = MACs/cores/(mac_peak*pt_eff) = 4294967296/32/(1140*1.000) = 117.73 us  (M/m=64, pt_eff=1.000)
MODEL   base = R/150+W/150 = 153.79 us
MODEL   turn = a*min(R,W) = 0.00574*4194304 = 24.08 us
MODEL   eff_underfill = min(0.95,(64.0/13)**0.68) = 0.950 -> (base+turn)/eff = 187.23 us
MODEL   => T_model = 250.80 us
MODEL FEATS [{"name":"mm","is_reduction":true,"out_elems":2097152,"cores":32,"dtype_bytes":2,"args":[{"name":"op0","role":"output","mem":"hbm","elems":2097152,"broadcast":false,"dims":[4096,512],"logical":[4096,512],"loop_factor":1},{"name":"arg0_1","role":"input","mem":"hbm","elems":8388608,"broadcast":false,"dims":[32,4096,64],"logical":[4096,2048],"loop_factor":1},{"name":"arg1_1","role":"input","mem":"hbm","elems":1048576,"broadcast":false,"dims":[8,2048,64],"logical":[2048,512],"loop_factor":1}],"reduction_cores":1,"loop_trip":8,"tiles_output_dim":true,"tiles_reduction_dim":false,"tile_rows_per_core":64,"is_matmul":true,"matmul_macs":4294967296,"matmul_rows_per_core":64.0,"matmul_cols_per_core":128.0,"matmul_a_bytes":2097152,"matmul_b_bytes":2097152,"matmul_m_split":8,"matmul_n_split":4,"hbm_pattern":""}]
SUMMARY op=matmul_row_tiling rows=4096 cols=2048 cores=32 tiles=8 lx=1 io_hbm_bytes=23068672 kernel_us=276.212 pred_us=250.805 err_pct=-9.2 bw_gbps=83.5 memset_us=147.156 other_dev_us=412.442 total_dev_us=835.810 kernel_us_min=275.559 kernel_us_median=276.212 kernel_us_mean=276.368 kernel_us_std=0.645 kernel_us_cv=0.23 reps=5
-- matmul_row_tiling 4096x2048x512 t=16 cores=32
IO -- device-layout I/O (cost model, stick-padded) --
IO   op mm [reduction]
IO     output op0                    torch [4096, 512] -> device [4096, 512] in HBM = 2097152 elems x 2B = 4194304 B  (hbm counted: 4194304 B)
IO     input  arg0_1                 torch [4096, 2048] -> device [32, 4096, 64] in HBM = 8388608 elems x 2B = 16777216 B  (hbm counted: 16777216 B)
IO     input  arg1_1                 torch [2048, 512] -> device [8, 2048, 64] in HBM = 1048576 elems x 2B = 2097152 B  (hbm counted: 2097152 B)
IO   => HBM I/O total = 23068672 B  (lx 0 B, ~free)
MODEL -- estimate (turnaround): T = compute + [(R+W)/BW_PEAK + a*min(R,W)] / eff_underfill --
MODEL   R=18874368 B (read)   W=4194304 B (write)   loop_trip L=16
MODEL   compute = MACs/cores/(mac_peak*pt_eff) = 4294967296/32/(1140*0.785) = 150.06 us  (M/m=32, pt_eff=0.785)
MODEL   base = R/150+W/150 = 153.79 us
MODEL   turn = a*min(R,W) = 0.00574*4194304 = 24.08 us
MODEL   eff_underfill = min(0.95,(32.0/13)**0.68) = 0.950 -> (base+turn)/eff = 187.23 us
MODEL   => T_model = 250.80 us
MODEL FEATS [{"name":"mm","is_reduction":true,"out_elems":2097152,"cores":32,"dtype_bytes":2,"args":[{"name":"op0","role":"output","mem":"hbm","elems":2097152,"broadcast":false,"dims":[4096,512],"logical":[4096,512],"loop_factor":1},{"name":"arg0_1","role":"input","mem":"hbm","elems":8388608,"broadcast":false,"dims":[32,4096,64],"logical":[4096,2048],"loop_factor":1},{"name":"arg1_1","role":"input","mem":"hbm","elems":1048576,"broadcast":false,"dims":[8,2048,64],"logical":[2048,512],"loop_factor":1}],"reduction_cores":1,"loop_trip":16,"tiles_output_dim":true,"tiles_reduction_dim":false,"tile_rows_per_core":32,"is_matmul":true,"matmul_macs":4294967296,"matmul_rows_per_core":32.0,"matmul_cols_per_core":128.0,"matmul_a_bytes":1048576,"matmul_b_bytes":2097152,"matmul_m_split":8,"matmul_n_split":4,"hbm_pattern":""}]
SUMMARY op=matmul_row_tiling rows=4096 cols=2048 cores=32 tiles=16 lx=1 io_hbm_bytes=23068672 kernel_us=411.376 pred_us=250.805 err_pct=-39.0 bw_gbps=56.1 memset_us=105.073 other_dev_us=508.893 total_dev_us=1025.342 kernel_us_min=409.480 kernel_us_median=411.376 kernel_us_mean=411.555 kernel_us_std=1.556 kernel_us_cv=0.38 reps=5
# ---- cores=32 N=1024  (B = 4.0 MB) ----
-- matmul_row_tiling 4096x2048x1024 t=1 cores=32
IO -- device-layout I/O (cost model, stick-padded) --
IO   op mm [reduction]
IO     output op0                    torch [4096, 1024] -> device [16, 4096, 64] in HBM = 4194304 elems x 2B = 8388608 B  (hbm counted: 8388608 B)
IO     input  arg0_1                 torch [4096, 2048] -> device [32, 4096, 64] in HBM = 8388608 elems x 2B = 16777216 B  (hbm counted: 16777216 B)
IO     input  arg1_1                 torch [2048, 1024] -> device [16, 2048, 64] in HBM = 2097152 elems x 2B = 4194304 B  (hbm counted: 4194304 B)
IO   => HBM I/O total = 29360128 B  (lx 0 B, ~free)
MODEL -- estimate (turnaround): T = compute + (R+W)/BW_PEAK + a*min(R,W) --
MODEL   R=20971520 B (read)   W=8388608 B (write)   loop_trip L=1
MODEL   compute = MACs/cores/(mac_peak*pt_eff) = 8589934592/32/(1140*1.000) = 235.47 us  (M/m=512, pt_eff=1.000)
MODEL   base = R/150+W/150 = 195.73 us
MODEL   turn = a*min(R,W) = 0.00574*8388608 = 48.15 us
MODEL   => T_model = 433.95 us
MODEL FEATS [{"name":"mm","is_reduction":true,"out_elems":4194304,"cores":32,"dtype_bytes":2,"args":[{"name":"op0","role":"output","mem":"hbm","elems":4194304,"broadcast":false,"dims":[16,4096,64],"logical":[4096,1024],"loop_factor":1},{"name":"arg0_1","role":"input","mem":"hbm","elems":8388608,"broadcast":false,"dims":[32,4096,64],"logical":[4096,2048],"loop_factor":1},{"name":"arg1_1","role":"input","mem":"hbm","elems":2097152,"broadcast":false,"dims":[16,2048,64],"logical":[2048,1024],"loop_factor":1}],"reduction_cores":1,"loop_trip":1,"tiles_output_dim":false,"tiles_reduction_dim":false,"tile_rows_per_core":0.0,"is_matmul":true,"matmul_macs":8589934592,"matmul_rows_per_core":512.0,"matmul_cols_per_core":256.0,"matmul_a_bytes":16777216,"matmul_b_bytes":4194304,"matmul_m_split":8,"matmul_n_split":4,"hbm_pattern":""}]
SUMMARY op=matmul_row_tiling rows=4096 cols=2048 cores=32 tiles=1 lx=1 io_hbm_bytes=29360128 kernel_us=421.630 pred_us=433.953 err_pct=+2.9 bw_gbps=69.6 memset_us=100.395 other_dev_us=650.063 total_dev_us=1172.088 kernel_us_min=418.113 kernel_us_median=421.630 kernel_us_mean=420.796 kernel_us_std=1.450 kernel_us_cv=0.34 reps=5
-- matmul_row_tiling 4096x2048x1024 t=4 cores=32
IO -- device-layout I/O (cost model, stick-padded) --
IO   op mm [reduction]
IO     output op0                    torch [4096, 1024] -> device [4096, 1024] in HBM = 4194304 elems x 2B = 8388608 B  (hbm counted: 8388608 B)
IO     input  arg0_1                 torch [4096, 2048] -> device [32, 4096, 64] in HBM = 8388608 elems x 2B = 16777216 B  (hbm counted: 16777216 B)
IO     input  arg1_1                 torch [2048, 1024] -> device [16, 2048, 64] in HBM = 2097152 elems x 2B = 4194304 B  (hbm counted: 4194304 B)
IO   => HBM I/O total = 29360128 B  (lx 0 B, ~free)
MODEL -- estimate (turnaround): T = compute + [(R+W)/BW_PEAK + a*min(R,W)] / eff_underfill --
MODEL   R=20971520 B (read)   W=8388608 B (write)   loop_trip L=4
MODEL   compute = MACs/cores/(mac_peak*pt_eff) = 8589934592/32/(1140*1.000) = 235.47 us  (M/m=128, pt_eff=1.000)
MODEL   base = R/150+W/150 = 195.73 us
MODEL   turn = a*min(R,W) = 0.00574*8388608 = 48.15 us
MODEL   eff_underfill = min(0.95,(128.0/13)**0.68) = 0.950 -> (base+turn)/eff = 256.72 us
MODEL   => T_model = 383.87 us
MODEL FEATS [{"name":"mm","is_reduction":true,"out_elems":4194304,"cores":32,"dtype_bytes":2,"args":[{"name":"op0","role":"output","mem":"hbm","elems":4194304,"broadcast":false,"dims":[4096,1024],"logical":[4096,1024],"loop_factor":1},{"name":"arg0_1","role":"input","mem":"hbm","elems":8388608,"broadcast":false,"dims":[32,4096,64],"logical":[4096,2048],"loop_factor":1},{"name":"arg1_1","role":"input","mem":"hbm","elems":2097152,"broadcast":false,"dims":[16,2048,64],"logical":[2048,1024],"loop_factor":1}],"reduction_cores":1,"loop_trip":4,"tiles_output_dim":true,"tiles_reduction_dim":false,"tile_rows_per_core":128,"is_matmul":true,"matmul_macs":8589934592,"matmul_rows_per_core":128.0,"matmul_cols_per_core":256.0,"matmul_a_bytes":4194304,"matmul_b_bytes":4194304,"matmul_m_split":8,"matmul_n_split":4,"hbm_pattern":""}]
SUMMARY op=matmul_row_tiling rows=4096 cols=2048 cores=32 tiles=4 lx=1 io_hbm_bytes=29360128 kernel_us=435.257 pred_us=383.874 err_pct=-11.8 bw_gbps=67.5 memset_us=52.162 other_dev_us=599.591 total_dev_us=1087.010 kernel_us_min=433.747 kernel_us_median=435.257 kernel_us_mean=435.372 kernel_us_std=1.173 kernel_us_cv=0.27 reps=5
-- matmul_row_tiling 4096x2048x1024 t=8 cores=32
IO -- device-layout I/O (cost model, stick-padded) --
IO   op mm [reduction]
IO     output op0                    torch [4096, 1024] -> device [4096, 1024] in HBM = 4194304 elems x 2B = 8388608 B  (hbm counted: 8388608 B)
IO     input  arg0_1                 torch [4096, 2048] -> device [32, 4096, 64] in HBM = 8388608 elems x 2B = 16777216 B  (hbm counted: 16777216 B)
IO     input  arg1_1                 torch [2048, 1024] -> device [16, 2048, 64] in HBM = 2097152 elems x 2B = 4194304 B  (hbm counted: 4194304 B)
IO   => HBM I/O total = 29360128 B  (lx 0 B, ~free)
MODEL -- estimate (turnaround): T = compute + [(R+W)/BW_PEAK + a*min(R,W)] / eff_underfill --
MODEL   R=20971520 B (read)   W=8388608 B (write)   loop_trip L=8
MODEL   compute = MACs/cores/(mac_peak*pt_eff) = 8589934592/32/(1140*1.000) = 235.47 us  (M/m=64, pt_eff=1.000)
MODEL   base = R/150+W/150 = 195.73 us
MODEL   turn = a*min(R,W) = 0.00574*8388608 = 48.15 us
MODEL   eff_underfill = min(0.95,(64.0/13)**0.68) = 0.950 -> (base+turn)/eff = 256.72 us
MODEL   => T_model = 383.87 us
MODEL FEATS [{"name":"mm","is_reduction":true,"out_elems":4194304,"cores":32,"dtype_bytes":2,"args":[{"name":"op0","role":"output","mem":"hbm","elems":4194304,"broadcast":false,"dims":[4096,1024],"logical":[4096,1024],"loop_factor":1},{"name":"arg0_1","role":"input","mem":"hbm","elems":8388608,"broadcast":false,"dims":[32,4096,64],"logical":[4096,2048],"loop_factor":1},{"name":"arg1_1","role":"input","mem":"hbm","elems":2097152,"broadcast":false,"dims":[16,2048,64],"logical":[2048,1024],"loop_factor":1}],"reduction_cores":1,"loop_trip":8,"tiles_output_dim":true,"tiles_reduction_dim":false,"tile_rows_per_core":64,"is_matmul":true,"matmul_macs":8589934592,"matmul_rows_per_core":64.0,"matmul_cols_per_core":256.0,"matmul_a_bytes":2097152,"matmul_b_bytes":4194304,"matmul_m_split":8,"matmul_n_split":4,"hbm_pattern":""}]
SUMMARY op=matmul_row_tiling rows=4096 cols=2048 cores=32 tiles=8 lx=1 io_hbm_bytes=29360128 kernel_us=441.428 pred_us=383.874 err_pct=-13.0 bw_gbps=66.5 memset_us=99.588 other_dev_us=298.859 total_dev_us=839.875 kernel_us_min=436.892 kernel_us_median=441.428 kernel_us_mean=440.371 kernel_us_std=2.065 kernel_us_cv=0.47 reps=5
-- matmul_row_tiling 4096x2048x1024 t=16 cores=32
IO -- device-layout I/O (cost model, stick-padded) --
IO   op mm [reduction]
IO     output op0                    torch [4096, 1024] -> device [4096, 1024] in HBM = 4194304 elems x 2B = 8388608 B  (hbm counted: 8388608 B)
IO     input  arg0_1                 torch [4096, 2048] -> device [32, 4096, 64] in HBM = 8388608 elems x 2B = 16777216 B  (hbm counted: 16777216 B)
IO     input  arg1_1                 torch [2048, 1024] -> device [16, 2048, 64] in HBM = 2097152 elems x 2B = 4194304 B  (hbm counted: 4194304 B)
IO   => HBM I/O total = 29360128 B  (lx 0 B, ~free)
MODEL -- estimate (turnaround): T = compute + [(R+W)/BW_PEAK + a*min(R,W)] / eff_underfill --
MODEL   R=20971520 B (read)   W=8388608 B (write)   loop_trip L=16
MODEL   compute = MACs/cores/(mac_peak*pt_eff) = 8589934592/32/(1140*0.785) = 300.12 us  (M/m=32, pt_eff=0.785)
MODEL   base = R/150+W/150 = 195.73 us
MODEL   turn = a*min(R,W) = 0.00574*8388608 = 48.15 us
MODEL   eff_underfill = min(0.95,(32.0/13)**0.68) = 0.950 -> (base+turn)/eff = 256.72 us
MODEL   => T_model = 383.87 us
MODEL FEATS [{"name":"mm","is_reduction":true,"out_elems":4194304,"cores":32,"dtype_bytes":2,"args":[{"name":"op0","role":"output","mem":"hbm","elems":4194304,"broadcast":false,"dims":[4096,1024],"logical":[4096,1024],"loop_factor":1},{"name":"arg0_1","role":"input","mem":"hbm","elems":8388608,"broadcast":false,"dims":[32,4096,64],"logical":[4096,2048],"loop_factor":1},{"name":"arg1_1","role":"input","mem":"hbm","elems":2097152,"broadcast":false,"dims":[16,2048,64],"logical":[2048,1024],"loop_factor":1}],"reduction_cores":1,"loop_trip":16,"tiles_output_dim":true,"tiles_reduction_dim":false,"tile_rows_per_core":32,"is_matmul":true,"matmul_macs":8589934592,"matmul_rows_per_core":32.0,"matmul_cols_per_core":256.0,"matmul_a_bytes":1048576,"matmul_b_bytes":4194304,"matmul_m_split":8,"matmul_n_split":4,"hbm_pattern":""}]
SUMMARY op=matmul_row_tiling rows=4096 cols=2048 cores=32 tiles=16 lx=1 io_hbm_bytes=29360128 kernel_us=662.415 pred_us=383.874 err_pct=-42.0 bw_gbps=44.3 memset_us=160.404 other_dev_us=588.240 total_dev_us=1411.059 kernel_us_min=660.051 kernel_us_median=662.415 kernel_us_mean=662.049 kernel_us_std=1.667 kernel_us_cv=0.25 reps=5
# ---- cores=32 N=2048  (B = 8.0 MB) ----
-- matmul_row_tiling 4096x2048x2048 t=1 cores=32
IO -- device-layout I/O (cost model, stick-padded) --
IO   op mm [reduction]
IO     output op0                    torch [4096, 2048] -> device [32, 4096, 64] in HBM = 8388608 elems x 2B = 16777216 B  (hbm counted: 16777216 B)
IO     input  arg0_1                 torch [4096, 2048] -> device [32, 4096, 64] in HBM = 8388608 elems x 2B = 16777216 B  (hbm counted: 16777216 B)
IO     input  arg1_1                 torch [2048, 2048] -> device [32, 2048, 64] in HBM = 4194304 elems x 2B = 8388608 B  (hbm counted: 8388608 B)
IO   => HBM I/O total = 41943040 B  (lx 0 B, ~free)
MODEL -- estimate (turnaround): T = compute + (R+W)/BW_PEAK + a*min(R,W) --
MODEL   R=25165824 B (read)   W=16777216 B (write)   loop_trip L=1
MODEL   compute = MACs/cores/(mac_peak*pt_eff) = 17179869184/32/(1140*1.000) = 470.94 us  (M/m=512, pt_eff=1.000)
MODEL   base = R/150+W/150 = 279.62 us
MODEL   turn = a*min(R,W) = 0.00574*16777216 = 96.30 us
MODEL   => T_model = 781.22 us
MODEL FEATS [{"name":"mm","is_reduction":true,"out_elems":8388608,"cores":32,"dtype_bytes":2,"args":[{"name":"op0","role":"output","mem":"hbm","elems":8388608,"broadcast":false,"dims":[32,4096,64],"logical":[4096,2048],"loop_factor":1},{"name":"arg0_1","role":"input","mem":"hbm","elems":8388608,"broadcast":false,"dims":[32,4096,64],"logical":[4096,2048],"loop_factor":1},{"name":"arg1_1","role":"input","mem":"hbm","elems":4194304,"broadcast":false,"dims":[32,2048,64],"logical":[2048,2048],"loop_factor":1}],"reduction_cores":1,"loop_trip":1,"tiles_output_dim":false,"tiles_reduction_dim":false,"tile_rows_per_core":0.0,"is_matmul":true,"matmul_macs":17179869184,"matmul_rows_per_core":512.0,"matmul_cols_per_core":512.0,"matmul_a_bytes":16777216,"matmul_b_bytes":8388608,"matmul_m_split":8,"matmul_n_split":4,"hbm_pattern":""}]
SUMMARY op=matmul_row_tiling rows=4096 cols=2048 cores=32 tiles=1 lx=1 io_hbm_bytes=41943040 kernel_us=837.616 pred_us=781.224 err_pct=-6.7 bw_gbps=50.1 memset_us=125.250 other_dev_us=1107.698 total_dev_us=2070.564 kernel_us_min=831.679 kernel_us_median=837.616 kernel_us_mean=836.946 kernel_us_std=4.209 kernel_us_cv=0.50 reps=5
-- matmul_row_tiling 4096x2048x2048 t=4 cores=32
IO -- device-layout I/O (cost model, stick-padded) --
IO   op mm [reduction]
IO     output op0                    torch [4096, 2048] -> device [4096, 2048] in HBM = 8388608 elems x 2B = 16777216 B  (hbm counted: 16777216 B)
IO     input  arg0_1                 torch [4096, 2048] -> device [32, 4096, 64] in HBM = 8388608 elems x 2B = 16777216 B  (hbm counted: 16777216 B)
IO     input  arg1_1                 torch [2048, 2048] -> device [32, 2048, 64] in HBM = 4194304 elems x 2B = 8388608 B  (hbm counted: 8388608 B)
IO   => HBM I/O total = 41943040 B  (lx 0 B, ~free)
MODEL -- estimate (turnaround): T = compute + [(R+W)/BW_PEAK + a*min(R,W)] / eff_underfill --
MODEL   R=25165824 B (read)   W=16777216 B (write)   loop_trip L=4
MODEL   compute = MACs/cores/(mac_peak*pt_eff) = 17179869184/32/(1140*1.000) = 470.94 us  (M/m=128, pt_eff=1.000)
MODEL   base = R/150+W/150 = 279.62 us
MODEL   turn = a*min(R,W) = 0.00574*16777216 = 96.30 us
MODEL   eff_underfill = min(0.95,(128.0/13)**0.68) = 0.950 -> (base+turn)/eff = 395.71 us
MODEL   => T_model = 684.62 us
MODEL FEATS [{"name":"mm","is_reduction":true,"out_elems":8388608,"cores":32,"dtype_bytes":2,"args":[{"name":"op0","role":"output","mem":"hbm","elems":8388608,"broadcast":false,"dims":[4096,2048],"logical":[4096,2048],"loop_factor":1},{"name":"arg0_1","role":"input","mem":"hbm","elems":8388608,"broadcast":false,"dims":[32,4096,64],"logical":[4096,2048],"loop_factor":1},{"name":"arg1_1","role":"input","mem":"hbm","elems":4194304,"broadcast":false,"dims":[32,2048,64],"logical":[2048,2048],"loop_factor":1}],"reduction_cores":1,"loop_trip":4,"tiles_output_dim":true,"tiles_reduction_dim":false,"tile_rows_per_core":128,"is_matmul":true,"matmul_macs":17179869184,"matmul_rows_per_core":128.0,"matmul_cols_per_core":512.0,"matmul_a_bytes":4194304,"matmul_b_bytes":8388608,"matmul_m_split":8,"matmul_n_split":4,"hbm_pattern":""}]
SUMMARY op=matmul_row_tiling rows=4096 cols=2048 cores=32 tiles=4 lx=1 io_hbm_bytes=41943040 kernel_us=677.814 pred_us=684.621 err_pct=+1.0 bw_gbps=61.9 memset_us=109.841 other_dev_us=1172.094 total_dev_us=1959.749 kernel_us_min=675.585 kernel_us_median=677.814 kernel_us_mean=678.480 kernel_us_std=2.983 kernel_us_cv=0.44 reps=5
-- matmul_row_tiling 4096x2048x2048 t=8 cores=32
IO -- device-layout I/O (cost model, stick-padded) --
IO   op mm [reduction]
IO     output op0                    torch [4096, 2048] -> device [4096, 2048] in HBM = 8388608 elems x 2B = 16777216 B  (hbm counted: 16777216 B)
IO     input  arg0_1                 torch [4096, 2048] -> device [32, 4096, 64] in HBM = 8388608 elems x 2B = 16777216 B  (hbm counted: 16777216 B)
IO     input  arg1_1                 torch [2048, 2048] -> device [32, 2048, 64] in HBM = 4194304 elems x 2B = 8388608 B  (hbm counted: 8388608 B)
IO   => HBM I/O total = 41943040 B  (lx 0 B, ~free)
MODEL -- estimate (turnaround): T = compute + [(R+W)/BW_PEAK + a*min(R,W)] / eff_underfill --
MODEL   R=25165824 B (read)   W=16777216 B (write)   loop_trip L=8
MODEL   compute = MACs/cores/(mac_peak*pt_eff) = 17179869184/32/(1140*1.000) = 470.94 us  (M/m=64, pt_eff=1.000)
MODEL   base = R/150+W/150 = 279.62 us
MODEL   turn = a*min(R,W) = 0.00574*16777216 = 96.30 us
MODEL   eff_underfill = min(0.95,(64.0/13)**0.68) = 0.950 -> (base+turn)/eff = 395.71 us
MODEL   => T_model = 684.62 us
MODEL FEATS [{"name":"mm","is_reduction":true,"out_elems":8388608,"cores":32,"dtype_bytes":2,"args":[{"name":"op0","role":"output","mem":"hbm","elems":8388608,"broadcast":false,"dims":[4096,2048],"logical":[4096,2048],"loop_factor":1},{"name":"arg0_1","role":"input","mem":"hbm","elems":8388608,"broadcast":false,"dims":[32,4096,64],"logical":[4096,2048],"loop_factor":1},{"name":"arg1_1","role":"input","mem":"hbm","elems":4194304,"broadcast":false,"dims":[32,2048,64],"logical":[2048,2048],"loop_factor":1}],"reduction_cores":1,"loop_trip":8,"tiles_output_dim":true,"tiles_reduction_dim":false,"tile_rows_per_core":64,"is_matmul":true,"matmul_macs":17179869184,"matmul_rows_per_core":64.0,"matmul_cols_per_core":512.0,"matmul_a_bytes":2097152,"matmul_b_bytes":8388608,"matmul_m_split":8,"matmul_n_split":4,"hbm_pattern":""}]
SUMMARY op=matmul_row_tiling rows=4096 cols=2048 cores=32 tiles=8 lx=1 io_hbm_bytes=41943040 kernel_us=875.515 pred_us=684.621 err_pct=-21.8 bw_gbps=47.9 memset_us=115.126 other_dev_us=1170.961 total_dev_us=2161.602 kernel_us_min=873.885 kernel_us_median=875.515 kernel_us_mean=876.407 kernel_us_std=2.026 kernel_us_cv=0.23 reps=5
-- matmul_row_tiling 4096x2048x2048 t=16 cores=32
IO -- device-layout I/O (cost model, stick-padded) --
IO   op mm [reduction]
IO     output op0                    torch [4096, 2048] -> device [4096, 2048] in HBM = 8388608 elems x 2B = 16777216 B  (hbm counted: 16777216 B)
IO     input  arg0_1                 torch [4096, 2048] -> device [32, 4096, 64] in HBM = 8388608 elems x 2B = 16777216 B  (hbm counted: 16777216 B)
IO     input  arg1_1                 torch [2048, 2048] -> device [32, 2048, 64] in HBM = 4194304 elems x 2B = 8388608 B  (hbm counted: 8388608 B)
IO   => HBM I/O total = 41943040 B  (lx 0 B, ~free)
MODEL -- estimate (turnaround): T = compute + [(R+W)/BW_PEAK + a*min(R,W)] / eff_underfill --
MODEL   R=25165824 B (read)   W=16777216 B (write)   loop_trip L=16
MODEL   compute = MACs/cores/(mac_peak*pt_eff) = 17179869184/32/(1140*0.785) = 600.24 us  (M/m=32, pt_eff=0.785)
MODEL   base = R/150+W/150 = 279.62 us
MODEL   turn = a*min(R,W) = 0.00574*16777216 = 96.30 us
MODEL   eff_underfill = min(0.95,(32.0/13)**0.68) = 0.950 -> (base+turn)/eff = 395.71 us
MODEL   => T_model = 684.62 us
MODEL FEATS [{"name":"mm","is_reduction":true,"out_elems":8388608,"cores":32,"dtype_bytes":2,"args":[{"name":"op0","role":"output","mem":"hbm","elems":8388608,"broadcast":false,"dims":[4096,2048],"logical":[4096,2048],"loop_factor":1},{"name":"arg0_1","role":"input","mem":"hbm","elems":8388608,"broadcast":false,"dims":[32,4096,64],"logical":[4096,2048],"loop_factor":1},{"name":"arg1_1","role":"input","mem":"hbm","elems":4194304,"broadcast":false,"dims":[32,2048,64],"logical":[2048,2048],"loop_factor":1}],"reduction_cores":1,"loop_trip":16,"tiles_output_dim":true,"tiles_reduction_dim":false,"tile_rows_per_core":32,"is_matmul":true,"matmul_macs":17179869184,"matmul_rows_per_core":32.0,"matmul_cols_per_core":512.0,"matmul_a_bytes":1048576,"matmul_b_bytes":8388608,"matmul_m_split":8,"matmul_n_split":4,"hbm_pattern":""}]
SUMMARY op=matmul_row_tiling rows=4096 cols=2048 cores=32 tiles=16 lx=1 io_hbm_bytes=41943040 kernel_us=1312.353 pred_us=684.621 err_pct=-47.8 bw_gbps=32.0 memset_us=79.194 other_dev_us=1212.461 total_dev_us=2604.008 kernel_us_min=1308.510 kernel_us_median=1312.353 kernel_us_mean=1312.127 kernel_us_std=2.029 kernel_us_cv=0.15 reps=5
# ---- cores=32 N=4096  (B = 16.0 MB) ----
-- matmul_row_tiling 4096x2048x4096 t=1 cores=32
IO -- device-layout I/O (cost model, stick-padded) --
IO   op mm [reduction]
IO     output op0                    torch [4096, 4096] -> device [64, 4096, 64] in HBM = 16777216 elems x 2B = 33554432 B  (hbm counted: 33554432 B)
IO     input  arg0_1                 torch [4096, 2048] -> device [32, 4096, 64] in HBM = 8388608 elems x 2B = 16777216 B  (hbm counted: 16777216 B)
IO     input  arg1_1                 torch [2048, 4096] -> device [64, 2048, 64] in HBM = 8388608 elems x 2B = 16777216 B  (hbm counted: 16777216 B)
IO   => HBM I/O total = 67108864 B  (lx 0 B, ~free)
MODEL -- estimate (turnaround): T = compute + (R+W)/BW_PEAK + a*min(R,W) --
MODEL   R=33554432 B (read)   W=33554432 B (write)   loop_trip L=1
MODEL   compute = MACs/cores/(mac_peak*pt_eff) = 34359738368/32/(1140*1.000) = 941.88 us  (M/m=1024, pt_eff=1.000)
MODEL   base = R/150+W/150 = 447.39 us
MODEL   turn = a*min(R,W) = 0.00574*33554432 = 192.60 us
MODEL   => T_model = 1450.60 us
MODEL FEATS [{"name":"mm","is_reduction":true,"out_elems":16777216,"cores":32,"dtype_bytes":2,"args":[{"name":"op0","role":"output","mem":"hbm","elems":16777216,"broadcast":false,"dims":[64,4096,64],"logical":[4096,4096],"loop_factor":1},{"name":"arg0_1","role":"input","mem":"hbm","elems":8388608,"broadcast":false,"dims":[32,4096,64],"logical":[4096,2048],"loop_factor":1},{"name":"arg1_1","role":"input","mem":"hbm","elems":8388608,"broadcast":false,"dims":[64,2048,64],"logical":[2048,4096],"loop_factor":1}],"reduction_cores":1,"loop_trip":1,"tiles_output_dim":false,"tiles_reduction_dim":false,"tile_rows_per_core":0.0,"is_matmul":true,"matmul_macs":34359738368,"matmul_rows_per_core":1024.0,"matmul_cols_per_core":512.0,"matmul_a_bytes":16777216,"matmul_b_bytes":16777216,"matmul_m_split":4,"matmul_n_split":8,"hbm_pattern":""}]
SUMMARY op=matmul_row_tiling rows=4096 cols=2048 cores=32 tiles=1 lx=1 io_hbm_bytes=67108864 kernel_us=1574.738 pred_us=1450.599 err_pct=-7.9 bw_gbps=42.6 memset_us=172.914 other_dev_us=3362.404 total_dev_us=5110.056 kernel_us_min=1572.433 kernel_us_median=1574.738 kernel_us_mean=1576.394 kernel_us_std=3.659 kernel_us_cv=0.23 reps=5
-- matmul_row_tiling 4096x2048x4096 t=4 cores=32
IO -- device-layout I/O (cost model, stick-padded) --
IO   op mm [reduction]
IO     output op0                    torch [4096, 4096] -> device [4096, 4096] in HBM = 16777216 elems x 2B = 33554432 B  (hbm counted: 33554432 B)
IO     input  arg0_1                 torch [4096, 2048] -> device [32, 4096, 64] in HBM = 8388608 elems x 2B = 16777216 B  (hbm counted: 16777216 B)
IO     input  arg1_1                 torch [2048, 4096] -> device [64, 2048, 64] in HBM = 8388608 elems x 2B = 16777216 B  (hbm counted: 16777216 B)
IO   => HBM I/O total = 67108864 B  (lx 0 B, ~free)
MODEL -- estimate (turnaround): T = compute + [(R+W)/BW_PEAK + a*min(R,W)] / eff_underfill --
MODEL   R=33554432 B (read)   W=33554432 B (write)   loop_trip L=4
MODEL   compute = MACs/cores/(mac_peak*pt_eff) = 34359738368/32/(1140*1.000) = 941.88 us  (M/m=256, pt_eff=1.000)
MODEL   base = R/150+W/150 = 447.39 us
MODEL   turn = a*min(R,W) = 0.00574*33554432 = 192.60 us
MODEL   eff_underfill = min(0.95,(256.0/13)**0.68) = 0.950 -> (base+turn)/eff = 673.68 us
MODEL   => T_model = 1341.43 us
MODEL FEATS [{"name":"mm","is_reduction":true,"out_elems":16777216,"cores":32,"dtype_bytes":2,"args":[{"name":"op0","role":"output","mem":"hbm","elems":16777216,"broadcast":false,"dims":[4096,4096],"logical":[4096,4096],"loop_factor":1},{"name":"arg0_1","role":"input","mem":"hbm","elems":8388608,"broadcast":false,"dims":[32,4096,64],"logical":[4096,2048],"loop_factor":1},{"name":"arg1_1","role":"input","mem":"hbm","elems":8388608,"broadcast":false,"dims":[64,2048,64],"logical":[2048,4096],"loop_factor":1}],"reduction_cores":1,"loop_trip":4,"tiles_output_dim":true,"tiles_reduction_dim":false,"tile_rows_per_core":256,"is_matmul":true,"matmul_macs":34359738368,"matmul_rows_per_core":256.0,"matmul_cols_per_core":512.0,"matmul_a_bytes":4194304,"matmul_b_bytes":16777216,"matmul_m_split":4,"matmul_n_split":8,"hbm_pattern":""}]
SUMMARY op=matmul_row_tiling rows=4096 cols=2048 cores=32 tiles=4 lx=1 io_hbm_bytes=67108864 kernel_us=1508.064 pred_us=1341.427 err_pct=-11.0 bw_gbps=44.5 memset_us=121.439 other_dev_us=3468.823 total_dev_us=5098.326 kernel_us_min=1496.440 kernel_us_median=1508.064 kernel_us_mean=1507.945 kernel_us_std=6.899 kernel_us_cv=0.46 reps=5
-- matmul_row_tiling 4096x2048x4096 t=8 cores=32
IO -- device-layout I/O (cost model, stick-padded) --
IO   op mm [reduction]
IO     output op0                    torch [4096, 4096] -> device [4096, 4096] in HBM = 16777216 elems x 2B = 33554432 B  (hbm counted: 33554432 B)
IO     input  arg0_1                 torch [4096, 2048] -> device [32, 4096, 64] in HBM = 8388608 elems x 2B = 16777216 B  (hbm counted: 16777216 B)
IO     input  arg1_1                 torch [2048, 4096] -> device [64, 2048, 64] in HBM = 8388608 elems x 2B = 16777216 B  (hbm counted: 16777216 B)
IO   => HBM I/O total = 67108864 B  (lx 0 B, ~free)
MODEL -- estimate (turnaround): T = compute + [(R+W)/BW_PEAK + a*min(R,W)] / eff_underfill --
MODEL   R=33554432 B (read)   W=33554432 B (write)   loop_trip L=8
MODEL   compute = MACs/cores/(mac_peak*pt_eff) = 34359738368/32/(1140*1.000) = 941.88 us  (M/m=128, pt_eff=1.000)
MODEL   base = R/150+W/150 = 447.39 us
MODEL   turn = a*min(R,W) = 0.00574*33554432 = 192.60 us
MODEL   eff_underfill = min(0.95,(128.0/13)**0.68) = 0.950 -> (base+turn)/eff = 673.68 us
MODEL   => T_model = 1305.67 us
MODEL FEATS [{"name":"mm","is_reduction":true,"out_elems":16777216,"cores":32,"dtype_bytes":2,"args":[{"name":"op0","role":"output","mem":"hbm","elems":16777216,"broadcast":false,"dims":[4096,4096],"logical":[4096,4096],"loop_factor":1},{"name":"arg0_1","role":"input","mem":"hbm","elems":8388608,"broadcast":false,"dims":[32,4096,64],"logical":[4096,2048],"loop_factor":1},{"name":"arg1_1","role":"input","mem":"hbm","elems":8388608,"broadcast":false,"dims":[64,2048,64],"logical":[2048,4096],"loop_factor":1}],"reduction_cores":1,"loop_trip":8,"tiles_output_dim":true,"tiles_reduction_dim":false,"tile_rows_per_core":128,"is_matmul":true,"matmul_macs":34359738368,"matmul_rows_per_core":128.0,"matmul_cols_per_core":512.0,"matmul_a_bytes":2097152,"matmul_b_bytes":16777216,"matmul_m_split":4,"matmul_n_split":8,"hbm_pattern":""}]
SUMMARY op=matmul_row_tiling rows=4096 cols=2048 cores=32 tiles=8 lx=1 io_hbm_bytes=67108864 kernel_us=1451.128 pred_us=1305.665 err_pct=-10.0 bw_gbps=46.2 memset_us=185.614 other_dev_us=3430.626 total_dev_us=5067.368 kernel_us_min=1442.061 kernel_us_median=1451.128 kernel_us_mean=1451.379 kernel_us_std=6.580 kernel_us_cv=0.45 reps=5
-- matmul_row_tiling 4096x2048x4096 t=16 cores=32
IO -- device-layout I/O (cost model, stick-padded) --
IO   op mm [reduction]
IO     output op0                    torch [4096, 4096] -> device [4096, 4096] in HBM = 16777216 elems x 2B = 33554432 B  (hbm counted: 33554432 B)
IO     input  arg0_1                 torch [4096, 2048] -> device [32, 4096, 64] in HBM = 8388608 elems x 2B = 16777216 B  (hbm counted: 16777216 B)
IO     input  arg1_1                 torch [2048, 4096] -> device [64, 2048, 64] in HBM = 8388608 elems x 2B = 16777216 B  (hbm counted: 16777216 B)
IO   => HBM I/O total = 67108864 B  (lx 0 B, ~free)
MODEL -- estimate (turnaround): T = compute + [(R+W)/BW_PEAK + a*min(R,W)] / eff_underfill --
MODEL   R=33554432 B (read)   W=33554432 B (write)   loop_trip L=16
MODEL   compute = MACs/cores/(mac_peak*pt_eff) = 34359738368/32/(1140*1.000) = 941.88 us  (M/m=64, pt_eff=1.000)
MODEL   base = R/150+W/150 = 447.39 us
MODEL   turn = a*min(R,W) = 0.00574*33554432 = 192.60 us
MODEL   eff_underfill = min(0.95,(64.0/13)**0.68) = 0.950 -> (base+turn)/eff = 673.68 us
MODEL   => T_model = 1305.67 us
MODEL FEATS [{"name":"mm","is_reduction":true,"out_elems":16777216,"cores":32,"dtype_bytes":2,"args":[{"name":"op0","role":"output","mem":"hbm","elems":16777216,"broadcast":false,"dims":[4096,4096],"logical":[4096,4096],"loop_factor":1},{"name":"arg0_1","role":"input","mem":"hbm","elems":8388608,"broadcast":false,"dims":[32,4096,64],"logical":[4096,2048],"loop_factor":1},{"name":"arg1_1","role":"input","mem":"hbm","elems":8388608,"broadcast":false,"dims":[64,2048,64],"logical":[2048,4096],"loop_factor":1}],"reduction_cores":1,"loop_trip":16,"tiles_output_dim":true,"tiles_reduction_dim":false,"tile_rows_per_core":64,"is_matmul":true,"matmul_macs":34359738368,"matmul_rows_per_core":64.0,"matmul_cols_per_core":512.0,"matmul_a_bytes":1048576,"matmul_b_bytes":16777216,"matmul_m_split":4,"matmul_n_split":8,"hbm_pattern":""}]
SUMMARY op=matmul_row_tiling rows=4096 cols=2048 cores=32 tiles=16 lx=1 io_hbm_bytes=67108864 kernel_us=2244.852 pred_us=1305.665 err_pct=-41.8 bw_gbps=29.9 memset_us=178.148 other_dev_us=3357.589 total_dev_us=5780.589 kernel_us_min=2242.288 kernel_us_median=2244.852 kernel_us_mean=2246.320 kernel_us_std=3.444 kernel_us_cv=0.15 reps=5
# ---- cores=16 N=512  (B = 2.0 MB) ----
-- matmul_row_tiling 4096x2048x512 t=1 cores=16
IO -- device-layout I/O (cost model, stick-padded) --
IO   op mm [reduction]
IO     output op0                    torch [4096, 512] -> device [8, 4096, 64] in HBM = 2097152 elems x 2B = 4194304 B  (hbm counted: 4194304 B)
IO     input  arg0_1                 torch [4096, 2048] -> device [32, 4096, 64] in HBM = 8388608 elems x 2B = 16777216 B  (hbm counted: 16777216 B)
IO     input  arg1_1                 torch [2048, 512] -> device [8, 2048, 64] in HBM = 1048576 elems x 2B = 2097152 B  (hbm counted: 2097152 B)
IO   => HBM I/O total = 23068672 B  (lx 0 B, ~free)
MODEL -- estimate (turnaround): T = compute + (R+W)/BW_PEAK + a*min(R,W) --
MODEL   R=18874368 B (read)   W=4194304 B (write)   loop_trip L=1
MODEL   compute = MACs/cores/(mac_peak*pt_eff) = 4294967296/16/(1140*1.000) = 235.47 us  (M/m=512, pt_eff=1.000)
MODEL   base = R/150+W/150 = 153.79 us
MODEL   turn = a*min(R,W) = 0.00574*4194304 = 24.08 us
MODEL   => T_model = 362.09 us
MODEL FEATS [{"name":"mm","is_reduction":true,"out_elems":2097152,"cores":16,"dtype_bytes":2,"args":[{"name":"op0","role":"output","mem":"hbm","elems":2097152,"broadcast":false,"dims":[8,4096,64],"logical":[4096,512],"loop_factor":1},{"name":"arg0_1","role":"input","mem":"hbm","elems":8388608,"broadcast":false,"dims":[32,4096,64],"logical":[4096,2048],"loop_factor":1},{"name":"arg1_1","role":"input","mem":"hbm","elems":1048576,"broadcast":false,"dims":[8,2048,64],"logical":[2048,512],"loop_factor":1}],"reduction_cores":1,"loop_trip":1,"tiles_output_dim":false,"tiles_reduction_dim":false,"tile_rows_per_core":0.0,"is_matmul":true,"matmul_macs":4294967296,"matmul_rows_per_core":512.0,"matmul_cols_per_core":256.0,"matmul_a_bytes":16777216,"matmul_b_bytes":2097152,"matmul_m_split":8,"matmul_n_split":2,"hbm_pattern":""}]
SUMMARY op=matmul_row_tiling rows=4096 cols=2048 cores=16 tiles=1 lx=1 io_hbm_bytes=23068672 kernel_us=351.856 pred_us=362.094 err_pct=+2.9 bw_gbps=65.6 memset_us=93.643 other_dev_us=491.842 total_dev_us=937.341 kernel_us_min=348.808 kernel_us_median=351.856 kernel_us_mean=351.832 kernel_us_std=1.994 kernel_us_cv=0.57 reps=5
-- matmul_row_tiling 4096x2048x512 t=4 cores=16
IO -- device-layout I/O (cost model, stick-padded) --
IO   op mm [reduction]
IO     output op0                    torch [4096, 512] -> device [4096, 512] in HBM = 2097152 elems x 2B = 4194304 B  (hbm counted: 4194304 B)
IO     input  arg0_1                 torch [4096, 2048] -> device [32, 4096, 64] in HBM = 8388608 elems x 2B = 16777216 B  (hbm counted: 16777216 B)
IO     input  arg1_1                 torch [2048, 512] -> device [8, 2048, 64] in HBM = 1048576 elems x 2B = 2097152 B  (hbm counted: 2097152 B)
IO   => HBM I/O total = 23068672 B  (lx 0 B, ~free)
MODEL -- estimate (turnaround): T = compute + [(R+W)/BW_PEAK + a*min(R,W)] / eff_underfill --
MODEL   R=18874368 B (read)   W=4194304 B (write)   loop_trip L=4
MODEL   compute = MACs/cores/(mac_peak*pt_eff) = 4294967296/16/(1140*1.000) = 235.47 us  (M/m=128, pt_eff=1.000)
MODEL   base = R/150+W/150 = 153.79 us
MODEL   turn = a*min(R,W) = 0.00574*4194304 = 24.08 us
MODEL   eff_underfill = min(0.95,(128.0/13)**0.68) = 0.950 -> (base+turn)/eff = 187.23 us
MODEL   => T_model = 336.57 us
MODEL FEATS [{"name":"mm","is_reduction":true,"out_elems":2097152,"cores":16,"dtype_bytes":2,"args":[{"name":"op0","role":"output","mem":"hbm","elems":2097152,"broadcast":false,"dims":[4096,512],"logical":[4096,512],"loop_factor":1},{"name":"arg0_1","role":"input","mem":"hbm","elems":8388608,"broadcast":false,"dims":[32,4096,64],"logical":[4096,2048],"loop_factor":1},{"name":"arg1_1","role":"input","mem":"hbm","elems":1048576,"broadcast":false,"dims":[8,2048,64],"logical":[2048,512],"loop_factor":1}],"reduction_cores":1,"loop_trip":4,"tiles_output_dim":true,"tiles_reduction_dim":false,"tile_rows_per_core":128,"is_matmul":true,"matmul_macs":4294967296,"matmul_rows_per_core":128.0,"matmul_cols_per_core":256.0,"matmul_a_bytes":4194304,"matmul_b_bytes":2097152,"matmul_m_split":8,"matmul_n_split":2,"hbm_pattern":""}]
SUMMARY op=matmul_row_tiling rows=4096 cols=2048 cores=16 tiles=4 lx=1 io_hbm_bytes=23068672 kernel_us=309.536 pred_us=336.573 err_pct=+8.7 bw_gbps=74.5 memset_us=93.988 other_dev_us=449.162 total_dev_us=852.686 kernel_us_min=309.032 kernel_us_median=309.536 kernel_us_mean=309.397 kernel_us_std=0.293 kernel_us_cv=0.09 reps=5
-- matmul_row_tiling 4096x2048x512 t=8 cores=16
IO -- device-layout I/O (cost model, stick-padded) --
IO   op mm [reduction]
IO     output op0                    torch [4096, 512] -> device [4096, 512] in HBM = 2097152 elems x 2B = 4194304 B  (hbm counted: 4194304 B)
IO     input  arg0_1                 torch [4096, 2048] -> device [32, 4096, 64] in HBM = 8388608 elems x 2B = 16777216 B  (hbm counted: 16777216 B)
IO     input  arg1_1                 torch [2048, 512] -> device [8, 2048, 64] in HBM = 1048576 elems x 2B = 2097152 B  (hbm counted: 2097152 B)
IO   => HBM I/O total = 23068672 B  (lx 0 B, ~free)
MODEL -- estimate (turnaround): T = compute + [(R+W)/BW_PEAK + a*min(R,W)] / eff_underfill --
MODEL   R=18874368 B (read)   W=4194304 B (write)   loop_trip L=8
MODEL   compute = MACs/cores/(mac_peak*pt_eff) = 4294967296/16/(1140*1.000) = 235.47 us  (M/m=64, pt_eff=1.000)
MODEL   base = R/150+W/150 = 153.79 us
MODEL   turn = a*min(R,W) = 0.00574*4194304 = 24.08 us
MODEL   eff_underfill = min(0.95,(64.0/13)**0.68) = 0.950 -> (base+turn)/eff = 187.23 us
MODEL   => T_model = 336.57 us
MODEL FEATS [{"name":"mm","is_reduction":true,"out_elems":2097152,"cores":16,"dtype_bytes":2,"args":[{"name":"op0","role":"output","mem":"hbm","elems":2097152,"broadcast":false,"dims":[4096,512],"logical":[4096,512],"loop_factor":1},{"name":"arg0_1","role":"input","mem":"hbm","elems":8388608,"broadcast":false,"dims":[32,4096,64],"logical":[4096,2048],"loop_factor":1},{"name":"arg1_1","role":"input","mem":"hbm","elems":1048576,"broadcast":false,"dims":[8,2048,64],"logical":[2048,512],"loop_factor":1}],"reduction_cores":1,"loop_trip":8,"tiles_output_dim":true,"tiles_reduction_dim":false,"tile_rows_per_core":64,"is_matmul":true,"matmul_macs":4294967296,"matmul_rows_per_core":64.0,"matmul_cols_per_core":256.0,"matmul_a_bytes":2097152,"matmul_b_bytes":2097152,"matmul_m_split":8,"matmul_n_split":2,"hbm_pattern":""}]
SUMMARY op=matmul_row_tiling rows=4096 cols=2048 cores=16 tiles=8 lx=1 io_hbm_bytes=23068672 kernel_us=348.520 pred_us=336.573 err_pct=-3.4 bw_gbps=66.2 memset_us=86.432 other_dev_us=421.335 total_dev_us=856.287 kernel_us_min=347.316 kernel_us_median=348.520 kernel_us_mean=348.469 kernel_us_std=0.686 kernel_us_cv=0.20 reps=5
-- matmul_row_tiling 4096x2048x512 t=16 cores=16
IO -- device-layout I/O (cost model, stick-padded) --
IO   op mm [reduction]
IO     output op0                    torch [4096, 512] -> device [4096, 512] in HBM = 2097152 elems x 2B = 4194304 B  (hbm counted: 4194304 B)
IO     input  arg0_1                 torch [4096, 2048] -> device [32, 4096, 64] in HBM = 8388608 elems x 2B = 16777216 B  (hbm counted: 16777216 B)
IO     input  arg1_1                 torch [2048, 512] -> device [8, 2048, 64] in HBM = 1048576 elems x 2B = 2097152 B  (hbm counted: 2097152 B)
IO   => HBM I/O total = 23068672 B  (lx 0 B, ~free)
MODEL -- estimate (turnaround): T = compute + [(R+W)/BW_PEAK + a*min(R,W)] / eff_underfill --
MODEL   R=18874368 B (read)   W=4194304 B (write)   loop_trip L=16
MODEL   compute = MACs/cores/(mac_peak*pt_eff) = 4294967296/16/(1140*0.785) = 300.12 us  (M/m=32, pt_eff=0.785)
MODEL   base = R/150+W/150 = 153.79 us
MODEL   turn = a*min(R,W) = 0.00574*4194304 = 24.08 us
MODEL   eff_underfill = min(0.95,(32.0/13)**0.68) = 0.950 -> (base+turn)/eff = 187.23 us
MODEL   => T_model = 336.57 us
MODEL FEATS [{"name":"mm","is_reduction":true,"out_elems":2097152,"cores":16,"dtype_bytes":2,"args":[{"name":"op0","role":"output","mem":"hbm","elems":2097152,"broadcast":false,"dims":[4096,512],"logical":[4096,512],"loop_factor":1},{"name":"arg0_1","role":"input","mem":"hbm","elems":8388608,"broadcast":false,"dims":[32,4096,64],"logical":[4096,2048],"loop_factor":1},{"name":"arg1_1","role":"input","mem":"hbm","elems":1048576,"broadcast":false,"dims":[8,2048,64],"logical":[2048,512],"loop_factor":1}],"reduction_cores":1,"loop_trip":16,"tiles_output_dim":true,"tiles_reduction_dim":false,"tile_rows_per_core":32,"is_matmul":true,"matmul_macs":4294967296,"matmul_rows_per_core":32.0,"matmul_cols_per_core":256.0,"matmul_a_bytes":1048576,"matmul_b_bytes":2097152,"matmul_m_split":8,"matmul_n_split":2,"hbm_pattern":""}]
SUMMARY op=matmul_row_tiling rows=4096 cols=2048 cores=16 tiles=16 lx=1 io_hbm_bytes=23068672 kernel_us=478.564 pred_us=336.573 err_pct=-29.7 bw_gbps=48.2 memset_us=127.911 other_dev_us=420.217 total_dev_us=1026.692 kernel_us_min=477.002 kernel_us_median=478.564 kernel_us_mean=478.887 kernel_us_std=2.028 kernel_us_cv=0.42 reps=5
# ---- cores=16 N=1024  (B = 4.0 MB) ----
-- matmul_row_tiling 4096x2048x1024 t=1 cores=16
IO -- device-layout I/O (cost model, stick-padded) --
IO   op mm [reduction]
IO     output op0                    torch [4096, 1024] -> device [16, 4096, 64] in HBM = 4194304 elems x 2B = 8388608 B  (hbm counted: 8388608 B)
IO     input  arg0_1                 torch [4096, 2048] -> device [32, 4096, 64] in HBM = 8388608 elems x 2B = 16777216 B  (hbm counted: 16777216 B)
IO     input  arg1_1                 torch [2048, 1024] -> device [16, 2048, 64] in HBM = 2097152 elems x 2B = 4194304 B  (hbm counted: 4194304 B)
IO   => HBM I/O total = 29360128 B  (lx 0 B, ~free)
MODEL -- estimate (turnaround): T = compute + (R+W)/BW_PEAK + a*min(R,W) --
MODEL   R=20971520 B (read)   W=8388608 B (write)   loop_trip L=1
MODEL   compute = MACs/cores/(mac_peak*pt_eff) = 8589934592/16/(1140*1.000) = 470.94 us  (M/m=512, pt_eff=1.000)
MODEL   base = R/150+W/150 = 195.73 us
MODEL   turn = a*min(R,W) = 0.00574*8388608 = 48.15 us
MODEL   => T_model = 670.58 us
MODEL FEATS [{"name":"mm","is_reduction":true,"out_elems":4194304,"cores":16,"dtype_bytes":2,"args":[{"name":"op0","role":"output","mem":"hbm","elems":4194304,"broadcast":false,"dims":[16,4096,64],"logical":[4096,1024],"loop_factor":1},{"name":"arg0_1","role":"input","mem":"hbm","elems":8388608,"broadcast":false,"dims":[32,4096,64],"logical":[4096,2048],"loop_factor":1},{"name":"arg1_1","role":"input","mem":"hbm","elems":2097152,"broadcast":false,"dims":[16,2048,64],"logical":[2048,1024],"loop_factor":1}],"reduction_cores":1,"loop_trip":1,"tiles_output_dim":false,"tiles_reduction_dim":false,"tile_rows_per_core":0.0,"is_matmul":true,"matmul_macs":8589934592,"matmul_rows_per_core":512.0,"matmul_cols_per_core":512.0,"matmul_a_bytes":16777216,"matmul_b_bytes":4194304,"matmul_m_split":8,"matmul_n_split":2,"hbm_pattern":""}]
SUMMARY op=matmul_row_tiling rows=4096 cols=2048 cores=16 tiles=1 lx=1 io_hbm_bytes=29360128 kernel_us=701.606 pred_us=670.585 err_pct=-4.4 bw_gbps=41.8 memset_us=92.660 other_dev_us=676.328 total_dev_us=1470.594 kernel_us_min=700.014 kernel_us_median=701.606 kernel_us_mean=701.803 kernel_us_std=1.550 kernel_us_cv=0.22 reps=5
-- matmul_row_tiling 4096x2048x1024 t=4 cores=16
IO -- device-layout I/O (cost model, stick-padded) --
IO   op mm [reduction]
IO     output op0                    torch [4096, 1024] -> device [4096, 1024] in HBM = 4194304 elems x 2B = 8388608 B  (hbm counted: 8388608 B)
IO     input  arg0_1                 torch [4096, 2048] -> device [32, 4096, 64] in HBM = 8388608 elems x 2B = 16777216 B  (hbm counted: 16777216 B)
IO     input  arg1_1                 torch [2048, 1024] -> device [16, 2048, 64] in HBM = 2097152 elems x 2B = 4194304 B  (hbm counted: 4194304 B)
IO   => HBM I/O total = 29360128 B  (lx 0 B, ~free)
MODEL -- estimate (turnaround): T = compute + [(R+W)/BW_PEAK + a*min(R,W)] / eff_underfill --
MODEL   R=20971520 B (read)   W=8388608 B (write)   loop_trip L=4
MODEL   compute = MACs/cores/(mac_peak*pt_eff) = 8589934592/16/(1140*1.000) = 470.94 us  (M/m=128, pt_eff=1.000)
MODEL   base = R/150+W/150 = 195.73 us
MODEL   turn = a*min(R,W) = 0.00574*8388608 = 48.15 us
MODEL   eff_underfill = min(0.95,(128.0/13)**0.68) = 0.950 -> (base+turn)/eff = 256.72 us
MODEL   => T_model = 609.57 us
MODEL FEATS [{"name":"mm","is_reduction":true,"out_elems":4194304,"cores":16,"dtype_bytes":2,"args":[{"name":"op0","role":"output","mem":"hbm","elems":4194304,"broadcast":false,"dims":[4096,1024],"logical":[4096,1024],"loop_factor":1},{"name":"arg0_1","role":"input","mem":"hbm","elems":8388608,"broadcast":false,"dims":[32,4096,64],"logical":[4096,2048],"loop_factor":1},{"name":"arg1_1","role":"input","mem":"hbm","elems":2097152,"broadcast":false,"dims":[16,2048,64],"logical":[2048,1024],"loop_factor":1}],"reduction_cores":1,"loop_trip":4,"tiles_output_dim":true,"tiles_reduction_dim":false,"tile_rows_per_core":128,"is_matmul":true,"matmul_macs":8589934592,"matmul_rows_per_core":128.0,"matmul_cols_per_core":512.0,"matmul_a_bytes":4194304,"matmul_b_bytes":4194304,"matmul_m_split":8,"matmul_n_split":2,"hbm_pattern":""}]
SUMMARY op=matmul_row_tiling rows=4096 cols=2048 cores=16 tiles=4 lx=1 io_hbm_bytes=29360128 kernel_us=609.629 pred_us=609.569 err_pct=-0.0 bw_gbps=48.2 memset_us=95.820 other_dev_us=647.836 total_dev_us=1353.285 kernel_us_min=603.769 kernel_us_median=609.629 kernel_us_mean=608.599 kernel_us_std=2.435 kernel_us_cv=0.40 reps=5
-- matmul_row_tiling 4096x2048x1024 t=8 cores=16
IO -- device-layout I/O (cost model, stick-padded) --
IO   op mm [reduction]
IO     output op0                    torch [4096, 1024] -> device [4096, 1024] in HBM = 4194304 elems x 2B = 8388608 B  (hbm counted: 8388608 B)
IO     input  arg0_1                 torch [4096, 2048] -> device [32, 4096, 64] in HBM = 8388608 elems x 2B = 16777216 B  (hbm counted: 16777216 B)
IO     input  arg1_1                 torch [2048, 1024] -> device [16, 2048, 64] in HBM = 2097152 elems x 2B = 4194304 B  (hbm counted: 4194304 B)
IO   => HBM I/O total = 29360128 B  (lx 0 B, ~free)
MODEL -- estimate (turnaround): T = compute + [(R+W)/BW_PEAK + a*min(R,W)] / eff_underfill --
MODEL   R=20971520 B (read)   W=8388608 B (write)   loop_trip L=8
MODEL   compute = MACs/cores/(mac_peak*pt_eff) = 8589934592/16/(1140*1.000) = 470.94 us  (M/m=64, pt_eff=1.000)
MODEL   base = R/150+W/150 = 195.73 us
MODEL   turn = a*min(R,W) = 0.00574*8388608 = 48.15 us
MODEL   eff_underfill = min(0.95,(64.0/13)**0.68) = 0.950 -> (base+turn)/eff = 256.72 us
MODEL   => T_model = 609.57 us
MODEL FEATS [{"name":"mm","is_reduction":true,"out_elems":4194304,"cores":16,"dtype_bytes":2,"args":[{"name":"op0","role":"output","mem":"hbm","elems":4194304,"broadcast":false,"dims":[4096,1024],"logical":[4096,1024],"loop_factor":1},{"name":"arg0_1","role":"input","mem":"hbm","elems":8388608,"broadcast":false,"dims":[32,4096,64],"logical":[4096,2048],"loop_factor":1},{"name":"arg1_1","role":"input","mem":"hbm","elems":2097152,"broadcast":false,"dims":[16,2048,64],"logical":[2048,1024],"loop_factor":1}],"reduction_cores":1,"loop_trip":8,"tiles_output_dim":true,"tiles_reduction_dim":false,"tile_rows_per_core":64,"is_matmul":true,"matmul_macs":8589934592,"matmul_rows_per_core":64.0,"matmul_cols_per_core":512.0,"matmul_a_bytes":2097152,"matmul_b_bytes":4194304,"matmul_m_split":8,"matmul_n_split":2,"hbm_pattern":""}]
SUMMARY op=matmul_row_tiling rows=4096 cols=2048 cores=16 tiles=8 lx=1 io_hbm_bytes=29360128 kernel_us=666.299 pred_us=609.569 err_pct=-8.5 bw_gbps=44.1 memset_us=96.276 other_dev_us=662.845 total_dev_us=1425.420 kernel_us_min=665.721 kernel_us_median=666.299 kernel_us_mean=666.594 kernel_us_std=0.664 kernel_us_cv=0.10 reps=5
-- matmul_row_tiling 4096x2048x1024 t=16 cores=16
IO -- device-layout I/O (cost model, stick-padded) --
IO   op mm [reduction]
IO     output op0                    torch [4096, 1024] -> device [4096, 1024] in HBM = 4194304 elems x 2B = 8388608 B  (hbm counted: 8388608 B)
IO     input  arg0_1                 torch [4096, 2048] -> device [32, 4096, 64] in HBM = 8388608 elems x 2B = 16777216 B  (hbm counted: 16777216 B)
IO     input  arg1_1                 torch [2048, 1024] -> device [16, 2048, 64] in HBM = 2097152 elems x 2B = 4194304 B  (hbm counted: 4194304 B)
IO   => HBM I/O total = 29360128 B  (lx 0 B, ~free)
MODEL -- estimate (turnaround): T = compute + [(R+W)/BW_PEAK + a*min(R,W)] / eff_underfill --
MODEL   R=20971520 B (read)   W=8388608 B (write)   loop_trip L=16
MODEL   compute = MACs/cores/(mac_peak*pt_eff) = 8589934592/16/(1140*0.785) = 600.24 us  (M/m=32, pt_eff=0.785)
MODEL   base = R/150+W/150 = 195.73 us
MODEL   turn = a*min(R,W) = 0.00574*8388608 = 48.15 us
MODEL   eff_underfill = min(0.95,(32.0/13)**0.68) = 0.950 -> (base+turn)/eff = 256.72 us
MODEL   => T_model = 609.57 us
MODEL FEATS [{"name":"mm","is_reduction":true,"out_elems":4194304,"cores":16,"dtype_bytes":2,"args":[{"name":"op0","role":"output","mem":"hbm","elems":4194304,"broadcast":false,"dims":[4096,1024],"logical":[4096,1024],"loop_factor":1},{"name":"arg0_1","role":"input","mem":"hbm","elems":8388608,"broadcast":false,"dims":[32,4096,64],"logical":[4096,2048],"loop_factor":1},{"name":"arg1_1","role":"input","mem":"hbm","elems":2097152,"broadcast":false,"dims":[16,2048,64],"logical":[2048,1024],"loop_factor":1}],"reduction_cores":1,"loop_trip":16,"tiles_output_dim":true,"tiles_reduction_dim":false,"tile_rows_per_core":32,"is_matmul":true,"matmul_macs":8589934592,"matmul_rows_per_core":32.0,"matmul_cols_per_core":512.0,"matmul_a_bytes":1048576,"matmul_b_bytes":4194304,"matmul_m_split":8,"matmul_n_split":2,"hbm_pattern":""}]
SUMMARY op=matmul_row_tiling rows=4096 cols=2048 cores=16 tiles=16 lx=1 io_hbm_bytes=29360128 kernel_us=918.833 pred_us=609.569 err_pct=-33.7 bw_gbps=32.0 memset_us=144.541 other_dev_us=654.931 total_dev_us=1718.305 kernel_us_min=910.206 kernel_us_median=918.833 kernel_us_mean=917.586 kernel_us_std=4.208 kernel_us_cv=0.46 reps=5
# ---- cores=16 N=2048  (B = 8.0 MB) ----
-- matmul_row_tiling 4096x2048x2048 t=1 cores=16
IO -- device-layout I/O (cost model, stick-padded) --
IO   op mm [reduction]
IO     output op0                    torch [4096, 2048] -> device [32, 4096, 64] in HBM = 8388608 elems x 2B = 16777216 B  (hbm counted: 16777216 B)
IO     input  arg0_1                 torch [4096, 2048] -> device [32, 4096, 64] in HBM = 8388608 elems x 2B = 16777216 B  (hbm counted: 16777216 B)
IO     input  arg1_1                 torch [2048, 2048] -> device [32, 2048, 64] in HBM = 4194304 elems x 2B = 8388608 B  (hbm counted: 8388608 B)
IO   => HBM I/O total = 41943040 B  (lx 0 B, ~free)
MODEL -- estimate (turnaround): T = compute + (R+W)/BW_PEAK + a*min(R,W) --
MODEL   R=25165824 B (read)   W=16777216 B (write)   loop_trip L=1
MODEL   compute = MACs/cores/(mac_peak*pt_eff) = 17179869184/16/(1140*1.000) = 941.88 us  (M/m=1024, pt_eff=1.000)
MODEL   base = R/150+W/150 = 279.62 us
MODEL   turn = a*min(R,W) = 0.00574*16777216 = 96.30 us
MODEL   => T_model = 1267.18 us
MODEL FEATS [{"name":"mm","is_reduction":true,"out_elems":8388608,"cores":16,"dtype_bytes":2,"args":[{"name":"op0","role":"output","mem":"hbm","elems":8388608,"broadcast":false,"dims":[32,4096,64],"logical":[4096,2048],"loop_factor":1},{"name":"arg0_1","role":"input","mem":"hbm","elems":8388608,"broadcast":false,"dims":[32,4096,64],"logical":[4096,2048],"loop_factor":1},{"name":"arg1_1","role":"input","mem":"hbm","elems":4194304,"broadcast":false,"dims":[32,2048,64],"logical":[2048,2048],"loop_factor":1}],"reduction_cores":1,"loop_trip":1,"tiles_output_dim":false,"tiles_reduction_dim":false,"tile_rows_per_core":0.0,"is_matmul":true,"matmul_macs":17179869184,"matmul_rows_per_core":1024.0,"matmul_cols_per_core":512.0,"matmul_a_bytes":16777216,"matmul_b_bytes":8388608,"matmul_m_split":4,"matmul_n_split":4,"hbm_pattern":""}]
SUMMARY op=matmul_row_tiling rows=4096 cols=2048 cores=16 tiles=1 lx=1 io_hbm_bytes=41943040 kernel_us=1180.216 pred_us=1267.182 err_pct=+7.4 bw_gbps=35.5 memset_us=131.651 other_dev_us=1153.889 total_dev_us=2465.756 kernel_us_min=1174.477 kernel_us_median=1180.216 kernel_us_mean=1179.258 kernel_us_std=2.759 kernel_us_cv=0.23 reps=5
-- matmul_row_tiling 4096x2048x2048 t=4 cores=16
IO -- device-layout I/O (cost model, stick-padded) --
IO   op mm [reduction]
IO     output op0                    torch [4096, 2048] -> device [4096, 2048] in HBM = 8388608 elems x 2B = 16777216 B  (hbm counted: 16777216 B)
IO     input  arg0_1                 torch [4096, 2048] -> device [32, 4096, 64] in HBM = 8388608 elems x 2B = 16777216 B  (hbm counted: 16777216 B)
IO     input  arg1_1                 torch [2048, 2048] -> device [32, 2048, 64] in HBM = 4194304 elems x 2B = 8388608 B  (hbm counted: 8388608 B)
IO   => HBM I/O total = 41943040 B  (lx 0 B, ~free)
MODEL -- estimate (turnaround): T = compute + [(R+W)/BW_PEAK + a*min(R,W)] / eff_underfill --
MODEL   R=25165824 B (read)   W=16777216 B (write)   loop_trip L=4
MODEL   compute = MACs/cores/(mac_peak*pt_eff) = 17179869184/16/(1140*1.000) = 941.88 us  (M/m=256, pt_eff=1.000)
MODEL   base = R/150+W/150 = 279.62 us
MODEL   turn = a*min(R,W) = 0.00574*16777216 = 96.30 us
MODEL   eff_underfill = min(0.95,(256.0/13)**0.68) = 0.950 -> (base+turn)/eff = 395.71 us
MODEL   => T_model = 1177.02 us
MODEL FEATS [{"name":"mm","is_reduction":true,"out_elems":8388608,"cores":16,"dtype_bytes":2,"args":[{"name":"op0","role":"output","mem":"hbm","elems":8388608,"broadcast":false,"dims":[4096,2048],"logical":[4096,2048],"loop_factor":1},{"name":"arg0_1","role":"input","mem":"hbm","elems":8388608,"broadcast":false,"dims":[32,4096,64],"logical":[4096,2048],"loop_factor":1},{"name":"arg1_1","role":"input","mem":"hbm","elems":4194304,"broadcast":false,"dims":[32,2048,64],"logical":[2048,2048],"loop_factor":1}],"reduction_cores":1,"loop_trip":4,"tiles_output_dim":true,"tiles_reduction_dim":false,"tile_rows_per_core":256,"is_matmul":true,"matmul_macs":17179869184,"matmul_rows_per_core":256.0,"matmul_cols_per_core":512.0,"matmul_a_bytes":4194304,"matmul_b_bytes":8388608,"matmul_m_split":4,"matmul_n_split":4,"hbm_pattern":""}]
SUMMARY op=matmul_row_tiling rows=4096 cols=2048 cores=16 tiles=4 lx=1 io_hbm_bytes=41943040 kernel_us=1178.064 pred_us=1177.018 err_pct=-0.1 bw_gbps=35.6 memset_us=113.087 other_dev_us=1146.478 total_dev_us=2437.629 kernel_us_min=1176.954 kernel_us_median=1178.064 kernel_us_mean=1179.636 kernel_us_std=2.718 kernel_us_cv=0.23 reps=5
-- matmul_row_tiling 4096x2048x2048 t=8 cores=16
IO -- device-layout I/O (cost model, stick-padded) --
IO   op mm [reduction]
IO     output op0                    torch [4096, 2048] -> device [4096, 2048] in HBM = 8388608 elems x 2B = 16777216 B  (hbm counted: 16777216 B)
IO     input  arg0_1                 torch [4096, 2048] -> device [32, 4096, 64] in HBM = 8388608 elems x 2B = 16777216 B  (hbm counted: 16777216 B)
IO     input  arg1_1                 torch [2048, 2048] -> device [32, 2048, 64] in HBM = 4194304 elems x 2B = 8388608 B  (hbm counted: 8388608 B)
IO   => HBM I/O total = 41943040 B  (lx 0 B, ~free)
MODEL -- estimate (turnaround): T = compute + [(R+W)/BW_PEAK + a*min(R,W)] / eff_underfill --
MODEL   R=25165824 B (read)   W=16777216 B (write)   loop_trip L=8
MODEL   compute = MACs/cores/(mac_peak*pt_eff) = 17179869184/16/(1140*1.000) = 941.88 us  (M/m=128, pt_eff=1.000)
MODEL   base = R/150+W/150 = 279.62 us
MODEL   turn = a*min(R,W) = 0.00574*16777216 = 96.30 us
MODEL   eff_underfill = min(0.95,(128.0/13)**0.68) = 0.950 -> (base+turn)/eff = 395.71 us
MODEL   => T_model = 1155.56 us
MODEL FEATS [{"name":"mm","is_reduction":true,"out_elems":8388608,"cores":16,"dtype_bytes":2,"args":[{"name":"op0","role":"output","mem":"hbm","elems":8388608,"broadcast":false,"dims":[4096,2048],"logical":[4096,2048],"loop_factor":1},{"name":"arg0_1","role":"input","mem":"hbm","elems":8388608,"broadcast":false,"dims":[32,4096,64],"logical":[4096,2048],"loop_factor":1},{"name":"arg1_1","role":"input","mem":"hbm","elems":4194304,"broadcast":false,"dims":[32,2048,64],"logical":[2048,2048],"loop_factor":1}],"reduction_cores":1,"loop_trip":8,"tiles_output_dim":true,"tiles_reduction_dim":false,"tile_rows_per_core":128,"is_matmul":true,"matmul_macs":17179869184,"matmul_rows_per_core":128.0,"matmul_cols_per_core":512.0,"matmul_a_bytes":2097152,"matmul_b_bytes":8388608,"matmul_m_split":4,"matmul_n_split":4,"hbm_pattern":""}]
SUMMARY op=matmul_row_tiling rows=4096 cols=2048 cores=16 tiles=8 lx=1 io_hbm_bytes=41943040 kernel_us=1218.073 pred_us=1155.560 err_pct=-5.1 bw_gbps=34.4 memset_us=115.863 other_dev_us=1140.054 total_dev_us=2473.990 kernel_us_min=1214.322 kernel_us_median=1218.073 kernel_us_mean=1217.601 kernel_us_std=2.622 kernel_us_cv=0.22 reps=5
-- matmul_row_tiling 4096x2048x2048 t=16 cores=16
IO -- device-layout I/O (cost model, stick-padded) --
IO   op mm [reduction]
IO     output op0                    torch [4096, 2048] -> device [4096, 2048] in HBM = 8388608 elems x 2B = 16777216 B  (hbm counted: 16777216 B)
IO     input  arg0_1                 torch [4096, 2048] -> device [32, 4096, 64] in HBM = 8388608 elems x 2B = 16777216 B  (hbm counted: 16777216 B)
IO     input  arg1_1                 torch [2048, 2048] -> device [32, 2048, 64] in HBM = 4194304 elems x 2B = 8388608 B  (hbm counted: 8388608 B)
IO   => HBM I/O total = 41943040 B  (lx 0 B, ~free)
MODEL -- estimate (turnaround): T = compute + [(R+W)/BW_PEAK + a*min(R,W)] / eff_underfill --
MODEL   R=25165824 B (read)   W=16777216 B (write)   loop_trip L=16
MODEL   compute = MACs/cores/(mac_peak*pt_eff) = 17179869184/16/(1140*1.000) = 941.88 us  (M/m=64, pt_eff=1.000)
MODEL   base = R/150+W/150 = 279.62 us
MODEL   turn = a*min(R,W) = 0.00574*16777216 = 96.30 us
MODEL   eff_underfill = min(0.95,(64.0/13)**0.68) = 0.950 -> (base+turn)/eff = 395.71 us
MODEL   => T_model = 1155.56 us
MODEL FEATS [{"name":"mm","is_reduction":true,"out_elems":8388608,"cores":16,"dtype_bytes":2,"args":[{"name":"op0","role":"output","mem":"hbm","elems":8388608,"broadcast":false,"dims":[4096,2048],"logical":[4096,2048],"loop_factor":1},{"name":"arg0_1","role":"input","mem":"hbm","elems":8388608,"broadcast":false,"dims":[32,4096,64],"logical":[4096,2048],"loop_factor":1},{"name":"arg1_1","role":"input","mem":"hbm","elems":4194304,"broadcast":false,"dims":[32,2048,64],"logical":[2048,2048],"loop_factor":1}],"reduction_cores":1,"loop_trip":16,"tiles_output_dim":true,"tiles_reduction_dim":false,"tile_rows_per_core":64,"is_matmul":true,"matmul_macs":17179869184,"matmul_rows_per_core":64.0,"matmul_cols_per_core":512.0,"matmul_a_bytes":1048576,"matmul_b_bytes":8388608,"matmul_m_split":4,"matmul_n_split":4,"hbm_pattern":""}]
SUMMARY op=matmul_row_tiling rows=4096 cols=2048 cores=16 tiles=16 lx=1 io_hbm_bytes=41943040 kernel_us=1366.063 pred_us=1155.560 err_pct=-15.4 bw_gbps=30.7 memset_us=115.254 other_dev_us=1179.589 total_dev_us=2660.906 kernel_us_min=1364.851 kernel_us_median=1366.063 kernel_us_mean=1366.152 kernel_us_std=1.123 kernel_us_cv=0.08 reps=5
# ---- cores=16 N=4096  (B = 16.0 MB) ----
-- matmul_row_tiling 4096x2048x4096 t=1 cores=16
IO -- device-layout I/O (cost model, stick-padded) --
IO   op mm [reduction]
IO     output op0                    torch [4096, 4096] -> device [64, 4096, 64] in HBM = 16777216 elems x 2B = 33554432 B  (hbm counted: 33554432 B)
IO     input  arg0_1                 torch [4096, 2048] -> device [32, 4096, 64] in HBM = 8388608 elems x 2B = 16777216 B  (hbm counted: 16777216 B)
IO     input  arg1_1                 torch [2048, 4096] -> device [64, 2048, 64] in HBM = 8388608 elems x 2B = 16777216 B  (hbm counted: 16777216 B)
IO   => HBM I/O total = 67108864 B  (lx 0 B, ~free)
MODEL -- estimate (turnaround): T = compute + (R+W)/BW_PEAK + a*min(R,W) --
MODEL   R=33554432 B (read)   W=33554432 B (write)   loop_trip L=1
MODEL   compute = MACs/cores/(mac_peak*pt_eff) = 34359738368/16/(1140*1.000) = 1883.76 us  (M/m=2048, pt_eff=1.000)
MODEL   base = R/150+W/150 = 447.39 us
MODEL   turn = a*min(R,W) = 0.00574*33554432 = 192.60 us
MODEL   => T_model = 2410.55 us
MODEL FEATS [{"name":"mm","is_reduction":true,"out_elems":16777216,"cores":16,"dtype_bytes":2,"args":[{"name":"op0","role":"output","mem":"hbm","elems":16777216,"broadcast":false,"dims":[64,4096,64],"logical":[4096,4096],"loop_factor":1},{"name":"arg0_1","role":"input","mem":"hbm","elems":8388608,"broadcast":false,"dims":[32,4096,64],"logical":[4096,2048],"loop_factor":1},{"name":"arg1_1","role":"input","mem":"hbm","elems":8388608,"broadcast":false,"dims":[64,2048,64],"logical":[2048,4096],"loop_factor":1}],"reduction_cores":1,"loop_trip":1,"tiles_output_dim":false,"tiles_reduction_dim":false,"tile_rows_per_core":0.0,"is_matmul":true,"matmul_macs":34359738368,"matmul_rows_per_core":2048.0,"matmul_cols_per_core":512.0,"matmul_a_bytes":16777216,"matmul_b_bytes":16777216,"matmul_m_split":2,"matmul_n_split":8,"hbm_pattern":""}]
SUMMARY op=matmul_row_tiling rows=4096 cols=2048 cores=16 tiles=1 lx=1 io_hbm_bytes=67108864 kernel_us=2593.014 pred_us=2410.549 err_pct=-7.0 bw_gbps=25.9 memset_us=163.161 other_dev_us=3377.908 total_dev_us=6134.083 kernel_us_min=2588.719 kernel_us_median=2593.014 kernel_us_mean=2595.864 kernel_us_std=5.686 kernel_us_cv=0.22 reps=5
-- matmul_row_tiling 4096x2048x4096 t=4 cores=16
IO -- device-layout I/O (cost model, stick-padded) --
IO   op mm [reduction]
IO     output op0                    torch [4096, 4096] -> device [4096, 4096] in HBM = 16777216 elems x 2B = 33554432 B  (hbm counted: 33554432 B)
IO     input  arg0_1                 torch [4096, 2048] -> device [32, 4096, 64] in HBM = 8388608 elems x 2B = 16777216 B  (hbm counted: 16777216 B)
IO     input  arg1_1                 torch [2048, 4096] -> device [64, 2048, 64] in HBM = 8388608 elems x 2B = 16777216 B  (hbm counted: 16777216 B)
IO   => HBM I/O total = 67108864 B  (lx 0 B, ~free)
MODEL -- estimate (turnaround): T = compute + [(R+W)/BW_PEAK + a*min(R,W)] / eff_underfill --
MODEL   R=33554432 B (read)   W=33554432 B (write)   loop_trip L=4
MODEL   compute = MACs/cores/(mac_peak*pt_eff) = 34359738368/16/(1140*1.000) = 1883.76 us  (M/m=512, pt_eff=1.000)
MODEL   base = R/150+W/150 = 447.39 us
MODEL   turn = a*min(R,W) = 0.00574*33554432 = 192.60 us
MODEL   eff_underfill = min(0.95,(512.0/13)**0.68) = 0.950 -> (base+turn)/eff = 673.68 us
MODEL   => T_model = 2319.07 us
MODEL FEATS [{"name":"mm","is_reduction":true,"out_elems":16777216,"cores":16,"dtype_bytes":2,"args":[{"name":"op0","role":"output","mem":"hbm","elems":16777216,"broadcast":false,"dims":[4096,4096],"logical":[4096,4096],"loop_factor":1},{"name":"arg0_1","role":"input","mem":"hbm","elems":8388608,"broadcast":false,"dims":[32,4096,64],"logical":[4096,2048],"loop_factor":1},{"name":"arg1_1","role":"input","mem":"hbm","elems":8388608,"broadcast":false,"dims":[64,2048,64],"logical":[2048,4096],"loop_factor":1}],"reduction_cores":1,"loop_trip":4,"tiles_output_dim":true,"tiles_reduction_dim":false,"tile_rows_per_core":512,"is_matmul":true,"matmul_macs":34359738368,"matmul_rows_per_core":512.0,"matmul_cols_per_core":512.0,"matmul_a_bytes":4194304,"matmul_b_bytes":16777216,"matmul_m_split":2,"matmul_n_split":8,"hbm_pattern":""}]
SUMMARY op=matmul_row_tiling rows=4096 cols=2048 cores=16 tiles=4 lx=1 io_hbm_bytes=67108864 kernel_us=2575.283 pred_us=2319.068 err_pct=-9.9 bw_gbps=26.1 memset_us=163.702 other_dev_us=3391.424 total_dev_us=6130.409 kernel_us_min=2570.369 kernel_us_median=2575.283 kernel_us_mean=2576.346 kernel_us_std=4.291 kernel_us_cv=0.17 reps=5
-- matmul_row_tiling 4096x2048x4096 t=8 cores=16
IO -- device-layout I/O (cost model, stick-padded) --
IO   op mm [reduction]
IO     output op0                    torch [4096, 4096] -> device [4096, 4096] in HBM = 16777216 elems x 2B = 33554432 B  (hbm counted: 33554432 B)
IO     input  arg0_1                 torch [4096, 2048] -> device [32, 4096, 64] in HBM = 8388608 elems x 2B = 16777216 B  (hbm counted: 16777216 B)
IO     input  arg1_1                 torch [2048, 4096] -> device [64, 2048, 64] in HBM = 8388608 elems x 2B = 16777216 B  (hbm counted: 16777216 B)
IO   => HBM I/O total = 67108864 B  (lx 0 B, ~free)
MODEL -- estimate (turnaround): T = compute + [(R+W)/BW_PEAK + a*min(R,W)] / eff_underfill --
MODEL   R=33554432 B (read)   W=33554432 B (write)   loop_trip L=8
MODEL   compute = MACs/cores/(mac_peak*pt_eff) = 34359738368/16/(1140*1.000) = 1883.76 us  (M/m=256, pt_eff=1.000)
MODEL   base = R/150+W/150 = 447.39 us
MODEL   turn = a*min(R,W) = 0.00574*33554432 = 192.60 us
MODEL   eff_underfill = min(0.95,(256.0/13)**0.68) = 0.950 -> (base+turn)/eff = 673.68 us
MODEL   => T_model = 2279.73 us
MODEL FEATS [{"name":"mm","is_reduction":true,"out_elems":16777216,"cores":16,"dtype_bytes":2,"args":[{"name":"op0","role":"output","mem":"hbm","elems":16777216,"broadcast":false,"dims":[4096,4096],"logical":[4096,4096],"loop_factor":1},{"name":"arg0_1","role":"input","mem":"hbm","elems":8388608,"broadcast":false,"dims":[32,4096,64],"logical":[4096,2048],"loop_factor":1},{"name":"arg1_1","role":"input","mem":"hbm","elems":8388608,"broadcast":false,"dims":[64,2048,64],"logical":[2048,4096],"loop_factor":1}],"reduction_cores":1,"loop_trip":8,"tiles_output_dim":true,"tiles_reduction_dim":false,"tile_rows_per_core":256,"is_matmul":true,"matmul_macs":34359738368,"matmul_rows_per_core":256.0,"matmul_cols_per_core":512.0,"matmul_a_bytes":2097152,"matmul_b_bytes":16777216,"matmul_m_split":2,"matmul_n_split":8,"hbm_pattern":""}]
SUMMARY op=matmul_row_tiling rows=4096 cols=2048 cores=16 tiles=8 lx=1 io_hbm_bytes=67108864 kernel_us=2543.273 pred_us=2279.730 err_pct=-10.4 bw_gbps=26.4 memset_us=121.001 other_dev_us=3425.146 total_dev_us=6089.420 kernel_us_min=2538.553 kernel_us_median=2543.273 kernel_us_mean=2543.069 kernel_us_std=4.041 kernel_us_cv=0.16 reps=5
-- matmul_row_tiling 4096x2048x4096 t=16 cores=16
IO -- device-layout I/O (cost model, stick-padded) --
IO   op mm [reduction]
IO     output op0                    torch [4096, 4096] -> device [4096, 4096] in HBM = 16777216 elems x 2B = 33554432 B  (hbm counted: 33554432 B)
IO     input  arg0_1                 torch [4096, 2048] -> device [32, 4096, 64] in HBM = 8388608 elems x 2B = 16777216 B  (hbm counted: 16777216 B)
IO     input  arg1_1                 torch [2048, 4096] -> device [64, 2048, 64] in HBM = 8388608 elems x 2B = 16777216 B  (hbm counted: 16777216 B)
IO   => HBM I/O total = 67108864 B  (lx 0 B, ~free)
MODEL -- estimate (turnaround): T = compute + [(R+W)/BW_PEAK + a*min(R,W)] / eff_underfill --
MODEL   R=33554432 B (read)   W=33554432 B (write)   loop_trip L=16
MODEL   compute = MACs/cores/(mac_peak*pt_eff) = 34359738368/16/(1140*1.000) = 1883.76 us  (M/m=128, pt_eff=1.000)
MODEL   base = R/150+W/150 = 447.39 us
MODEL   turn = a*min(R,W) = 0.00574*33554432 = 192.60 us
MODEL   eff_underfill = min(0.95,(128.0/13)**0.68) = 0.950 -> (base+turn)/eff = 673.68 us
MODEL   => T_model = 2247.54 us
MODEL FEATS [{"name":"mm","is_reduction":true,"out_elems":16777216,"cores":16,"dtype_bytes":2,"args":[{"name":"op0","role":"output","mem":"hbm","elems":16777216,"broadcast":false,"dims":[4096,4096],"logical":[4096,4096],"loop_factor":1},{"name":"arg0_1","role":"input","mem":"hbm","elems":8388608,"broadcast":false,"dims":[32,4096,64],"logical":[4096,2048],"loop_factor":1},{"name":"arg1_1","role":"input","mem":"hbm","elems":8388608,"broadcast":false,"dims":[64,2048,64],"logical":[2048,4096],"loop_factor":1}],"reduction_cores":1,"loop_trip":16,"tiles_output_dim":true,"tiles_reduction_dim":false,"tile_rows_per_core":128,"is_matmul":true,"matmul_macs":34359738368,"matmul_rows_per_core":128.0,"matmul_cols_per_core":512.0,"matmul_a_bytes":1048576,"matmul_b_bytes":16777216,"matmul_m_split":2,"matmul_n_split":8,"hbm_pattern":""}]
SUMMARY op=matmul_row_tiling rows=4096 cols=2048 cores=16 tiles=16 lx=1 io_hbm_bytes=67108864 kernel_us=2519.001 pred_us=2247.544 err_pct=-10.8 bw_gbps=26.6 memset_us=121.133 other_dev_us=3462.604 total_dev_us=6102.738 kernel_us_min=2512.396 kernel_us_median=2519.001 kernel_us_mean=2518.092 kernel_us_std=3.115 kernel_us_cv=0.12 reps=5

==== HOW TO READ IT ====
  For each (cores, N) cell compute s = (T(L) - T(1)) / (L - 1) at L = 8 and 16.
  Then compare s ACROSS N at fixed cores:
    s roughly doubles when N doubles -> the B re-read is real and HBM-priced.
    s barely moves when N doubles    -> it is a fixed per-iteration cost; do NOT
                                        add re-read bytes, add a per-iteration term.
    s grows sub-linearly             -> partial residency; report s / (B/BW) as the
                                        measured HBM fraction of each re-read.
  Compare s ACROSS cores at fixed N to attribute any residual to per-tile underfill.
  Fold with: python3 notes/parse_sweep_logs.py, then re-run
  python3 notes/test_loop_invariant_reread.py to re-score with real B variation.
