==============================================================================
==== ATen FX graph (post-grad, pre-lowering)
==============================================================================
%arg0_1 : [num_users=2] = placeholder[target=arg0_1]    # torch.float16 (256, 64) spyre:0
%amax : [num_users=1] = call_function[target=torch.ops.aten.amax.default](args = (%arg0_1, [-1], True), kwargs = {})    # torch.float16 (256, 1) spyre:0
%sub : [num_users=1] = call_function[target=torch.ops.aten.sub.Tensor](args = (%arg0_1, %amax), kwargs = {})    # torch.float16 (256, 64) spyre:0
%exp : [num_users=2] = call_function[target=torch.ops.aten.exp.default](args = (%sub,), kwargs = {})    # torch.float16 (256, 64) spyre:0
%sum_1 : [num_users=1] = call_function[target=torch.ops.aten.sum.dim_IntList](args = (%exp, [-1], True), kwargs = {})    # torch.float16 (256, 1) spyre:0
%div : [num_users=1] = call_function[target=torch.ops.aten.div.Tensor](args = (%exp, %sum_1), kwargs = {})    # torch.float16 (256, 64) spyre:0
return (div,)
[7 nodes]

==============================================================================
==== LoopLevel IR - BEFORE pre-scheduling passes
==============================================================================
op0: ComputedBuffer
  layout=FixedLayout('spyre:0', torch.float16, size=[256, 1], stride=[1, 256])
  Reduction(
  'spyre',
  torch.float16,
  def inner_fn(index, rindex):
      i0, _ = index
      r0_0 = rindex
      tmp0 = ops.load(arg0_1, r0_0 + 64 * i0)
      return tmp0
  ,
  ranges=[256, 1],
  reduction_ranges=[64],
  reduction_type=max,
  origin_node=amax,
  origins=OrderedSet([amax]),
  stack_traces = {,
    File "/home/haoyang/torch-spyre/coarse_tile/run_softmax_unrolled.py", line 50, in softmax_fn,
      max_val = x.amax(dim=-1, keepdim=True),
  ,
  }
)

op1: ComputedBuffer
  layout=FixedLayout('spyre:0', torch.float16, size=[256, 64], stride=[64, 1])
  Pointwise(
  'spyre',
  torch.float16,
  def inner_fn(index):
      i0, i1 = index
      tmp0 = ops.load(arg0_1, i1 + 64 * i0)
      tmp1 = ops.load(buf0, i0)
      tmp2 = tmp0 - tmp1
      return tmp2
  ,
  ranges=[256, 64],
  origin_node=sub,
  origins=OrderedSet([sub]),
  stack_traces = {,
    File "/home/haoyang/torch-spyre/coarse_tile/run_softmax_unrolled.py", line 51, in softmax_fn,
      x_shifted = x - max_val,
  ,
  }
)

op2: ComputedBuffer
  layout=FixedLayout('spyre:0', torch.float16, size=[256, 64], stride=[64, 1])
  Pointwise(
  'spyre',
  torch.float16,
  def inner_fn(index):
      i0, i1 = index
      tmp0 = ops.load(buf1, i1 + 64 * i0)
      tmp1 = ops.exp(tmp0)
      return tmp1
  ,
  ranges=[256, 64],
  origin_node=exp,
  origins=OrderedSet([exp]),
  stack_traces = {,
    File "/home/haoyang/torch-spyre/coarse_tile/run_softmax_unrolled.py", line 52, in softmax_fn,
      exp_x = x_shifted.exp(),
  ,
  }
)

op3: ComputedBuffer
  layout=FixedLayout('spyre:0', torch.float16, size=[256, 1], stride=[1, 256])
  Reduction(
  'spyre',
  torch.float16,
  def inner_fn(index, rindex):
      i0, _ = index
      r0_0 = rindex
      tmp0 = ops.load(buf2, r0_0 + 64 * i0)
      return tmp0
  ,
  ranges=[256, 1],
  reduction_ranges=[64],
  reduction_type=sum,
  origin_node=sum_1,
  origins=OrderedSet([sum_1]),
  stack_traces = {,
    File "/home/haoyang/torch-spyre/coarse_tile/run_softmax_unrolled.py", line 53, in softmax_fn,
      sum_exp = exp_x.sum(dim=-1, keepdim=True),
  ,
  }
)

op4: ComputedBuffer
  layout=FixedLayout('spyre:0', torch.float16, size=[256, 64], stride=[64, 1])
  Pointwise(
  'spyre',
  torch.float16,
  def inner_fn(index):
      i0, i1 = index
      tmp0 = ops.load(buf2, i1 + 64 * i0)
      tmp1 = ops.load(buf3, i0)
      tmp2 = tmp0 / tmp1
      return tmp2
  ,
  ranges=[256, 64],
  origin_node=div,
  origins=OrderedSet([div]),
  stack_traces = {,
    File "/home/haoyang/torch-spyre/coarse_tile/run_softmax_unrolled.py", line 54, in softmax_fn,
      return exp_x / sum_exp,
  ,
  }
)

[5 ops]

[WARNING] [spyre.inductor.propagate_named_dims] buf0/arg0_1: loop var d0 has no named dim mapping -- using _untracked_256
[WARNING] [spyre.inductor.propagate_named_dims] buf0/arg0_1: loop var d1 has no named dim mapping -- using _untracked_64
[WARNING] [spyre.inductor.propagate_named_dims] buf1/arg0_1: loop var d0 has no named dim mapping -- using _untracked_256
[WARNING] [spyre.inductor.propagate_named_dims] buf1/arg0_1: loop var d1 has no named dim mapping -- using _untracked_64
[WARNING] [spyre.inductor.assign_dim_hints] spyre_hint on [buf0, buf1, buf2, buf3, buf4]: no op iterates over the hinted dimension — hint ignored
==============================================================================
==== LoopLevel IR - AFTER pre-scheduling passes
==============================================================================
op0: ComputedBuffer
  layout=FixedTiledLayout('spyre:0', torch.float16, size=[256, 1], stride=[1, 256], device_layout=SpyreTensorLayout(device_size=[1, 1, 256, 64], stride_map =[-1, -1, 1, -1], device_dtype=DataFormats.SEN169_FP16))
  allocation={'lx': 0}
  dim_hints=[DimHint(dim_names=['B'], split_count=4, loop_var=None, is_reduction=False, hint_id=2)]
  Reduction(
  'spyre',
  torch.float16,
  def inner_fn(index, rindex):
      i0, _ = index
      r0_0 = rindex
      tmp0 = ops.load(arg0_1, r0_0 + 64 * i0)
      return tmp0
  ,
  ranges=[256, 1],
  reduction_ranges=[64],
  reduction_type=max,
  origin_node=amax,
  origins=OrderedSet([amax]),
  stack_traces = {,
    File "/home/haoyang/torch-spyre/coarse_tile/run_softmax_unrolled.py", line 50, in softmax_fn,
      max_val = x.amax(dim=-1, keepdim=True),
  ,
  }
)

op1: ComputedBuffer
  layout=FixedTiledLayout('spyre:0', torch.float16, size=[256, 64], stride=[64, 1], device_layout=SpyreTensorLayout(device_size=[1, 256, 64], stride_map =[64, 64, 1], device_dtype=DataFormats.SEN169_FP16))
  allocation={'lx': 32768}
  dim_hints=[DimHint(dim_names=['B'], split_count=4, loop_var=None, is_reduction=False, hint_id=2)]
  Pointwise(
  'spyre',
  torch.float16,
  def inner_fn(index):
      i0, i1 = index
      tmp0 = ops.load(arg0_1, i1 + 64 * i0)
      tmp1 = ops.load(buf0, i0)
      tmp2 = tmp0 - tmp1
      return tmp2
  ,
  ranges=[256, 64],
  origin_node=sub,
  origins=OrderedSet([sub]),
  stack_traces = {,
    File "/home/haoyang/torch-spyre/coarse_tile/run_softmax_unrolled.py", line 51, in softmax_fn,
      x_shifted = x - max_val,
  ,
  }
)

op2: ComputedBuffer
  layout=FixedTiledLayout('spyre:0', torch.float16, size=[256, 64], stride=[64, 1], device_layout=SpyreTensorLayout(device_size=[1, 256, 64], stride_map =[64, 64, 1], device_dtype=DataFormats.SEN169_FP16))
  allocation={'lx': 32768}
  dim_hints=[DimHint(dim_names=['B'], split_count=4, loop_var=None, is_reduction=False, hint_id=2)]
  Pointwise(
  'spyre',
  torch.float16,
  def inner_fn(index):
      i0, i1 = index
      tmp0 = ops.load(buf1, i1 + 64 * i0)
      tmp1 = ops.exp(tmp0)
      return tmp1
  ,
  ranges=[256, 64],
  origin_node=exp,
  origins=OrderedSet([exp]),
  stack_traces = {,
    File "/home/haoyang/torch-spyre/coarse_tile/run_softmax_unrolled.py", line 52, in softmax_fn,
      exp_x = x_shifted.exp(),
  ,
  }
)

op3: ComputedBuffer
  layout=FixedTiledLayout('spyre:0', torch.float16, size=[256, 1], stride=[1, 256], device_layout=SpyreTensorLayout(device_size=[1, 1, 256, 64], stride_map =[-1, -1, 1, -1], device_dtype=DataFormats.SEN169_FP16))
  allocation={'lx': 0}
  dim_hints=[DimHint(dim_names=['B'], split_count=4, loop_var=None, is_reduction=False, hint_id=2)]
  Reduction(
  'spyre',
  torch.float16,
  def inner_fn(index, rindex):
      i0, _ = index
      r0_0 = rindex
      tmp0 = ops.load(buf2, r0_0 + 64 * i0)
      return tmp0
  ,
  ranges=[256, 1],
  reduction_ranges=[64],
  reduction_type=sum,
  origin_node=sum_1,
  origins=OrderedSet([sum_1]),
  stack_traces = {,
    File "/home/haoyang/torch-spyre/coarse_tile/run_softmax_unrolled.py", line 53, in softmax_fn,
      sum_exp = exp_x.sum(dim=-1, keepdim=True),
  ,
  }
)

op4: ComputedBuffer
  layout=FixedTiledLayout('spyre:0', torch.float16, size=[256, 64], stride=[64, 1], device_layout=SpyreTensorLayout(device_size=[1, 256, 64], stride_map =[64, 64, 1], device_dtype=DataFormats.SEN169_FP16))
  dim_hints=[DimHint(dim_names=['B'], split_count=4, loop_var=None, is_reduction=False, hint_id=2)]
  Pointwise(
  'spyre',
  torch.float16,
  def inner_fn(index):
      i0, i1 = index
      tmp0 = ops.load(buf2, i1 + 64 * i0)
      tmp1 = ops.load(buf3, i0)
      tmp2 = tmp0 / tmp1
      return tmp2
  ,
  ranges=[256, 64],
  origin_node=div,
  origins=OrderedSet([div]),
  stack_traces = {,
    File "/home/haoyang/torch-spyre/coarse_tile/run_softmax_unrolled.py", line 54, in softmax_fn,
      return exp_x / sum_exp,
  ,
  }
)

[5 ops]

