================ cost-model calibration run ================
date:    Mon Jun 15 20:34:54 UTC 2026
examples/run_cost_model_plan.sh: line 42: hostname: command not found
host:    
git:     ee92155 dev1
python:  3.12.13 torch 2.11.0+cpu
runs=100 warmup=20  SENCORES=default(32)
log:     haoyang_logs/cost_model_results_20260615_203454.log
===========================================================

########################################################################
## RUNG1 size sweep: gelu[512x512]
## + env BENCH_OP=gelu BENCH_ROWS=512 BENCH_COLS=512 python examples/bench_ops.py
########################################################################
/home/haoyang/torch-spyre/.venv/lib64/python3.12/site-packages/torch/_dynamo/pgo.py:538: UserWarning: dynamo_pgo force disabled by torch.compiler.config.force_disable_caches
  warn_once(
==============================================================================
==== Cost model features + prediction (after pre-scheduling)
==============================================================================
  gelu         out=262144 cores=32 hbm=1048576B lx=0B
      output hbm 262144 elems
      input  hbm 262144 elems
  => T = 20000ns(fill) + 1048576/111.0  (lx 0B: ~free) = 29.45 us

gelu[512x512]  runs=100  LX_PLANNING=True  ALL_LX=False
==== SPYRE_PROFILE: per-kernel host launch timing (min strips host jitter) ====
kernel                                    count     min_us    mean_us     max_us
sdsc_fused_gelu_0                           100     29.090     34.459     38.009
[note] SPYRE_PROFILE_SYNC on: times are per-kernel DEVICE latency (serialized); trust the min.

########################################################################
## RUNG1 size sweep: gelu[512x1024]
## + env BENCH_OP=gelu BENCH_ROWS=512 BENCH_COLS=1024 python examples/bench_ops.py
########################################################################
/home/haoyang/torch-spyre/.venv/lib64/python3.12/site-packages/torch/_dynamo/pgo.py:538: UserWarning: dynamo_pgo force disabled by torch.compiler.config.force_disable_caches
  warn_once(
==============================================================================
==== Cost model features + prediction (after pre-scheduling)
==============================================================================
  gelu         out=524288 cores=32 hbm=2097152B lx=0B
      output hbm 524288 elems
      input  hbm 524288 elems
  => T = 20000ns(fill) + 2097152/111.0  (lx 0B: ~free) = 38.89 us

gelu[512x1024]  runs=100  LX_PLANNING=True  ALL_LX=False
==== SPYRE_PROFILE: per-kernel host launch timing (min strips host jitter) ====
kernel                                    count     min_us    mean_us     max_us
sdsc_fused_gelu_0                           100     38.016     43.038     47.513
[note] SPYRE_PROFILE_SYNC on: times are per-kernel DEVICE latency (serialized); trust the min.

########################################################################
## RUNG1 size sweep: gelu[512x2048]
## + env BENCH_OP=gelu BENCH_ROWS=512 BENCH_COLS=2048 python examples/bench_ops.py
########################################################################
/home/haoyang/torch-spyre/.venv/lib64/python3.12/site-packages/torch/_dynamo/pgo.py:538: UserWarning: dynamo_pgo force disabled by torch.compiler.config.force_disable_caches
  warn_once(
==============================================================================
==== Cost model features + prediction (after pre-scheduling)
==============================================================================
  gelu         out=1048576 cores=32 hbm=4194304B lx=0B
      output hbm 1048576 elems
      input  hbm 1048576 elems
  => T = 20000ns(fill) + 4194304/111.0  (lx 0B: ~free) = 57.79 us

gelu[512x2048]  runs=100  LX_PLANNING=True  ALL_LX=False
==== SPYRE_PROFILE: per-kernel host launch timing (min strips host jitter) ====
kernel                                    count     min_us    mean_us     max_us
sdsc_fused_gelu_0                           100     59.519     63.035     74.137
[note] SPYRE_PROFILE_SYNC on: times are per-kernel DEVICE latency (serialized); trust the min.

########################################################################
## RUNG1 size sweep: gelu[512x4096]
## + env BENCH_OP=gelu BENCH_ROWS=512 BENCH_COLS=4096 python examples/bench_ops.py
########################################################################
/home/haoyang/torch-spyre/.venv/lib64/python3.12/site-packages/torch/_dynamo/pgo.py:538: UserWarning: dynamo_pgo force disabled by torch.compiler.config.force_disable_caches
  warn_once(
==============================================================================
==== Cost model features + prediction (after pre-scheduling)
==============================================================================
  gelu         out=2097152 cores=32 hbm=8388608B lx=0B
      output hbm 2097152 elems
      input  hbm 2097152 elems
  => T = 20000ns(fill) + 8388608/111.0  (lx 0B: ~free) = 95.57 us

gelu[512x4096]  runs=100  LX_PLANNING=True  ALL_LX=False
==== SPYRE_PROFILE: per-kernel host launch timing (min strips host jitter) ====
kernel                                    count     min_us    mean_us     max_us
sdsc_fused_gelu_0                           100     93.304    100.532    121.256
[note] SPYRE_PROFILE_SYNC on: times are per-kernel DEVICE latency (serialized); trust the min.

########################################################################
## RUNG1 size sweep: gelu[512x8192]
## + env BENCH_OP=gelu BENCH_ROWS=512 BENCH_COLS=8192 python examples/bench_ops.py
########################################################################
/home/haoyang/torch-spyre/.venv/lib64/python3.12/site-packages/torch/_dynamo/pgo.py:538: UserWarning: dynamo_pgo force disabled by torch.compiler.config.force_disable_caches
  warn_once(
==============================================================================
==== Cost model features + prediction (after pre-scheduling)
==============================================================================
  gelu         out=4194304 cores=32 hbm=16777216B lx=0B
      output hbm 4194304 elems
      input  hbm 4194304 elems
  => T = 20000ns(fill) + 16777216/111.0  (lx 0B: ~free) = 171.15 us

gelu[512x8192]  runs=100  LX_PLANNING=True  ALL_LX=False
==== SPYRE_PROFILE: per-kernel host launch timing (min strips host jitter) ====
kernel                                    count     min_us    mean_us     max_us
sdsc_fused_gelu_0                           100    166.796    177.174    184.609
[note] SPYRE_PROFILE_SYNC on: times are per-kernel DEVICE latency (serialized); trust the min.

########################################################################
## RUNG2 arithmetic: relu[512x1024]
## + env BENCH_OP=relu BENCH_ROWS=512 BENCH_COLS=1024 python examples/bench_ops.py
########################################################################
/home/haoyang/torch-spyre/.venv/lib64/python3.12/site-packages/torch/_dynamo/pgo.py:538: UserWarning: dynamo_pgo force disabled by torch.compiler.config.force_disable_caches
  warn_once(
==============================================================================
==== Cost model features + prediction (after pre-scheduling)
==============================================================================
  relu         out=524288 cores=32 hbm=2097152B lx=0B
      output hbm 524288 elems
      input  hbm 524288 elems
  => T = 20000ns(fill) + 2097152/111.0  (lx 0B: ~free) = 38.89 us

relu[512x1024]  runs=100  LX_PLANNING=True  ALL_LX=False
==== SPYRE_PROFILE: per-kernel host launch timing (min strips host jitter) ====
kernel                                    count     min_us    mean_us     max_us
sdsc_fused_relu_0                           100     41.006     43.639     66.786
[note] SPYRE_PROFILE_SYNC on: times are per-kernel DEVICE latency (serialized); trust the min.

########################################################################
## RUNG2 arithmetic: gelu[512x1024]
## + env BENCH_OP=gelu BENCH_ROWS=512 BENCH_COLS=1024 python examples/bench_ops.py
########################################################################
/home/haoyang/torch-spyre/.venv/lib64/python3.12/site-packages/torch/_dynamo/pgo.py:538: UserWarning: dynamo_pgo force disabled by torch.compiler.config.force_disable_caches
  warn_once(
==============================================================================
==== Cost model features + prediction (after pre-scheduling)
==============================================================================
  gelu         out=524288 cores=32 hbm=2097152B lx=0B
      output hbm 524288 elems
      input  hbm 524288 elems
  => T = 20000ns(fill) + 2097152/111.0  (lx 0B: ~free) = 38.89 us

gelu[512x1024]  runs=100  LX_PLANNING=True  ALL_LX=False
==== SPYRE_PROFILE: per-kernel host launch timing (min strips host jitter) ====
kernel                                    count     min_us    mean_us     max_us
sdsc_fused_gelu_0                           100     38.689     43.907     56.348
[note] SPYRE_PROFILE_SYNC on: times are per-kernel DEVICE latency (serialized); trust the min.

########################################################################
## RUNG2 arithmetic: sigmoid[512x1024]
## + env BENCH_OP=sigmoid BENCH_ROWS=512 BENCH_COLS=1024 python examples/bench_ops.py
########################################################################
/home/haoyang/torch-spyre/.venv/lib64/python3.12/site-packages/torch/_dynamo/pgo.py:538: UserWarning: dynamo_pgo force disabled by torch.compiler.config.force_disable_caches
  warn_once(
==============================================================================
==== Cost model features + prediction (after pre-scheduling)
==============================================================================
  sigmoid      out=524288 cores=32 hbm=2097152B lx=0B
      output hbm 524288 elems
      input  hbm 524288 elems
  => T = 20000ns(fill) + 2097152/111.0  (lx 0B: ~free) = 38.89 us

sigmoid[512x1024]  runs=100  LX_PLANNING=True  ALL_LX=False
==== SPYRE_PROFILE: per-kernel host launch timing (min strips host jitter) ====
kernel                                    count     min_us    mean_us     max_us
sdsc_fused_sigmoid_0                        100     40.032     42.729     46.272
[note] SPYRE_PROFILE_SYNC on: times are per-kernel DEVICE latency (serialized); trust the min.

########################################################################
## RUNG2 arithmetic: exp[512x1024]
## + env BENCH_OP=exp BENCH_ROWS=512 BENCH_COLS=1024 python examples/bench_ops.py
########################################################################
/home/haoyang/torch-spyre/.venv/lib64/python3.12/site-packages/torch/_dynamo/pgo.py:538: UserWarning: dynamo_pgo force disabled by torch.compiler.config.force_disable_caches
  warn_once(
==============================================================================
==== Cost model features + prediction (after pre-scheduling)
==============================================================================
  exp          out=524288 cores=32 hbm=2097152B lx=0B
      output hbm 524288 elems
      input  hbm 524288 elems
  => T = 20000ns(fill) + 2097152/111.0  (lx 0B: ~free) = 38.89 us

exp[512x1024]  runs=100  LX_PLANNING=True  ALL_LX=False
==== SPYRE_PROFILE: per-kernel host launch timing (min strips host jitter) ====
kernel                                    count     min_us    mean_us     max_us
sdsc_fused_exp_0                            100     39.958     43.390     47.320
[note] SPYRE_PROFILE_SYNC on: times are per-kernel DEVICE latency (serialized); trust the min.

########################################################################
## RUNG3 traffic: gelu[512x1024]
## + env BENCH_OP=gelu BENCH_ROWS=512 BENCH_COLS=1024 python examples/bench_ops.py
########################################################################
/home/haoyang/torch-spyre/.venv/lib64/python3.12/site-packages/torch/_dynamo/pgo.py:538: UserWarning: dynamo_pgo force disabled by torch.compiler.config.force_disable_caches
  warn_once(
==============================================================================
==== Cost model features + prediction (after pre-scheduling)
==============================================================================
  gelu         out=524288 cores=32 hbm=2097152B lx=0B
      output hbm 524288 elems
      input  hbm 524288 elems
  => T = 20000ns(fill) + 2097152/111.0  (lx 0B: ~free) = 38.89 us

gelu[512x1024]  runs=100  LX_PLANNING=True  ALL_LX=False
==== SPYRE_PROFILE: per-kernel host launch timing (min strips host jitter) ====
kernel                                    count     min_us    mean_us     max_us
sdsc_fused_gelu_0                           100     40.951     44.203     67.641
[note] SPYRE_PROFILE_SYNC on: times are per-kernel DEVICE latency (serialized); trust the min.

########################################################################
## RUNG3 traffic: mul[512x1024]
## + env BENCH_OP=mul BENCH_ROWS=512 BENCH_COLS=1024 python examples/bench_ops.py
########################################################################
/home/haoyang/torch-spyre/.venv/lib64/python3.12/site-packages/torch/_dynamo/pgo.py:538: UserWarning: dynamo_pgo force disabled by torch.compiler.config.force_disable_caches
  warn_once(
==============================================================================
==== Cost model features + prediction (after pre-scheduling)
==============================================================================
  mul          out=524288 cores=32 hbm=3145728B lx=0B
      output hbm 524288 elems
      input  hbm 524288 elems
      input  hbm 524288 elems
  => T = 20000ns(fill) + 3145728/111.0  (lx 0B: ~free) = 48.34 us

mul[512x1024]  runs=100  LX_PLANNING=True  ALL_LX=False
==== SPYRE_PROFILE: per-kernel host launch timing (min strips host jitter) ====
kernel                                    count     min_us    mean_us     max_us
sdsc_fused_mul_0                            100     58.193     61.992     68.629
[note] SPYRE_PROFILE_SYNC on: times are per-kernel DEVICE latency (serialized); trust the min.

########################################################################
## RUNG3 traffic: add[512x1024]
## + env BENCH_OP=add BENCH_ROWS=512 BENCH_COLS=1024 python examples/bench_ops.py
########################################################################
/home/haoyang/torch-spyre/.venv/lib64/python3.12/site-packages/torch/_dynamo/pgo.py:538: UserWarning: dynamo_pgo force disabled by torch.compiler.config.force_disable_caches
  warn_once(
==============================================================================
==== Cost model features + prediction (after pre-scheduling)
==============================================================================
  add          out=524288 cores=32 hbm=3145728B lx=0B
      output hbm 524288 elems
      input  hbm 524288 elems
      input  hbm 524288 elems
  => T = 20000ns(fill) + 3145728/111.0  (lx 0B: ~free) = 48.34 us

add[512x1024]  runs=100  LX_PLANNING=True  ALL_LX=False
==== SPYRE_PROFILE: per-kernel host launch timing (min strips host jitter) ====
kernel                                    count     min_us    mean_us     max_us
sdsc_fused_add_0                            100     59.800     62.017     65.200
[note] SPYRE_PROFILE_SYNC on: times are per-kernel DEVICE latency (serialized); trust the min.

########################################################################
## RUNG3b mul size: mul[512x512]
## + env BENCH_OP=mul BENCH_ROWS=512 BENCH_COLS=512 python examples/bench_ops.py
########################################################################
/home/haoyang/torch-spyre/.venv/lib64/python3.12/site-packages/torch/_dynamo/pgo.py:538: UserWarning: dynamo_pgo force disabled by torch.compiler.config.force_disable_caches
  warn_once(
==============================================================================
==== Cost model features + prediction (after pre-scheduling)
==============================================================================
  mul          out=262144 cores=32 hbm=1572864B lx=0B
      output hbm 262144 elems
      input  hbm 262144 elems
      input  hbm 262144 elems
  => T = 20000ns(fill) + 1572864/111.0  (lx 0B: ~free) = 34.17 us

mul[512x512]  runs=100  LX_PLANNING=True  ALL_LX=False
==== SPYRE_PROFILE: per-kernel host launch timing (min strips host jitter) ====
kernel                                    count     min_us    mean_us     max_us
sdsc_fused_mul_0                            100     40.290     43.860     47.605
[note] SPYRE_PROFILE_SYNC on: times are per-kernel DEVICE latency (serialized); trust the min.

########################################################################
## RUNG3b mul size: mul[512x1024]
## + env BENCH_OP=mul BENCH_ROWS=512 BENCH_COLS=1024 python examples/bench_ops.py
########################################################################
/home/haoyang/torch-spyre/.venv/lib64/python3.12/site-packages/torch/_dynamo/pgo.py:538: UserWarning: dynamo_pgo force disabled by torch.compiler.config.force_disable_caches
  warn_once(
==============================================================================
==== Cost model features + prediction (after pre-scheduling)
==============================================================================
  mul          out=524288 cores=32 hbm=3145728B lx=0B
      output hbm 524288 elems
      input  hbm 524288 elems
      input  hbm 524288 elems
  => T = 20000ns(fill) + 3145728/111.0  (lx 0B: ~free) = 48.34 us

mul[512x1024]  runs=100  LX_PLANNING=True  ALL_LX=False
==== SPYRE_PROFILE: per-kernel host launch timing (min strips host jitter) ====
kernel                                    count     min_us    mean_us     max_us
sdsc_fused_mul_0                            100     54.544     59.950     64.839
[note] SPYRE_PROFILE_SYNC on: times are per-kernel DEVICE latency (serialized); trust the min.

########################################################################
## RUNG3b mul size: mul[512x2048]
## + env BENCH_OP=mul BENCH_ROWS=512 BENCH_COLS=2048 python examples/bench_ops.py
########################################################################
/home/haoyang/torch-spyre/.venv/lib64/python3.12/site-packages/torch/_dynamo/pgo.py:538: UserWarning: dynamo_pgo force disabled by torch.compiler.config.force_disable_caches
  warn_once(
==============================================================================
==== Cost model features + prediction (after pre-scheduling)
==============================================================================
  mul          out=1048576 cores=32 hbm=6291456B lx=0B
      output hbm 1048576 elems
      input  hbm 1048576 elems
      input  hbm 1048576 elems
  => T = 20000ns(fill) + 6291456/111.0  (lx 0B: ~free) = 76.68 us

mul[512x2048]  runs=100  LX_PLANNING=True  ALL_LX=False
==== SPYRE_PROFILE: per-kernel host launch timing (min strips host jitter) ====
kernel                                    count     min_us    mean_us     max_us
sdsc_fused_mul_0                            100     94.021     97.724    104.592
[note] SPYRE_PROFILE_SYNC on: times are per-kernel DEVICE latency (serialized); trust the min.

########################################################################
## RUNG3b mul size: mul[512x4096]
## + env BENCH_OP=mul BENCH_ROWS=512 BENCH_COLS=4096 python examples/bench_ops.py
########################################################################
/home/haoyang/torch-spyre/.venv/lib64/python3.12/site-packages/torch/_dynamo/pgo.py:538: UserWarning: dynamo_pgo force disabled by torch.compiler.config.force_disable_caches
  warn_once(
==============================================================================
==== Cost model features + prediction (after pre-scheduling)
==============================================================================
  mul          out=2097152 cores=32 hbm=12582912B lx=0B
      output hbm 2097152 elems
      input  hbm 2097152 elems
      input  hbm 2097152 elems
  => T = 20000ns(fill) + 12582912/111.0  (lx 0B: ~free) = 133.36 us

mul[512x4096]  runs=100  LX_PLANNING=True  ALL_LX=False
==== SPYRE_PROFILE: per-kernel host launch timing (min strips host jitter) ====
kernel                                    count     min_us    mean_us     max_us
sdsc_fused_mul_0                            100    164.530    173.602    186.915
[note] SPYRE_PROFILE_SYNC on: times are per-kernel DEVICE latency (serialized); trust the min.

########################################################################
## RUNG3b mul size: mul[512x8192]
## + env BENCH_OP=mul BENCH_ROWS=512 BENCH_COLS=8192 python examples/bench_ops.py
########################################################################
/home/haoyang/torch-spyre/.venv/lib64/python3.12/site-packages/torch/_dynamo/pgo.py:538: UserWarning: dynamo_pgo force disabled by torch.compiler.config.force_disable_caches
  warn_once(
==============================================================================
==== Cost model features + prediction (after pre-scheduling)
==============================================================================
  mul          out=4194304 cores=32 hbm=25165824B lx=0B
      output hbm 4194304 elems
      input  hbm 4194304 elems
      input  hbm 4194304 elems
  => T = 20000ns(fill) + 25165824/111.0  (lx 0B: ~free) = 246.72 us

mul[512x8192]  runs=100  LX_PLANNING=True  ALL_LX=False
==== SPYRE_PROFILE: per-kernel host launch timing (min strips host jitter) ====
kernel                                    count     min_us    mean_us     max_us
sdsc_fused_mul_0                            100    309.152    330.764    351.077
[note] SPYRE_PROFILE_SYNC on: times are per-kernel DEVICE latency (serialized); trust the min.

########################################################################
## RUNG3b equal-bytes 3MB / 3-stream: mul[512x1024]
## + env BENCH_OP=mul BENCH_ROWS=512 BENCH_COLS=1024 python examples/bench_ops.py
########################################################################
/home/haoyang/torch-spyre/.venv/lib64/python3.12/site-packages/torch/_dynamo/pgo.py:538: UserWarning: dynamo_pgo force disabled by torch.compiler.config.force_disable_caches
  warn_once(
==============================================================================
==== Cost model features + prediction (after pre-scheduling)
==============================================================================
  mul          out=524288 cores=32 hbm=3145728B lx=0B
      output hbm 524288 elems
      input  hbm 524288 elems
      input  hbm 524288 elems
  => T = 20000ns(fill) + 3145728/111.0  (lx 0B: ~free) = 48.34 us

mul[512x1024]  runs=100  LX_PLANNING=True  ALL_LX=False
==== SPYRE_PROFILE: per-kernel host launch timing (min strips host jitter) ====
kernel                                    count     min_us    mean_us     max_us
sdsc_fused_mul_0                            100     58.870     62.079     70.663
[note] SPYRE_PROFILE_SYNC on: times are per-kernel DEVICE latency (serialized); trust the min.

########################################################################
## RUNG3b equal-bytes 3MB / 2-stream: gelu[512x1536]
## + env BENCH_OP=gelu BENCH_ROWS=512 BENCH_COLS=1536 python examples/bench_ops.py
########################################################################
/home/haoyang/torch-spyre/.venv/lib64/python3.12/site-packages/torch/_dynamo/pgo.py:538: UserWarning: dynamo_pgo force disabled by torch.compiler.config.force_disable_caches
  warn_once(
==============================================================================
==== Cost model features + prediction (after pre-scheduling)
==============================================================================
  gelu         out=786432 cores=32 hbm=3145728B lx=0B
      output hbm 786432 elems
      input  hbm 786432 elems
  => T = 20000ns(fill) + 3145728/111.0  (lx 0B: ~free) = 48.34 us

gelu[512x1536]  runs=100  LX_PLANNING=True  ALL_LX=False
==== SPYRE_PROFILE: per-kernel host launch timing (min strips host jitter) ====
kernel                                    count     min_us    mean_us     max_us
sdsc_fused_gelu_0                           100     49.482     52.525     59.064
[note] SPYRE_PROFILE_SYNC on: times are per-kernel DEVICE latency (serialized); trust the min.

########################################################################
## RUNG3b equal-bytes 6MB / 3-stream: mul[512x2048]
## + env BENCH_OP=mul BENCH_ROWS=512 BENCH_COLS=2048 python examples/bench_ops.py
########################################################################
/home/haoyang/torch-spyre/.venv/lib64/python3.12/site-packages/torch/_dynamo/pgo.py:538: UserWarning: dynamo_pgo force disabled by torch.compiler.config.force_disable_caches
  warn_once(
==============================================================================
==== Cost model features + prediction (after pre-scheduling)
==============================================================================
  mul          out=1048576 cores=32 hbm=6291456B lx=0B
      output hbm 1048576 elems
      input  hbm 1048576 elems
      input  hbm 1048576 elems
  => T = 20000ns(fill) + 6291456/111.0  (lx 0B: ~free) = 76.68 us

mul[512x2048]  runs=100  LX_PLANNING=True  ALL_LX=False
==== SPYRE_PROFILE: per-kernel host launch timing (min strips host jitter) ====
kernel                                    count     min_us    mean_us     max_us
sdsc_fused_mul_0                            100     91.706     98.335    103.987
[note] SPYRE_PROFILE_SYNC on: times are per-kernel DEVICE latency (serialized); trust the min.

########################################################################
## RUNG3b equal-bytes 6MB / 2-stream: gelu[512x3072]
## + env BENCH_OP=gelu BENCH_ROWS=512 BENCH_COLS=3072 python examples/bench_ops.py
########################################################################
/home/haoyang/torch-spyre/.venv/lib64/python3.12/site-packages/torch/_dynamo/pgo.py:538: UserWarning: dynamo_pgo force disabled by torch.compiler.config.force_disable_caches
  warn_once(
==============================================================================
==== Cost model features + prediction (after pre-scheduling)
==============================================================================
  gelu         out=1572864 cores=32 hbm=6291456B lx=0B
      output hbm 1572864 elems
      input  hbm 1572864 elems
  => T = 20000ns(fill) + 6291456/111.0  (lx 0B: ~free) = 76.68 us

gelu[512x3072]  runs=100  LX_PLANNING=True  ALL_LX=False
==== SPYRE_PROFILE: per-kernel host launch timing (min strips host jitter) ====
kernel                                    count     min_us    mean_us     max_us
sdsc_fused_gelu_0                           100     77.092     81.841     92.150
[note] SPYRE_PROFILE_SYNC on: times are per-kernel DEVICE latency (serialized); trust the min.

## RUNG4 LX-placement check (depth=4): expect 'lx' allocations on intermediates
/home/haoyang/torch-spyre/.venv/lib64/python3.12/site-packages/torch/_dynamo/pgo.py:538: UserWarning: dynamo_pgo force disabled by torch.compiler.config.force_disable_caches
  warn_once(
gelu[512x1024] depth=4  runs=100  LX_PLANNING=True  ALL_LX=True
==== SPYRE_PROFILE: per-kernel host launch timing (min strips host jitter) ====
kernel                                    count     min_us    mean_us     max_us
sdsc_fused_gelu_0                           100     35.562     40.170     42.550
[note] SPYRE_PROFILE_SYNC on: times are per-kernel DEVICE latency (serialized); trust the min.
-- intermediate allocations in the depth-4 chain IR --
21
(count of lx allocations above)
  allocation={'lx': 0}
  allocation={'lx': 32768}
  allocation={'lx': 0}
  allocation={'lx': 0}
  allocation={'lx': 32768}
  allocation={'lx': 0}
  allocation={'lx': 0}
  allocation={'lx': 32768}
  allocation={'lx': 0}
  allocation={'lx': 0}
  allocation={'lx': 32768}
  allocation={'lx': 0}
  allocation={'lx': 0}
  allocation={'lx': 32768}
  allocation={'lx': 0}
  allocation={'lx': 0}
  allocation={'lx': 32768}
  allocation={'lx': 0}
  allocation={'lx': 0}
  allocation={'lx': 32768}

########################################################################
## RUNG4 LX chain: gelu depth=1 (all-LX)
## + env BENCH_OP=gelu BENCH_LX_ALL=1 BENCH_DEPTH=1 BENCH_ROWS=512 BENCH_COLS=1024 python examples/bench_ops.py
########################################################################
