================ cost-model calibration run ================
date:    Mon Jun 15 20:08:51 UTC 2026
examples/run_cost_model_plan.sh: line 42: hostname: command not found
host:    
git:     5ed98b9 dev1
python:  3.12.13 torch 2.11.0+cpu
runs=100 warmup=20  SENCORES=default(32)
log:     haoyang_logs/cost_model_results_20260615_200851.log
===========================================================

########################################################################
## RUNG1 size sweep: gelu[512x512]
## + env BENCH_OP=gelu BENCH_ROWS=512 BENCH_COLS=512 python examples/bench_ops.py
########################################################################
/home/haoyang/torch-spyre/.venv/lib64/python3.12/site-packages/torch/_dynamo/pgo.py:538: UserWarning: dynamo_pgo force disabled by torch.compiler.config.force_disable_caches
  warn_once(
==============================================================================
==== Cost model features + prediction (after pre-scheduling)
==============================================================================
  gelu         out=262144 cores=32 hbm=1048576B lx=0B
      output hbm 262144 elems
      input  hbm 262144 elems
  => T = 20000ns(fill) + 1048576/111.0  (lx 0B: ~free) = 29.45 us

gelu[512x512]  runs=100  LX_PLANNING=True  ALL_LX=False
==== SPYRE_PROFILE: per-kernel host launch timing (min strips host jitter) ====
kernel                                    count     min_us    mean_us     max_us
sdsc_fused_gelu_0                           100     28.173     34.017     44.927
[note] SPYRE_PROFILE_SYNC on: times are per-kernel DEVICE latency (serialized); trust the min.

########################################################################
## RUNG1 size sweep: gelu[512x1024]
## + env BENCH_OP=gelu BENCH_ROWS=512 BENCH_COLS=1024 python examples/bench_ops.py
########################################################################
/home/haoyang/torch-spyre/.venv/lib64/python3.12/site-packages/torch/_dynamo/pgo.py:538: UserWarning: dynamo_pgo force disabled by torch.compiler.config.force_disable_caches
  warn_once(
==============================================================================
==== Cost model features + prediction (after pre-scheduling)
==============================================================================
  gelu         out=524288 cores=32 hbm=2097152B lx=0B
      output hbm 524288 elems
      input  hbm 524288 elems
  => T = 20000ns(fill) + 2097152/111.0  (lx 0B: ~free) = 38.89 us

gelu[512x1024]  runs=100  LX_PLANNING=True  ALL_LX=False
==== SPYRE_PROFILE: per-kernel host launch timing (min strips host jitter) ====
kernel                                    count     min_us    mean_us     max_us
sdsc_fused_gelu_0                           100     38.694     43.484     47.163
[note] SPYRE_PROFILE_SYNC on: times are per-kernel DEVICE latency (serialized); trust the min.

########################################################################
## RUNG1 size sweep: gelu[512x2048]
## + env BENCH_OP=gelu BENCH_ROWS=512 BENCH_COLS=2048 python examples/bench_ops.py
########################################################################
/home/haoyang/torch-spyre/.venv/lib64/python3.12/site-packages/torch/_dynamo/pgo.py:538: UserWarning: dynamo_pgo force disabled by torch.compiler.config.force_disable_caches
  warn_once(
==============================================================================
==== Cost model features + prediction (after pre-scheduling)
==============================================================================
  gelu         out=1048576 cores=32 hbm=4194304B lx=0B
      output hbm 1048576 elems
      input  hbm 1048576 elems
  => T = 20000ns(fill) + 4194304/111.0  (lx 0B: ~free) = 57.79 us

gelu[512x2048]  runs=100  LX_PLANNING=True  ALL_LX=False
==== SPYRE_PROFILE: per-kernel host launch timing (min strips host jitter) ====
kernel                                    count     min_us    mean_us     max_us
sdsc_fused_gelu_0                           100     58.655     62.393     70.809
[note] SPYRE_PROFILE_SYNC on: times are per-kernel DEVICE latency (serialized); trust the min.

########################################################################
## RUNG1 size sweep: gelu[512x4096]
## + env BENCH_OP=gelu BENCH_ROWS=512 BENCH_COLS=4096 python examples/bench_ops.py
########################################################################
/home/haoyang/torch-spyre/.venv/lib64/python3.12/site-packages/torch/_dynamo/pgo.py:538: UserWarning: dynamo_pgo force disabled by torch.compiler.config.force_disable_caches
  warn_once(
==============================================================================
==== Cost model features + prediction (after pre-scheduling)
==============================================================================
  gelu         out=2097152 cores=32 hbm=8388608B lx=0B
      output hbm 2097152 elems
      input  hbm 2097152 elems
  => T = 20000ns(fill) + 8388608/111.0  (lx 0B: ~free) = 95.57 us

gelu[512x4096]  runs=100  LX_PLANNING=True  ALL_LX=False
==== SPYRE_PROFILE: per-kernel host launch timing (min strips host jitter) ====
kernel                                    count     min_us    mean_us     max_us
sdsc_fused_gelu_0                           100     97.067    103.570    209.718
[note] SPYRE_PROFILE_SYNC on: times are per-kernel DEVICE latency (serialized); trust the min.

########################################################################
## RUNG1 size sweep: gelu[512x8192]
## + env BENCH_OP=gelu BENCH_ROWS=512 BENCH_COLS=8192 python examples/bench_ops.py
########################################################################
/home/haoyang/torch-spyre/.venv/lib64/python3.12/site-packages/torch/_dynamo/pgo.py:538: UserWarning: dynamo_pgo force disabled by torch.compiler.config.force_disable_caches
  warn_once(
==============================================================================
==== Cost model features + prediction (after pre-scheduling)
==============================================================================
  gelu         out=4194304 cores=32 hbm=16777216B lx=0B
      output hbm 4194304 elems
      input  hbm 4194304 elems
  => T = 20000ns(fill) + 16777216/111.0  (lx 0B: ~free) = 171.15 us

gelu[512x8192]  runs=100  LX_PLANNING=True  ALL_LX=False
==== SPYRE_PROFILE: per-kernel host launch timing (min strips host jitter) ====
kernel                                    count     min_us    mean_us     max_us
sdsc_fused_gelu_0                           100    168.527    178.827    325.440
[note] SPYRE_PROFILE_SYNC on: times are per-kernel DEVICE latency (serialized); trust the min.

########################################################################
## RUNG2 arithmetic: relu[512x1024]
## + env BENCH_OP=relu BENCH_ROWS=512 BENCH_COLS=1024 python examples/bench_ops.py
########################################################################
/home/haoyang/torch-spyre/.venv/lib64/python3.12/site-packages/torch/_dynamo/pgo.py:538: UserWarning: dynamo_pgo force disabled by torch.compiler.config.force_disable_caches
  warn_once(
==============================================================================
==== Cost model features + prediction (after pre-scheduling)
==============================================================================
  relu         out=524288 cores=32 hbm=2097152B lx=0B
      output hbm 524288 elems
      input  hbm 524288 elems
  => T = 20000ns(fill) + 2097152/111.0  (lx 0B: ~free) = 38.89 us

relu[512x1024]  runs=100  LX_PLANNING=True  ALL_LX=False
==== SPYRE_PROFILE: per-kernel host launch timing (min strips host jitter) ====
kernel                                    count     min_us    mean_us     max_us
sdsc_fused_relu_0                           100     36.776     43.010     45.713
[note] SPYRE_PROFILE_SYNC on: times are per-kernel DEVICE latency (serialized); trust the min.

########################################################################
## RUNG2 arithmetic: gelu[512x1024]
## + env BENCH_OP=gelu BENCH_ROWS=512 BENCH_COLS=1024 python examples/bench_ops.py
########################################################################
/home/haoyang/torch-spyre/.venv/lib64/python3.12/site-packages/torch/_dynamo/pgo.py:538: UserWarning: dynamo_pgo force disabled by torch.compiler.config.force_disable_caches
  warn_once(
==============================================================================
==== Cost model features + prediction (after pre-scheduling)
==============================================================================
  gelu         out=524288 cores=32 hbm=2097152B lx=0B
      output hbm 524288 elems
      input  hbm 524288 elems
  => T = 20000ns(fill) + 2097152/111.0  (lx 0B: ~free) = 38.89 us

gelu[512x1024]  runs=100  LX_PLANNING=True  ALL_LX=False
==== SPYRE_PROFILE: per-kernel host launch timing (min strips host jitter) ====
kernel                                    count     min_us    mean_us     max_us
sdsc_fused_gelu_0                           100     42.423     44.606     47.575
[note] SPYRE_PROFILE_SYNC on: times are per-kernel DEVICE latency (serialized); trust the min.

########################################################################
## RUNG2 arithmetic: sigmoid[512x1024]
## + env BENCH_OP=sigmoid BENCH_ROWS=512 BENCH_COLS=1024 python examples/bench_ops.py
########################################################################
/home/haoyang/torch-spyre/.venv/lib64/python3.12/site-packages/torch/_dynamo/pgo.py:538: UserWarning: dynamo_pgo force disabled by torch.compiler.config.force_disable_caches
  warn_once(
==============================================================================
==== Cost model features + prediction (after pre-scheduling)
==============================================================================
  sigmoid      out=524288 cores=32 hbm=2097152B lx=0B
      output hbm 524288 elems
      input  hbm 524288 elems
  => T = 20000ns(fill) + 2097152/111.0  (lx 0B: ~free) = 38.89 us

sigmoid[512x1024]  runs=100  LX_PLANNING=True  ALL_LX=False
==== SPYRE_PROFILE: per-kernel host launch timing (min strips host jitter) ====
kernel                                    count     min_us    mean_us     max_us
sdsc_fused_sigmoid_0                        100     37.540     42.953     46.885
[note] SPYRE_PROFILE_SYNC on: times are per-kernel DEVICE latency (serialized); trust the min.

########################################################################
## RUNG2 arithmetic: exp[512x1024]
## + env BENCH_OP=exp BENCH_ROWS=512 BENCH_COLS=1024 python examples/bench_ops.py
########################################################################
/home/haoyang/torch-spyre/.venv/lib64/python3.12/site-packages/torch/_dynamo/pgo.py:538: UserWarning: dynamo_pgo force disabled by torch.compiler.config.force_disable_caches
  warn_once(
==============================================================================
==== Cost model features + prediction (after pre-scheduling)
==============================================================================
  exp          out=524288 cores=32 hbm=2097152B lx=0B
      output hbm 524288 elems
      input  hbm 524288 elems
  => T = 20000ns(fill) + 2097152/111.0  (lx 0B: ~free) = 38.89 us

exp[512x1024]  runs=100  LX_PLANNING=True  ALL_LX=False
==== SPYRE_PROFILE: per-kernel host launch timing (min strips host jitter) ====
kernel                                    count     min_us    mean_us     max_us
sdsc_fused_exp_0                            100     40.794     43.282     46.471
[note] SPYRE_PROFILE_SYNC on: times are per-kernel DEVICE latency (serialized); trust the min.

########################################################################
## RUNG3 traffic: gelu[512x1024]
## + env BENCH_OP=gelu BENCH_ROWS=512 BENCH_COLS=1024 python examples/bench_ops.py
########################################################################
/home/haoyang/torch-spyre/.venv/lib64/python3.12/site-packages/torch/_dynamo/pgo.py:538: UserWarning: dynamo_pgo force disabled by torch.compiler.config.force_disable_caches
  warn_once(
==============================================================================
==== Cost model features + prediction (after pre-scheduling)
==============================================================================
  gelu         out=524288 cores=32 hbm=2097152B lx=0B
      output hbm 524288 elems
      input  hbm 524288 elems
  => T = 20000ns(fill) + 2097152/111.0  (lx 0B: ~free) = 38.89 us

gelu[512x1024]  runs=100  LX_PLANNING=True  ALL_LX=False
==== SPYRE_PROFILE: per-kernel host launch timing (min strips host jitter) ====
kernel                                    count     min_us    mean_us     max_us
sdsc_fused_gelu_0                           100     37.897     43.205     47.124
[note] SPYRE_PROFILE_SYNC on: times are per-kernel DEVICE latency (serialized); trust the min.

########################################################################
## RUNG3 traffic: mul[512x1024]
## + env BENCH_OP=mul BENCH_ROWS=512 BENCH_COLS=1024 python examples/bench_ops.py
########################################################################
/home/haoyang/torch-spyre/.venv/lib64/python3.12/site-packages/torch/_dynamo/pgo.py:538: UserWarning: dynamo_pgo force disabled by torch.compiler.config.force_disable_caches
  warn_once(
==============================================================================
==== Cost model features + prediction (after pre-scheduling)
==============================================================================
  mul          out=524288 cores=32 hbm=3145728B lx=0B
      output hbm 524288 elems
      input  hbm 524288 elems
      input  hbm 524288 elems
  => T = 20000ns(fill) + 3145728/111.0  (lx 0B: ~free) = 48.34 us

mul[512x1024]  runs=100  LX_PLANNING=True  ALL_LX=False
==== SPYRE_PROFILE: per-kernel host launch timing (min strips host jitter) ====
kernel                                    count     min_us    mean_us     max_us
sdsc_fused_mul_0                            100     58.577     61.259     64.294
[note] SPYRE_PROFILE_SYNC on: times are per-kernel DEVICE latency (serialized); trust the min.

########################################################################
## RUNG3 traffic: add[512x1024]
## + env BENCH_OP=add BENCH_ROWS=512 BENCH_COLS=1024 python examples/bench_ops.py
########################################################################
/home/haoyang/torch-spyre/.venv/lib64/python3.12/site-packages/torch/_dynamo/pgo.py:538: UserWarning: dynamo_pgo force disabled by torch.compiler.config.force_disable_caches
  warn_once(
==============================================================================
==== Cost model features + prediction (after pre-scheduling)
==============================================================================
  add          out=524288 cores=32 hbm=3145728B lx=0B
      output hbm 524288 elems
      input  hbm 524288 elems
      input  hbm 524288 elems
  => T = 20000ns(fill) + 3145728/111.0  (lx 0B: ~free) = 48.34 us

add[512x1024]  runs=100  LX_PLANNING=True  ALL_LX=False
==== SPYRE_PROFILE: per-kernel host launch timing (min strips host jitter) ====
kernel                                    count     min_us    mean_us     max_us
sdsc_fused_add_0                            100     59.114     61.839     69.336
[note] SPYRE_PROFILE_SYNC on: times are per-kernel DEVICE latency (serialized); trust the min.

########################################################################
## RUNG3b mul size: mul[512x512]
## + env BENCH_OP=mul BENCH_ROWS=512 BENCH_COLS=512 python examples/bench_ops.py
########################################################################
/home/haoyang/torch-spyre/.venv/lib64/python3.12/site-packages/torch/_dynamo/pgo.py:538: UserWarning: dynamo_pgo force disabled by torch.compiler.config.force_disable_caches
  warn_once(
==============================================================================
==== Cost model features + prediction (after pre-scheduling)
==============================================================================
  mul          out=262144 cores=32 hbm=1572864B lx=0B
      output hbm 262144 elems
      input  hbm 262144 elems
      input  hbm 262144 elems
  => T = 20000ns(fill) + 1572864/111.0  (lx 0B: ~free) = 34.17 us

mul[512x512]  runs=100  LX_PLANNING=True  ALL_LX=False
==== SPYRE_PROFILE: per-kernel host launch timing (min strips host jitter) ====
kernel                                    count     min_us    mean_us     max_us
sdsc_fused_mul_0                            100     35.392     41.913     44.084
[note] SPYRE_PROFILE_SYNC on: times are per-kernel DEVICE latency (serialized); trust the min.

########################################################################
## RUNG3b mul size: mul[512x1024]
## + env BENCH_OP=mul BENCH_ROWS=512 BENCH_COLS=1024 python examples/bench_ops.py
########################################################################
/home/haoyang/torch-spyre/.venv/lib64/python3.12/site-packages/torch/_dynamo/pgo.py:538: UserWarning: dynamo_pgo force disabled by torch.compiler.config.force_disable_caches
  warn_once(
==============================================================================
==== Cost model features + prediction (after pre-scheduling)
==============================================================================
  mul          out=524288 cores=32 hbm=3145728B lx=0B
      output hbm 524288 elems
      input  hbm 524288 elems
      input  hbm 524288 elems
  => T = 20000ns(fill) + 3145728/111.0  (lx 0B: ~free) = 48.34 us

mul[512x1024]  runs=100  LX_PLANNING=True  ALL_LX=False
==== SPYRE_PROFILE: per-kernel host launch timing (min strips host jitter) ====
kernel                                    count     min_us    mean_us     max_us
sdsc_fused_mul_0                            100     59.235     61.645     65.499
[note] SPYRE_PROFILE_SYNC on: times are per-kernel DEVICE latency (serialized); trust the min.

########################################################################
## RUNG3b mul size: mul[512x2048]
## + env BENCH_OP=mul BENCH_ROWS=512 BENCH_COLS=2048 python examples/bench_ops.py
########################################################################
/home/haoyang/torch-spyre/.venv/lib64/python3.12/site-packages/torch/_dynamo/pgo.py:538: UserWarning: dynamo_pgo force disabled by torch.compiler.config.force_disable_caches
  warn_once(
==============================================================================
==== Cost model features + prediction (after pre-scheduling)
==============================================================================
  mul          out=1048576 cores=32 hbm=6291456B lx=0B
      output hbm 1048576 elems
      input  hbm 1048576 elems
      input  hbm 1048576 elems
  => T = 20000ns(fill) + 6291456/111.0  (lx 0B: ~free) = 76.68 us

mul[512x2048]  runs=100  LX_PLANNING=True  ALL_LX=False
==== SPYRE_PROFILE: per-kernel host launch timing (min strips host jitter) ====
kernel                                    count     min_us    mean_us     max_us
sdsc_fused_mul_0                            100     94.458     98.194    107.875
[note] SPYRE_PROFILE_SYNC on: times are per-kernel DEVICE latency (serialized); trust the min.

########################################################################
## RUNG3b mul size: mul[512x4096]
## + env BENCH_OP=mul BENCH_ROWS=512 BENCH_COLS=4096 python examples/bench_ops.py
########################################################################
/home/haoyang/torch-spyre/.venv/lib64/python3.12/site-packages/torch/_dynamo/pgo.py:538: UserWarning: dynamo_pgo force disabled by torch.compiler.config.force_disable_caches
  warn_once(
==============================================================================
==== Cost model features + prediction (after pre-scheduling)
==============================================================================
  mul          out=2097152 cores=32 hbm=12582912B lx=0B
      output hbm 2097152 elems
      input  hbm 2097152 elems
      input  hbm 2097152 elems
  => T = 20000ns(fill) + 12582912/111.0  (lx 0B: ~free) = 133.36 us

mul[512x4096]  runs=100  LX_PLANNING=True  ALL_LX=False
==== SPYRE_PROFILE: per-kernel host launch timing (min strips host jitter) ====
kernel                                    count     min_us    mean_us     max_us
sdsc_fused_mul_0                            100    161.412    174.915    185.737
[note] SPYRE_PROFILE_SYNC on: times are per-kernel DEVICE latency (serialized); trust the min.

########################################################################
## RUNG3b mul size: mul[512x8192]
## + env BENCH_OP=mul BENCH_ROWS=512 BENCH_COLS=8192 python examples/bench_ops.py
########################################################################
/home/haoyang/torch-spyre/.venv/lib64/python3.12/site-packages/torch/_dynamo/pgo.py:538: UserWarning: dynamo_pgo force disabled by torch.compiler.config.force_disable_caches
  warn_once(
==============================================================================
==== Cost model features + prediction (after pre-scheduling)
==============================================================================
  mul          out=4194304 cores=32 hbm=25165824B lx=0B
      output hbm 4194304 elems
      input  hbm 4194304 elems
      input  hbm 4194304 elems
  => T = 20000ns(fill) + 25165824/111.0  (lx 0B: ~free) = 246.72 us

mul[512x8192]  runs=100  LX_PLANNING=True  ALL_LX=False
==== SPYRE_PROFILE: per-kernel host launch timing (min strips host jitter) ====
kernel                                    count     min_us    mean_us     max_us
sdsc_fused_mul_0                            100    312.136    332.828    373.156
[note] SPYRE_PROFILE_SYNC on: times are per-kernel DEVICE latency (serialized); trust the min.

########################################################################
## RUNG3b equal-bytes 3MB / 3-stream: mul[512x1024]
## + env BENCH_OP=mul BENCH_ROWS=512 BENCH_COLS=1024 python examples/bench_ops.py
########################################################################
/home/haoyang/torch-spyre/.venv/lib64/python3.12/site-packages/torch/_dynamo/pgo.py:538: UserWarning: dynamo_pgo force disabled by torch.compiler.config.force_disable_caches
  warn_once(
==============================================================================
==== Cost model features + prediction (after pre-scheduling)
==============================================================================
  mul          out=524288 cores=32 hbm=3145728B lx=0B
      output hbm 524288 elems
      input  hbm 524288 elems
      input  hbm 524288 elems
  => T = 20000ns(fill) + 3145728/111.0  (lx 0B: ~free) = 48.34 us

mul[512x1024]  runs=100  LX_PLANNING=True  ALL_LX=False
==== SPYRE_PROFILE: per-kernel host launch timing (min strips host jitter) ====
kernel                                    count     min_us    mean_us     max_us
sdsc_fused_mul_0                            100     57.183     60.084     63.566
[note] SPYRE_PROFILE_SYNC on: times are per-kernel DEVICE latency (serialized); trust the min.

########################################################################
## RUNG3b equal-bytes 3MB / 2-stream: gelu[512x1536]
## + env BENCH_OP=gelu BENCH_ROWS=512 BENCH_COLS=1536 python examples/bench_ops.py
########################################################################
[31m ERRR 15.06.2026 20:12:29.294268 [                  ras_base.hpp:  74] {"action":"reset","category":"hardware","code":"0xa35e","description":"The card encountered a problem and triggered a PCIe bus fence operation","message":"PCIe bus master fence","name":"RAS::PCI::BusFence","severity":"ERROR","step":"Reset, reseat, or replace the card","threshold_action":"deconfigure","threshold_count":20,"threshold_duration":1440,"type":"runtime_error"}[0m
terminate called after throwing an instance of 'std::runtime_error'
  what():  {"action":"reset","category":"hardware","code":"0xa35e","description":"The card encountered a problem and triggered a PCIe bus fence operation","message":"PCIe bus master fence","name":"RAS::PCI::BusFence","severity":"ERROR","step":"Reset, reseat, or replace the card","threshold_action":"deconfigure","threshold_count":20,"threshold_duration":1440,"type":"runtime_error"}
Signal Received: 6 (Aborted)
Signal Received from pid=38264 
*** BACKTRACE ***
/opt/ibm/spyre/senlib/lib/libsenlib-dd2.so(+0x42accf)[0x7fc65171eccf]
/lib64/libc.so.6(+0x411c0)[0x7fc7105781c0]
/lib64/libc.so.6(+0x979dc)[0x7fc7105ce9dc]
/lib64/libc.so.6(gsignal+0x16)[0x7fc710578116]
/lib64/libc.so.6(abort+0xd7)[0x7fc71055f8fa]
/lib64/libstdc++.so.6(+0xa603a)[0x7fc6f89df03a]
/lib64/libstdc++.so.6(+0xbc0ac)[0x7fc6f89f50ac]
/lib64/libstdc++.so.6(_ZSt10unexpectedv+0x0)[0x7fc6f89dea39]
/lib64/libstdc++.so.6(+0xbc338)[0x7fc6f89f5338]
/opt/ibm/spyre/senlib/lib/libsenlib-dd2.so(_ZN3RAS3PCI8BusFence5ThrowEv+0x64)[0x7fc6519bdcb4]
/opt/ibm/spyre/senlib/lib/libsenlib-dd2.so(_ZN6senlib2v212PfMSIMonitor13PollingThreadEv+0x2b01)[0x7fc6519bd161]
/lib64/libstdc++.so.6(+0xee0e4)[0x7fc6f8a270e4]
/lib64/libc.so.6(+0x95a7f)[0x7fc7105cca7f]
/lib64/libc.so.6(__clone+0x44)[0x7fc71063d324]
*****************
[STEP FAILED: RUNG3b equal-bytes 3MB / 2-stream: gelu[512x1536]]

########################################################################
## RUNG3b equal-bytes 6MB / 3-stream: mul[512x2048]
## + env BENCH_OP=mul BENCH_ROWS=512 BENCH_COLS=2048 python examples/bench_ops.py
########################################################################
/home/haoyang/torch-spyre/.venv/lib64/python3.12/site-packages/torch/_dynamo/pgo.py:538: UserWarning: dynamo_pgo force disabled by torch.compiler.config.force_disable_caches
  warn_once(
==============================================================================
==== Cost model features + prediction (after pre-scheduling)
==============================================================================
  mul          out=1048576 cores=32 hbm=6291456B lx=0B
      output hbm 1048576 elems
      input  hbm 1048576 elems
      input  hbm 1048576 elems
  => T = 20000ns(fill) + 6291456/111.0  (lx 0B: ~free) = 76.68 us

mul[512x2048]  runs=100  LX_PLANNING=True  ALL_LX=False
==== SPYRE_PROFILE: per-kernel host launch timing (min strips host jitter) ====
kernel                                    count     min_us    mean_us     max_us
sdsc_fused_mul_0                            100     92.733     97.562    111.282
[note] SPYRE_PROFILE_SYNC on: times are per-kernel DEVICE latency (serialized); trust the min.

########################################################################
## RUNG3b equal-bytes 6MB / 2-stream: gelu[512x3072]
## + env BENCH_OP=gelu BENCH_ROWS=512 BENCH_COLS=3072 python examples/bench_ops.py
########################################################################
/home/haoyang/torch-spyre/.venv/lib64/python3.12/site-packages/torch/_dynamo/pgo.py:538: UserWarning: dynamo_pgo force disabled by torch.compiler.config.force_disable_caches
  warn_once(
==============================================================================
==== Cost model features + prediction (after pre-scheduling)
==============================================================================
  gelu         out=1572864 cores=32 hbm=6291456B lx=0B
      output hbm 1572864 elems
      input  hbm 1572864 elems
  => T = 20000ns(fill) + 6291456/111.0  (lx 0B: ~free) = 76.68 us

gelu[512x3072]  runs=100  LX_PLANNING=True  ALL_LX=False
==== SPYRE_PROFILE: per-kernel host launch timing (min strips host jitter) ====
kernel                                    count     min_us    mean_us     max_us
sdsc_fused_gelu_0                           100     75.213     82.415     94.548
[note] SPYRE_PROFILE_SYNC on: times are per-kernel DEVICE latency (serialized); trust the min.

## RUNG4 LX-placement check (depth=4): expect 'lx' allocations on intermediates
/home/haoyang/torch-spyre/.venv/lib64/python3.12/site-packages/torch/_dynamo/pgo.py:538: UserWarning: dynamo_pgo force disabled by torch.compiler.config.force_disable_caches
  warn_once(
gelu[512x1024] depth=4  runs=100  LX_PLANNING=True  ALL_LX=True
==== SPYRE_PROFILE: per-kernel host launch timing (min strips host jitter) ====
kernel                                    count     min_us    mean_us     max_us
sdsc_fused_gelu_0                           100     34.077     38.742     42.361
[note] SPYRE_PROFILE_SYNC on: times are per-kernel DEVICE latency (serialized); trust the min.
-- intermediate allocations in the depth-4 chain IR --
18
(count of lx allocations above)
  allocation={'lx': 0}
  allocation={'lx': 32768}
  allocation={'lx': 0}
  allocation={'lx': 0}
  allocation={'lx': 32768}
  allocation={'lx': 0}
  allocation={'lx': 0}
  allocation={'lx': 32768}
  allocation={'lx': 0}
  allocation={'lx': 0}
  allocation={'lx': 32768}
  allocation={'lx': 0}
  allocation={'lx': 0}
  allocation={'lx': 32768}
  allocation={'lx': 0}
  allocation={'lx': 0}
  allocation={'lx': 32768}
  allocation={'lx': 0}

########################################################################
## RUNG4 LX chain: gelu depth=1 (all-LX)
## + env BENCH_OP=gelu BENCH_LX_ALL=1 BENCH_DEPTH=1 BENCH_ROWS=512 BENCH_COLS=1024 python examples/bench_ops.py
########################################################################
/home/haoyang/torch-spyre/.venv/lib64/python3.12/site-packages/torch/_dynamo/pgo.py:538: UserWarning: dynamo_pgo force disabled by torch.compiler.config.force_disable_caches
  warn_once(
==============================================================================
==== Cost model features + prediction (after pre-scheduling)
==============================================================================
  gelu         out=524288 cores=32 hbm=2097152B lx=0B
      output hbm 524288 elems
      input  hbm 524288 elems
  => T = 20000ns(fill) + 2097152/111.0  (lx 0B: ~free) = 38.89 us

gelu[512x1024]  runs=100  LX_PLANNING=True  ALL_LX=True
==== SPYRE_PROFILE: per-kernel host launch timing (min strips host jitter) ====
kernel                                    count     min_us    mean_us     max_us
sdsc_fused_gelu_0                           100     39.145     43.689     47.147
[note] SPYRE_PROFILE_SYNC on: times are per-kernel DEVICE latency (serialized); trust the min.

########################################################################
## RUNG4 LX chain: gelu depth=2 (all-LX)
## + env BENCH_OP=gelu BENCH_LX_ALL=1 BENCH_DEPTH=2 BENCH_ROWS=512 BENCH_COLS=1024 python examples/bench_ops.py
########################################################################
/home/haoyang/torch-spyre/.venv/lib64/python3.12/site-packages/torch/_dynamo/pgo.py:538: UserWarning: dynamo_pgo force disabled by torch.compiler.config.force_disable_caches
  warn_once(
==============================================================================
==== Cost model features + prediction (after pre-scheduling)
==============================================================================
  gelu         out=524288 cores=32 hbm=1048576B lx=1048576B
      output lx  524288 elems
      input  hbm 524288 elems
  gelu_1       out=524288 cores=32 hbm=1048576B lx=1048576B
      output hbm 524288 elems
      input  lx  524288 elems
  => T = 20000ns(fill) + 2097152/111.0  (lx 2097152B: ~free) = 38.89 us

gelu[512x1024] depth=2  runs=100  LX_PLANNING=True  ALL_LX=True
==== SPYRE_PROFILE: per-kernel host launch timing (min strips host jitter) ====
kernel                                    count     min_us    mean_us     max_us
sdsc_fused_gelu_0                           100     33.047     38.064     41.921
[note] SPYRE_PROFILE_SYNC on: times are per-kernel DEVICE latency (serialized); trust the min.

########################################################################
## RUNG4 LX chain: gelu depth=4 (all-LX)
## + env BENCH_OP=gelu BENCH_LX_ALL=1 BENCH_DEPTH=4 BENCH_ROWS=512 BENCH_COLS=1024 python examples/bench_ops.py
########################################################################
/home/haoyang/torch-spyre/.venv/lib64/python3.12/site-packages/torch/_dynamo/pgo.py:538: UserWarning: dynamo_pgo force disabled by torch.compiler.config.force_disable_caches
  warn_once(
==============================================================================
==== Cost model features + prediction (after pre-scheduling)
==============================================================================
  gelu         out=524288 cores=32 hbm=1048576B lx=1048576B
      output lx  524288 elems
      input  hbm 524288 elems
  gelu_1       out=524288 cores=32 hbm=0B lx=2097152B
      output lx  524288 elems
      input  lx  524288 elems
  gelu_2       out=524288 cores=32 hbm=0B lx=2097152B
      output lx  524288 elems
      input  lx  524288 elems
  gelu_3       out=524288 cores=32 hbm=1048576B lx=1048576B
      output hbm 524288 elems
      input  lx  524288 elems
  => T = 20000ns(fill) + 2097152/111.0  (lx 6291456B: ~free) = 38.89 us

gelu[512x1024] depth=4  runs=100  LX_PLANNING=True  ALL_LX=True
==== SPYRE_PROFILE: per-kernel host launch timing (min strips host jitter) ====
kernel                                    count     min_us    mean_us     max_us
sdsc_fused_gelu_0                           100     33.905     38.840     41.205
[note] SPYRE_PROFILE_SYNC on: times are per-kernel DEVICE latency (serialized); trust the min.

########################################################################
## RUNG4 LX chain: gelu depth=8 (all-LX)
## + env BENCH_OP=gelu BENCH_LX_ALL=1 BENCH_DEPTH=8 BENCH_ROWS=512 BENCH_COLS=1024 python examples/bench_ops.py
########################################################################
/home/haoyang/torch-spyre/.venv/lib64/python3.12/site-packages/torch/_dynamo/pgo.py:538: UserWarning: dynamo_pgo force disabled by torch.compiler.config.force_disable_caches
  warn_once(
==============================================================================
==== Cost model features + prediction (after pre-scheduling)
==============================================================================
  gelu         out=524288 cores=32 hbm=1048576B lx=1048576B
      output lx  524288 elems
      input  hbm 524288 elems
  gelu_1       out=524288 cores=32 hbm=0B lx=2097152B
      output lx  524288 elems
      input  lx  524288 elems
  gelu_2       out=524288 cores=32 hbm=0B lx=2097152B
      output lx  524288 elems
      input  lx  524288 elems
  gelu_3       out=524288 cores=32 hbm=0B lx=2097152B
      output lx  524288 elems
      input  lx  524288 elems
  gelu_4       out=524288 cores=32 hbm=0B lx=2097152B
      output lx  524288 elems
      input  lx  524288 elems
  gelu_5       out=524288 cores=32 hbm=0B lx=2097152B
      output lx  524288 elems
      input  lx  524288 elems
  gelu_6       out=524288 cores=32 hbm=0B lx=2097152B
      output lx  524288 elems
      input  lx  524288 elems
  gelu_7       out=524288 cores=32 hbm=1048576B lx=1048576B
      output hbm 524288 elems
      input  lx  524288 elems
  => T = 20000ns(fill) + 2097152/111.0  (lx 14680064B: ~free) = 38.89 us

gelu[512x1024] depth=8  runs=100  LX_PLANNING=True  ALL_LX=True
==== SPYRE_PROFILE: per-kernel host launch timing (min strips host jitter) ====
kernel                                    count     min_us    mean_us     max_us
sdsc_fused_gelu_0                           100     35.754     41.412     45.260
[note] SPYRE_PROFILE_SYNC on: times are per-kernel DEVICE latency (serialized); trust the min.

########################################################################
## RUNG4 LX chain: gelu depth=16 (all-LX)
## + env BENCH_OP=gelu BENCH_LX_ALL=1 BENCH_DEPTH=16 BENCH_ROWS=512 BENCH_COLS=1024 python examples/bench_ops.py
########################################################################
/home/haoyang/torch-spyre/.venv/lib64/python3.12/site-packages/torch/_dynamo/pgo.py:538: UserWarning: dynamo_pgo force disabled by torch.compiler.config.force_disable_caches
  warn_once(
==============================================================================
==== Cost model features + prediction (after pre-scheduling)
==============================================================================
  gelu         out=524288 cores=32 hbm=1048576B lx=1048576B
      output lx  524288 elems
      input  hbm 524288 elems
  gelu_1       out=524288 cores=32 hbm=0B lx=2097152B
      output lx  524288 elems
      input  lx  524288 elems
  gelu_2       out=524288 cores=32 hbm=0B lx=2097152B
      output lx  524288 elems
      input  lx  524288 elems
  gelu_3       out=524288 cores=32 hbm=0B lx=2097152B
      output lx  524288 elems
      input  lx  524288 elems
  gelu_4       out=524288 cores=32 hbm=0B lx=2097152B
      output lx  524288 elems
      input  lx  524288 elems
  gelu_5       out=524288 cores=32 hbm=0B lx=2097152B
      output lx  524288 elems
      input  lx  524288 elems
  gelu_6       out=524288 cores=32 hbm=0B lx=2097152B
      output lx  524288 elems
      input  lx  524288 elems
  gelu_7       out=524288 cores=32 hbm=0B lx=2097152B
      output lx  524288 elems
      input  lx  524288 elems
  gelu_8       out=524288 cores=32 hbm=0B lx=2097152B
      output lx  524288 elems
      input  lx  524288 elems
  gelu_9       out=524288 cores=32 hbm=0B lx=2097152B
      output lx  524288 elems
      input  lx  524288 elems
  gelu_10      out=524288 cores=32 hbm=0B lx=2097152B
      output lx  524288 elems
      input  lx  524288 elems
  gelu_11      out=524288 cores=32 hbm=0B lx=2097152B
      output lx  524288 elems
      input  lx  524288 elems
  gelu_12      out=524288 cores=32 hbm=0B lx=2097152B
      output lx  524288 elems
      input  lx  524288 elems
  gelu_13      out=524288 cores=32 hbm=0B lx=2097152B
      output lx  524288 elems
      input  lx  524288 elems
  gelu_14      out=524288 cores=32 hbm=0B lx=2097152B
      output lx  524288 elems
      input  lx  524288 elems
  gelu_15      out=524288 cores=32 hbm=1048576B lx=1048576B
      output hbm 524288 elems
      input  lx  524288 elems
  => T = 20000ns(fill) + 2097152/111.0  (lx 31457280B: ~free) = 38.89 us

gelu[512x1024] depth=16  runs=100  LX_PLANNING=True  ALL_LX=True
==== SPYRE_PROFILE: per-kernel host launch timing (min strips host jitter) ====
kernel                                    count     min_us    mean_us     max_us
sdsc_fused_gelu_0                           100     47.085     48.852     54.373
[note] SPYRE_PROFILE_SYNC on: times are per-kernel DEVICE latency (serialized); trust the min.

########################################################################
## RUNG5 SENCORES=1: gelu[512x1024]
## + env SENCORES=1 BENCH_OP=gelu BENCH_ROWS=512 BENCH_COLS=1024 python examples/bench_ops.py
########################################################################
/home/haoyang/torch-spyre/.venv/lib64/python3.12/site-packages/torch/_dynamo/pgo.py:538: UserWarning: dynamo_pgo force disabled by torch.compiler.config.force_disable_caches
  warn_once(
==============================================================================
==== Cost model features + prediction (after pre-scheduling)
==============================================================================
  gelu         out=524288 cores=1 hbm=2097152B lx=0B
      output hbm 524288 elems
      input  hbm 524288 elems
  => T = 20000ns(fill) + 2097152/111.0  (lx 0B: ~free) = 38.89 us

gelu[512x1024]  runs=100  LX_PLANNING=True  ALL_LX=False
==== SPYRE_PROFILE: per-kernel host launch timing (min strips host jitter) ====
kernel                                    count     min_us    mean_us     max_us
sdsc_fused_gelu_0                           100     62.344     64.454     67.612
[note] SPYRE_PROFILE_SYNC on: times are per-kernel DEVICE latency (serialized); trust the min.

########################################################################
## RUNG5 SENCORES=2: gelu[512x1024]
## + env SENCORES=2 BENCH_OP=gelu BENCH_ROWS=512 BENCH_COLS=1024 python examples/bench_ops.py
########################################################################
/home/haoyang/torch-spyre/.venv/lib64/python3.12/site-packages/torch/_dynamo/pgo.py:538: UserWarning: dynamo_pgo force disabled by torch.compiler.config.force_disable_caches
  warn_once(
==============================================================================
==== Cost model features + prediction (after pre-scheduling)
==============================================================================
  gelu         out=524288 cores=2 hbm=2097152B lx=0B
      output hbm 524288 elems
      input  hbm 524288 elems
  => T = 20000ns(fill) + 2097152/111.0  (lx 0B: ~free) = 38.89 us

gelu[512x1024]  runs=100  LX_PLANNING=True  ALL_LX=False
==== SPYRE_PROFILE: per-kernel host launch timing (min strips host jitter) ====
kernel                                    count     min_us    mean_us     max_us
sdsc_fused_gelu_0                           100     41.681     45.696     59.057
[note] SPYRE_PROFILE_SYNC on: times are per-kernel DEVICE latency (serialized); trust the min.

########################################################################
## RUNG5 SENCORES=4: gelu[512x1024]
## + env SENCORES=4 BENCH_OP=gelu BENCH_ROWS=512 BENCH_COLS=1024 python examples/bench_ops.py
########################################################################
/home/haoyang/torch-spyre/.venv/lib64/python3.12/site-packages/torch/_dynamo/pgo.py:538: UserWarning: dynamo_pgo force disabled by torch.compiler.config.force_disable_caches
  warn_once(
==============================================================================
==== Cost model features + prediction (after pre-scheduling)
==============================================================================
  gelu         out=524288 cores=4 hbm=2097152B lx=0B
      output hbm 524288 elems
      input  hbm 524288 elems
  => T = 20000ns(fill) + 2097152/111.0  (lx 0B: ~free) = 38.89 us

gelu[512x1024]  runs=100  LX_PLANNING=True  ALL_LX=False
==== SPYRE_PROFILE: per-kernel host launch timing (min strips host jitter) ====
kernel                                    count     min_us    mean_us     max_us
sdsc_fused_gelu_0                           100     44.196     47.653     58.385
[note] SPYRE_PROFILE_SYNC on: times are per-kernel DEVICE latency (serialized); trust the min.

########################################################################
## RUNG5 SENCORES=8: gelu[512x1024]
## + env SENCORES=8 BENCH_OP=gelu BENCH_ROWS=512 BENCH_COLS=1024 python examples/bench_ops.py
########################################################################
/home/haoyang/torch-spyre/.venv/lib64/python3.12/site-packages/torch/_dynamo/pgo.py:538: UserWarning: dynamo_pgo force disabled by torch.compiler.config.force_disable_caches
  warn_once(
==============================================================================
==== Cost model features + prediction (after pre-scheduling)
==============================================================================
  gelu         out=524288 cores=8 hbm=2097152B lx=0B
      output hbm 524288 elems
      input  hbm 524288 elems
  => T = 20000ns(fill) + 2097152/111.0  (lx 0B: ~free) = 38.89 us

gelu[512x1024]  runs=100  LX_PLANNING=True  ALL_LX=False
==== SPYRE_PROFILE: per-kernel host launch timing (min strips host jitter) ====
kernel                                    count     min_us    mean_us     max_us
sdsc_fused_gelu_0                           100     40.470     45.837     49.713
[note] SPYRE_PROFILE_SYNC on: times are per-kernel DEVICE latency (serialized); trust the min.

########################################################################
## RUNG5 SENCORES=16: gelu[512x1024]
## + env SENCORES=16 BENCH_OP=gelu BENCH_ROWS=512 BENCH_COLS=1024 python examples/bench_ops.py
########################################################################
/home/haoyang/torch-spyre/.venv/lib64/python3.12/site-packages/torch/_dynamo/pgo.py:538: UserWarning: dynamo_pgo force disabled by torch.compiler.config.force_disable_caches
  warn_once(
==============================================================================
==== Cost model features + prediction (after pre-scheduling)
==============================================================================
  gelu         out=524288 cores=16 hbm=2097152B lx=0B
      output hbm 524288 elems
      input  hbm 524288 elems
  => T = 20000ns(fill) + 2097152/111.0  (lx 0B: ~free) = 38.89 us

gelu[512x1024]  runs=100  LX_PLANNING=True  ALL_LX=False
==== SPYRE_PROFILE: per-kernel host launch timing (min strips host jitter) ====
kernel                                    count     min_us    mean_us     max_us
sdsc_fused_gelu_0                           100     40.200     45.191     53.562
[note] SPYRE_PROFILE_SYNC on: times are per-kernel DEVICE latency (serialized); trust the min.

########################################################################
## RUNG5 SENCORES=32: gelu[512x1024]
## + env SENCORES=32 BENCH_OP=gelu BENCH_ROWS=512 BENCH_COLS=1024 python examples/bench_ops.py
########################################################################
/home/haoyang/torch-spyre/.venv/lib64/python3.12/site-packages/torch/_dynamo/pgo.py:538: UserWarning: dynamo_pgo force disabled by torch.compiler.config.force_disable_caches
  warn_once(
==============================================================================
==== Cost model features + prediction (after pre-scheduling)
==============================================================================
  gelu         out=524288 cores=32 hbm=2097152B lx=0B
      output hbm 524288 elems
      input  hbm 524288 elems
  => T = 20000ns(fill) + 2097152/111.0  (lx 0B: ~free) = 38.89 us

gelu[512x1024]  runs=100  LX_PLANNING=True  ALL_LX=False
==== SPYRE_PROFILE: per-kernel host launch timing (min strips host jitter) ====
kernel                                    count     min_us    mean_us     max_us
sdsc_fused_gelu_0                           100     38.789     43.385     47.167
[note] SPYRE_PROFILE_SYNC on: times are per-kernel DEVICE latency (serialized); trust the min.

########################################################################
## RUNG6 broadcast: bcast[512x1024] (b is [1x1024])
## + env BENCH_OP=bcast BENCH_ROWS=512 BENCH_COLS=1024 python examples/bench_ops.py
########################################################################
/home/haoyang/torch-spyre/.venv/lib64/python3.12/site-packages/torch/_dynamo/pgo.py:538: UserWarning: dynamo_pgo force disabled by torch.compiler.config.force_disable_caches
  warn_once(
==============================================================================
==== Cost model features + prediction (after pre-scheduling)
==============================================================================
  add          out=524288 cores=32 hbm=3145728B lx=0B
      output hbm 524288 elems
      input  hbm 524288 elems
      input  hbm 524288 elems broadcast
  => T = 20000ns(fill) + 3145728/111.0  (lx 0B: ~free) = 48.34 us

bcast[512x1024]  runs=100  LX_PLANNING=True  ALL_LX=False
==== SPYRE_PROFILE: per-kernel host launch timing (min strips host jitter) ====
kernel                                    count     min_us    mean_us     max_us
sdsc_fused_add_0                            100     33.238     40.861     48.629
[note] SPYRE_PROFILE_SYNC on: times are per-kernel DEVICE latency (serialized); trust the min.

########################################################################
## RUNG6 full ref:  add[512x1024]
## + env BENCH_OP=add BENCH_ROWS=512 BENCH_COLS=1024 python examples/bench_ops.py
########################################################################
/home/haoyang/torch-spyre/.venv/lib64/python3.12/site-packages/torch/_dynamo/pgo.py:538: UserWarning: dynamo_pgo force disabled by torch.compiler.config.force_disable_caches
  warn_once(
==============================================================================
==== Cost model features + prediction (after pre-scheduling)
==============================================================================
  add          out=524288 cores=32 hbm=3145728B lx=0B
      output hbm 524288 elems
      input  hbm 524288 elems
      input  hbm 524288 elems
  => T = 20000ns(fill) + 3145728/111.0  (lx 0B: ~free) = 48.34 us

add[512x1024]  runs=100  LX_PLANNING=True  ALL_LX=False
==== SPYRE_PROFILE: per-kernel host launch timing (min strips host jitter) ====
kernel                                    count     min_us    mean_us     max_us
sdsc_fused_add_0                            100     55.767     60.855     77.108
[note] SPYRE_PROFILE_SYNC on: times are per-kernel DEVICE latency (serialized); trust the min.

########################################################################
## RUNG6 mul-broadcast: mulbcast[512x1024] (b is [1x1024])
## + env BENCH_OP=mulbcast BENCH_ROWS=512 BENCH_COLS=1024 python examples/bench_ops.py
########################################################################
/home/haoyang/torch-spyre/.venv/lib64/python3.12/site-packages/torch/_dynamo/pgo.py:538: UserWarning: dynamo_pgo force disabled by torch.compiler.config.force_disable_caches
  warn_once(
==============================================================================
==== Cost model features + prediction (after pre-scheduling)
==============================================================================
  mul          out=524288 cores=32 hbm=3145728B lx=0B
      output hbm 524288 elems
      input  hbm 524288 elems
      input  hbm 524288 elems broadcast
  => T = 20000ns(fill) + 3145728/111.0  (lx 0B: ~free) = 48.34 us

mulbcast[512x1024]  runs=100  LX_PLANNING=True  ALL_LX=False
==== SPYRE_PROFILE: per-kernel host launch timing (min strips host jitter) ====
kernel                                    count     min_us    mean_us     max_us
sdsc_fused_mul_0                            100     34.721     39.704     45.002
[note] SPYRE_PROFILE_SYNC on: times are per-kernel DEVICE latency (serialized); trust the min.

########################################################################
## RUNG6 mul full ref: mul[512x1024]
## + env BENCH_OP=mul BENCH_ROWS=512 BENCH_COLS=1024 python examples/bench_ops.py
########################################################################
/home/haoyang/torch-spyre/.venv/lib64/python3.12/site-packages/torch/_dynamo/pgo.py:538: UserWarning: dynamo_pgo force disabled by torch.compiler.config.force_disable_caches
  warn_once(
==============================================================================
==== Cost model features + prediction (after pre-scheduling)
==============================================================================
  mul          out=524288 cores=32 hbm=3145728B lx=0B
      output hbm 524288 elems
      input  hbm 524288 elems
      input  hbm 524288 elems
  => T = 20000ns(fill) + 3145728/111.0  (lx 0B: ~free) = 48.34 us

mul[512x1024]  runs=100  LX_PLANNING=True  ALL_LX=False
==== SPYRE_PROFILE: per-kernel host launch timing (min strips host jitter) ====
kernel                                    count     min_us    mean_us     max_us
sdsc_fused_mul_0                            100     56.471     61.999     65.167
[note] SPYRE_PROFILE_SYNC on: times are per-kernel DEVICE latency (serialized); trust the min.

########################################################################
## RUNG6 broadcast: bcast[512x4096] (b is [1x4096])
## + env BENCH_OP=bcast BENCH_ROWS=512 BENCH_COLS=4096 python examples/bench_ops.py
########################################################################
/home/haoyang/torch-spyre/.venv/lib64/python3.12/site-packages/torch/_dynamo/pgo.py:538: UserWarning: dynamo_pgo force disabled by torch.compiler.config.force_disable_caches
  warn_once(
==============================================================================
==== Cost model features + prediction (after pre-scheduling)
==============================================================================
  add          out=2097152 cores=32 hbm=12582912B lx=0B
      output hbm 2097152 elems
      input  hbm 2097152 elems
      input  hbm 2097152 elems broadcast
  => T = 20000ns(fill) + 12582912/111.0  (lx 0B: ~free) = 133.36 us

bcast[512x4096]  runs=100  LX_PLANNING=True  ALL_LX=False
==== SPYRE_PROFILE: per-kernel host launch timing (min strips host jitter) ====
kernel                                    count     min_us    mean_us     max_us
sdsc_fused_add_0                            100     93.109    105.204    121.298
[note] SPYRE_PROFILE_SYNC on: times are per-kernel DEVICE latency (serialized); trust the min.

########################################################################
## RUNG6 full ref:  add[512x4096]
## + env BENCH_OP=add BENCH_ROWS=512 BENCH_COLS=4096 python examples/bench_ops.py
########################################################################
/home/haoyang/torch-spyre/.venv/lib64/python3.12/site-packages/torch/_dynamo/pgo.py:538: UserWarning: dynamo_pgo force disabled by torch.compiler.config.force_disable_caches
  warn_once(
==============================================================================
==== Cost model features + prediction (after pre-scheduling)
==============================================================================
  add          out=2097152 cores=32 hbm=12582912B lx=0B
      output hbm 2097152 elems
      input  hbm 2097152 elems
      input  hbm 2097152 elems
  => T = 20000ns(fill) + 12582912/111.0  (lx 0B: ~free) = 133.36 us

add[512x4096]  runs=100  LX_PLANNING=True  ALL_LX=False
==== SPYRE_PROFILE: per-kernel host launch timing (min strips host jitter) ====
kernel                                    count     min_us    mean_us     max_us
sdsc_fused_add_0                            100    166.637    176.393    262.622
[note] SPYRE_PROFILE_SYNC on: times are per-kernel DEVICE latency (serialized); trust the min.

########################################################################
## RUNG6 mul-broadcast: mulbcast[512x4096] (b is [1x4096])
## + env BENCH_OP=mulbcast BENCH_ROWS=512 BENCH_COLS=4096 python examples/bench_ops.py
########################################################################
/home/haoyang/torch-spyre/.venv/lib64/python3.12/site-packages/torch/_dynamo/pgo.py:538: UserWarning: dynamo_pgo force disabled by torch.compiler.config.force_disable_caches
  warn_once(
==============================================================================
==== Cost model features + prediction (after pre-scheduling)
==============================================================================
  mul          out=2097152 cores=32 hbm=12582912B lx=0B
      output hbm 2097152 elems
      input  hbm 2097152 elems
      input  hbm 2097152 elems broadcast
  => T = 20000ns(fill) + 12582912/111.0  (lx 0B: ~free) = 133.36 us

mulbcast[512x4096]  runs=100  LX_PLANNING=True  ALL_LX=False
==== SPYRE_PROFILE: per-kernel host launch timing (min strips host jitter) ====
kernel                                    count     min_us    mean_us     max_us
sdsc_fused_mul_0                            100     94.107    105.195    144.171
[note] SPYRE_PROFILE_SYNC on: times are per-kernel DEVICE latency (serialized); trust the min.

########################################################################
## RUNG6 mul full ref: mul[512x4096]
## + env BENCH_OP=mul BENCH_ROWS=512 BENCH_COLS=4096 python examples/bench_ops.py
########################################################################
/home/haoyang/torch-spyre/.venv/lib64/python3.12/site-packages/torch/_dynamo/pgo.py:538: UserWarning: dynamo_pgo force disabled by torch.compiler.config.force_disable_caches
  warn_once(
==============================================================================
==== Cost model features + prediction (after pre-scheduling)
==============================================================================
  mul          out=2097152 cores=32 hbm=12582912B lx=0B
      output hbm 2097152 elems
      input  hbm 2097152 elems
      input  hbm 2097152 elems
  => T = 20000ns(fill) + 12582912/111.0  (lx 0B: ~free) = 133.36 us

mul[512x4096]  runs=100  LX_PLANNING=True  ALL_LX=False
==== SPYRE_PROFILE: per-kernel host launch timing (min strips host jitter) ====
kernel                                    count     min_us    mean_us     max_us
sdsc_fused_mul_0                            100    161.639    175.597    190.475
[note] SPYRE_PROFILE_SYNC on: times are per-kernel DEVICE latency (serialized); trust the min.

########################################################################
## RUNG7 streams: gelu[512x512]
## + env BENCH_OP=gelu BENCH_ROWS=512 BENCH_COLS=512 python examples/bench_ops.py
########################################################################
/home/haoyang/torch-spyre/.venv/lib64/python3.12/site-packages/torch/_dynamo/pgo.py:538: UserWarning: dynamo_pgo force disabled by torch.compiler.config.force_disable_caches
  warn_once(
==============================================================================
==== Cost model features + prediction (after pre-scheduling)
==============================================================================
  gelu         out=262144 cores=32 hbm=1048576B lx=0B
      output hbm 262144 elems
      input  hbm 262144 elems
  => T = 20000ns(fill) + 1048576/111.0  (lx 0B: ~free) = 29.45 us

gelu[512x512]  runs=100  LX_PLANNING=True  ALL_LX=False
==== SPYRE_PROFILE: per-kernel host launch timing (min strips host jitter) ====
kernel                                    count     min_us    mean_us     max_us
sdsc_fused_gelu_0                           100     29.582     34.662     44.083
[note] SPYRE_PROFILE_SYNC on: times are per-kernel DEVICE latency (serialized); trust the min.

########################################################################
## RUNG7 streams: gelu[512x1024]
## + env BENCH_OP=gelu BENCH_ROWS=512 BENCH_COLS=1024 python examples/bench_ops.py
########################################################################
/home/haoyang/torch-spyre/.venv/lib64/python3.12/site-packages/torch/_dynamo/pgo.py:538: UserWarning: dynamo_pgo force disabled by torch.compiler.config.force_disable_caches
  warn_once(
==============================================================================
==== Cost model features + prediction (after pre-scheduling)
==============================================================================
  gelu         out=524288 cores=32 hbm=2097152B lx=0B
      output hbm 524288 elems
      input  hbm 524288 elems
  => T = 20000ns(fill) + 2097152/111.0  (lx 0B: ~free) = 38.89 us

gelu[512x1024]  runs=100  LX_PLANNING=True  ALL_LX=False
==== SPYRE_PROFILE: per-kernel host launch timing (min strips host jitter) ====
kernel                                    count     min_us    mean_us     max_us
sdsc_fused_gelu_0                           100     38.483     42.996     46.912
[note] SPYRE_PROFILE_SYNC on: times are per-kernel DEVICE latency (serialized); trust the min.

########################################################################
## RUNG7 streams: gelu[512x2048]
## + env BENCH_OP=gelu BENCH_ROWS=512 BENCH_COLS=2048 python examples/bench_ops.py
########################################################################
/home/haoyang/torch-spyre/.venv/lib64/python3.12/site-packages/torch/_dynamo/pgo.py:538: UserWarning: dynamo_pgo force disabled by torch.compiler.config.force_disable_caches
  warn_once(
==============================================================================
==== Cost model features + prediction (after pre-scheduling)
==============================================================================
  gelu         out=1048576 cores=32 hbm=4194304B lx=0B
      output hbm 1048576 elems
      input  hbm 1048576 elems
  => T = 20000ns(fill) + 4194304/111.0  (lx 0B: ~free) = 57.79 us

gelu[512x2048]  runs=100  LX_PLANNING=True  ALL_LX=False
==== SPYRE_PROFILE: per-kernel host launch timing (min strips host jitter) ====
kernel                                    count     min_us    mean_us     max_us
sdsc_fused_gelu_0                           100     57.629     63.047     67.846
[note] SPYRE_PROFILE_SYNC on: times are per-kernel DEVICE latency (serialized); trust the min.

########################################################################
## RUNG7 streams: gelu[512x4096]
## + env BENCH_OP=gelu BENCH_ROWS=512 BENCH_COLS=4096 python examples/bench_ops.py
########################################################################
/home/haoyang/torch-spyre/.venv/lib64/python3.12/site-packages/torch/_dynamo/pgo.py:538: UserWarning: dynamo_pgo force disabled by torch.compiler.config.force_disable_caches
  warn_once(
==============================================================================
==== Cost model features + prediction (after pre-scheduling)
==============================================================================
  gelu         out=2097152 cores=32 hbm=8388608B lx=0B
      output hbm 2097152 elems
      input  hbm 2097152 elems
  => T = 20000ns(fill) + 8388608/111.0  (lx 0B: ~free) = 95.57 us

gelu[512x4096]  runs=100  LX_PLANNING=True  ALL_LX=False
==== SPYRE_PROFILE: per-kernel host launch timing (min strips host jitter) ====
kernel                                    count     min_us    mean_us     max_us
sdsc_fused_gelu_0                           100     94.932    101.697    106.588
[note] SPYRE_PROFILE_SYNC on: times are per-kernel DEVICE latency (serialized); trust the min.

########################################################################
## RUNG7 streams: mul[512x512]
## + env BENCH_OP=mul BENCH_ROWS=512 BENCH_COLS=512 python examples/bench_ops.py
########################################################################
/home/haoyang/torch-spyre/.venv/lib64/python3.12/site-packages/torch/_dynamo/pgo.py:538: UserWarning: dynamo_pgo force disabled by torch.compiler.config.force_disable_caches
  warn_once(
==============================================================================
==== Cost model features + prediction (after pre-scheduling)
==============================================================================
  mul          out=262144 cores=32 hbm=1572864B lx=0B
      output hbm 262144 elems
      input  hbm 262144 elems
      input  hbm 262144 elems
  => T = 20000ns(fill) + 1572864/111.0  (lx 0B: ~free) = 34.17 us

mul[512x512]  runs=100  LX_PLANNING=True  ALL_LX=False
==== SPYRE_PROFILE: per-kernel host launch timing (min strips host jitter) ====
kernel                                    count     min_us    mean_us     max_us
sdsc_fused_mul_0                            100     37.731     65.665   2365.343
[note] SPYRE_PROFILE_SYNC on: times are per-kernel DEVICE latency (serialized); trust the min.

########################################################################
## RUNG7 streams: mul[512x1024]
## + env BENCH_OP=mul BENCH_ROWS=512 BENCH_COLS=1024 python examples/bench_ops.py
########################################################################
/home/haoyang/torch-spyre/.venv/lib64/python3.12/site-packages/torch/_dynamo/pgo.py:538: UserWarning: dynamo_pgo force disabled by torch.compiler.config.force_disable_caches
  warn_once(
==============================================================================
==== Cost model features + prediction (after pre-scheduling)
==============================================================================
  mul          out=524288 cores=32 hbm=3145728B lx=0B
      output hbm 524288 elems
      input  hbm 524288 elems
      input  hbm 524288 elems
  => T = 20000ns(fill) + 3145728/111.0  (lx 0B: ~free) = 48.34 us

mul[512x1024]  runs=100  LX_PLANNING=True  ALL_LX=False
==== SPYRE_PROFILE: per-kernel host launch timing (min strips host jitter) ====
kernel                                    count     min_us    mean_us     max_us
sdsc_fused_mul_0                            100     55.859     61.822     72.565
[note] SPYRE_PROFILE_SYNC on: times are per-kernel DEVICE latency (serialized); trust the min.

########################################################################
## RUNG7 streams: mul[512x2048]
## + env BENCH_OP=mul BENCH_ROWS=512 BENCH_COLS=2048 python examples/bench_ops.py
########################################################################
/home/haoyang/torch-spyre/.venv/lib64/python3.12/site-packages/torch/_dynamo/pgo.py:538: UserWarning: dynamo_pgo force disabled by torch.compiler.config.force_disable_caches
  warn_once(
==============================================================================
==== Cost model features + prediction (after pre-scheduling)
==============================================================================
  mul          out=1048576 cores=32 hbm=6291456B lx=0B
      output hbm 1048576 elems
      input  hbm 1048576 elems
      input  hbm 1048576 elems
  => T = 20000ns(fill) + 6291456/111.0  (lx 0B: ~free) = 76.68 us

mul[512x2048]  runs=100  LX_PLANNING=True  ALL_LX=False
==== SPYRE_PROFILE: per-kernel host launch timing (min strips host jitter) ====
kernel                                    count     min_us    mean_us     max_us
sdsc_fused_mul_0                            100     94.499     98.523    104.382
[note] SPYRE_PROFILE_SYNC on: times are per-kernel DEVICE latency (serialized); trust the min.

########################################################################
## RUNG7 streams: mul[512x4096]
## + env BENCH_OP=mul BENCH_ROWS=512 BENCH_COLS=4096 python examples/bench_ops.py
########################################################################
/home/haoyang/torch-spyre/.venv/lib64/python3.12/site-packages/torch/_dynamo/pgo.py:538: UserWarning: dynamo_pgo force disabled by torch.compiler.config.force_disable_caches
  warn_once(
==============================================================================
==== Cost model features + prediction (after pre-scheduling)
==============================================================================
  mul          out=2097152 cores=32 hbm=12582912B lx=0B
      output hbm 2097152 elems
      input  hbm 2097152 elems
      input  hbm 2097152 elems
  => T = 20000ns(fill) + 12582912/111.0  (lx 0B: ~free) = 133.36 us

mul[512x4096]  runs=100  LX_PLANNING=True  ALL_LX=False
==== SPYRE_PROFILE: per-kernel host launch timing (min strips host jitter) ====
kernel                                    count     min_us    mean_us     max_us
sdsc_fused_mul_0                            100    162.035    173.822    184.851
[note] SPYRE_PROFILE_SYNC on: times are per-kernel DEVICE latency (serialized); trust the min.

########################################################################
## RUNG7 streams: add3[512x512]
## + env BENCH_OP=add3 BENCH_ROWS=512 BENCH_COLS=512 python examples/bench_ops.py
########################################################################
/home/haoyang/torch-spyre/.venv/lib64/python3.12/site-packages/torch/_dynamo/pgo.py:538: UserWarning: dynamo_pgo force disabled by torch.compiler.config.force_disable_caches
  warn_once(
==============================================================================
==== Cost model features + prediction (after pre-scheduling)
==============================================================================
  add          out=262144 cores=32 hbm=1048576B lx=524288B
      output lx  262144 elems
      input  hbm 262144 elems
      input  hbm 262144 elems
  add_1        out=262144 cores=32 hbm=1048576B lx=524288B
      output hbm 262144 elems
      input  lx  262144 elems
      input  hbm 262144 elems
  => T = 20000ns(fill) + 2097152/111.0  (lx 1048576B: ~free) = 38.89 us

add3[512x512]  runs=100  LX_PLANNING=True  ALL_LX=False
==== SPYRE_PROFILE: per-kernel host launch timing (min strips host jitter) ====
kernel                                    count     min_us    mean_us     max_us
sdsc_fused_add_0                            100     38.070     42.747     48.366
[note] SPYRE_PROFILE_SYNC on: times are per-kernel DEVICE latency (serialized); trust the min.

########################################################################
## RUNG7 streams: add3[512x1024]
## + env BENCH_OP=add3 BENCH_ROWS=512 BENCH_COLS=1024 python examples/bench_ops.py
########################################################################
/home/haoyang/torch-spyre/.venv/lib64/python3.12/site-packages/torch/_dynamo/pgo.py:538: UserWarning: dynamo_pgo force disabled by torch.compiler.config.force_disable_caches
  warn_once(
==============================================================================
==== Cost model features + prediction (after pre-scheduling)
==============================================================================
  add          out=524288 cores=32 hbm=2097152B lx=1048576B
      output lx  524288 elems
      input  hbm 524288 elems
      input  hbm 524288 elems
  add_1        out=524288 cores=32 hbm=2097152B lx=1048576B
      output hbm 524288 elems
      input  lx  524288 elems
      input  hbm 524288 elems
  => T = 20000ns(fill) + 4194304/111.0  (lx 2097152B: ~free) = 57.79 us

add3[512x1024]  runs=100  LX_PLANNING=True  ALL_LX=False
==== SPYRE_PROFILE: per-kernel host launch timing (min strips host jitter) ====
kernel                                    count     min_us    mean_us     max_us
sdsc_fused_add_0                            100     54.203     60.872     65.375
[note] SPYRE_PROFILE_SYNC on: times are per-kernel DEVICE latency (serialized); trust the min.

########################################################################
## RUNG7 streams: add3[512x2048]
## + env BENCH_OP=add3 BENCH_ROWS=512 BENCH_COLS=2048 python examples/bench_ops.py
########################################################################
/home/haoyang/torch-spyre/.venv/lib64/python3.12/site-packages/torch/_dynamo/pgo.py:538: UserWarning: dynamo_pgo force disabled by torch.compiler.config.force_disable_caches
  warn_once(
==============================================================================
==== Cost model features + prediction (after pre-scheduling)
==============================================================================
  add          out=1048576 cores=32 hbm=4194304B lx=2097152B
      output lx  1048576 elems
      input  hbm 1048576 elems
      input  hbm 1048576 elems
  add_1        out=1048576 cores=32 hbm=4194304B lx=2097152B
      output hbm 1048576 elems
      input  lx  1048576 elems
      input  hbm 1048576 elems
  => T = 20000ns(fill) + 8388608/111.0  (lx 4194304B: ~free) = 95.57 us

add3[512x2048]  runs=100  LX_PLANNING=True  ALL_LX=False
==== SPYRE_PROFILE: per-kernel host launch timing (min strips host jitter) ====
kernel                                    count     min_us    mean_us     max_us
sdsc_fused_add_0                            100     90.493     96.907    103.035
[note] SPYRE_PROFILE_SYNC on: times are per-kernel DEVICE latency (serialized); trust the min.

########################################################################
## RUNG7 streams: add3[512x4096]
## + env BENCH_OP=add3 BENCH_ROWS=512 BENCH_COLS=4096 python examples/bench_ops.py
########################################################################
/home/haoyang/torch-spyre/.venv/lib64/python3.12/site-packages/torch/_dynamo/pgo.py:538: UserWarning: dynamo_pgo force disabled by torch.compiler.config.force_disable_caches
  warn_once(
==============================================================================
==== Cost model features + prediction (after pre-scheduling)
==============================================================================
  add          out=2097152 cores=32 hbm=8388608B lx=4194304B
      output lx  2097152 elems
      input  hbm 2097152 elems
      input  hbm 2097152 elems
  add_1        out=2097152 cores=32 hbm=8388608B lx=4194304B
      output hbm 2097152 elems
      input  lx  2097152 elems
      input  hbm 2097152 elems
  => T = 20000ns(fill) + 16777216/111.0  (lx 8388608B: ~free) = 171.15 us

add3[512x4096]  runs=100  LX_PLANNING=True  ALL_LX=False
==== SPYRE_PROFILE: per-kernel host launch timing (min strips host jitter) ====
kernel                                    count     min_us    mean_us     max_us
sdsc_fused_add_0                            100    164.461    180.038    190.468
[note] SPYRE_PROFILE_SYNC on: times are per-kernel DEVICE latency (serialized); trust the min.

########################################################################
## RUNG7 streams: add4[512x512]
## + env BENCH_OP=add4 BENCH_ROWS=512 BENCH_COLS=512 python examples/bench_ops.py
########################################################################
/home/haoyang/torch-spyre/.venv/lib64/python3.12/site-packages/torch/_dynamo/pgo.py:538: UserWarning: dynamo_pgo force disabled by torch.compiler.config.force_disable_caches
  warn_once(
==============================================================================
==== Cost model features + prediction (after pre-scheduling)
==============================================================================
  add          out=262144 cores=32 hbm=1048576B lx=524288B
      output lx  262144 elems
      input  hbm 262144 elems
      input  hbm 262144 elems
  add_1        out=262144 cores=32 hbm=524288B lx=1048576B
      output lx  262144 elems
      input  lx  262144 elems
      input  hbm 262144 elems
  add_2        out=262144 cores=32 hbm=1048576B lx=524288B
      output hbm 262144 elems
      input  lx  262144 elems
      input  hbm 262144 elems
  => T = 20000ns(fill) + 2621440/111.0  (lx 2097152B: ~free) = 43.62 us

add4[512x512]  runs=100  LX_PLANNING=True  ALL_LX=False
==== SPYRE_PROFILE: per-kernel host launch timing (min strips host jitter) ====
kernel                                    count     min_us    mean_us     max_us
sdsc_fused_add_0                            100     41.100     45.793     48.981
[note] SPYRE_PROFILE_SYNC on: times are per-kernel DEVICE latency (serialized); trust the min.

########################################################################
## RUNG7 streams: add4[512x1024]
## + env BENCH_OP=add4 BENCH_ROWS=512 BENCH_COLS=1024 python examples/bench_ops.py
########################################################################
/home/haoyang/torch-spyre/.venv/lib64/python3.12/site-packages/torch/_dynamo/pgo.py:538: UserWarning: dynamo_pgo force disabled by torch.compiler.config.force_disable_caches
  warn_once(
==============================================================================
==== Cost model features + prediction (after pre-scheduling)
==============================================================================
  add          out=524288 cores=32 hbm=2097152B lx=1048576B
      output lx  524288 elems
      input  hbm 524288 elems
      input  hbm 524288 elems
  add_1        out=524288 cores=32 hbm=1048576B lx=2097152B
      output lx  524288 elems
      input  lx  524288 elems
      input  hbm 524288 elems
  add_2        out=524288 cores=32 hbm=2097152B lx=1048576B
      output hbm 524288 elems
      input  lx  524288 elems
      input  hbm 524288 elems
  => T = 20000ns(fill) + 5242880/111.0  (lx 4194304B: ~free) = 67.23 us

add4[512x1024]  runs=100  LX_PLANNING=True  ALL_LX=False
==== SPYRE_PROFILE: per-kernel host launch timing (min strips host jitter) ====
kernel                                    count     min_us    mean_us     max_us
sdsc_fused_add_0                            100     60.818     65.257     69.943
[note] SPYRE_PROFILE_SYNC on: times are per-kernel DEVICE latency (serialized); trust the min.

########################################################################
## RUNG7 streams: add4[512x2048]
## + env BENCH_OP=add4 BENCH_ROWS=512 BENCH_COLS=2048 python examples/bench_ops.py
########################################################################
/home/haoyang/torch-spyre/.venv/lib64/python3.12/site-packages/torch/_dynamo/pgo.py:538: UserWarning: dynamo_pgo force disabled by torch.compiler.config.force_disable_caches
  warn_once(
==============================================================================
==== Cost model features + prediction (after pre-scheduling)
==============================================================================
  add          out=1048576 cores=32 hbm=4194304B lx=2097152B
      output lx  1048576 elems
      input  hbm 1048576 elems
      input  hbm 1048576 elems
  add_1        out=1048576 cores=32 hbm=2097152B lx=4194304B
      output lx  1048576 elems
      input  lx  1048576 elems
      input  hbm 1048576 elems
  add_2        out=1048576 cores=32 hbm=4194304B lx=2097152B
      output hbm 1048576 elems
      input  lx  1048576 elems
      input  hbm 1048576 elems
  => T = 20000ns(fill) + 10485760/111.0  (lx 8388608B: ~free) = 114.47 us

add4[512x2048]  runs=100  LX_PLANNING=True  ALL_LX=False
==== SPYRE_PROFILE: per-kernel host launch timing (min strips host jitter) ====
kernel                                    count     min_us    mean_us     max_us
sdsc_fused_add_0                            100     99.095    106.779    115.087
[note] SPYRE_PROFILE_SYNC on: times are per-kernel DEVICE latency (serialized); trust the min.

########################################################################
## RUNG7 streams: add4[512x4096]
## + env BENCH_OP=add4 BENCH_ROWS=512 BENCH_COLS=4096 python examples/bench_ops.py
########################################################################
/home/haoyang/torch-spyre/.venv/lib64/python3.12/site-packages/torch/_dynamo/pgo.py:538: UserWarning: dynamo_pgo force disabled by torch.compiler.config.force_disable_caches
  warn_once(
==============================================================================
==== Cost model features + prediction (after pre-scheduling)
==============================================================================
  add          out=2097152 cores=32 hbm=8388608B lx=4194304B
      output lx  2097152 elems
      input  hbm 2097152 elems
      input  hbm 2097152 elems
  add_1        out=2097152 cores=32 hbm=4194304B lx=8388608B
      output lx  2097152 elems
      input  lx  2097152 elems
      input  hbm 2097152 elems
  add_2        out=2097152 cores=32 hbm=8388608B lx=4194304B
      output hbm 2097152 elems
      input  lx  2097152 elems
      input  hbm 2097152 elems
  => T = 20000ns(fill) + 20971520/111.0  (lx 16777216B: ~free) = 208.93 us

add4[512x4096]  runs=100  LX_PLANNING=True  ALL_LX=False
==== SPYRE_PROFILE: per-kernel host launch timing (min strips host jitter) ====
kernel                                    count     min_us    mean_us     max_us
sdsc_fused_add_0                            100    189.301    200.412    279.460
[note] SPYRE_PROFILE_SYNC on: times are per-kernel DEVICE latency (serialized); trust the min.

================ DONE. forward this file: haoyang_logs/cost_model_results_20260615_200851.log ================
