==============================================================================
==== ATen FX graph (post-grad, pre-lowering)
==============================================================================
%arg0_1 : [num_users=1] = placeholder[target=arg0_1]    # torch.float16 (1, 32, 4096, 128) spyre:0
%arg1_1 : [num_users=1] = placeholder[target=arg1_1]    # torch.float16 (1, 32, 4096, 128) spyre:0
%arg2_1 : [num_users=1] = placeholder[target=arg2_1]    # torch.float16 (1, 1, 4096, 4096) spyre:0
%arg3_1 : [num_users=1] = placeholder[target=arg3_1]    # torch.float16 (1, 32, 4096, 128) spyre:0
%full_default : [num_users=1] = call_function[target=torch.ops.aten.full.default](args = ([1, 32, 4096, 128], 0), kwargs = {dtype: torch.float16, layout: torch.strided, device: spyre:0, pin_memory: False})    # torch.float16 (1, 32, 4096, 128) spyre:0
%full_default_1 : [num_users=1] = call_function[target=torch.ops.aten.full.default](args = ([1, 32, 4096, 64], -inf), kwargs = {dtype: torch.float16, layout: torch.strided, device: spyre:0, pin_memory: False})    # torch.float16 (1, 32, 4096, 64) spyre:0
%amax : [num_users=2] = call_function[target=torch.ops.aten.amax.default](args = (%full_default_1, [-1]), kwargs = {})    # torch.float16 (1, 32, 4096) spyre:0
%mul_1 : [num_users=1] = call_function[target=torch.ops.aten.mul.Tensor](args = (%arg0_1, 0.29730177875068026), kwargs = {})    # torch.float16 (1, 32, 4096, 128) spyre:0
%expand : [num_users=1] = call_function[target=torch.ops.aten.expand.default](args = (%mul_1, [1, 32, 4096, 128]), kwargs = {})    # torch.float16 (1, 32, 4096, 128) spyre:0
%mul : [num_users=1] = call_function[target=torch.ops.aten.mul.Tensor](args = (%arg1_1, 0.29730177875068026), kwargs = {})    # torch.float16 (1, 32, 4096, 128) spyre:0
%permute : [num_users=1] = call_function[target=torch.ops.aten.permute.default](args = (%mul, [0, 1, 3, 2]), kwargs = {})    # torch.float16 (1, 32, 128, 4096) spyre:0
%expand_1 : [num_users=1] = call_function[target=torch.ops.aten.expand.default](args = (%permute, [1, 32, 128, 4096]), kwargs = {})    # torch.float16 (1, 32, 128, 4096) spyre:0
%batched_matmul_default_1 : [num_users=1] = call_function[target=torch.ops.spyre.batched_matmul.default](args = (%expand, %expand_1), kwargs = {})    # torch.float16 (1, 32, 4096, 4096) spyre:0
%add : [num_users=2] = call_function[target=torch.ops.aten.add.Tensor](args = (%batched_matmul_default_1, %arg2_1), kwargs = {})    # torch.float16 (1, 32, 4096, 4096) spyre:0
%amax_2 : [num_users=1] = call_function[target=torch.ops.aten.amax.default](args = (%add, [-1]), kwargs = {})    # torch.float16 (1, 32, 4096) spyre:0
%maximum : [num_users=2] = call_function[target=torch.ops.aten.maximum.default](args = (%amax, %amax_2), kwargs = {})    # torch.float16 (1, 32, 4096) spyre:0
%sub_1 : [num_users=1] = call_function[target=torch.ops.aten.sub.Tensor](args = (%amax, %maximum), kwargs = {})    # torch.float16 (1, 32, 4096) spyre:0
%exp_1 : [num_users=2] = call_function[target=torch.ops.aten.exp.default](args = (%sub_1,), kwargs = {})    # torch.float16 (1, 32, 4096) spyre:0
%unsqueeze_1 : [num_users=1] = call_function[target=torch.ops.aten.unsqueeze.default](args = (%exp_1, -1), kwargs = {})    # torch.float16 (1, 32, 4096, 1) spyre:0
%mul_3 : [num_users=1] = call_function[target=torch.ops.aten.mul.Tensor](args = (%full_default, %unsqueeze_1), kwargs = {})    # torch.float16 (1, 32, 4096, 128) spyre:0
%unsqueeze : [num_users=1] = call_function[target=torch.ops.aten.unsqueeze.default](args = (%maximum, -1), kwargs = {})    # torch.float16 (1, 32, 4096, 1) spyre:0
%sub : [num_users=1] = call_function[target=torch.ops.aten.sub.Tensor](args = (%add, %unsqueeze), kwargs = {})    # torch.float16 (1, 32, 4096, 4096) spyre:0
%exp : [num_users=2] = call_function[target=torch.ops.aten.exp.default](args = (%sub,), kwargs = {})    # torch.float16 (1, 32, 4096, 4096) spyre:0
%expand_2 : [num_users=1] = call_function[target=torch.ops.aten.expand.default](args = (%exp, [1, 32, 4096, 4096]), kwargs = {})    # torch.float16 (1, 32, 4096, 4096) spyre:0
%expand_3 : [num_users=1] = call_function[target=torch.ops.aten.expand.default](args = (%arg3_1, [1, 32, 4096, 128]), kwargs = {})    # torch.float16 (1, 32, 4096, 128) spyre:0
%batched_matmul_default : [num_users=1] = call_function[target=torch.ops.spyre.batched_matmul.default](args = (%expand_2, %expand_3), kwargs = {})    # torch.float16 (1, 32, 4096, 128) spyre:0
%add_2 : [num_users=1] = call_function[target=torch.ops.aten.add.Tensor](args = (%mul_3, %batched_matmul_default), kwargs = {})    # torch.float16 (1, 32, 4096, 128) spyre:0
%full_default_2 : [num_users=1] = call_function[target=torch.ops.aten.full.default](args = ([1, 32, 4096, 64], 0), kwargs = {dtype: torch.float16, layout: torch.strided, device: spyre:0, pin_memory: False})    # torch.float16 (1, 32, 4096, 64) spyre:0
%amax_1 : [num_users=1] = call_function[target=torch.ops.aten.amax.default](args = (%full_default_2, [-1]), kwargs = {})    # torch.float16 (1, 32, 4096) spyre:0
%mul_2 : [num_users=1] = call_function[target=torch.ops.aten.mul.Tensor](args = (%amax_1, %exp_1), kwargs = {})    # torch.float16 (1, 32, 4096) spyre:0
%sum_1 : [num_users=1] = call_function[target=torch.ops.aten.sum.dim_IntList](args = (%exp, [-1]), kwargs = {})    # torch.float16 (1, 32, 4096) spyre:0
%add_1 : [num_users=1] = call_function[target=torch.ops.aten.add.Tensor](args = (%mul_2, %sum_1), kwargs = {})    # torch.float16 (1, 32, 4096) spyre:0
%unsqueeze_3 : [num_users=1] = call_function[target=torch.ops.aten.unsqueeze.default](args = (%add_1, -1), kwargs = {})    # torch.float16 (1, 32, 4096, 1) spyre:0
%div : [num_users=1] = call_function[target=torch.ops.aten.div.Tensor](args = (%add_2, %unsqueeze_3), kwargs = {})    # torch.float16 (1, 32, 4096, 128) spyre:0
return (div,)
[35 nodes]

==============================================================================
==== LoopLevel IR - BEFORE pre-scheduling passes
==============================================================================
op0: SpyreConstantFallback

op1: ComputedBuffer
  layout=FixedLayout('spyre:0', torch.float16, size=[1, 32, 4096, 128], stride=[16777216, 524288, 128, 1])
  Pointwise(
  'spyre',
  torch.float16,
  def inner_fn(index):
      _, i1, i2, i3 = index
      tmp0 = ops.load(buf0, 0)
      return tmp0
  ,
  ranges=[1, 32, 4096, 128],
  origin_node=full_default,
  origins=OrderedSet([full_default]),
  stack_traces = {,
    File "/home/haoyang/torch-spyre/flash_attn_example.py", line 89, in flash_spyre,
      output = torch.zeros_like(queries),
  ,
  }
)

op2: SpyreConstantFallback

op3: ComputedBuffer
  layout=FixedLayout('spyre:0', torch.float16, size=[1, 32, 4096, 64], stride=[8388608, 262144, 64, 1])
  Pointwise(
  'spyre',
  torch.float16,
  def inner_fn(index):
      _, i1, i2, i3 = index
      tmp0 = ops.load(buf2, 0)
      return tmp0
  ,
  ranges=[1, 32, 4096, 64],
  origin_node=full_default_1,
  origins=OrderedSet([full_default_1]),
  stack_traces = {,
    File "/home/haoyang/torch-spyre/flash_attn_example.py", line 92, in flash_spyre,
      real_max = torch.full(,
  ,
  }
)

op4: ComputedBuffer
  layout=FixedLayout('spyre:0', torch.float16, size=[1, 32, 4096], stride=[131072, 4096, 1])
  Reduction(
  'spyre',
  torch.float16,
  def inner_fn(index, rindex):
      _, i1, i2 = index
      r0_0 = rindex
      tmp0 = ops.load(buf3, r0_0 + 64 * i2 + 262144 * i1)
      return tmp0
  ,
  ranges=[1, 32, 4096],
  reduction_ranges=[64],
  reduction_type=max,
  origin_node=amax,
  origins=OrderedSet([amax]),
  stack_traces = {,
    File "/home/haoyang/torch-spyre/flash_attn_example.py", line 95, in flash_spyre,
      real_max = real_max.amax(dim=-1)  # B, H, Lq sparse,
  ,
  }
)

op5: ComputedBuffer
  layout=FixedLayout('spyre:0', torch.float16, size=[1, 32, 4096, 128], stride=[16777216, 524288, 128, 1])
  Pointwise(
  'spyre',
  torch.float16,
  def inner_fn(index):
      _, i1, i2, i3 = index
      tmp0 = ops.load(arg0_1, i3 + 128 * i2 + 524288 * i1)
      tmp1 = ops.constant(0.29730177875068026, torch.float16)
      tmp2 = tmp0 * tmp1
      return tmp2
  ,
  ranges=[1, 32, 4096, 128],
  origin_node=expand,
  origins=OrderedSet([mul_1]),
  stack_traces = {,
    File "/home/haoyang/torch-spyre/flash_attn_example.py", line 110, in flash_spyre,
      scores = torch.matmul(queries * scale, keys_T)  # B, H, Lq, Lk,
  ,
  }
)

op6: ComputedBuffer
  layout=FixedLayout('spyre:0', torch.float16, size=[1, 32, 4096, 128], stride=[16777216, 524288, 128, 1])
  Pointwise(
  'spyre',
  torch.float16,
  def inner_fn(index):
      _, i1, i2, i3 = index
      tmp0 = ops.load(arg1_1, i3 + 128 * i2 + 524288 * i1)
      tmp1 = ops.constant(0.29730177875068026, torch.float16)
      tmp2 = tmp0 * tmp1
      return tmp2
  ,
  ranges=[1, 32, 4096, 128],
  origin_node=mul,
  origins=OrderedSet([mul]),
  stack_traces = {,
    File "/home/haoyang/torch-spyre/flash_attn_example.py", line 108, in flash_spyre,
      scaled_keys = keys * scale  # B, H, Lk, D,
  ,
  }
)

op7: ComputedBuffer
  layout=FixedLayout('spyre:0', torch.float16, size=[1, 32, 4096, 4096], stride=[536870912, 16777216, 4096, 1])
  Reduction(
  'spyre',
  torch.float16,
  def inner_fn(index, rindex):
      _, i1, i2, i3 = index
      r0_0 = rindex
      tmp0 = ops.load(buf5, r0_0 + 128 * i2 + 524288 * i1)
      tmp1 = ops.load(buf6, r0_0 + 128 * i3 + 524288 * i1)
      return (OpsValue('tmp0'), OpsValue('tmp1'))
  ,
  ranges=[1, 32, 4096, 4096],
  reduction_ranges=[128],
  reduction_type=batchmatmul,
  origin_node=batched_matmul_default_1,
  origins=OrderedSet([batched_matmul_default_1, permute]),
  stack_traces = {,
    File "/home/haoyang/torch-spyre/flash_attn_example.py", line 109, in flash_spyre,
      keys_T = scaled_keys.transpose(-1, -2)  # B, H, D, Lk,
  ,
  }
)

op8: ComputedBuffer
  layout=FixedLayout('spyre:0', torch.float16, size=[1, 32, 4096, 4096], stride=[536870912, 16777216, 4096, 1])
  Pointwise(
  'spyre',
  torch.float16,
  def inner_fn(index):
      _, i1, i2, i3 = index
      tmp0 = ops.load(buf7, i3 + 4096 * i2 + 16777216 * i1)
      tmp1 = ops.load(arg2_1, i3 + 4096 * i2)
      tmp2 = tmp0 + tmp1
      return tmp2
  ,
  ranges=[1, 32, 4096, 4096],
  origin_node=add,
  origins=OrderedSet([add]),
  stack_traces = {,
    File "/home/haoyang/torch-spyre/flash_attn_example.py", line 111, in flash_spyre,
      scores = scores + mask  # B, H, Lq, Lk,
  ,
  }
)

op9: ComputedBuffer
  layout=FixedLayout('spyre:0', torch.float16, size=[1, 32, 4096], stride=[131072, 4096, 1])
  Reduction(
  'spyre',
  torch.float16,
  def inner_fn(index, rindex):
      _, i1, i2 = index
      r0_0 = rindex
      tmp0 = ops.load(buf8, r0_0 + 4096 * i2 + 16777216 * i1)
      return tmp0
  ,
  ranges=[1, 32, 4096],
  reduction_ranges=[4096],
  reduction_type=max,
  origin_node=amax_2,
  origins=OrderedSet([amax_2]),
  stack_traces = {,
    File "/home/haoyang/torch-spyre/flash_attn_example.py", line 113, in flash_spyre,
      block_max = torch.amax(scores, dim=-1)  # B, H, Lq sparse,
  ,
  }
)

op10: ComputedBuffer
  layout=FixedLayout('spyre:0', torch.float16, size=[1, 32, 4096], stride=[131072, 4096, 1])
  Pointwise(
  'spyre',
  torch.float16,
  def inner_fn(index):
      _, i1, i2 = index
      tmp0 = ops.load(buf4, i2 + 4096 * i1)
      tmp1 = ops.load(buf9, i2 + 4096 * i1)
      tmp2 = ops.maximum(tmp0, tmp1)
      return tmp2
  ,
  ranges=[1, 32, 4096],
  origin_node=maximum,
  origins=OrderedSet([maximum]),
  stack_traces = {,
    File "/home/haoyang/torch-spyre/flash_attn_example.py", line 114, in flash_spyre,
      running_max = torch.maximum(,
  ,
  }
)

op11: ComputedBuffer
  layout=FixedLayout('spyre:0', torch.float16, size=[1, 32, 4096], stride=[131072, 4096, 1])
  Pointwise(
  'spyre',
  torch.float16,
  def inner_fn(index):
      _, i1, i2 = index
      tmp0 = ops.load(buf4, i2 + 4096 * i1)
      tmp1 = ops.load(buf10, i2 + 4096 * i1)
      tmp2 = tmp0 - tmp1
      return tmp2
  ,
  ranges=[1, 32, 4096],
  origin_node=sub_1,
  origins=OrderedSet([sub_1]),
  stack_traces = {,
    File "/home/haoyang/torch-spyre/flash_attn_example.py", line 122, in flash_spyre,
      real_max - running_max,
  ,
  }
)

op12: ComputedBuffer
  layout=FixedLayout('spyre:0', torch.float16, size=[1, 32, 4096], stride=[131072, 4096, 1])
  Pointwise(
  'spyre',
  torch.float16,
  def inner_fn(index):
      _, i1, i2 = index
      tmp0 = ops.load(buf11, i2 + 4096 * i1)
      tmp1 = ops.exp(tmp0)
      return tmp1
  ,
  ranges=[1, 32, 4096],
  origin_node=exp_1,
  origins=OrderedSet([exp_1]),
  stack_traces = {,
    File "/home/haoyang/torch-spyre/flash_attn_example.py", line 121, in flash_spyre,
      correction = torch.exp(,
  ,
  }
)

op13: ComputedBuffer
  layout=FixedLayout('spyre:0', torch.float16, size=[1, 32, 4096, 128], stride=[16777216, 524288, 128, 1])
  Pointwise(
  'spyre',
  torch.float16,
  def inner_fn(index):
      _, i1, i2, i3 = index
      tmp0 = ops.load(buf1, i3 + 128 * i2 + 524288 * i1)
      tmp1 = ops.load(buf12, i2 + 4096 * i1)
      tmp2 = tmp0 * tmp1
      return tmp2
  ,
  ranges=[1, 32, 4096, 128],
  origin_node=mul_3,
  origins=OrderedSet([mul_3, unsqueeze_1]),
  stack_traces = {,
    File "/home/haoyang/torch-spyre/flash_attn_example.py", line 129, in flash_spyre,
      output * correction.unsqueeze(-1),
  ,
  }
)

op14: ComputedBuffer
  layout=FixedLayout('spyre:0', torch.float16, size=[1, 32, 4096, 4096], stride=[536870912, 16777216, 4096, 1])
  Pointwise(
  'spyre',
  torch.float16,
  def inner_fn(index):
      _, i1, i2, i3 = index
      tmp0 = ops.load(buf8, i3 + 4096 * i2 + 16777216 * i1)
      tmp1 = ops.load(buf10, i2 + 4096 * i1)
      tmp2 = tmp0 - tmp1
      return tmp2
  ,
  ranges=[1, 32, 4096, 4096],
  origin_node=sub,
  origins=OrderedSet([sub, unsqueeze]),
  stack_traces = {,
    File "/home/haoyang/torch-spyre/flash_attn_example.py", line 119, in flash_spyre,
      scores - running_max.unsqueeze(-1),
  ,
  }
)

op15: ComputedBuffer
  layout=FixedLayout('spyre:0', torch.float16, size=[1, 32, 4096, 4096], stride=[536870912, 16777216, 4096, 1])
  Pointwise(
  'spyre',
  torch.float16,
  def inner_fn(index):
      _, i1, i2, i3 = index
      tmp0 = ops.load(buf14, i3 + 4096 * i2 + 16777216 * i1)
      tmp1 = ops.exp(tmp0)
      return tmp1
  ,
  ranges=[1, 32, 4096, 4096],
  origin_node=expand_2,
  origins=OrderedSet([exp]),
  stack_traces = {,
    File "/home/haoyang/torch-spyre/flash_attn_example.py", line 118, in flash_spyre,
      exp_scores = torch.exp(,
  ,
  }
)

op16: ComputedBuffer
  layout=FixedLayout('spyre:0', torch.float16, size=[1, 32, 4096, 128], stride=[16777216, 524288, 128, 1])
  Reduction(
  'spyre',
  torch.float16,
  def inner_fn(index, rindex):
      _, i1, i2, i3 = index
      r0_0 = rindex
      tmp0 = ops.load(buf15, r0_0 + 4096 * i2 + 16777216 * i1)
      tmp1 = ops.load(arg3_1, i3 + 128 * r0_0 + 524288 * i1)
      return (OpsValue('tmp0'), OpsValue('tmp1'))
  ,
  ranges=[1, 32, 4096, 128],
  reduction_ranges=[4096],
  reduction_type=batchmatmul,
  origin_node=batched_matmul_default,
  origins=OrderedSet([batched_matmul_default])
)

op17: ComputedBuffer
  layout=FixedLayout('spyre:0', torch.float16, size=[1, 32, 4096, 128], stride=[16777216, 524288, 128, 1])
  Pointwise(
  'spyre',
  torch.float16,
  def inner_fn(index):
      _, i1, i2, i3 = index
      tmp0 = ops.load(buf13, i3 + 128 * i2 + 524288 * i1)
      tmp1 = ops.load(buf16, i3 + 128 * i2 + 524288 * i1)
      tmp2 = tmp0 + tmp1
      return tmp2
  ,
  ranges=[1, 32, 4096, 128],
  origin_node=add_2,
  origins=OrderedSet([add_2]),
  stack_traces = {,
    File "/home/haoyang/torch-spyre/flash_attn_example.py", line 129, in flash_spyre,
      output * correction.unsqueeze(-1),
  ,
  }
)

op18: SpyreConstantFallback

op19: ComputedBuffer
  layout=FixedLayout('spyre:0', torch.float16, size=[1, 32, 4096, 64], stride=[8388608, 262144, 64, 1])
  Pointwise(
  'spyre',
  torch.float16,
  def inner_fn(index):
      _, i1, i2, i3 = index
      tmp0 = ops.load(buf18, 0)
      return tmp0
  ,
  ranges=[1, 32, 4096, 64],
  origin_node=full_default_2,
  origins=OrderedSet([full_default_2]),
  stack_traces = {,
    File "/home/haoyang/torch-spyre/flash_attn_example.py", line 98, in flash_spyre,
      denominator = torch.zeros(,
  ,
  }
)

op20: ComputedBuffer
  layout=FixedLayout('spyre:0', torch.float16, size=[1, 32, 4096], stride=[131072, 4096, 1])
  Reduction(
  'spyre',
  torch.float16,
  def inner_fn(index, rindex):
      _, i1, i2 = index
      r0_0 = rindex
      tmp0 = ops.load(buf19, r0_0 + 64 * i2 + 262144 * i1)
      return tmp0
  ,
  ranges=[1, 32, 4096],
  reduction_ranges=[64],
  reduction_type=max,
  origin_node=amax_1,
  origins=OrderedSet([amax_1]),
  stack_traces = {,
    File "/home/haoyang/torch-spyre/flash_attn_example.py", line 101, in flash_spyre,
      denominator = denominator.amax(dim=-1)  # B, H, Lq sparse,
  ,
  }
)

op21: ComputedBuffer
  layout=FixedLayout('spyre:0', torch.float16, size=[1, 32, 4096], stride=[131072, 4096, 1])
  Pointwise(
  'spyre',
  torch.float16,
  def inner_fn(index):
      _, i1, i2 = index
      tmp0 = ops.load(buf20, i2 + 4096 * i1)
      tmp1 = ops.load(buf12, i2 + 4096 * i1)
      tmp2 = tmp0 * tmp1
      return tmp2
  ,
  ranges=[1, 32, 4096],
  origin_node=mul_2,
  origins=OrderedSet([mul_2]),
  stack_traces = {,
    File "/home/haoyang/torch-spyre/flash_attn_example.py", line 126, in flash_spyre,
      denominator * correction + exp_scores.sum(dim=-1),
  ,
  }
)

op22: ComputedBuffer
  layout=FixedLayout('spyre:0', torch.float16, size=[1, 32, 4096], stride=[131072, 4096, 1])
  Reduction(
  'spyre',
  torch.float16,
  def inner_fn(index, rindex):
      _, i1, i2 = index
      r0_0 = rindex
      tmp0 = ops.load(buf15, r0_0 + 4096 * i2 + 16777216 * i1)
      return tmp0
  ,
  ranges=[1, 32, 4096],
  reduction_ranges=[4096],
  reduction_type=sum,
  origin_node=sum_1,
  origins=OrderedSet([sum_1]),
  stack_traces = {,
    File "/home/haoyang/torch-spyre/flash_attn_example.py", line 126, in flash_spyre,
      denominator * correction + exp_scores.sum(dim=-1),
  ,
  }
)

op23: ComputedBuffer
  layout=FixedLayout('spyre:0', torch.float16, size=[1, 32, 4096], stride=[131072, 4096, 1])
  Pointwise(
  'spyre',
  torch.float16,
  def inner_fn(index):
      _, i1, i2 = index
      tmp0 = ops.load(buf21, i2 + 4096 * i1)
      tmp1 = ops.load(buf22, i2 + 4096 * i1)
      tmp2 = tmp0 + tmp1
      return tmp2
  ,
  ranges=[1, 32, 4096],
  origin_node=add_1,
  origins=OrderedSet([add_1]),
  stack_traces = {,
    File "/home/haoyang/torch-spyre/flash_attn_example.py", line 126, in flash_spyre,
      denominator * correction + exp_scores.sum(dim=-1),
  ,
  }
)

op24: ComputedBuffer
  layout=FixedLayout('spyre:0', torch.float16, size=[1, 32, 4096, 128], stride=[16777216, 524288, 128, 1])
  Pointwise(
  'spyre',
  torch.float16,
  def inner_fn(index):
      _, i1, i2, i3 = index
      tmp0 = ops.load(buf17, i3 + 128 * i2 + 524288 * i1)
      tmp1 = ops.load(buf23, i2 + 4096 * i1)
      tmp2 = tmp0 / tmp1
      return tmp2
  ,
  ranges=[1, 32, 4096, 128],
  origin_node=div,
  origins=OrderedSet([div, unsqueeze_3]),
  stack_traces = {,
    File "/home/haoyang/torch-spyre/flash_attn_example.py", line 135, in flash_spyre,
      return output / denominator.unsqueeze(-1),
  ,
  }
)

[25 ops]

[WARNING] [spyre.inductor.propagate_named_dims] buf1: loop var d0 has no named dim mapping -- using _untracked_32
[WARNING] [spyre.inductor.propagate_named_dims] buf1: loop var d1 has no named dim mapping -- using _untracked_4096
[WARNING] [spyre.inductor.propagate_named_dims] buf1: loop var d2 has no named dim mapping -- using _untracked_128
[WARNING] [spyre.inductor.propagate_named_dims] buf3: loop var d0 has no named dim mapping -- using _untracked_32
[WARNING] [spyre.inductor.propagate_named_dims] buf3: loop var d1 has no named dim mapping -- using _untracked_4096
[WARNING] [spyre.inductor.propagate_named_dims] buf3: loop var d2 has no named dim mapping -- using _untracked_64
[WARNING] [spyre.inductor.propagate_named_dims] _consume_names: no prefix of ['B', 'H', 'Lq', 'Lk'] multiplies to 4096
[WARNING] [spyre.inductor.propagate_named_dims] buf19: loop var d0 has no named dim mapping -- using _untracked_32
[WARNING] [spyre.inductor.propagate_named_dims] buf19: loop var d1 has no named dim mapping -- using _untracked_4096
[WARNING] [spyre.inductor.propagate_named_dims] buf19: loop var d2 has no named dim mapping -- using _untracked_64
==============================================================================
==== LoopLevel IR - AFTER pre-scheduling passes
==============================================================================
op0: SpyreConstantFallback

op2: SpyreConstantFallback

op25: SpyreConstantFallback

op1: ComputedBuffer
  layout=FixedTiledLayout('spyre:0', torch.float16, size=[1, 32, 4096, 128], stride=[16777216, 524288, 128, 1], device_layout=SpyreTensorLayout(device_size=[32, 4096, 2, 1, 64], stride_map =[524288, 128, 64, -1, 1], device_dtype=DataFormats.SEN169_FP16))
  op_it_space_splits={d0: 1, d1: 32, d2: 1}
  Pointwise(
  'spyre',
  torch.float16,
  def inner_fn(index):
      _, i1, i2, i3 = index
      tmp0 = ops.load(buf0, 0)
      return tmp0
  ,
  ranges=[1, 32, 4096, 128],
  origin_node=full_default,
  origins=OrderedSet([full_default]),
  stack_traces = {,
    File "/home/haoyang/torch-spyre/flash_attn_example.py", line 89, in flash_spyre,
      output = torch.zeros_like(queries),
  ,
  }
)

op3: ComputedBuffer
  layout=FixedTiledLayout('spyre:0', torch.float16, size=[1, 32, 4096, 64], stride=[8388608, 262144, 64, 1], device_layout=SpyreTensorLayout(device_size=[32, 4096, 1, 1, 64], stride_map =[262144, 64, 64, -1, 1], device_dtype=DataFormats.SEN169_FP16))
  op_it_space_splits={d0: 1, d1: 32, d2: 1}
  Pointwise(
  'spyre',
  torch.float16,
  def inner_fn(index):
      _, i1, i2, i3 = index
      tmp0 = ops.load(buf2, 0)
      return tmp0
  ,
  ranges=[1, 32, 4096, 64],
  origin_node=full_default_1,
  origins=OrderedSet([full_default_1]),
  stack_traces = {,
    File "/home/haoyang/torch-spyre/flash_attn_example.py", line 92, in flash_spyre,
      real_max = torch.full(,
  ,
  }
)

op4: ComputedBuffer
  layout=FixedTiledLayout('spyre:0', torch.float16, size=[1, 32, 4096], stride=[131072, 4096, 1], device_layout=SpyreTensorLayout(device_size=[4096, 1, 1, 32, 64], stride_map =[1, -1, -1, 4096, -1], device_dtype=DataFormats.SEN169_FP16))
  op_it_space_splits={d0: 1, d1: 32, d2: 1}
  Reduction(
  'spyre',
  torch.float16,
  def inner_fn(index, rindex):
      _, i1, i2 = index
      r0_0 = rindex
      tmp0 = ops.load(buf3, r0_0 + 64 * i2 + 262144 * i1)
      return tmp0
  ,
  ranges=[1, 32, 4096],
  reduction_ranges=[64],
  reduction_type=max,
  origin_node=amax,
  origins=OrderedSet([amax]),
  stack_traces = {,
    File "/home/haoyang/torch-spyre/flash_attn_example.py", line 95, in flash_spyre,
      real_max = real_max.amax(dim=-1)  # B, H, Lq sparse,
  ,
  }
)

op19: ComputedBuffer
  layout=FixedTiledLayout('spyre:0', torch.float16, size=[1, 32, 4096, 64], stride=[8388608, 262144, 64, 1], device_layout=SpyreTensorLayout(device_size=[32, 4096, 1, 1, 64], stride_map =[262144, 64, 64, -1, 1], device_dtype=DataFormats.SEN169_FP16))
  op_it_space_splits={d0: 1, d1: 32, d2: 1}
  Pointwise(
  'spyre',
  torch.float16,
  def inner_fn(index):
      _, i1, i2, i3 = index
      tmp0 = ops.load(buf18, 0)
      return tmp0
  ,
  ranges=[1, 32, 4096, 64],
  origin_node=full_default_2,
  origins=OrderedSet([full_default_2]),
  stack_traces = {,
    File "/home/haoyang/torch-spyre/flash_attn_example.py", line 98, in flash_spyre,
      denominator = torch.zeros(,
  ,
  }
)

op20: ComputedBuffer
  layout=FixedTiledLayout('spyre:0', torch.float16, size=[1, 32, 4096], stride=[131072, 4096, 1], device_layout=SpyreTensorLayout(device_size=[4096, 1, 1, 32, 64], stride_map =[1, -1, -1, 4096, -1], device_dtype=DataFormats.SEN169_FP16))
  op_it_space_splits={d0: 1, d1: 32, d2: 1}
  Reduction(
  'spyre',
  torch.float16,
  def inner_fn(index, rindex):
      _, i1, i2 = index
      r0_0 = rindex
      tmp0 = ops.load(buf19, r0_0 + 64 * i2 + 262144 * i1)
      return tmp0
  ,
  ranges=[1, 32, 4096],
  reduction_ranges=[64],
  reduction_type=max,
  origin_node=amax_1,
  origins=OrderedSet([amax_1]),
  stack_traces = {,
    File "/home/haoyang/torch-spyre/flash_attn_example.py", line 101, in flash_spyre,
      denominator = denominator.amax(dim=-1)  # B, H, Lq sparse,
  ,
  }
)

op26: SpyreEmptyFallback

op27: SpyreEmptyFallback

op5: ComputedBuffer
  layout=FixedTiledLayout('spyre:0', torch.float16, size=[1, 4, 1024, 128], stride=[524288, 131072, 128, 1], device_layout=SpyreTensorLayout(device_size=[4, 1024, 2, 1, 64], stride_map =[131072, 128, 64, -1, 1], device_dtype=DataFormats.SEN169_FP16))
  op_it_space_splits={d0: 4, d1: 8, d2: 1}
  dim_hints=[DimHint(dim_names=['B'], split_count=1, loop_var=d0, is_reduction=False, hint_id=1), DimHint(dim_names=['H'], split_count=8, loop_var=d0, is_reduction=False, hint_id=2), DimHint(dim_names=['Lq'], split_count=4, loop_var=d1, is_reduction=False, hint_id=3), DimHint(dim_names=['Lk'], split_count=1, loop_var=None, is_reduction=False, hint_id=4)]
  loop_info=CoarseTileInfo(loop_group_id=(0, 0), loop_count=[8, 4], loop_tiled_dims=[[1], [2]], loop_tiled_reduction_dims=[[], []])
  Pointwise(
  'spyre',
  torch.float16,
  def inner_fn(index):
      _, i1, i2, i3 = index
      tmp0 = ops.load(arg0_1, i3 + 128 * i2 + 524288 * i1)
      tmp1 = ops.load(buf25, 0)
      tmp2 = tmp0 * tmp1
      return tmp2
  ,
  ranges=[1, 4, 1024, 128],
  origin_node=None,
  origins=OrderedSet([mul_1]),
  stack_traces = {,
    File "/home/haoyang/torch-spyre/flash_attn_example.py", line 110, in flash_spyre,
      scores = torch.matmul(queries * scale, keys_T)  # B, H, Lq, Lk,
  ,
  }
)

op6: ComputedBuffer
  layout=FixedTiledLayout('spyre:0', torch.float16, size=[1, 4, 4096, 128], stride=[2097152, 524288, 128, 1], device_layout=SpyreTensorLayout(device_size=[4, 4096, 2, 1, 64], stride_map =[524288, 128, 64, -1, 1], device_dtype=DataFormats.SEN169_FP16))
  allocation={'lx': 0}
  op_it_space_splits={d0: 4, d1: 8, d2: 1}
  dim_hints=[DimHint(dim_names=['B'], split_count=1, loop_var=d0, is_reduction=False, hint_id=1), DimHint(dim_names=['H'], split_count=8, loop_var=d0, is_reduction=False, hint_id=2), DimHint(dim_names=['Lq'], split_count=4, loop_var=None, is_reduction=False, hint_id=3), DimHint(dim_names=['Lk'], split_count=1, loop_var=d1, is_reduction=False, hint_id=4)]
  loop_info=CoarseTileInfo(loop_group_id=(0, 0), loop_count=[8, 4], loop_tiled_dims=[[1], []], loop_tiled_reduction_dims=[[], []])
  Pointwise(
  'spyre',
  torch.float16,
  def inner_fn(index):
      _, i1, i2, i3 = index
      tmp0 = ops.load(arg1_1, i3 + 128 * i2 + 524288 * i1)
      tmp1 = ops.load(buf25, 0)
      tmp2 = tmp0 * tmp1
      return tmp2
  ,
  ranges=[1, 4, 4096, 128],
  origin_node=None,
  origins=OrderedSet([mul]),
  stack_traces = {,
    File "/home/haoyang/torch-spyre/flash_attn_example.py", line 108, in flash_spyre,
      scaled_keys = keys * scale  # B, H, Lk, D,
  ,
  }
)

op27: ComputedBuffer
  layout=FixedTiledLayout('spyre:0', torch.float16, size=[1, 4, 4096, 128], stride=[2097152, 524288, 128, 1], device_layout=SpyreTensorLayout(device_size=[4, 128, 64, 1, 64], stride_map =[524288, 1, 8192, -1, 128], device_dtype=DataFormats.SEN169_FP16))
  op_it_space_splits={d0: 4, d1: 8, d2: 1}
  dim_hints=[DimHint(dim_names=['B'], split_count=1, loop_var=d0, is_reduction=False, hint_id=1), DimHint(dim_names=['H'], split_count=8, loop_var=d0, is_reduction=False, hint_id=2), DimHint(dim_names=['Lq'], split_count=4, loop_var=None, is_reduction=False, hint_id=3), DimHint(dim_names=['Lk'], split_count=1, loop_var=d1, is_reduction=False, hint_id=4)]
  loop_info=CoarseTileInfo(loop_group_id=(0, 0), loop_count=[8, 4], loop_tiled_dims=[[1], []], loop_tiled_reduction_dims=[[], []])
  Pointwise(
  'spyre',
  torch.float16,
  def inner_fn(index):
      _, i1, i2, i3 = index
      tmp0 = ops.load(buf6, i3 + 128 * i2 + 524288 * i1)
      return tmp0
  ,
  ranges=[1, 4, 4096, 128],
  origin_node=restickify_default,
  origins=OrderedSet([restickify_default])
)

op7: ComputedBuffer
  layout=FixedTiledLayout('spyre:0', torch.float16, size=[1, 4, 1024, 4096], stride=[16777216, 4194304, 4096, 1], device_layout=SpyreTensorLayout(device_size=[4, 1024, 64, 1, 64], stride_map =[4194304, 4096, 64, -1, 1], device_dtype=DataFormats.SEN169_FP16))
  op_it_space_splits={d0: 4, d1: 8, d2: 1, d3: 1}
  dim_hints=[DimHint(dim_names=['B'], split_count=1, loop_var=d0, is_reduction=False, hint_id=1), DimHint(dim_names=['H'], split_count=8, loop_var=d0, is_reduction=False, hint_id=2), DimHint(dim_names=['Lq'], split_count=4, loop_var=d1, is_reduction=False, hint_id=3), DimHint(dim_names=['Lk'], split_count=1, loop_var=d2, is_reduction=False, hint_id=4)]
  loop_info=CoarseTileInfo(loop_group_id=(0, 0), loop_count=[8, 4], loop_tiled_dims=[[1], [2]], loop_tiled_reduction_dims=[[], []])
  Reduction(
  'spyre',
  torch.float16,
  def inner_fn(index, rindex):
      _, i1, i2, i3 = index
      r0_0 = rindex
      tmp0 = ops.load(buf5, r0_0 + 128 * i2 + 524288 * i1)
      tmp1 = ops.load(buf27, r0_0 + 128 * i3 + 524288 * i1)
      return (OpsValue('tmp0'), OpsValue('tmp1'))
  ,
  ranges=[1, 4, 1024, 4096],
  reduction_ranges=[128],
  reduction_type=batchmatmul,
  origin_node=batched_matmul_default_1,
  origins=OrderedSet([batched_matmul_default_1, permute]),
  stack_traces = {,
    File "/home/haoyang/torch-spyre/flash_attn_example.py", line 109, in flash_spyre,
      keys_T = scaled_keys.transpose(-1, -2)  # B, H, D, Lk,
  ,
  }
)

op8: ComputedBuffer
  layout=FixedTiledLayout('spyre:0', torch.float16, size=[1, 4, 1024, 4096], stride=[16777216, 4194304, 4096, 1], device_layout=SpyreTensorLayout(device_size=[1024, 1, 64, 4, 64], stride_map =[4096, -1, 64, 4194304, 1], device_dtype=DataFormats.SEN169_FP16))
  allocation={'lx': 0}
  op_it_space_splits={d0: 4, d1: 8, d2: 1}
  dim_hints=[DimHint(dim_names=['B'], split_count=1, loop_var=d0, is_reduction=False, hint_id=1), DimHint(dim_names=['H'], split_count=8, loop_var=d0, is_reduction=False, hint_id=2), DimHint(dim_names=['Lq'], split_count=4, loop_var=d1, is_reduction=False, hint_id=3), DimHint(dim_names=['Lk'], split_count=1, loop_var=d2, is_reduction=False, hint_id=4)]
  loop_info=CoarseTileInfo(loop_group_id=(0, 0), loop_count=[8, 4], loop_tiled_dims=[[1], [2]], loop_tiled_reduction_dims=[[], []])
  Pointwise(
  'spyre',
  torch.float16,
  def inner_fn(index):
      _, i1, i2, i3 = index
      tmp0 = ops.load(buf7, i3 + 4096 * i2 + 4194304 * i1)
      tmp1 = ops.load(arg2_1, i3 + 4096 * i2)
      tmp2 = tmp0 + tmp1
      return tmp2
  ,
  ranges=[1, 4, 1024, 4096],
  origin_node=add,
  origins=OrderedSet([add]),
  stack_traces = {,
    File "/home/haoyang/torch-spyre/flash_attn_example.py", line 111, in flash_spyre,
      scores = scores + mask  # B, H, Lq, Lk,
  ,
  }
)

op9: ComputedBuffer
  layout=FixedTiledLayout('spyre:0', torch.float16, size=[1, 4, 1024], stride=[4096, 1024, 1], device_layout=SpyreTensorLayout(device_size=[1024, 1, 1, 4, 64], stride_map =[1, -1, -1, 1024, -1], device_dtype=DataFormats.SEN169_FP16))
  allocation={'lx': 1048576}
  op_it_space_splits={d0: 4, d1: 8, d2: 1}
  dim_hints=[DimHint(dim_names=['B'], split_count=1, loop_var=d0, is_reduction=False, hint_id=1), DimHint(dim_names=['H'], split_count=8, loop_var=d0, is_reduction=False, hint_id=2), DimHint(dim_names=['Lq'], split_count=4, loop_var=d1, is_reduction=False, hint_id=3), DimHint(dim_names=['Lk'], split_count=1, loop_var=d2, is_reduction=True, hint_id=4)]
  loop_info=CoarseTileInfo(loop_group_id=(0, 0), loop_count=[8, 4], loop_tiled_dims=[[1], [2]], loop_tiled_reduction_dims=[[], []])
  Reduction(
  'spyre',
  torch.float16,
  def inner_fn(index, rindex):
      _, i1, i2 = index
      r0_0 = rindex
      tmp0 = ops.load(buf8, r0_0 + 4096 * i2 + 4194304 * i1)
      return tmp0
  ,
  ranges=[1, 4, 1024],
  reduction_ranges=[4096],
  reduction_type=max,
  origin_node=amax_2,
  origins=OrderedSet([amax_2]),
  stack_traces = {,
    File "/home/haoyang/torch-spyre/flash_attn_example.py", line 113, in flash_spyre,
      block_max = torch.amax(scores, dim=-1)  # B, H, Lq sparse,
  ,
  }
)

op10: ComputedBuffer
  layout=FixedTiledLayout('spyre:0', torch.float16, size=[1, 4, 1024], stride=[4096, 1024, 1], device_layout=SpyreTensorLayout(device_size=[1024, 1, 1, 4, 64], stride_map =[1, -1, -1, 1024, -1], device_dtype=DataFormats.SEN169_FP16))
  op_it_space_splits={d0: 4, d1: 8}
  dim_hints=[DimHint(dim_names=['B'], split_count=1, loop_var=d0, is_reduction=False, hint_id=1), DimHint(dim_names=['H'], split_count=8, loop_var=d0, is_reduction=False, hint_id=2), DimHint(dim_names=['Lq'], split_count=4, loop_var=d1, is_reduction=False, hint_id=3), DimHint(dim_names=['Lk'], split_count=1, loop_var=None, is_reduction=False, hint_id=4)]
  loop_info=CoarseTileInfo(loop_group_id=(0, 0), loop_count=[8, 4], loop_tiled_dims=[[1], [2]], loop_tiled_reduction_dims=[[], []])
  Pointwise(
  'spyre',
  torch.float16,
  def inner_fn(index):
      _, i1, i2 = index
      tmp0 = ops.load(buf4, i2 + 4096 * i1)
      tmp1 = ops.load(buf9, i2 + 1024 * i1)
      tmp2 = ops.maximum(tmp0, tmp1)
      return tmp2
  ,
  ranges=[1, 4, 1024],
  origin_node=maximum,
  origins=OrderedSet([maximum]),
  stack_traces = {,
    File "/home/haoyang/torch-spyre/flash_attn_example.py", line 114, in flash_spyre,
      running_max = torch.maximum(,
  ,
  }
)

op11: ComputedBuffer
  layout=FixedTiledLayout('spyre:0', torch.float16, size=[1, 4, 1024], stride=[4096, 1024, 1], device_layout=SpyreTensorLayout(device_size=[1024, 1, 1, 4, 64], stride_map =[1, -1, -1, 1024, -1], device_dtype=DataFormats.SEN169_FP16))
  allocation={'lx': 1048576}
  op_it_space_splits={d0: 4, d1: 8}
  dim_hints=[DimHint(dim_names=['B'], split_count=1, loop_var=d0, is_reduction=False, hint_id=1), DimHint(dim_names=['H'], split_count=8, loop_var=d0, is_reduction=False, hint_id=2), DimHint(dim_names=['Lq'], split_count=4, loop_var=d1, is_reduction=False, hint_id=3), DimHint(dim_names=['Lk'], split_count=1, loop_var=None, is_reduction=False, hint_id=4)]
  loop_info=CoarseTileInfo(loop_group_id=(0, 0), loop_count=[8, 4], loop_tiled_dims=[[1], [2]], loop_tiled_reduction_dims=[[], []])
  Pointwise(
  'spyre',
  torch.float16,
  def inner_fn(index):
      _, i1, i2 = index
      tmp0 = ops.load(buf4, i2 + 4096 * i1)
      tmp1 = ops.load(buf10, i2 + 1024 * i1)
      tmp2 = tmp0 - tmp1
      return tmp2
  ,
  ranges=[1, 4, 1024],
  origin_node=sub_1,
  origins=OrderedSet([sub_1]),
  stack_traces = {,
    File "/home/haoyang/torch-spyre/flash_attn_example.py", line 122, in flash_spyre,
      real_max - running_max,
  ,
  }
)

op12: ComputedBuffer
  layout=FixedTiledLayout('spyre:0', torch.float16, size=[1, 4, 1024], stride=[4096, 1024, 1], device_layout=SpyreTensorLayout(device_size=[1024, 1, 1, 4, 64], stride_map =[1, -1, -1, 1024, -1], device_dtype=DataFormats.SEN169_FP16))
  op_it_space_splits={d0: 4, d1: 8}
  dim_hints=[DimHint(dim_names=['B'], split_count=1, loop_var=d0, is_reduction=False, hint_id=1), DimHint(dim_names=['H'], split_count=8, loop_var=d0, is_reduction=False, hint_id=2), DimHint(dim_names=['Lq'], split_count=4, loop_var=d1, is_reduction=False, hint_id=3), DimHint(dim_names=['Lk'], split_count=1, loop_var=None, is_reduction=False, hint_id=4)]
  loop_info=CoarseTileInfo(loop_group_id=(0, 0), loop_count=[8, 4], loop_tiled_dims=[[1], [2]], loop_tiled_reduction_dims=[[], []])
  Pointwise(
  'spyre',
  torch.float16,
  def inner_fn(index):
      _, i1, i2 = index
      tmp0 = ops.load(buf11, i2 + 1024 * i1)
      tmp1 = ops.exp(tmp0)
      return tmp1
  ,
  ranges=[1, 4, 1024],
  origin_node=exp_1,
  origins=OrderedSet([exp_1]),
  stack_traces = {,
    File "/home/haoyang/torch-spyre/flash_attn_example.py", line 121, in flash_spyre,
      correction = torch.exp(,
  ,
  }
)

op13: ComputedBuffer
  layout=FixedTiledLayout('spyre:0', torch.float16, size=[1, 4, 1024, 128], stride=[524288, 131072, 128, 1], device_layout=SpyreTensorLayout(device_size=[1024, 1, 2, 4, 64], stride_map =[128, -1, 64, 131072, 1], device_dtype=DataFormats.SEN169_FP16))
  allocation={'lx': 1048576}
  op_it_space_splits={d0: 4, d1: 8, d2: 1}
  dim_hints=[DimHint(dim_names=['B'], split_count=1, loop_var=d0, is_reduction=False, hint_id=1), DimHint(dim_names=['H'], split_count=8, loop_var=d0, is_reduction=False, hint_id=2), DimHint(dim_names=['Lq'], split_count=4, loop_var=d1, is_reduction=False, hint_id=3), DimHint(dim_names=['Lk'], split_count=1, loop_var=None, is_reduction=False, hint_id=4)]
  loop_info=CoarseTileInfo(loop_group_id=(0, 0), loop_count=[8, 4], loop_tiled_dims=[[1], [2]], loop_tiled_reduction_dims=[[], []])
  Pointwise(
  'spyre',
  torch.float16,
  def inner_fn(index):
      _, i1, i2, i3 = index
      tmp0 = ops.load(buf1, i3 + 128 * i2 + 524288 * i1)
      tmp1 = ops.load(buf12, i2 + 4096 * i1)
      tmp2 = tmp0 * tmp1
      return tmp2
  ,
  ranges=[1, 4, 1024, 128],
  origin_node=mul_3,
  origins=OrderedSet([mul_3, unsqueeze_1]),
  stack_traces = {,
    File "/home/haoyang/torch-spyre/flash_attn_example.py", line 129, in flash_spyre,
      output * correction.unsqueeze(-1),
  ,
  }
)

op14: ComputedBuffer
  layout=FixedTiledLayout('spyre:0', torch.float16, size=[1, 4, 1024, 4096], stride=[16777216, 4194304, 4096, 1], device_layout=SpyreTensorLayout(device_size=[1024, 1, 64, 4, 64], stride_map =[4096, -1, 64, 4194304, 1], device_dtype=DataFormats.SEN169_FP16))
  allocation={'lx': 0}
  op_it_space_splits={d0: 4, d1: 8, d2: 1}
  dim_hints=[DimHint(dim_names=['B'], split_count=1, loop_var=d0, is_reduction=False, hint_id=1), DimHint(dim_names=['H'], split_count=8, loop_var=d0, is_reduction=False, hint_id=2), DimHint(dim_names=['Lq'], split_count=4, loop_var=d1, is_reduction=False, hint_id=3), DimHint(dim_names=['Lk'], split_count=1, loop_var=d2, is_reduction=False, hint_id=4)]
  loop_info=CoarseTileInfo(loop_group_id=(0, 0), loop_count=[8, 4], loop_tiled_dims=[[1], [2]], loop_tiled_reduction_dims=[[], []])
  Pointwise(
  'spyre',
  torch.float16,
  def inner_fn(index):
      _, i1, i2, i3 = index
      tmp0 = ops.load(buf8, i3 + 4096 * i2 + 4194304 * i1)
      tmp1 = ops.load(buf10, i2 + 4096 * i1)
      tmp2 = tmp0 - tmp1
      return tmp2
  ,
  ranges=[1, 4, 1024, 4096],
  origin_node=sub,
  origins=OrderedSet([sub, unsqueeze]),
  stack_traces = {,
    File "/home/haoyang/torch-spyre/flash_attn_example.py", line 119, in flash_spyre,
      scores - running_max.unsqueeze(-1),
  ,
  }
)

op15: ComputedBuffer
  layout=FixedTiledLayout('spyre:0', torch.float16, size=[1, 4, 1024, 4096], stride=[16777216, 4194304, 4096, 1], device_layout=SpyreTensorLayout(device_size=[1024, 1, 64, 4, 64], stride_map =[4096, -1, 64, 4194304, 1], device_dtype=DataFormats.SEN169_FP16))
  allocation={'lx': 0}
  op_it_space_splits={d0: 4, d1: 8, d2: 1}
  dim_hints=[DimHint(dim_names=['B'], split_count=1, loop_var=d0, is_reduction=False, hint_id=1), DimHint(dim_names=['H'], split_count=8, loop_var=d0, is_reduction=False, hint_id=2), DimHint(dim_names=['Lq'], split_count=4, loop_var=d1, is_reduction=False, hint_id=3), DimHint(dim_names=['Lk'], split_count=1, loop_var=d2, is_reduction=False, hint_id=4)]
  loop_info=CoarseTileInfo(loop_group_id=(0, 0), loop_count=[8, 4], loop_tiled_dims=[[1], [2]], loop_tiled_reduction_dims=[[], []])
  Pointwise(
  'spyre',
  torch.float16,
  def inner_fn(index):
      _, i1, i2, i3 = index
      tmp0 = ops.load(buf14, i3 + 4096 * i2 + 4194304 * i1)
      tmp1 = ops.exp(tmp0)
      return tmp1
  ,
  ranges=[1, 4, 1024, 4096],
  origin_node=expand_2,
  origins=OrderedSet([exp]),
  stack_traces = {,
    File "/home/haoyang/torch-spyre/flash_attn_example.py", line 118, in flash_spyre,
      exp_scores = torch.exp(,
  ,
  }
)

op16: ComputedBuffer
  layout=FixedTiledLayout('spyre:0', torch.float16, size=[1, 4, 1024, 128], stride=[524288, 131072, 128, 1], device_layout=SpyreTensorLayout(device_size=[4, 1024, 2, 1, 64], stride_map =[131072, 128, 64, -1, 1], device_dtype=DataFormats.SEN169_FP16))
  allocation={'lx': 1081344}
  op_it_space_splits={d0: 4, d1: 8, d2: 1, d3: 1}
  dim_hints=[DimHint(dim_names=['B'], split_count=1, loop_var=d0, is_reduction=False, hint_id=1), DimHint(dim_names=['H'], split_count=8, loop_var=d0, is_reduction=False, hint_id=2), DimHint(dim_names=['Lq'], split_count=4, loop_var=d1, is_reduction=False, hint_id=3), DimHint(dim_names=['Lk'], split_count=1, loop_var=d3, is_reduction=True, hint_id=4)]
  loop_info=CoarseTileInfo(loop_group_id=(0, 0), loop_count=[8, 4], loop_tiled_dims=[[1], [2]], loop_tiled_reduction_dims=[[], []])
  Reduction(
  'spyre',
  torch.float16,
  def inner_fn(index, rindex):
      _, i1, i2, i3 = index
      r0_0 = rindex
      tmp0 = ops.load(buf15, r0_0 + 4096 * i2 + 4194304 * i1)
      tmp1 = ops.load(arg3_1, i3 + 128 * r0_0 + 524288 * i1)
      return (OpsValue('tmp0'), OpsValue('tmp1'))
  ,
  ranges=[1, 4, 1024, 128],
  reduction_ranges=[4096],
  reduction_type=batchmatmul,
  origin_node=batched_matmul_default,
  origins=OrderedSet([batched_matmul_default])
)

op17: ComputedBuffer
  layout=MutationLayoutSHOULDREMOVE('spyre:0', torch.float16, size=[1, 32, 4096, 128], stride=[16777216, 524288, 128, 1])
  op_it_space_splits={d0: 4, d1: 8, d2: 1}
  dim_hints=[DimHint(dim_names=['B'], split_count=1, loop_var=d0, is_reduction=False, hint_id=1), DimHint(dim_names=['H'], split_count=8, loop_var=d0, is_reduction=False, hint_id=2), DimHint(dim_names=['Lq'], split_count=4, loop_var=d1, is_reduction=False, hint_id=3), DimHint(dim_names=['Lk'], split_count=1, loop_var=None, is_reduction=False, hint_id=4)]
  loop_info=CoarseTileInfo(loop_group_id=(0, 0), loop_count=[8, 4], loop_tiled_dims=[[1], [2]], loop_tiled_reduction_dims=[[], []])
  Pointwise(
  'spyre',
  torch.float16,
  def inner_fn(index):
      _, i1, i2, i3 = index
      tmp0 = ops.load(buf13, i3 + 128 * i2 + 131072 * i1)
      tmp1 = ops.load(buf16, i3 + 128 * i2 + 131072 * i1)
      tmp2 = tmp0 + tmp1
      return tmp2
  ,
  ranges=[1, 4, 1024, 128],
  origin_node=add_2,
  origins=OrderedSet([add_2]),
  stack_traces = {,
    File "/home/haoyang/torch-spyre/flash_attn_example.py", line 129, in flash_spyre,
      output * correction.unsqueeze(-1),
  ,
  }
)

op21: ComputedBuffer
  layout=FixedTiledLayout('spyre:0', torch.float16, size=[1, 4, 1024], stride=[4096, 1024, 1], device_layout=SpyreTensorLayout(device_size=[1024, 1, 1, 4, 64], stride_map =[1, -1, -1, 1024, -1], device_dtype=DataFormats.SEN169_FP16))
  allocation={'lx': 1048576}
  op_it_space_splits={d0: 4, d1: 8}
  dim_hints=[DimHint(dim_names=['B'], split_count=1, loop_var=d0, is_reduction=False, hint_id=1), DimHint(dim_names=['H'], split_count=8, loop_var=d0, is_reduction=False, hint_id=2), DimHint(dim_names=['Lq'], split_count=4, loop_var=d1, is_reduction=False, hint_id=3), DimHint(dim_names=['Lk'], split_count=1, loop_var=None, is_reduction=False, hint_id=4)]
  loop_info=CoarseTileInfo(loop_group_id=(0, 0), loop_count=[8, 4], loop_tiled_dims=[[1], [2]], loop_tiled_reduction_dims=[[], []])
  Pointwise(
  'spyre',
  torch.float16,
  def inner_fn(index):
      _, i1, i2 = index
      tmp0 = ops.load(buf20, i2 + 4096 * i1)
      tmp1 = ops.load(buf12, i2 + 1024 * i1)
      tmp2 = tmp0 * tmp1
      return tmp2
  ,
  ranges=[1, 4, 1024],
  origin_node=mul_2,
  origins=OrderedSet([mul_2]),
  stack_traces = {,
    File "/home/haoyang/torch-spyre/flash_attn_example.py", line 126, in flash_spyre,
      denominator * correction + exp_scores.sum(dim=-1),
  ,
  }
)

op22: ComputedBuffer
  layout=FixedTiledLayout('spyre:0', torch.float16, size=[1, 4, 1024], stride=[4096, 1024, 1], device_layout=SpyreTensorLayout(device_size=[1024, 1, 1, 4, 64], stride_map =[1, -1, -1, 1024, -1], device_dtype=DataFormats.SEN169_FP16))
  allocation={'lx': 1064960}
  op_it_space_splits={d0: 4, d1: 8, d2: 1}
  dim_hints=[DimHint(dim_names=['B'], split_count=1, loop_var=d0, is_reduction=False, hint_id=1), DimHint(dim_names=['H'], split_count=8, loop_var=d0, is_reduction=False, hint_id=2), DimHint(dim_names=['Lq'], split_count=4, loop_var=d1, is_reduction=False, hint_id=3), DimHint(dim_names=['Lk'], split_count=1, loop_var=d2, is_reduction=True, hint_id=4)]
  loop_info=CoarseTileInfo(loop_group_id=(0, 0), loop_count=[8, 4], loop_tiled_dims=[[1], [2]], loop_tiled_reduction_dims=[[], []])
  Reduction(
  'spyre',
  torch.float16,
  def inner_fn(index, rindex):
      _, i1, i2 = index
      r0_0 = rindex
      tmp0 = ops.load(buf15, r0_0 + 4096 * i2 + 4194304 * i1)
      return tmp0
  ,
  ranges=[1, 4, 1024],
  reduction_ranges=[4096],
  reduction_type=sum,
  origin_node=sum_1,
  origins=OrderedSet([sum_1]),
  stack_traces = {,
    File "/home/haoyang/torch-spyre/flash_attn_example.py", line 126, in flash_spyre,
      denominator * correction + exp_scores.sum(dim=-1),
  ,
  }
)

op23: ComputedBuffer
  layout=MutationLayoutSHOULDREMOVE('spyre:0', torch.float16, size=[1, 32, 4096], stride=[131072, 4096, 1])
  op_it_space_splits={d0: 4, d1: 8}
  dim_hints=[DimHint(dim_names=['B'], split_count=1, loop_var=d0, is_reduction=False, hint_id=1), DimHint(dim_names=['H'], split_count=8, loop_var=d0, is_reduction=False, hint_id=2), DimHint(dim_names=['Lq'], split_count=4, loop_var=d1, is_reduction=False, hint_id=3), DimHint(dim_names=['Lk'], split_count=1, loop_var=None, is_reduction=False, hint_id=4)]
  loop_info=CoarseTileInfo(loop_group_id=(0, 0), loop_count=[8, 4], loop_tiled_dims=[[1], [2]], loop_tiled_reduction_dims=[[], []])
  Pointwise(
  'spyre',
  torch.float16,
  def inner_fn(index):
      _, i1, i2 = index
      tmp0 = ops.load(buf21, i2 + 1024 * i1)
      tmp1 = ops.load(buf22, i2 + 1024 * i1)
      tmp2 = tmp0 + tmp1
      return tmp2
  ,
  ranges=[1, 4, 1024],
  origin_node=add_1,
  origins=OrderedSet([add_1]),
  stack_traces = {,
    File "/home/haoyang/torch-spyre/flash_attn_example.py", line 126, in flash_spyre,
      denominator * correction + exp_scores.sum(dim=-1),
  ,
  }
)

op24: ComputedBuffer
  layout=FixedTiledLayout('spyre:0', torch.float16, size=[1, 32, 4096, 128], stride=[16777216, 524288, 128, 1], device_layout=SpyreTensorLayout(device_size=[4096, 1, 2, 32, 64], stride_map =[128, -1, 64, 524288, 1], device_dtype=DataFormats.SEN169_FP16))
  op_it_space_splits={d0: 1, d1: 32, d2: 1}
  Pointwise(
  'spyre',
  torch.float16,
  def inner_fn(index):
      _, i1, i2, i3 = index
      tmp0 = ops.load(buf17, i3 + 128 * i2 + 524288 * i1)
      tmp1 = ops.load(buf23, i2 + 4096 * i1)
      tmp2 = tmp0 / tmp1
      return tmp2
  ,
  ranges=[1, 32, 4096, 128],
  origin_node=div,
  origins=OrderedSet([div, unsqueeze_3]),
  stack_traces = {,
    File "/home/haoyang/torch-spyre/flash_attn_example.py", line 135, in flash_spyre,
      return output / denominator.unsqueeze(-1),
  ,
  }
)

[28 ops]

