==== FLASH ALL Wed Jul 29 07:00:09 UTC 2026 ====
shape H=32 Lq=Lk=4096 D=128 | per-config timeout 900s | sections: 0 1 2 3
## 0. ANCHOR -- the shipped flash_attn_example.py configuration (known to run)
PLAN  hint/example-default(h8,q4,k1,wd H:4,Lq:8,Lk:8) :: python3 /home/haoyang/torch-spyre/docs/source/user_guide/examples/flash_probe.py --h 32 --lq 4096 --lk 4096 --d 128 --h-tiles 8 --lq-tiles 4 --lk-tiles 1 --wd H:4,Lq:8,Lk:8
## 1. DIRECTION 1 -- hint sweep (tile counts, then work_div at a fixed tiling)
PLAN  hint/tiles h8,q4,k1  (=example)  wd none :: python3 /home/haoyang/torch-spyre/docs/source/user_guide/examples/flash_probe.py --h 32 --lq 4096 --lk 4096 --d 128 --h-tiles 8 --lq-tiles 4 --lk-tiles 1 --wd Lq:1
PLAN  hint/tiles h8,q8,k2               wd none :: python3 /home/haoyang/torch-spyre/docs/source/user_guide/examples/flash_probe.py --h 32 --lq 4096 --lk 4096 --d 128 --h-tiles 8 --lq-tiles 8 --lk-tiles 2 --wd Lq:1
PLAN  hint/tiles h16,q8,k4              wd none :: python3 /home/haoyang/torch-spyre/docs/source/user_guide/examples/flash_probe.py --h 32 --lq 4096 --lk 4096 --d 128 --h-tiles 16 --lq-tiles 8 --lk-tiles 4 --wd Lq:1
PLAN  hint/tiles h32,q16,k8             wd none :: python3 /home/haoyang/torch-spyre/docs/source/user_guide/examples/flash_probe.py --h 32 --lq 4096 --lk 4096 --d 128 --h-tiles 32 --lq-tiles 16 --lk-tiles 8 --wd Lq:1
PLAN  hint/wd H:2  @h8,q8,k2 :: python3 /home/haoyang/torch-spyre/docs/source/user_guide/examples/flash_probe.py --h 32 --lq 4096 --lk 4096 --d 128 --h-tiles 8 --lq-tiles 8 --lk-tiles 2 --wd H:2
PLAN  hint/wd H:4  @h8,q8,k2 :: python3 /home/haoyang/torch-spyre/docs/source/user_guide/examples/flash_probe.py --h 32 --lq 4096 --lk 4096 --d 128 --h-tiles 8 --lq-tiles 8 --lk-tiles 2 --wd H:4
PLAN  hint/wd Lq:4  @h8,q8,k2 :: python3 /home/haoyang/torch-spyre/docs/source/user_guide/examples/flash_probe.py --h 32 --lq 4096 --lk 4096 --d 128 --h-tiles 8 --lq-tiles 8 --lk-tiles 2 --wd Lq:4
PLAN  hint/wd H:2,Lq:4  @h8,q8,k2 :: python3 /home/haoyang/torch-spyre/docs/source/user_guide/examples/flash_probe.py --h 32 --lq 4096 --lk 4096 --d 128 --h-tiles 8 --lq-tiles 8 --lk-tiles 2 --wd H:2,Lq:4
PLAN  hint/wd H:4,Lq:8  @h8,q8,k2 :: python3 /home/haoyang/torch-spyre/docs/source/user_guide/examples/flash_probe.py --h 32 --lq 4096 --lk 4096 --d 128 --h-tiles 8 --lq-tiles 8 --lk-tiles 2 --wd H:4,Lq:8
## 2. DIRECTION 2 -- hand-blocked flash (block sizes set the live working set)
PLAN  manual-fused bh4  bq512 bk1024 :: python3 /home/haoyang/torch-spyre/docs/source/user_guide/examples/flash_manual_tile.py --mode manual-fused --h 32 --lq 4096 --lk 4096 --d 128 --bh 4 --bq 512 --bk 1024
PLAN  manual-fused bh4  bq256 bk512 :: python3 /home/haoyang/torch-spyre/docs/source/user_guide/examples/flash_manual_tile.py --mode manual-fused --h 32 --lq 4096 --lk 4096 --d 128 --bh 4 --bq 256 --bk 512
PLAN  manual-fused bh8  bq256 bk512 :: python3 /home/haoyang/torch-spyre/docs/source/user_guide/examples/flash_manual_tile.py --mode manual-fused --h 32 --lq 4096 --lk 4096 --d 128 --bh 8 --bq 256 --bk 512
PLAN  manual-fused bh4  bq128 bk256 :: python3 /home/haoyang/torch-spyre/docs/source/user_guide/examples/flash_manual_tile.py --mode manual-fused --h 32 --lq 4096 --lk 4096 --d 128 --bh 4 --bq 128 --bk 256
PLAN  manual-sep   bh4  bq256 bk512 :: python3 /home/haoyang/torch-spyre/docs/source/user_guide/examples/flash_manual_tile.py --mode manual-sep --h 32 --lq 4096 --lk 4096 --d 128 --bh 4 --bq 256 --bk 512
PLAN  manual-sep   bh4  bq128 bk256 :: python3 /home/haoyang/torch-spyre/docs/source/user_guide/examples/flash_manual_tile.py --mode manual-sep --h 32 --lq 4096 --lk 4096 --d 128 --bh 4 --bq 128 --bk 256
## 3. LX ALLOCATION -- one fixed hand-blocked program, different LX policies
PLAN  LX default (frac .2 -> 1638KB) :: python3 /home/haoyang/torch-spyre/docs/source/user_guide/examples/flash_manual_tile.py --mode manual-fused --h 32 --lq 4096 --lk 4096 --d 128 --bh 4 --bq 256 --bk 512
PLAN  LX frac .05 -> 1946KB budget :: python3 /home/haoyang/torch-spyre/docs/source/user_guide/examples/flash_manual_tile.py --mode manual-fused --h 32 --lq 4096 --lk 4096 --d 128 --bh 4 --bq 256 --bk 512 --lx-frac 0.05
PLAN  LX frac .40 -> 1229KB budget :: python3 /home/haoyang/torch-spyre/docs/source/user_guide/examples/flash_manual_tile.py --mode manual-fused --h 32 --lq 4096 --lk 4096 --d 128 --bh 4 --bq 256 --bk 512 --lx-frac 0.40
PLAN  LX allow-all-ops eligible :: python3 /home/haoyang/torch-spyre/docs/source/user_guide/examples/flash_manual_tile.py --mode manual-fused --h 32 --lq 4096 --lk 4096 --d 128 --bh 4 --bq 256 --bk 512 --lx-all
PLAN  LX boundary clones (pin in/out) :: python3 /home/haoyang/torch-spyre/docs/source/user_guide/examples/flash_manual_tile.py --mode manual-fused --h 32 --lq 4096 --lk 4096 --d 128 --bh 4 --bq 256 --bk 512 --lx-boundary
PLAN  LX solver=bestfit :: python3 /home/haoyang/torch-spyre/docs/source/user_guide/examples/flash_manual_tile.py --mode manual-fused --h 32 --lq 4096 --lk 4096 --d 128 --bh 4 --bq 256 --bk 512 --lx-solver bestfit
PLAN  LX OFF (all through HBM) :: python3 /home/haoyang/torch-spyre/docs/source/user_guide/examples/flash_manual_tile.py --mode manual-fused --h 32 --lq 4096 --lk 4096 --d 128 --bh 4 --bq 256 --bk 512 --no-lx

=============================== SUMMARY ===============================
variant                                        status       kernel_us   secs
----------------------------------------------------------------------
LX OFF (all through HBM)                       PLAN                 -      0
LX allow-all-ops eligible                      PLAN                 -      0
LX boundary clones (pin in/out)                PLAN                 -      0
LX default (frac .2 -> 1638KB)                 PLAN                 -      0
LX frac .05 -> 1946KB budget                   PLAN                 -      0
LX frac .40 -> 1229KB budget                   PLAN                 -      0
LX solver=bestfit                              PLAN                 -      0
hint/example-default(h8,q4,k1,wd H:4,Lq:8,Lk:8) PLAN                 -      0
hint/tiles h16,q8,k4              wd none      PLAN                 -      0
hint/tiles h32,q16,k8             wd none      PLAN                 -      0
hint/tiles h8,q4,k1  (=example)  wd none       PLAN                 -      0
hint/tiles h8,q8,k2               wd none      PLAN                 -      0
hint/wd H:2  @h8,q8,k2                         PLAN                 -      0
hint/wd H:2,Lq:4  @h8,q8,k2                    PLAN                 -      0
hint/wd H:4  @h8,q8,k2                         PLAN                 -      0
hint/wd H:4,Lq:8  @h8,q8,k2                    PLAN                 -      0
hint/wd Lq:4  @h8,q8,k2                        PLAN                 -      0
manual-fused bh4  bq128 bk256                  PLAN                 -      0
manual-fused bh4  bq256 bk512                  PLAN                 -      0
manual-fused bh4  bq512 bk1024                 PLAN                 -      0
manual-fused bh8  bq256 bk512                  PLAN                 -      0
manual-sep   bh4  bq128 bk256                  PLAN                 -      0
manual-sep   bh4  bq256 bk512                  PLAN                 -      0
==== DONE in 0s -- haoyang_logs/flash_all_20260729_070009.log ====
