==== GAMMA-BIND Wed Jul 29 08:59:04 UTC 2026  git:c87ef4a  reps:7 ====
IO -- device-layout I/O (cost model, stick-padded) --
IO   op neg
IO     output op0                    torch [2048, 2048] -> device [32, 2048, 64] in HBM = 4194304 elems x 2B = 8388608 B  (hbm counted: 8388608 B)
IO     input  arg0_1                 torch [2048, 2048] -> device [32, 2048, 64] in HBM = 4194304 elems x 2B = 8388608 B  (hbm counted: 8388608 B)
IO   => HBM I/O total = 16777216 B  (lx 0 B, ~free)
MODEL -- estimate (turnaround): T = (R+W)/BW_PEAK + a*min(R,W) --
MODEL   R=8388608 B (read)   W=8388608 B (write)   loop_trip L=1
MODEL   base = (R+W)/150 = 111.85 us
MODEL   turn = a*min(R,W) = 0.00574*8388608 = 48.15 us
MODEL   => T_model = 160.00 us
MODEL FEATS [{"name":"neg","is_reduction":false,"out_elems":4194304,"cores":32,"dtype_bytes":2,"args":[{"name":"op0","role":"output","mem":"hbm","elems":4194304,"broadcast":false,"dims":[32,2048,64],"logical":[2048,2048],"loop_factor":1},{"name":"arg0_1","role":"input","mem":"hbm","elems":4194304,"broadcast":false,"dims":[32,2048,64],"logical":[2048,2048],"loop_factor":1}],"reduction_cores":1,"loop_trip":1,"tiles_output_dim":false,"tile_rows_per_core":0.0,"is_matmul":false,"matmul_macs":0,"matmul_rows_per_core":0.0,"matmul_cols_per_core":0.0,"matmul_a_bytes":0,"matmul_b_bytes":0,"matmul_m_split":1,"matmul_n_split":1,"hbm_pattern":""}]
TIMING op=neg reps=7/7 prof_wall_s=0.18 per_rep_s=0.025
SUMMARY op=neg rows=2048 cols=2048 cores=32 tiles=0 lx=1 io_hbm_bytes=16777216 kernel_us=158.895 pred_us=159.999 err_pct=+0.7 bw_gbps=105.6 memset_us=133.470 other_dev_us=608.992 total_dev_us=901.357 kernel_us_min=158.049 kernel_us_median=158.895 kernel_us_mean=159.214 kernel_us_std=0.880 kernel_us_cv=0.55 reps=7
## cores=32 (split 4x8): M=N sweep crossing read/compute 1.73 -> 0.35
-- mmwd M=512 K=2048 N=512 split m=4 n=8 k=1 (cores=32)
IO -- device-layout I/O (cost model, stick-padded) --
IO   op mm [reduction]
IO     output op0                    torch [512, 512] -> device [8, 512, 64] in HBM = 262144 elems x 2B = 524288 B  (hbm counted: 524288 B)
IO     input  arg0_1                 torch [512, 2048] -> device [32, 512, 64] in HBM = 1048576 elems x 2B = 2097152 B  (hbm counted: 2097152 B)
IO     input  arg1_1                 torch [2048, 512] -> device [8, 2048, 64] in HBM = 1048576 elems x 2B = 2097152 B  (hbm counted: 2097152 B)
IO   => HBM I/O total = 4718592 B  (lx 0 B, ~free)
MODEL -- estimate (turnaround): T = compute + (R+W)/BW_PEAK + a*min(R,W) --
MODEL   R=4194304 B (read)   W=524288 B (write)   loop_trip L=1
MODEL   compute = MACs/cores/(mac_peak*pt_eff) = 536870912/32/(1140*1.000) = 14.72 us  (M/m=128, pt_eff=1.000)
MODEL   base = R/150+W/150 = 31.46 us
MODEL   turn = a*min(R,W) = 0.00574*524288 = 3.01 us
MODEL   => T_model = 42.41 us
MODEL FEATS [{"name":"mm","is_reduction":true,"out_elems":262144,"cores":32,"dtype_bytes":2,"args":[{"name":"op0","role":"output","mem":"hbm","elems":262144,"broadcast":false,"dims":[8,512,64],"logical":[512,512],"loop_factor":1},{"name":"arg0_1","role":"input","mem":"hbm","elems":1048576,"broadcast":false,"dims":[32,512,64],"logical":[512,2048],"loop_factor":1},{"name":"arg1_1","role":"input","mem":"hbm","elems":1048576,"broadcast":false,"dims":[8,2048,64],"logical":[2048,512],"loop_factor":1}],"reduction_cores":1,"loop_trip":1,"tiles_output_dim":false,"tile_rows_per_core":0.0,"is_matmul":true,"matmul_macs":536870912,"matmul_rows_per_core":128.0,"matmul_cols_per_core":64.0,"matmul_a_bytes":2097152,"matmul_b_bytes":2097152,"matmul_m_split":4,"matmul_n_split":8,"hbm_pattern":""}]
TIMING op=mmwd reps=7/7 prof_wall_s=6.88 per_rep_s=0.983
SUMMARY op=mmwd rows=512 cols=2048 cores=32 tiles=0 lx=1 io_hbm_bytes=4718592 kernel_us=34.025 pred_us=42.414 err_pct=+24.7 bw_gbps=138.7 memset_us=88.903 other_dev_us=275.935 total_dev_us=398.863 kernel_us_min=33.436 kernel_us_median=34.025 kernel_us_mean=33.919 kernel_us_std=0.349 kernel_us_cv=1.03 reps=7
TIMING_RUN mmwd 512/2048/512 4/8/1 25s
-- mmwd M=1024 K=2048 N=1024 split m=4 n=8 k=1 (cores=32)
IO -- device-layout I/O (cost model, stick-padded) --
IO   op mm [reduction]
IO     output op0                    torch [1024, 1024] -> device [16, 1024, 64] in HBM = 1048576 elems x 2B = 2097152 B  (hbm counted: 2097152 B)
IO     input  arg0_1                 torch [1024, 2048] -> device [32, 1024, 64] in HBM = 2097152 elems x 2B = 4194304 B  (hbm counted: 4194304 B)
IO     input  arg1_1                 torch [2048, 1024] -> device [16, 2048, 64] in HBM = 2097152 elems x 2B = 4194304 B  (hbm counted: 4194304 B)
IO   => HBM I/O total = 10485760 B  (lx 0 B, ~free)
MODEL -- estimate (turnaround): T = compute + (R+W)/BW_PEAK + a*min(R,W) --
MODEL   R=8388608 B (read)   W=2097152 B (write)   loop_trip L=1
MODEL   compute = MACs/cores/(mac_peak*pt_eff) = 2147483648/32/(1140*1.000) = 58.87 us  (M/m=256, pt_eff=1.000)
MODEL   base = R/150+W/150 = 69.91 us
MODEL   turn = a*min(R,W) = 0.00574*2097152 = 12.04 us
MODEL   => T_model = 113.73 us
MODEL FEATS [{"name":"mm","is_reduction":true,"out_elems":1048576,"cores":32,"dtype_bytes":2,"args":[{"name":"op0","role":"output","mem":"hbm","elems":1048576,"broadcast":false,"dims":[16,1024,64],"logical":[1024,1024],"loop_factor":1},{"name":"arg0_1","role":"input","mem":"hbm","elems":2097152,"broadcast":false,"dims":[32,1024,64],"logical":[1024,2048],"loop_factor":1},{"name":"arg1_1","role":"input","mem":"hbm","elems":2097152,"broadcast":false,"dims":[16,2048,64],"logical":[2048,1024],"loop_factor":1}],"reduction_cores":1,"loop_trip":1,"tiles_output_dim":false,"tile_rows_per_core":0.0,"is_matmul":true,"matmul_macs":2147483648,"matmul_rows_per_core":256.0,"matmul_cols_per_core":128.0,"matmul_a_bytes":4194304,"matmul_b_bytes":4194304,"matmul_m_split":4,"matmul_n_split":8,"hbm_pattern":""}]
TIMING op=mmwd reps=7/7 prof_wall_s=9.31 per_rep_s=1.330
SUMMARY op=mmwd rows=1024 cols=2048 cores=32 tiles=0 lx=1 io_hbm_bytes=10485760 kernel_us=107.795 pred_us=113.731 err_pct=+5.5 bw_gbps=97.3 memset_us=121.355 other_dev_us=372.498 total_dev_us=601.648 kernel_us_min=106.752 kernel_us_median=107.795 kernel_us_mean=108.054 kernel_us_std=0.873 kernel_us_cv=0.81 reps=7
TIMING_RUN mmwd 1024/2048/1024 4/8/1 28s
-- mmwd M=1536 K=2048 N=1536 split m=4 n=8 k=1 (cores=32)
IO -- device-layout I/O (cost model, stick-padded) --
IO   op mm [reduction]
IO     output op0                    torch [1536, 1536] -> device [24, 1536, 64] in HBM = 2359296 elems x 2B = 4718592 B  (hbm counted: 4718592 B)
IO     input  arg0_1                 torch [1536, 2048] -> device [32, 1536, 64] in HBM = 3145728 elems x 2B = 6291456 B  (hbm counted: 6291456 B)
IO     input  arg1_1                 torch [2048, 1536] -> device [24, 2048, 64] in HBM = 3145728 elems x 2B = 6291456 B  (hbm counted: 6291456 B)
IO   => HBM I/O total = 17301504 B  (lx 0 B, ~free)
MODEL -- estimate (turnaround): T = compute + (R+W)/BW_PEAK + a*min(R,W) --
MODEL   R=12582912 B (read)   W=4718592 B (write)   loop_trip L=1
MODEL   compute = MACs/cores/(mac_peak*pt_eff) = 4831838208/32/(1140*1.000) = 132.45 us  (M/m=384, pt_eff=1.000)
MODEL   base = R/150+W/150 = 115.34 us
MODEL   turn = a*min(R,W) = 0.00574*4718592 = 27.08 us
MODEL   => T_model = 220.37 us
MODEL FEATS [{"name":"mm","is_reduction":true,"out_elems":2359296,"cores":32,"dtype_bytes":2,"args":[{"name":"op0","role":"output","mem":"hbm","elems":2359296,"broadcast":false,"dims":[24,1536,64],"logical":[1536,1536],"loop_factor":1},{"name":"arg0_1","role":"input","mem":"hbm","elems":3145728,"broadcast":false,"dims":[32,1536,64],"logical":[1536,2048],"loop_factor":1},{"name":"arg1_1","role":"input","mem":"hbm","elems":3145728,"broadcast":false,"dims":[24,2048,64],"logical":[2048,1536],"loop_factor":1}],"reduction_cores":1,"loop_trip":1,"tiles_output_dim":false,"tile_rows_per_core":0.0,"is_matmul":true,"matmul_macs":4831838208,"matmul_rows_per_core":384.0,"matmul_cols_per_core":192.0,"matmul_a_bytes":6291456,"matmul_b_bytes":6291456,"matmul_m_split":4,"matmul_n_split":8,"hbm_pattern":""}]
TIMING op=mmwd reps=7/7 prof_wall_s=9.01 per_rep_s=1.287
SUMMARY op=mmwd rows=1536 cols=2048 cores=32 tiles=0 lx=1 io_hbm_bytes=17301504 kernel_us=193.570 pred_us=220.366 err_pct=+13.8 bw_gbps=89.4 memset_us=212.109 other_dev_us=363.224 total_dev_us=768.903 kernel_us_min=191.027 kernel_us_median=193.570 kernel_us_mean=193.215 kernel_us_std=0.932 kernel_us_cv=0.48 reps=7
TIMING_RUN mmwd 1536/2048/1536 4/8/1 32s
-- mmwd M=2048 K=2048 N=2048 split m=4 n=8 k=1 (cores=32)
IO -- device-layout I/O (cost model, stick-padded) --
IO   op mm [reduction]
IO     output op0                    torch [2048, 2048] -> device [32, 2048, 64] in HBM = 4194304 elems x 2B = 8388608 B  (hbm counted: 8388608 B)
IO     input  arg0_1                 torch [2048, 2048] -> device [32, 2048, 64] in HBM = 4194304 elems x 2B = 8388608 B  (hbm counted: 8388608 B)
IO     input  arg1_1                 torch [2048, 2048] -> device [32, 2048, 64] in HBM = 4194304 elems x 2B = 8388608 B  (hbm counted: 8388608 B)
IO   => HBM I/O total = 25165824 B  (lx 0 B, ~free)
MODEL -- estimate (turnaround): T = compute + (R+W)/BW_PEAK + a*min(R,W) --
MODEL   R=16777216 B (read)   W=8388608 B (write)   loop_trip L=1
MODEL   compute = MACs/cores/(mac_peak*pt_eff) = 8589934592/32/(1140*1.000) = 235.47 us  (M/m=512, pt_eff=1.000)
MODEL   base = R/150+W/150 = 167.77 us
MODEL   turn = a*min(R,W) = 0.00574*8388608 = 48.15 us
MODEL   => T_model = 393.41 us
MODEL FEATS [{"name":"mm","is_reduction":true,"out_elems":4194304,"cores":32,"dtype_bytes":2,"args":[{"name":"op0","role":"output","mem":"hbm","elems":4194304,"broadcast":false,"dims":[32,2048,64],"logical":[2048,2048],"loop_factor":1},{"name":"arg0_1","role":"input","mem":"hbm","elems":4194304,"broadcast":false,"dims":[32,2048,64],"logical":[2048,2048],"loop_factor":1},{"name":"arg1_1","role":"input","mem":"hbm","elems":4194304,"broadcast":false,"dims":[32,2048,64],"logical":[2048,2048],"loop_factor":1}],"reduction_cores":1,"loop_trip":1,"tiles_output_dim":false,"tile_rows_per_core":0.0,"is_matmul":true,"matmul_macs":8589934592,"matmul_rows_per_core":512.0,"matmul_cols_per_core":256.0,"matmul_a_bytes":8388608,"matmul_b_bytes":8388608,"matmul_m_split":4,"matmul_n_split":8,"hbm_pattern":""}]
TIMING op=mmwd reps=7/7 prof_wall_s=11.63 per_rep_s=1.661
SUMMARY op=mmwd rows=2048 cols=2048 cores=32 tiles=0 lx=1 io_hbm_bytes=25165824 kernel_us=390.186 pred_us=393.408 err_pct=+0.8 bw_gbps=64.5 memset_us=236.029 other_dev_us=485.222 total_dev_us=1111.437 kernel_us_min=385.397 kernel_us_median=390.186 kernel_us_mean=389.689 kernel_us_std=2.953 kernel_us_cv=0.76 reps=7
TIMING_RUN mmwd 2048/2048/2048 4/8/1 33s
-- mmwd M=2560 K=2048 N=2560 split m=4 n=8 k=1 (cores=32)
IO -- device-layout I/O (cost model, stick-padded) --
IO   op mm [reduction]
IO     output op0                    torch [2560, 2560] -> device [40, 2560, 64] in HBM = 6553600 elems x 2B = 13107200 B  (hbm counted: 13107200 B)
IO     input  arg0_1                 torch [2560, 2048] -> device [32, 2560, 64] in HBM = 5242880 elems x 2B = 10485760 B  (hbm counted: 10485760 B)
IO     input  arg1_1                 torch [2048, 2560] -> device [40, 2048, 64] in HBM = 5242880 elems x 2B = 10485760 B  (hbm counted: 10485760 B)
IO   => HBM I/O total = 34078720 B  (lx 0 B, ~free)
MODEL -- estimate (turnaround): T = compute + (R+W)/BW_PEAK + a*min(R,W) --
MODEL   R=20971520 B (read)   W=13107200 B (write)   loop_trip L=1
MODEL   compute = MACs/cores/(mac_peak*pt_eff) = 13421772800/32/(1140*1.000) = 367.92 us  (M/m=640, pt_eff=1.000)
MODEL   base = R/150+W/150 = 227.19 us
MODEL   turn = a*min(R,W) = 0.00574*13107200 = 75.24 us
MODEL   => T_model = 604.53 us
MODEL FEATS [{"name":"mm","is_reduction":true,"out_elems":6553600,"cores":32,"dtype_bytes":2,"args":[{"name":"op0","role":"output","mem":"hbm","elems":6553600,"broadcast":false,"dims":[40,2560,64],"logical":[2560,2560],"loop_factor":1},{"name":"arg0_1","role":"input","mem":"hbm","elems":5242880,"broadcast":false,"dims":[32,2560,64],"logical":[2560,2048],"loop_factor":1},{"name":"arg1_1","role":"input","mem":"hbm","elems":5242880,"broadcast":false,"dims":[40,2048,64],"logical":[2048,2560],"loop_factor":1}],"reduction_cores":1,"loop_trip":1,"tiles_output_dim":false,"tile_rows_per_core":0.0,"is_matmul":true,"matmul_macs":13421772800,"matmul_rows_per_core":640.0,"matmul_cols_per_core":320.0,"matmul_a_bytes":10485760,"matmul_b_bytes":10485760,"matmul_m_split":4,"matmul_n_split":8,"hbm_pattern":""}]
TIMING op=mmwd reps=7/7 prof_wall_s=11.31 per_rep_s=1.616
SUMMARY op=mmwd rows=2560 cols=2048 cores=32 tiles=0 lx=1 io_hbm_bytes=34078720 kernel_us=596.627 pred_us=604.527 err_pct=+1.3 bw_gbps=57.1 memset_us=292.103 other_dev_us=1181.567 total_dev_us=2070.297 kernel_us_min=588.500 kernel_us_median=596.627 kernel_us_mean=596.040 kernel_us_std=3.816 kernel_us_cv=0.64 reps=7
TIMING_RUN mmwd 2560/2048/2560 4/8/1 34s
## cores=16 (split 4x4): M=N sweep crossing read/compute 0.87 -> 0.43
-- mmwd M=512 K=2048 N=512 split m=4 n=4 k=1 (cores=16)
IO -- device-layout I/O (cost model, stick-padded) --
IO   op mm [reduction]
IO     output op0                    torch [512, 512] -> device [8, 512, 64] in HBM = 262144 elems x 2B = 524288 B  (hbm counted: 524288 B)
IO     input  arg0_1                 torch [512, 2048] -> device [32, 512, 64] in HBM = 1048576 elems x 2B = 2097152 B  (hbm counted: 2097152 B)
IO     input  arg1_1                 torch [2048, 512] -> device [8, 2048, 64] in HBM = 1048576 elems x 2B = 2097152 B  (hbm counted: 2097152 B)
IO   => HBM I/O total = 4718592 B  (lx 0 B, ~free)
MODEL -- estimate (turnaround): T = compute + (R+W)/BW_PEAK + a*min(R,W) --
MODEL   R=4194304 B (read)   W=524288 B (write)   loop_trip L=1
MODEL   compute = MACs/cores/(mac_peak*pt_eff) = 536870912/16/(1140*1.000) = 29.43 us  (M/m=128, pt_eff=1.000)
MODEL   base = R/150+W/150 = 31.46 us
MODEL   turn = a*min(R,W) = 0.00574*524288 = 3.01 us
MODEL   => T_model = 50.36 us
MODEL FEATS [{"name":"mm","is_reduction":true,"out_elems":262144,"cores":16,"dtype_bytes":2,"args":[{"name":"op0","role":"output","mem":"hbm","elems":262144,"broadcast":false,"dims":[8,512,64],"logical":[512,512],"loop_factor":1},{"name":"arg0_1","role":"input","mem":"hbm","elems":1048576,"broadcast":false,"dims":[32,512,64],"logical":[512,2048],"loop_factor":1},{"name":"arg1_1","role":"input","mem":"hbm","elems":1048576,"broadcast":false,"dims":[8,2048,64],"logical":[2048,512],"loop_factor":1}],"reduction_cores":1,"loop_trip":1,"tiles_output_dim":false,"tile_rows_per_core":0.0,"is_matmul":true,"matmul_macs":536870912,"matmul_rows_per_core":128.0,"matmul_cols_per_core":128.0,"matmul_a_bytes":2097152,"matmul_b_bytes":2097152,"matmul_m_split":4,"matmul_n_split":4,"hbm_pattern":""}]
TIMING op=mmwd reps=7/7 prof_wall_s=5.01 per_rep_s=0.715
SUMMARY op=mmwd rows=512 cols=2048 cores=16 tiles=0 lx=1 io_hbm_bytes=4718592 kernel_us=41.959 pred_us=50.361 err_pct=+20.0 bw_gbps=112.5 memset_us=82.593 other_dev_us=214.377 total_dev_us=338.929 kernel_us_min=41.863 kernel_us_median=41.959 kernel_us_mean=41.968 kernel_us_std=0.091 kernel_us_cv=0.22 reps=7
TIMING_RUN mmwd 512/2048/512 4/4/1 24s
-- mmwd M=768 K=2048 N=768 split m=4 n=4 k=1 (cores=16)
IO -- device-layout I/O (cost model, stick-padded) --
IO   op mm [reduction]
IO     output op0                    torch [768, 768] -> device [12, 768, 64] in HBM = 589824 elems x 2B = 1179648 B  (hbm counted: 1179648 B)
IO     input  arg0_1                 torch [768, 2048] -> device [32, 768, 64] in HBM = 1572864 elems x 2B = 3145728 B  (hbm counted: 3145728 B)
IO     input  arg1_1                 torch [2048, 768] -> device [12, 2048, 64] in HBM = 1572864 elems x 2B = 3145728 B  (hbm counted: 3145728 B)
IO   => HBM I/O total = 7471104 B  (lx 0 B, ~free)
MODEL -- estimate (turnaround): T = compute + (R+W)/BW_PEAK + a*min(R,W) --
MODEL   R=6291456 B (read)   W=1179648 B (write)   loop_trip L=1
MODEL   compute = MACs/cores/(mac_peak*pt_eff) = 1207959552/16/(1140*1.000) = 66.23 us  (M/m=192, pt_eff=1.000)
MODEL   base = R/150+W/150 = 49.81 us
MODEL   turn = a*min(R,W) = 0.00574*1179648 = 6.77 us
MODEL   => T_model = 96.78 us
MODEL FEATS [{"name":"mm","is_reduction":true,"out_elems":589824,"cores":16,"dtype_bytes":2,"args":[{"name":"op0","role":"output","mem":"hbm","elems":589824,"broadcast":false,"dims":[12,768,64],"logical":[768,768],"loop_factor":1},{"name":"arg0_1","role":"input","mem":"hbm","elems":1572864,"broadcast":false,"dims":[32,768,64],"logical":[768,2048],"loop_factor":1},{"name":"arg1_1","role":"input","mem":"hbm","elems":1572864,"broadcast":false,"dims":[12,2048,64],"logical":[2048,768],"loop_factor":1}],"reduction_cores":1,"loop_trip":1,"tiles_output_dim":false,"tile_rows_per_core":0.0,"is_matmul":true,"matmul_macs":1207959552,"matmul_rows_per_core":192.0,"matmul_cols_per_core":192.0,"matmul_a_bytes":3145728,"matmul_b_bytes":3145728,"matmul_m_split":4,"matmul_n_split":4,"hbm_pattern":""}]
TIMING op=mmwd reps=7/7 prof_wall_s=4.18 per_rep_s=0.596
SUMMARY op=mmwd rows=768 cols=2048 cores=16 tiles=0 lx=1 io_hbm_bytes=7471104 kernel_us=156.758 pred_us=96.778 err_pct=-38.3 bw_gbps=47.7 memset_us=118.009 other_dev_us=268.427 total_dev_us=543.194 kernel_us_min=156.607 kernel_us_median=156.758 kernel_us_mean=156.777 kernel_us_std=0.142 kernel_us_cv=0.09 reps=7
TIMING_RUN mmwd 768/2048/768 4/4/1 21s
-- mmwd M=1024 K=2048 N=1024 split m=4 n=4 k=1 (cores=16)
IO -- device-layout I/O (cost model, stick-padded) --
IO   op mm [reduction]
IO     output op0                    torch [1024, 1024] -> device [16, 1024, 64] in HBM = 1048576 elems x 2B = 2097152 B  (hbm counted: 2097152 B)
IO     input  arg0_1                 torch [1024, 2048] -> device [32, 1024, 64] in HBM = 2097152 elems x 2B = 4194304 B  (hbm counted: 4194304 B)
IO     input  arg1_1                 torch [2048, 1024] -> device [16, 2048, 64] in HBM = 2097152 elems x 2B = 4194304 B  (hbm counted: 4194304 B)
IO   => HBM I/O total = 10485760 B  (lx 0 B, ~free)
MODEL -- estimate (turnaround): T = compute + (R+W)/BW_PEAK + a*min(R,W) --
MODEL   R=8388608 B (read)   W=2097152 B (write)   loop_trip L=1
MODEL   compute = MACs/cores/(mac_peak*pt_eff) = 2147483648/16/(1140*1.000) = 117.73 us  (M/m=256, pt_eff=1.000)
MODEL   base = R/150+W/150 = 69.91 us
MODEL   turn = a*min(R,W) = 0.00574*2097152 = 12.04 us
MODEL   => T_model = 161.98 us
MODEL FEATS [{"name":"mm","is_reduction":true,"out_elems":1048576,"cores":16,"dtype_bytes":2,"args":[{"name":"op0","role":"output","mem":"hbm","elems":1048576,"broadcast":false,"dims":[16,1024,64],"logical":[1024,1024],"loop_factor":1},{"name":"arg0_1","role":"input","mem":"hbm","elems":2097152,"broadcast":false,"dims":[32,1024,64],"logical":[1024,2048],"loop_factor":1},{"name":"arg1_1","role":"input","mem":"hbm","elems":2097152,"broadcast":false,"dims":[16,2048,64],"logical":[2048,1024],"loop_factor":1}],"reduction_cores":1,"loop_trip":1,"tiles_output_dim":false,"tile_rows_per_core":0.0,"is_matmul":true,"matmul_macs":2147483648,"matmul_rows_per_core":256.0,"matmul_cols_per_core":256.0,"matmul_a_bytes":4194304,"matmul_b_bytes":4194304,"matmul_m_split":4,"matmul_n_split":4,"hbm_pattern":""}]
TIMING op=mmwd reps=7/7 prof_wall_s=5.46 per_rep_s=0.781
SUMMARY op=mmwd rows=1024 cols=2048 cores=16 tiles=0 lx=1 io_hbm_bytes=10485760 kernel_us=150.391 pred_us=161.984 err_pct=+7.7 bw_gbps=69.7 memset_us=89.776 other_dev_us=354.291 total_dev_us=594.458 kernel_us_min=148.680 kernel_us_median=150.391 kernel_us_mean=150.209 kernel_us_std=1.024 kernel_us_cv=0.68 reps=7
TIMING_RUN mmwd 1024/2048/1024 4/4/1 28s
## K-independence cross-check (K=4096 at two M=N, cores=32)
-- mmwd M=1024 K=4096 N=1024 split m=4 n=8 k=1 (cores=32)
IO -- device-layout I/O (cost model, stick-padded) --
IO   op mm [reduction]
IO     output op0                    torch [1024, 1024] -> device [16, 1024, 64] in HBM = 1048576 elems x 2B = 2097152 B  (hbm counted: 2097152 B)
IO     input  arg0_1                 torch [1024, 4096] -> device [64, 1024, 64] in HBM = 4194304 elems x 2B = 8388608 B  (hbm counted: 8388608 B)
IO     input  arg1_1                 torch [4096, 1024] -> device [16, 4096, 64] in HBM = 4194304 elems x 2B = 8388608 B  (hbm counted: 8388608 B)
IO   => HBM I/O total = 18874368 B  (lx 0 B, ~free)
MODEL -- estimate (turnaround): T = compute + (R+W)/BW_PEAK + a*min(R,W) --
MODEL   R=16777216 B (read)   W=2097152 B (write)   loop_trip L=1
MODEL   compute = MACs/cores/(mac_peak*pt_eff) = 4294967296/32/(1140*1.000) = 117.73 us  (M/m=256, pt_eff=1.000)
MODEL   base = R/150+W/150 = 125.83 us
MODEL   turn = a*min(R,W) = 0.00574*2097152 = 12.04 us
MODEL   => T_model = 201.44 us
MODEL FEATS [{"name":"mm","is_reduction":true,"out_elems":1048576,"cores":32,"dtype_bytes":2,"args":[{"name":"op0","role":"output","mem":"hbm","elems":1048576,"broadcast":false,"dims":[16,1024,64],"logical":[1024,1024],"loop_factor":1},{"name":"arg0_1","role":"input","mem":"hbm","elems":4194304,"broadcast":false,"dims":[64,1024,64],"logical":[1024,4096],"loop_factor":1},{"name":"arg1_1","role":"input","mem":"hbm","elems":4194304,"broadcast":false,"dims":[16,4096,64],"logical":[4096,1024],"loop_factor":1}],"reduction_cores":1,"loop_trip":1,"tiles_output_dim":false,"tile_rows_per_core":0.0,"is_matmul":true,"matmul_macs":4294967296,"matmul_rows_per_core":256.0,"matmul_cols_per_core":128.0,"matmul_a_bytes":8388608,"matmul_b_bytes":8388608,"matmul_m_split":4,"matmul_n_split":8,"hbm_pattern":""}]
TIMING op=mmwd reps=7/7 prof_wall_s=10.09 per_rep_s=1.441
SUMMARY op=mmwd rows=1024 cols=4096 cores=32 tiles=0 lx=1 io_hbm_bytes=18874368 kernel_us=190.900 pred_us=201.444 err_pct=+5.5 bw_gbps=98.9 memset_us=147.476 other_dev_us=295.360 total_dev_us=633.736 kernel_us_min=189.033 kernel_us_median=190.900 kernel_us_mean=191.091 kernel_us_std=1.691 kernel_us_cv=0.88 reps=7
TIMING_RUN mmwd 1024/4096/1024 4/8/1 31s
-- mmwd M=2048 K=4096 N=2048 split m=4 n=8 k=1 (cores=32)
IO -- device-layout I/O (cost model, stick-padded) --
IO   op mm [reduction]
IO     output op0                    torch [2048, 2048] -> device [32, 2048, 64] in HBM = 4194304 elems x 2B = 8388608 B  (hbm counted: 8388608 B)
IO     input  arg0_1                 torch [2048, 4096] -> device [64, 2048, 64] in HBM = 8388608 elems x 2B = 16777216 B  (hbm counted: 16777216 B)
IO     input  arg1_1                 torch [4096, 2048] -> device [32, 4096, 64] in HBM = 8388608 elems x 2B = 16777216 B  (hbm counted: 16777216 B)
IO   => HBM I/O total = 41943040 B  (lx 0 B, ~free)
MODEL -- estimate (turnaround): T = compute + (R+W)/BW_PEAK + a*min(R,W) --
MODEL   R=33554432 B (read)   W=8388608 B (write)   loop_trip L=1
MODEL   compute = MACs/cores/(mac_peak*pt_eff) = 17179869184/32/(1140*1.000) = 470.94 us  (M/m=512, pt_eff=1.000)
MODEL   base = R/150+W/150 = 279.62 us
MODEL   turn = a*min(R,W) = 0.00574*8388608 = 48.15 us
MODEL   => T_model = 702.29 us
MODEL FEATS [{"name":"mm","is_reduction":true,"out_elems":4194304,"cores":32,"dtype_bytes":2,"args":[{"name":"op0","role":"output","mem":"hbm","elems":4194304,"broadcast":false,"dims":[32,2048,64],"logical":[2048,2048],"loop_factor":1},{"name":"arg0_1","role":"input","mem":"hbm","elems":8388608,"broadcast":false,"dims":[64,2048,64],"logical":[2048,4096],"loop_factor":1},{"name":"arg1_1","role":"input","mem":"hbm","elems":8388608,"broadcast":false,"dims":[32,4096,64],"logical":[4096,2048],"loop_factor":1}],"reduction_cores":1,"loop_trip":1,"tiles_output_dim":false,"tile_rows_per_core":0.0,"is_matmul":true,"matmul_macs":17179869184,"matmul_rows_per_core":512.0,"matmul_cols_per_core":256.0,"matmul_a_bytes":16777216,"matmul_b_bytes":16777216,"matmul_m_split":4,"matmul_n_split":8,"hbm_pattern":""}]
TIMING op=mmwd reps=7/7 prof_wall_s=11.64 per_rep_s=1.663
SUMMARY op=mmwd rows=2048 cols=4096 cores=32 tiles=0 lx=1 io_hbm_bytes=41943040 kernel_us=669.654 pred_us=702.294 err_pct=+4.9 bw_gbps=62.6 memset_us=268.992 other_dev_us=426.153 total_dev_us=1364.799 kernel_us_min=666.180 kernel_us_median=669.654 kernel_us_mean=669.830 kernel_us_std=3.389 kernel_us_cv=0.51 reps=7
TIMING_RUN mmwd 2048/4096/2048 4/8/1 34s
==== GAMMA-BIND DONE in 318s (Wed Jul 29 09:04:22 UTC 2026) -- fold with parse_sweep_logs.py + analyze_matmul_overlap.py ====
