==== grand 5h sweep Fri Jun 19 13:21:11 UTC 2026 ====
git: 3120bdc  rows: 2048  sections: P2a
## P2a coarse-tile K-sweep (ctsum, B=2048 D=512; LX off+on)
IO -- device-layout I/O (cost model, stick-padded) --
IO   op Pointwise
IO     output [512] in hbm = 512 elems x 2B = 1024 B  (hbm counted: 1024 B)
IO     input  [1, 64] in hbm = 64 elems x 2B = 128 B  (hbm counted: 128 B) broadcast (loaded once)
IO   op sum_1 [reduction]
IO     output [8, 64] in hbm = 512 elems x 2B = 1024 B  (hbm counted: 2048 B) xL=2
IO     input  [8, 2048, 64] in hbm = 1048576 elems x 2B = 2097152 B  (hbm counted: 2097152 B)
IO   op Pointwise
IO     output [512] in hbm = 512 elems x 2B = 1024 B  (hbm counted: 2048 B) xL=2
IO     input  [8, 64] in hbm = 512 elems x 2B = 1024 B  (hbm counted: 2048 B) xL=2
IO     input  [8, 64] in hbm = 512 elems x 2B = 1024 B  (hbm counted: 2048 B) xL=2
IO   => HBM I/O total = 2106496 B  (lx 0 B, ~free)
MODEL -- estimate (turnaround): T = (R+W)/BW_PEAK + a*min(R,W) + c_loop*L --
MODEL   R=2101376 B (read)   W=5120 B (write)   loop_trip L=2
MODEL   base = (R+W)/BW_PEAK = (2101376+5120)/150 = 14.04 us
MODEL   turn = a*min(R,W) = 0.00574*5120 = 0.03 us
MODEL   loop = c_loop*L = 0.0*2 = 0.00 us
MODEL   => T_model = 14.07 us
SUMMARY op=ctsum rows=2048 cols=512 cores=- tiles=2 lx=0 io_hbm_bytes=2106496 kernel_us=18.090 pred_us=14.073 err_pct=-22.2 bw_gbps=116.4 memset_us=61.274 other_dev_us=175.837 total_dev_us=255.201
IO -- device-layout I/O (cost model, stick-padded) --
IO   op Pointwise
IO     output [512] in hbm = 512 elems x 2B = 1024 B  (hbm counted: 1024 B)
IO     input  [1, 64] in hbm = 64 elems x 2B = 128 B  (hbm counted: 128 B) broadcast (loaded once)
IO   op sum_1 [reduction]
IO     output [8, 64] in hbm = 512 elems x 2B = 1024 B  (hbm counted: 2048 B) xL=2
IO     input  [8, 2048, 64] in hbm = 1048576 elems x 2B = 2097152 B  (hbm counted: 2097152 B)
IO   op Pointwise
IO     output [512] in hbm = 512 elems x 2B = 1024 B  (hbm counted: 2048 B) xL=2
IO     input  [8, 64] in hbm = 512 elems x 2B = 1024 B  (hbm counted: 2048 B) xL=2
IO     input  [8, 64] in hbm = 512 elems x 2B = 1024 B  (hbm counted: 2048 B) xL=2
IO   => HBM I/O total = 2106496 B  (lx 0 B, ~free)
MODEL -- estimate (turnaround): T = (R+W)/BW_PEAK + a*min(R,W) + c_loop*L --
MODEL   R=2101376 B (read)   W=5120 B (write)   loop_trip L=2
MODEL   base = (R+W)/BW_PEAK = (2101376+5120)/150 = 14.04 us
MODEL   turn = a*min(R,W) = 0.00574*5120 = 0.03 us
MODEL   loop = c_loop*L = 0.0*2 = 0.00 us
MODEL   => T_model = 14.07 us
SUMMARY op=ctsum rows=2048 cols=512 cores=- tiles=2 lx=1 io_hbm_bytes=2106496 kernel_us=18.492 pred_us=14.073 err_pct=-23.9 bw_gbps=113.9 memset_us=57.629 other_dev_us=127.890 total_dev_us=204.011
IO -- device-layout I/O (cost model, stick-padded) --
IO   op Pointwise
IO     output [512] in hbm = 512 elems x 2B = 1024 B  (hbm counted: 1024 B)
IO     input  [1, 64] in hbm = 64 elems x 2B = 128 B  (hbm counted: 128 B) broadcast (loaded once)
IO   op sum_1 [reduction]
IO     output [8, 64] in hbm = 512 elems x 2B = 1024 B  (hbm counted: 4096 B) xL=4
IO     input  [8, 2048, 64] in hbm = 1048576 elems x 2B = 2097152 B  (hbm counted: 2097152 B)
IO   op Pointwise
IO     output [512] in hbm = 512 elems x 2B = 1024 B  (hbm counted: 4096 B) xL=4
IO     input  [8, 64] in hbm = 512 elems x 2B = 1024 B  (hbm counted: 4096 B) xL=4
IO     input  [8, 64] in hbm = 512 elems x 2B = 1024 B  (hbm counted: 4096 B) xL=4
IO   => HBM I/O total = 2114688 B  (lx 0 B, ~free)
MODEL -- estimate (turnaround): T = (R+W)/BW_PEAK + a*min(R,W) + c_loop*L --
MODEL   R=2105472 B (read)   W=9216 B (write)   loop_trip L=4
MODEL   base = (R+W)/BW_PEAK = (2105472+9216)/150 = 14.10 us
MODEL   turn = a*min(R,W) = 0.00574*9216 = 0.05 us
MODEL   loop = c_loop*L = 0.0*4 = 0.00 us
MODEL   => T_model = 14.15 us
SUMMARY op=ctsum rows=2048 cols=512 cores=- tiles=4 lx=0 io_hbm_bytes=2114688 kernel_us=19.047 pred_us=14.151 err_pct=-25.7 bw_gbps=111.0 memset_us=61.624 other_dev_us=88.858 total_dev_us=169.529
IO -- device-layout I/O (cost model, stick-padded) --
IO   op Pointwise
IO     output [512] in hbm = 512 elems x 2B = 1024 B  (hbm counted: 1024 B)
IO     input  [1, 64] in hbm = 64 elems x 2B = 128 B  (hbm counted: 128 B) broadcast (loaded once)
IO   op sum_1 [reduction]
IO     output [8, 64] in hbm = 512 elems x 2B = 1024 B  (hbm counted: 4096 B) xL=4
IO     input  [8, 2048, 64] in hbm = 1048576 elems x 2B = 2097152 B  (hbm counted: 2097152 B)
IO   op Pointwise
IO     output [512] in hbm = 512 elems x 2B = 1024 B  (hbm counted: 4096 B) xL=4
IO     input  [8, 64] in hbm = 512 elems x 2B = 1024 B  (hbm counted: 4096 B) xL=4
IO     input  [8, 64] in hbm = 512 elems x 2B = 1024 B  (hbm counted: 4096 B) xL=4
IO   => HBM I/O total = 2114688 B  (lx 0 B, ~free)
MODEL -- estimate (turnaround): T = (R+W)/BW_PEAK + a*min(R,W) + c_loop*L --
MODEL   R=2105472 B (read)   W=9216 B (write)   loop_trip L=4
MODEL   base = (R+W)/BW_PEAK = (2105472+9216)/150 = 14.10 us
MODEL   turn = a*min(R,W) = 0.00574*9216 = 0.05 us
MODEL   loop = c_loop*L = 0.0*4 = 0.00 us
MODEL   => T_model = 14.15 us
SUMMARY op=ctsum rows=2048 cols=512 cores=- tiles=4 lx=1 io_hbm_bytes=2114688 kernel_us=19.034 pred_us=14.151 err_pct=-25.7 bw_gbps=111.1 memset_us=62.959 other_dev_us=133.713 total_dev_us=215.706
IO -- device-layout I/O (cost model, stick-padded) --
IO   op Pointwise
IO     output [512] in hbm = 512 elems x 2B = 1024 B  (hbm counted: 1024 B)
IO     input  [1, 64] in hbm = 64 elems x 2B = 128 B  (hbm counted: 128 B) broadcast (loaded once)
IO   op sum_1 [reduction]
IO     output [8, 64] in hbm = 512 elems x 2B = 1024 B  (hbm counted: 8192 B) xL=8
IO     input  [8, 2048, 64] in hbm = 1048576 elems x 2B = 2097152 B  (hbm counted: 2097152 B)
IO   op Pointwise
IO     output [512] in hbm = 512 elems x 2B = 1024 B  (hbm counted: 8192 B) xL=8
IO     input  [8, 64] in hbm = 512 elems x 2B = 1024 B  (hbm counted: 8192 B) xL=8
IO     input  [8, 64] in hbm = 512 elems x 2B = 1024 B  (hbm counted: 8192 B) xL=8
IO   => HBM I/O total = 2131072 B  (lx 0 B, ~free)
MODEL -- estimate (turnaround): T = (R+W)/BW_PEAK + a*min(R,W) + c_loop*L --
MODEL   R=2113664 B (read)   W=17408 B (write)   loop_trip L=8
MODEL   base = (R+W)/BW_PEAK = (2113664+17408)/150 = 14.21 us
MODEL   turn = a*min(R,W) = 0.00574*17408 = 0.10 us
MODEL   loop = c_loop*L = 0.0*8 = 0.00 us
MODEL   => T_model = 14.31 us
SUMMARY op=ctsum rows=2048 cols=512 cores=- tiles=8 lx=0 io_hbm_bytes=2131072 kernel_us=22.823 pred_us=14.307 err_pct=-37.3 bw_gbps=93.4 memset_us=529.736 other_dev_us=164.019 total_dev_us=716.578
