$ SPYRE_DUMP_IR=1 SPYRE_PROFILE=1 SPYRE_DUMP_COST=1 python coarse_tile/run_softmax_row_tiling.py 
==============================================================================
==== ATen FX graph (post-grad, pre-lowering)
==============================================================================
%arg0_1 : [num_users=2] = placeholder[target=arg0_1]    # torch.float16 (16384, 4096) spyre:0
%amax : [num_users=1] = call_function[target=torch.ops.aten.amax.default](args = (%arg0_1, [-1], True), kwargs = {})    # torch.float16 (16384, 1) spyre:0
%sub : [num_users=1] = call_function[target=torch.ops.aten.sub.Tensor](args = (%arg0_1, %amax), kwargs = {})    # torch.float16 (16384, 4096) spyre:0
%exp : [num_users=2] = call_function[target=torch.ops.aten.exp.default](args = (%sub,), kwargs = {})    # torch.float16 (16384, 4096) spyre:0
%sum_1 : [num_users=1] = call_function[target=torch.ops.aten.sum.dim_IntList](args = (%exp, [-1], True), kwargs = {})    # torch.float16 (16384, 1) spyre:0
%div : [num_users=1] = call_function[target=torch.ops.aten.div.Tensor](args = (%exp, %sum_1), kwargs = {})    # torch.float16 (16384, 4096) spyre:0
return (div,)
[7 nodes]

==============================================================================
==== LoopLevel IR - BEFORE pre-scheduling passes
==============================================================================
op0: ComputedBuffer
  layout=FixedLayout('spyre:0', torch.float16, size=[16384, 1], stride=[1, 16384])
  Reduction(
  'spyre',
  torch.float16,
  def inner_fn(index, rindex):
      i0, _ = index
      r0_0 = rindex
      tmp0 = ops.load(arg0_1, r0_0 + 4096 * i0)
      return tmp0
  ,
  ranges=[16384, 1],
  reduction_ranges=[4096],
  reduction_type=max,
  origin_node=amax,
  origins=OrderedSet([amax]),
  stack_traces = {,
    File "/home/haoyang/torch-spyre/coarse_tile/run_softmax_row_tiling.py", line 49, in torch_dynamo_resume_in_fn_at_47,
      return torch.softmax(x, dim),
  ,
  }
)

op1: ComputedBuffer
  layout=FixedLayout('spyre:0', torch.float16, size=[16384, 4096], stride=[4096, 1])
  Pointwise(
  'spyre',
  torch.float16,
  def inner_fn(index):
      i0, i1 = index
      tmp0 = ops.load(arg0_1, i1 + 4096 * i0)
      tmp1 = ops.load(buf0, i0)
      tmp2 = tmp0 - tmp1
      return tmp2
  ,
  ranges=[16384, 4096],
  origin_node=sub,
  origins=OrderedSet([sub]),
  stack_traces = {,
    File "/home/haoyang/torch-spyre/coarse_tile/run_softmax_row_tiling.py", line 49, in torch_dynamo_resume_in_fn_at_47,
      return torch.softmax(x, dim),
  ,
  }
)

op2: ComputedBuffer
  layout=FixedLayout('spyre:0', torch.float16, size=[16384, 4096], stride=[4096, 1])
  Pointwise(
  'spyre',
  torch.float16,
  def inner_fn(index):
      i0, i1 = index
      tmp0 = ops.load(buf1, i1 + 4096 * i0)
      tmp1 = ops.exp(tmp0)
      return tmp1
  ,
  ranges=[16384, 4096],
  origin_node=exp,
  origins=OrderedSet([exp]),
  stack_traces = {,
    File "/home/haoyang/torch-spyre/coarse_tile/run_softmax_row_tiling.py", line 49, in torch_dynamo_resume_in_fn_at_47,
      return torch.softmax(x, dim),
  ,
  }
)

op3: ComputedBuffer
  layout=FixedLayout('spyre:0', torch.float16, size=[16384, 1], stride=[1, 16384])
  Reduction(
  'spyre',
  torch.float16,
  def inner_fn(index, rindex):
      i0, _ = index
      r0_0 = rindex
      tmp0 = ops.load(buf2, r0_0 + 4096 * i0)
      return tmp0
  ,
  ranges=[16384, 1],
  reduction_ranges=[4096],
  reduction_type=sum,
  origin_node=sum_1,
  origins=OrderedSet([sum_1]),
  stack_traces = {,
    File "/home/haoyang/torch-spyre/coarse_tile/run_softmax_row_tiling.py", line 49, in torch_dynamo_resume_in_fn_at_47,
      return torch.softmax(x, dim),
  ,
  }
)

op4: ComputedBuffer
  layout=FixedLayout('spyre:0', torch.float16, size=[16384, 4096], stride=[4096, 1])
  Pointwise(
  'spyre',
  torch.float16,
  def inner_fn(index):
      i0, i1 = index
      tmp0 = ops.load(buf2, i1 + 4096 * i0)
      tmp1 = ops.load(buf3, i0)
      tmp2 = tmp0 / tmp1
      return tmp2
  ,
  ranges=[16384, 4096],
  origin_node=div,
  origins=OrderedSet([div]),
  stack_traces = {,
    File "/home/haoyang/torch-spyre/coarse_tile/run_softmax_row_tiling.py", line 49, in torch_dynamo_resume_in_fn_at_47,
      return torch.softmax(x, dim),
  ,
  }
)

[5 ops]

==============================================================================
==== LoopLevel IR - AFTER pre-scheduling passes
==============================================================================
op5: SpyreEmptyFallback

op0: ComputedBuffer
  layout=FixedTiledLayout('spyre:0', torch.float16, size=[4096, 1], stride=[1, 1], device_layout=SpyreTensorLayout(device_size=[1, 4096, 64], stride_map =[-1, 1, -1], device_dtype=DataFormats.SEN169_FP16))
  allocation={'lx': 0}
  op_it_space_splits={d0: 32, d1: 1}
  dim_hints=[DimHint(dim_names=['NROW'], split_count=4, loop_var=d0, is_reduction=False, hint_id=2)]
  loop_info=CoarseTileInfo(loop_group_id=(0,), loop_count=[4], loop_tiled_dims=[[0]], loop_tiled_reduction_dims=[[]])
  Reduction(
  'spyre',
  torch.float16,
  def inner_fn(index, rindex):
      i0, _ = index
      r0_0 = rindex
      tmp0 = ops.load(arg0_1, r0_0 + 4096 * i0)
      return tmp0
  ,
  ranges=[4096, 1],
  reduction_ranges=[4096],
  reduction_type=max,
  origin_node=amax,
  origins=OrderedSet([amax]),
  stack_traces = {,
    File "/home/haoyang/torch-spyre/coarse_tile/run_softmax_row_tiling.py", line 49, in torch_dynamo_resume_in_fn_at_47,
      return torch.softmax(x, dim),
  ,
  }
)

op1: ComputedBuffer
  layout=FixedTiledLayout('spyre:0', torch.float16, size=[4096, 4096], stride=[4096, 1], device_layout=SpyreTensorLayout(device_size=[64, 4096, 64], stride_map =[64, 4096, 1], device_dtype=DataFormats.SEN169_FP16))
  allocation={'lx': 16384}
  op_it_space_splits={d0: 32, d1: 1}
  dim_hints=[DimHint(dim_names=['NROW'], split_count=4, loop_var=d0, is_reduction=False, hint_id=2)]
  loop_info=CoarseTileInfo(loop_group_id=(0,), loop_count=[4], loop_tiled_dims=[[0]], loop_tiled_reduction_dims=[[]])
  Pointwise(
  'spyre',
  torch.float16,
  def inner_fn(index):
      i0, i1 = index
      tmp0 = ops.load(arg0_1, i1 + 4096 * i0)
      tmp1 = ops.load(buf0, i0)
      tmp2 = tmp0 - tmp1
      return tmp2
  ,
  ranges=[4096, 4096],
  origin_node=sub,
  origins=OrderedSet([sub]),
  stack_traces = {,
    File "/home/haoyang/torch-spyre/coarse_tile/run_softmax_row_tiling.py", line 49, in torch_dynamo_resume_in_fn_at_47,
      return torch.softmax(x, dim),
  ,
  }
)

op2: ComputedBuffer
  layout=FixedTiledLayout('spyre:0', torch.float16, size=[4096, 4096], stride=[4096, 1], device_layout=SpyreTensorLayout(device_size=[64, 4096, 64], stride_map =[64, 4096, 1], device_dtype=DataFormats.SEN169_FP16))
  allocation={'lx': 16384}
  op_it_space_splits={d0: 32, d1: 1}
  dim_hints=[DimHint(dim_names=['NROW'], split_count=4, loop_var=d0, is_reduction=False, hint_id=2)]
  loop_info=CoarseTileInfo(loop_group_id=(0,), loop_count=[4], loop_tiled_dims=[[0]], loop_tiled_reduction_dims=[[]])
  Pointwise(
  'spyre',
  torch.float16,
  def inner_fn(index):
      i0, i1 = index
      tmp0 = ops.load(buf1, i1 + 4096 * i0)
      tmp1 = ops.exp(tmp0)
      return tmp1
  ,
  ranges=[4096, 4096],
  origin_node=exp,
  origins=OrderedSet([exp]),
  stack_traces = {,
    File "/home/haoyang/torch-spyre/coarse_tile/run_softmax_row_tiling.py", line 49, in torch_dynamo_resume_in_fn_at_47,
      return torch.softmax(x, dim),
  ,
  }
)

op3: ComputedBuffer
  layout=FixedTiledLayout('spyre:0', torch.float16, size=[4096, 1], stride=[1, 1], device_layout=SpyreTensorLayout(device_size=[1, 4096, 64], stride_map =[-1, 1, -1], device_dtype=DataFormats.SEN169_FP16))
  allocation={'lx': 0}
  op_it_space_splits={d0: 32, d1: 1}
  dim_hints=[DimHint(dim_names=['NROW'], split_count=4, loop_var=d0, is_reduction=False, hint_id=2)]
  loop_info=CoarseTileInfo(loop_group_id=(0,), loop_count=[4], loop_tiled_dims=[[0]], loop_tiled_reduction_dims=[[]])
  Reduction(
  'spyre',
  torch.float16,
  def inner_fn(index, rindex):
      i0, _ = index
      r0_0 = rindex
      tmp0 = ops.load(buf2, r0_0 + 4096 * i0)
      return tmp0
  ,
  ranges=[4096, 1],
  reduction_ranges=[4096],
  reduction_type=sum,
  origin_node=sum_1,
  origins=OrderedSet([sum_1]),
  stack_traces = {,
    File "/home/haoyang/torch-spyre/coarse_tile/run_softmax_row_tiling.py", line 49, in torch_dynamo_resume_in_fn_at_47,
      return torch.softmax(x, dim),
  ,
  }
)

op4: ComputedBuffer
  layout=MutationLayoutSHOULDREMOVE('spyre:0', torch.float16, size=[16384, 4096], stride=[4096, 1])
  op_it_space_splits={d0: 32, d1: 1}
  dim_hints=[DimHint(dim_names=['NROW'], split_count=4, loop_var=d0, is_reduction=False, hint_id=2)]
  loop_info=CoarseTileInfo(loop_group_id=(0,), loop_count=[4], loop_tiled_dims=[[0]], loop_tiled_reduction_dims=[[]])
  Pointwise(
  'spyre',
  torch.float16,
  def inner_fn(index):
      i0, i1 = index
      tmp0 = ops.load(buf2, i1 + 4096 * i0)
      tmp1 = ops.load(buf3, i0)
      tmp2 = tmp0 / tmp1
      return tmp2
  ,
  ranges=[4096, 4096],
  origin_node=div,
  origins=OrderedSet([div]),
  stack_traces = {,
    File "/home/haoyang/torch-spyre/coarse_tile/run_softmax_row_tiling.py", line 49, in torch_dynamo_resume_in_fn_at_47,
      return torch.softmax(x, dim),
  ,
  }
)

[6 ops]

==============================================================================
==== Cost model features + prediction (after pre-scheduling)
==============================================================================
  amax         read=134217728B write=0B lx=524288B loop_trip=4 [reduction: combine 0ns (k=1)]
      output op0                    torch [4096, 1] -> device [1, 4096, 64] in LX  | 262144 elems x 2B = 524288 B (hbm counted: 0 B)
      input  arg0_1                 torch [16384, 4096] -> device [64, 16384, 64] in HBM  | 67108864 elems x 2B = 134217728 B (hbm counted: 134217728 B)
  sub          read=134217728B write=0B lx=34078720B loop_trip=4
      output op1                    torch [4096, 4096] -> device [64, 4096, 64] in LX  | 16777216 elems x 2B = 33554432 B (hbm counted: 0 B)
      input  arg0_1                 torch [16384, 4096] -> device [64, 16384, 64] in HBM  | 67108864 elems x 2B = 134217728 B (hbm counted: 134217728 B)
      input  buf0                   torch [4096, 1] -> device [1, 4096, 64] in LX  | 262144 elems x 2B = 524288 B (hbm counted: 0 B) broadcast (loaded once)
  exp          read=0B write=0B lx=67108864B loop_trip=4
      output op2                    torch [4096, 4096] -> device [64, 4096, 64] in LX  | 16777216 elems x 2B = 33554432 B (hbm counted: 0 B)
      input  buf1                   torch [4096, 4096] -> device [64, 4096, 64] in LX  | 16777216 elems x 2B = 33554432 B (hbm counted: 0 B)
  sum_1        read=0B write=0B lx=34078720B loop_trip=4 [reduction: combine 0ns (k=1)]
      output op3                    torch [4096, 1] -> device [1, 4096, 64] in LX  | 262144 elems x 2B = 524288 B (hbm counted: 0 B)
      input  buf2                   torch [4096, 4096] -> device [64, 4096, 64] in LX  | 16777216 elems x 2B = 33554432 B (hbm counted: 0 B)
  div          read=0B write=134217728B lx=34078720B loop_trip=4
      output op4                    torch [16384, 4096] -> device [16384, 4096] in HBM  | 67108864 elems x 2B = 134217728 B (hbm counted: 134217728 B)
      input  buf2                   torch [4096, 4096] -> device [64, 4096, 64] in LX  | 16777216 elems x 2B = 33554432 B (hbm counted: 0 B)
      input  buf3                   torch [4096, 1] -> device [1, 4096, 64] in LX  | 262144 elems x 2B = 524288 B (hbm counted: 0 B) broadcast (loaded once)
  -- prediction (turnaround): T = (R+W)/BW_PEAK + a*min(R,W) --
     R=268435456B (read)   W=134217728B (write)
     base = (R+W)/BW_PEAK = (268435456+134217728)/150 = 2684.35 us
     turn = a*min(R,W) = 0.00574*134217728 = 770.41 us
     => T_model = 3454.76 us

PASSED
==== SPYRE_PROFILE: per-kernel host launch timing (min strips host jitter) ====
kernel                                    count     min_us    mean_us     max_us
sdsc_fused__softmax_0                         1    806.639    806.639    806.639
[note] host-side DISPATCH only (async launch). Set SPYRE_PROFILE_SYNC=1 for per-kernel device latency.