==== new-experiments sweep Tue Jul 21 05:06:35 UTC 2026 ====
git: 6794b02  sections: GAMMA BWCORES ARITY THINK TINY MSPLIT BMM COARSE
## GAMMA γ(cores): 2048³ & 4096×2048×2048 at cores {4,8,16,32}
-- mmwd M=2048 K=2048 N=2048 split m=2 n=2 k=1 (cores=4 M/m=1024 N/n=1024)
SUMMARY mmwd M=2048 K=2048 N=2048 split m=2 n=2 k=1 FAILED
-- mmwd M=2048 K=2048 N=2048 split m=2 n=4 k=1 (cores=8 M/m=1024 N/n=512)
SUMMARY mmwd M=2048 K=2048 N=2048 split m=2 n=4 k=1 FAILED
-- mmwd M=2048 K=2048 N=2048 split m=4 n=4 k=1 (cores=16 M/m=512 N/n=512)
SUMMARY mmwd M=2048 K=2048 N=2048 split m=4 n=4 k=1 FAILED
-- mmwd M=2048 K=2048 N=2048 split m=4 n=8 k=1 (cores=32 M/m=512 N/n=256)
SUMMARY mmwd M=2048 K=2048 N=2048 split m=4 n=8 k=1 FAILED
-- mmwd M=4096 K=2048 N=2048 split m=2 n=2 k=1 (cores=4 M/m=2048 N/n=1024)
SUMMARY mmwd M=4096 K=2048 N=2048 split m=2 n=2 k=1 FAILED
-- mmwd M=4096 K=2048 N=2048 split m=2 n=4 k=1 (cores=8 M/m=2048 N/n=512)
SUMMARY mmwd M=4096 K=2048 N=2048 split m=2 n=4 k=1 FAILED
-- mmwd M=4096 K=2048 N=2048 split m=4 n=4 k=1 (cores=16 M/m=1024 N/n=512)
SUMMARY mmwd M=4096 K=2048 N=2048 split m=4 n=4 k=1 FAILED
-- mmwd M=4096 K=2048 N=2048 split m=4 n=8 k=1 (cores=32 M/m=1024 N/n=256)
SUMMARY mmwd M=4096 K=2048 N=2048 split m=4 n=8 k=1 FAILED
-- mmwd M=2048 K=4096 N=2048 split m=2 n=2 k=1 (cores=4 M/m=1024 N/n=1024)
