==== new-experiments sweep Thu Jul 23 07:00:25 UTC 2026 ====
git: 83595dd  sections: GAMMA BWCORES ARITY ARITYX THINK TINY MSPLIT BMM COARSE
## GAMMA γ(cores): 2048³ & 4096×2048×2048 at cores {4,8,16,32}
-- mmwd M=2048 K=2048 N=2048 split m=2 n=2 k=1 (cores=4 M/m=1024 N/n=1024)
SUMMARY mmwd M=2048 K=2048 N=2048 split m=2 n=2 k=1 FAILED
-- mmwd M=2048 K=2048 N=2048 split m=2 n=4 k=1 (cores=8 M/m=1024 N/n=512)
-- mmwd M=2048 K=2048 N=2048 split m=4 n=4 k=1 (cores=16 M/m=512 N/n=512)
-- mmwd M=2048 K=2048 N=2048 split m=4 n=8 k=1 (cores=32 M/m=512 N/n=256)
-- mmwd M=4096 K=2048 N=2048 split m=2 n=2 k=1 (cores=4 M/m=2048 N/n=1024)
-- mmwd M=4096 K=2048 N=2048 split m=2 n=4 k=1 (cores=8 M/m=2048 N/n=512)
-- mmwd M=4096 K=2048 N=2048 split m=4 n=4 k=1 (cores=16 M/m=1024 N/n=512)
SUMMARY mmwd M=4096 K=2048 N=2048 split m=4 n=4 k=1 FAILED
-- mmwd M=4096 K=2048 N=2048 split m=4 n=8 k=1 (cores=32 M/m=1024 N/n=256)
SUMMARY mmwd M=4096 K=2048 N=2048 split m=4 n=8 k=1 FAILED
-- mmwd M=2048 K=4096 N=2048 split m=2 n=2 k=1 (cores=4 M/m=1024 N/n=1024)
SUMMARY mmwd M=2048 K=4096 N=2048 split m=2 n=2 k=1 FAILED
-- mmwd M=2048 K=4096 N=2048 split m=2 n=4 k=1 (cores=8 M/m=1024 N/n=512)
SUMMARY mmwd M=2048 K=4096 N=2048 split m=2 n=4 k=1 FAILED
-- mmwd M=2048 K=4096 N=2048 split m=4 n=4 k=1 (cores=16 M/m=512 N/n=512)
SUMMARY mmwd M=2048 K=4096 N=2048 split m=4 n=4 k=1 FAILED
-- mmwd M=2048 K=4096 N=2048 split m=4 n=8 k=1 (cores=32 M/m=512 N/n=256)
SUMMARY mmwd M=2048 K=4096 N=2048 split m=4 n=8 k=1 FAILED
## BWCORES memory-bound op at SENCORES {1,2,4,8,16,32}
-- neg [8192,2048] sencores=1 tiles=1
SUMMARY neg [8192,2048] sencores=1 tiles=1 FAILED
-- neg [8192,2048] sencores=2 tiles=1
SUMMARY neg [8192,2048] sencores=2 tiles=1 FAILED
-- neg [8192,2048] sencores=4 tiles=1
SUMMARY neg [8192,2048] sencores=4 tiles=1 FAILED
-- neg [8192,2048] sencores=8 tiles=1
SUMMARY neg [8192,2048] sencores=8 tiles=1 FAILED
-- neg [8192,2048] sencores=16 tiles=1
SUMMARY neg [8192,2048] sencores=16 tiles=1 FAILED
-- neg [8192,2048] sencores=32 tiles=1
SUMMARY neg [8192,2048] sencores=32 tiles=1 FAILED
-- read [8192,2048] sencores=1 tiles=1
SUMMARY read [8192,2048] sencores=1 tiles=1 FAILED
-- read [8192,2048] sencores=2 tiles=1
SUMMARY read [8192,2048] sencores=2 tiles=1 FAILED
-- read [8192,2048] sencores=4 tiles=1
SUMMARY read [8192,2048] sencores=4 tiles=1 FAILED
-- read [8192,2048] sencores=8 tiles=1
SUMMARY read [8192,2048] sencores=8 tiles=1 FAILED
-- read [8192,2048] sencores=16 tiles=1
SUMMARY read [8192,2048] sencores=16 tiles=1 FAILED
-- read [8192,2048] sencores=32 tiles=1
SUMMARY read [8192,2048] sencores=32 tiles=1 FAILED
-- softmax_row_tiling [8192,2048] sencores=1 tiles=8
SUMMARY softmax_row_tiling [8192,2048] sencores=1 tiles=8 FAILED
-- softmax_row_tiling [8192,2048] sencores=2 tiles=8
SUMMARY softmax_row_tiling [8192,2048] sencores=2 tiles=8 FAILED
-- softmax_row_tiling [8192,2048] sencores=4 tiles=8
SUMMARY softmax_row_tiling [8192,2048] sencores=4 tiles=8 FAILED
-- softmax_row_tiling [8192,2048] sencores=8 tiles=8
SUMMARY softmax_row_tiling [8192,2048] sencores=8 tiles=8 FAILED
-- softmax_row_tiling [8192,2048] sencores=16 tiles=8
SUMMARY softmax_row_tiling [8192,2048] sencores=16 tiles=8 FAILED
-- softmax_row_tiling [8192,2048] sencores=32 tiles=8
SUMMARY softmax_row_tiling [8192,2048] sencores=32 tiles=8 FAILED
-- neg [16384,4096] sencores=1 tiles=1
SUMMARY neg [16384,4096] sencores=1 tiles=1 FAILED
-- neg [16384,4096] sencores=2 tiles=1
SUMMARY neg [16384,4096] sencores=2 tiles=1 FAILED
-- neg [16384,4096] sencores=4 tiles=1
SUMMARY neg [16384,4096] sencores=4 tiles=1 FAILED
-- neg [16384,4096] sencores=8 tiles=1
SUMMARY neg [16384,4096] sencores=8 tiles=1 FAILED
-- neg [16384,4096] sencores=16 tiles=1
SUMMARY neg [16384,4096] sencores=16 tiles=1 FAILED
-- neg [16384,4096] sencores=32 tiles=1
SUMMARY neg [16384,4096] sencores=32 tiles=1 FAILED
## ARITY fused-vs-sep depth curve (add3..6 vs add3..6_sep), x3 reps, 3 shapes
-- add [2048,1024] lx=0
SUMMARY add [2048,1024] lx=0 FAILED
-- add3 [2048,1024] lx=0
SUMMARY add3 [2048,1024] lx=0 FAILED
-- add4 [2048,1024] lx=0
SUMMARY add4 [2048,1024] lx=0 FAILED
-- add5 [2048,1024] lx=0
SUMMARY add5 [2048,1024] lx=0 FAILED
-- add6 [2048,1024] lx=0
SUMMARY add6 [2048,1024] lx=0 FAILED
-- add3_sep [2048,1024] lx=0
  op_it_space_splits={d0: 32, d1: 1}
IO -- device-layout I/O (cost model, stick-padded) --
IO   op add
IO     output op0                    torch [2048, 1024] -> device [16, 2048, 64] in HBM = 2097152 elems x 2B = 4194304 B  (hbm counted: 4194304 B)
IO     input  arg0_1                 torch [2048, 1024] -> device [16, 2048, 64] in HBM = 2097152 elems x 2B = 4194304 B  (hbm counted: 4194304 B)
IO     input  arg1_1                 torch [2048, 1024] -> device [16, 2048, 64] in HBM = 2097152 elems x 2B = 4194304 B  (hbm counted: 4194304 B)
IO   => HBM I/O total = 12582912 B  (lx 0 B, ~free)
MODEL -- estimate (turnaround): T = (R+W)/BW_PEAK + a*min(R,W) --
MODEL   R=8388608 B (read)   W=4194304 B (write)   loop_trip L=1
MODEL   base = (R+W)/150 = 83.89 us
MODEL   turn = a*min(R,W) = 0.00574*4194304 = 24.08 us
MODEL   => T_model = 107.96 us
MODEL FEATS [{"name":"add","is_reduction":false,"out_elems":2097152,"cores":32,"dtype_bytes":2,"args":[{"name":"op0","role":"output","mem":"hbm","elems":2097152,"broadcast":false,"dims":[16,2048,64],"logical":[2048,1024],"loop_factor":1},{"name":"arg0_1","role":"input","mem":"hbm","elems":2097152,"broadcast":false,"dims":[16,2048,64],"logical":[2048,1024],"loop_factor":1},{"name":"arg1_1","role":"input","mem":"hbm","elems":2097152,"broadcast":false,"dims":[16,2048,64],"logical":[2048,1024],"loop_factor":1}],"reduction_cores":1,"loop_trip":1,"tiles_output_dim":false,"tile_rows_per_core":0.0,"is_matmul":false,"matmul_macs":0,"matmul_rows_per_core":0.0,"matmul_cols_per_core":0.0,"matmul_a_bytes":0,"matmul_b_bytes":0,"matmul_m_split":1,"matmul_n_split":1,"hbm_pattern":""}]
SUMMARY op=add3_sep rows=2048 cols=1024 cores=32 tiles=0 lx=0 io_hbm_bytes=12582912 kernel_us=232.362 pred_us=107.961 err_pct=-53.5 bw_gbps=54.2 memset_us=122.301 other_dev_us=490.176 total_dev_us=844.839 kernel_us_min=229.259 kernel_us_median=232.362 kernel_us_mean=231.467 kernel_us_std=1.720 kernel_us_cv=0.74 reps=7
-- add4_sep [2048,1024] lx=0
SUMMARY add4_sep [2048,1024] lx=0 FAILED
-- add5_sep [2048,1024] lx=0
SUMMARY add5_sep [2048,1024] lx=0 FAILED
-- add6_sep [2048,1024] lx=0
SUMMARY add6_sep [2048,1024] lx=0 FAILED
-- add_indep2 [2048,1024] lx=0
SUMMARY add_indep2 [2048,1024] lx=0 FAILED
-- add [2048,4096] lx=0
SUMMARY add [2048,4096] lx=0 FAILED
-- add3 [2048,4096] lx=0
SUMMARY add3 [2048,4096] lx=0 FAILED
-- add4 [2048,4096] lx=0
SUMMARY add4 [2048,4096] lx=0 FAILED
-- add5 [2048,4096] lx=0
SUMMARY add5 [2048,4096] lx=0 FAILED
-- add6 [2048,4096] lx=0
SUMMARY add6 [2048,4096] lx=0 FAILED
-- add3_sep [2048,4096] lx=0
SUMMARY add3_sep [2048,4096] lx=0 FAILED
-- add4_sep [2048,4096] lx=0
SUMMARY add4_sep [2048,4096] lx=0 FAILED
-- add5_sep [2048,4096] lx=0
SUMMARY add5_sep [2048,4096] lx=0 FAILED
-- add6_sep [2048,4096] lx=0
SUMMARY add6_sep [2048,4096] lx=0 FAILED
-- add_indep2 [2048,4096] lx=0
SUMMARY add_indep2 [2048,4096] lx=0 FAILED
-- add [2048,16384] lx=0
SUMMARY add [2048,16384] lx=0 FAILED
-- add3 [2048,16384] lx=0
SUMMARY add3 [2048,16384] lx=0 FAILED
-- add4 [2048,16384] lx=0
SUMMARY add4 [2048,16384] lx=0 FAILED
-- add5 [2048,16384] lx=0
  op_it_space_splits={d0: 32, d1: 1}
  op_it_space_splits={d0: 32, d1: 1}
  op_it_space_splits={d0: 32, d1: 1}
  op_it_space_splits={d0: 32, d1: 1}
IO -- device-layout I/O (cost model, stick-padded) --
IO   op add
IO     output op0                    torch [2048, 16384] -> device [256, 2048, 64] in HBM = 33554432 elems x 2B = 67108864 B  (hbm counted: 67108864 B)
IO     input  arg0_1                 torch [2048, 16384] -> device [256, 2048, 64] in HBM = 33554432 elems x 2B = 67108864 B  (hbm counted: 67108864 B)
IO     input  arg1_1                 torch [2048, 16384] -> device [256, 2048, 64] in HBM = 33554432 elems x 2B = 67108864 B  (hbm counted: 67108864 B)
IO   op add_1
IO     output op1                    torch [2048, 16384] -> device [256, 2048, 64] in HBM = 33554432 elems x 2B = 67108864 B  (hbm counted: 67108864 B)
IO     input  buf0                   torch [2048, 16384] -> device [256, 2048, 64] in HBM = 33554432 elems x 2B = 67108864 B  (hbm counted: 67108864 B)
IO     input  arg2_1                 torch [2048, 16384] -> device [256, 2048, 64] in HBM = 33554432 elems x 2B = 67108864 B  (hbm counted: 67108864 B)
IO   op add_2
IO     output op2                    torch [2048, 16384] -> device [256, 2048, 64] in HBM = 33554432 elems x 2B = 67108864 B  (hbm counted: 67108864 B)
IO     input  buf1                   torch [2048, 16384] -> device [256, 2048, 64] in HBM = 33554432 elems x 2B = 67108864 B  (hbm counted: 67108864 B)
IO     input  arg3_1                 torch [2048, 16384] -> device [256, 2048, 64] in HBM = 33554432 elems x 2B = 67108864 B  (hbm counted: 67108864 B)
IO   op add_3
IO     output op3                    torch [2048, 16384] -> device [256, 2048, 64] in HBM = 33554432 elems x 2B = 67108864 B  (hbm counted: 67108864 B)
IO     input  buf2                   torch [2048, 16384] -> device [256, 2048, 64] in HBM = 33554432 elems x 2B = 67108864 B  (hbm counted: 67108864 B)
IO     input  arg4_1                 torch [2048, 16384] -> device [256, 2048, 64] in HBM = 33554432 elems x 2B = 67108864 B  (hbm counted: 67108864 B)
IO   => HBM I/O total = 805306368 B  (lx 0 B, ~free)
MODEL -- estimate (turnaround): T = (R+W)/BW_PEAK + a*min(R,W) --
MODEL   R=536870912 B (read)   W=268435456 B (write)   loop_trip L=1
MODEL   base = (R+W)/150 = 5368.71 us
MODEL   turn = a*min(R,W) = 0.00574*268435456 = 1540.82 us
MODEL   => T_model = 6909.53 us
MODEL FEATS [{"name":"add","is_reduction":false,"out_elems":33554432,"cores":32,"dtype_bytes":2,"args":[{"name":"op0","role":"output","mem":"hbm","elems":33554432,"broadcast":false,"dims":[256,2048,64],"logical":[2048,16384],"loop_factor":1},{"name":"arg0_1","role":"input","mem":"hbm","elems":33554432,"broadcast":false,"dims":[256,2048,64],"logical":[2048,16384],"loop_factor":1},{"name":"arg1_1","role":"input","mem":"hbm","elems":33554432,"broadcast":false,"dims":[256,2048,64],"logical":[2048,16384],"loop_factor":1}],"reduction_cores":1,"loop_trip":1,"tiles_output_dim":false,"tile_rows_per_core":0.0,"is_matmul":false,"matmul_macs":0,"matmul_rows_per_core":0.0,"matmul_cols_per_core":0.0,"matmul_a_bytes":0,"matmul_b_bytes":0,"matmul_m_split":1,"matmul_n_split":1,"hbm_pattern":""},{"name":"add_1","is_reduction":false,"out_elems":33554432,"cores":32,"dtype_bytes":2,"args":[{"name":"op1","role":"output","mem":"hbm","elems":33554432,"broadcast":false,"dims":[256,2048,64],"logical":[2048,16384],"loop_factor":1},{"name":"buf0","role":"input","mem":"hbm","elems":33554432,"broadcast":false,"dims":[256,2048,64],"logical":[2048,16384],"loop_factor":1},{"name":"arg2_1","role":"input","mem":"hbm","elems":33554432,"broadcast":false,"dims":[256,2048,64],"logical":[2048,16384],"loop_factor":1}],"reduction_cores":1,"loop_trip":1,"tiles_output_dim":false,"tile_rows_per_core":0.0,"is_matmul":false,"matmul_macs":0,"matmul_rows_per_core":0.0,"matmul_cols_per_core":0.0,"matmul_a_bytes":0,"matmul_b_bytes":0,"matmul_m_split":1,"matmul_n_split":1,"hbm_pattern":""},{"name":"add_2","is_reduction":false,"out_elems":33554432,"cores":32,"dtype_bytes":2,"args":[{"name":"op2","role":"output","mem":"hbm","elems":33554432,"broadcast":false,"dims":[256,2048,64],"logical":[2048,16384],"loop_factor":1},{"name":"buf1","role":"input","mem":"hbm","elems":33554432,"broadcast":false,"dims":[256,2048,64],"logical":[2048,16384],"loop_factor":1},{"name":"arg3_1","role":"input","mem":"hbm","elems":33554432,"broadcast":false,"dims":[256,2048,64],"logical":[2048,16384],"loop_factor":1}],"reduction_cores":1,"loop_trip":1,"tiles_output_dim":false,"tile_rows_per_core":0.0,"is_matmul":false,"matmul_macs":0,"matmul_rows_per_core":0.0,"matmul_cols_per_core":0.0,"matmul_a_bytes":0,"matmul_b_bytes":0,"matmul_m_split":1,"matmul_n_split":1,"hbm_pattern":""},{"name":"add_3","is_reduction":false,"out_elems":33554432,"cores":32,"dtype_bytes":2,"args":[{"name":"op3","role":"output","mem":"hbm","elems":33554432,"broadcast":false,"dims":[256,2048,64],"logical":[2048,16384],"loop_factor":1},{"name":"buf2","role":"input","mem":"hbm","elems":33554432,"broadcast":false,"dims":[256,2048,64],"logical":[2048,16384],"loop_factor":1},{"name":"arg4_1","role":"input","mem":"hbm","elems":33554432,"broadcast":false,"dims":[256,2048,64],"logical":[2048,16384],"loop_factor":1}],"reduction_cores":1,"loop_trip":1,"tiles_output_dim":false,"tile_rows_per_core":0.0,"is_matmul":false,"matmul_macs":0,"matmul_rows_per_core":0.0,"matmul_cols_per_core":0.0,"matmul_a_bytes":0,"matmul_b_bytes":0,"matmul_m_split":1,"matmul_n_split":1,"hbm_pattern":""}]
SUMMARY op=add5 rows=2048 cols=16384 cores=32 tiles=0 lx=0 io_hbm_bytes=805306368 kernel_us=8172.726 pred_us=6909.529 err_pct=-15.5 bw_gbps=98.5 memset_us=1172.702 other_dev_us=5832.634 total_dev_us=15178.062 kernel_us_min=8143.025 kernel_us_median=8172.726 kernel_us_mean=8176.523 kernel_us_std=25.265 kernel_us_cv=0.31 reps=7
-- add6 [2048,16384] lx=0
SUMMARY add6 [2048,16384] lx=0 FAILED
-- add3_sep [2048,16384] lx=0
SUMMARY add3_sep [2048,16384] lx=0 FAILED
-- add4_sep [2048,16384] lx=0
SUMMARY add4_sep [2048,16384] lx=0 FAILED
-- add5_sep [2048,16384] lx=0
  op_it_space_splits={d0: 32, d1: 1}
IO -- device-layout I/O (cost model, stick-padded) --
IO   op add
IO     output op0                    torch [2048, 16384] -> device [256, 2048, 64] in HBM = 33554432 elems x 2B = 67108864 B  (hbm counted: 67108864 B)
IO     input  arg0_1                 torch [2048, 16384] -> device [256, 2048, 64] in HBM = 33554432 elems x 2B = 67108864 B  (hbm counted: 67108864 B)
IO     input  arg1_1                 torch [2048, 16384] -> device [256, 2048, 64] in HBM = 33554432 elems x 2B = 67108864 B  (hbm counted: 67108864 B)
IO   => HBM I/O total = 201326592 B  (lx 0 B, ~free)
MODEL -- estimate (turnaround): T = (R+W)/BW_PEAK + a*min(R,W) --
MODEL   R=134217728 B (read)   W=67108864 B (write)   loop_trip L=1
MODEL   base = (R+W)/150 = 1342.18 us
MODEL   turn = a*min(R,W) = 0.00574*67108864 = 385.20 us
MODEL   => T_model = 1727.38 us
MODEL FEATS [{"name":"add","is_reduction":false,"out_elems":33554432,"cores":32,"dtype_bytes":2,"args":[{"name":"op0","role":"output","mem":"hbm","elems":33554432,"broadcast":false,"dims":[256,2048,64],"logical":[2048,16384],"loop_factor":1},{"name":"arg0_1","role":"input","mem":"hbm","elems":33554432,"broadcast":false,"dims":[256,2048,64],"logical":[2048,16384],"loop_factor":1},{"name":"arg1_1","role":"input","mem":"hbm","elems":33554432,"broadcast":false,"dims":[256,2048,64],"logical":[2048,16384],"loop_factor":1}],"reduction_cores":1,"loop_trip":1,"tiles_output_dim":false,"tile_rows_per_core":0.0,"is_matmul":false,"matmul_macs":0,"matmul_rows_per_core":0.0,"matmul_cols_per_core":0.0,"matmul_a_bytes":0,"matmul_b_bytes":0,"matmul_m_split":1,"matmul_n_split":1,"hbm_pattern":""}]
SUMMARY op=add5_sep rows=2048 cols=16384 cores=32 tiles=0 lx=0 io_hbm_bytes=201326592 kernel_us=8151.940 pred_us=1727.382 err_pct=-78.8 bw_gbps=24.7 memset_us=1124.595 other_dev_us=6114.916 total_dev_us=15391.451 kernel_us_min=8125.705 kernel_us_median=8151.940 kernel_us_mean=8157.648 kernel_us_std=27.449 kernel_us_cv=0.34 reps=7
-- add6_sep [2048,16384] lx=0
SUMMARY add6_sep [2048,16384] lx=0 FAILED
-- add_indep2 [2048,16384] lx=0
SUMMARY add_indep2 [2048,16384] lx=0 FAILED
-- add [2048,1024] lx=0
SUMMARY add [2048,1024] lx=0 FAILED
-- add3 [2048,1024] lx=0
SUMMARY add3 [2048,1024] lx=0 FAILED
-- add4 [2048,1024] lx=0
  op_it_space_splits={d0: 32, d1: 1}
  op_it_space_splits={d0: 32, d1: 1}
  op_it_space_splits={d0: 32, d1: 1}
IO -- device-layout I/O (cost model, stick-padded) --
IO   op add
IO     output op0                    torch [2048, 1024] -> device [16, 2048, 64] in HBM = 2097152 elems x 2B = 4194304 B  (hbm counted: 4194304 B)
IO     input  arg0_1                 torch [2048, 1024] -> device [16, 2048, 64] in HBM = 2097152 elems x 2B = 4194304 B  (hbm counted: 4194304 B)
IO     input  arg1_1                 torch [2048, 1024] -> device [16, 2048, 64] in HBM = 2097152 elems x 2B = 4194304 B  (hbm counted: 4194304 B)
IO   op add_1
IO     output op1                    torch [2048, 1024] -> device [16, 2048, 64] in HBM = 2097152 elems x 2B = 4194304 B  (hbm counted: 4194304 B)
IO     input  buf0                   torch [2048, 1024] -> device [16, 2048, 64] in HBM = 2097152 elems x 2B = 4194304 B  (hbm counted: 4194304 B)
IO     input  arg2_1                 torch [2048, 1024] -> device [16, 2048, 64] in HBM = 2097152 elems x 2B = 4194304 B  (hbm counted: 4194304 B)
IO   op add_2
IO     output op2                    torch [2048, 1024] -> device [16, 2048, 64] in HBM = 2097152 elems x 2B = 4194304 B  (hbm counted: 4194304 B)
IO     input  buf1                   torch [2048, 1024] -> device [16, 2048, 64] in HBM = 2097152 elems x 2B = 4194304 B  (hbm counted: 4194304 B)
IO     input  arg3_1                 torch [2048, 1024] -> device [16, 2048, 64] in HBM = 2097152 elems x 2B = 4194304 B  (hbm counted: 4194304 B)
IO   => HBM I/O total = 37748736 B  (lx 0 B, ~free)
MODEL -- estimate (turnaround): T = (R+W)/BW_PEAK + a*min(R,W) --
MODEL   R=25165824 B (read)   W=12582912 B (write)   loop_trip L=1
MODEL   base = (R+W)/150 = 251.66 us
MODEL   turn = a*min(R,W) = 0.00574*12582912 = 72.23 us
MODEL   => T_model = 323.88 us
MODEL FEATS [{"name":"add","is_reduction":false,"out_elems":2097152,"cores":32,"dtype_bytes":2,"args":[{"name":"op0","role":"output","mem":"hbm","elems":2097152,"broadcast":false,"dims":[16,2048,64],"logical":[2048,1024],"loop_factor":1},{"name":"arg0_1","role":"input","mem":"hbm","elems":2097152,"broadcast":false,"dims":[16,2048,64],"logical":[2048,1024],"loop_factor":1},{"name":"arg1_1","role":"input","mem":"hbm","elems":2097152,"broadcast":false,"dims":[16,2048,64],"logical":[2048,1024],"loop_factor":1}],"reduction_cores":1,"loop_trip":1,"tiles_output_dim":false,"tile_rows_per_core":0.0,"is_matmul":false,"matmul_macs":0,"matmul_rows_per_core":0.0,"matmul_cols_per_core":0.0,"matmul_a_bytes":0,"matmul_b_bytes":0,"matmul_m_split":1,"matmul_n_split":1,"hbm_pattern":""},{"name":"add_1","is_reduction":false,"out_elems":2097152,"cores":32,"dtype_bytes":2,"args":[{"name":"op1","role":"output","mem":"hbm","elems":2097152,"broadcast":false,"dims":[16,2048,64],"logical":[2048,1024],"loop_factor":1},{"name":"buf0","role":"input","mem":"hbm","elems":2097152,"broadcast":false,"dims":[16,2048,64],"logical":[2048,1024],"loop_factor":1},{"name":"arg2_1","role":"input","mem":"hbm","elems":2097152,"broadcast":false,"dims":[16,2048,64],"logical":[2048,1024],"loop_factor":1}],"reduction_cores":1,"loop_trip":1,"tiles_output_dim":false,"tile_rows_per_core":0.0,"is_matmul":false,"matmul_macs":0,"matmul_rows_per_core":0.0,"matmul_cols_per_core":0.0,"matmul_a_bytes":0,"matmul_b_bytes":0,"matmul_m_split":1,"matmul_n_split":1,"hbm_pattern":""},{"name":"add_2","is_reduction":false,"out_elems":2097152,"cores":32,"dtype_bytes":2,"args":[{"name":"op2","role":"output","mem":"hbm","elems":2097152,"broadcast":false,"dims":[16,2048,64],"logical":[2048,1024],"loop_factor":1},{"name":"buf1","role":"input","mem":"hbm","elems":2097152,"broadcast":false,"dims":[16,2048,64],"logical":[2048,1024],"loop_factor":1},{"name":"arg3_1","role":"input","mem":"hbm","elems":2097152,"broadcast":false,"dims":[16,2048,64],"logical":[2048,1024],"loop_factor":1}],"reduction_cores":1,"loop_trip":1,"tiles_output_dim":false,"tile_rows_per_core":0.0,"is_matmul":false,"matmul_macs":0,"matmul_rows_per_core":0.0,"matmul_cols_per_core":0.0,"matmul_a_bytes":0,"matmul_b_bytes":0,"matmul_m_split":1,"matmul_n_split":1,"hbm_pattern":""}]
SUMMARY op=add4 rows=2048 cols=1024 cores=32 tiles=0 lx=0 io_hbm_bytes=37748736 kernel_us=375.256 pred_us=323.884 err_pct=-13.7 bw_gbps=100.6 memset_us=155.424 other_dev_us=475.780 total_dev_us=1006.460 kernel_us_min=372.736 kernel_us_median=375.256 kernel_us_mean=375.031 kernel_us_std=1.467 kernel_us_cv=0.39 reps=7
-- add5 [2048,1024] lx=0
SUMMARY add5 [2048,1024] lx=0 FAILED
-- add6 [2048,1024] lx=0
SUMMARY add6 [2048,1024] lx=0 FAILED
-- add3_sep [2048,1024] lx=0
  op_it_space_splits={d0: 32, d1: 1}
IO -- device-layout I/O (cost model, stick-padded) --
IO   op add
IO     output op0                    torch [2048, 1024] -> device [16, 2048, 64] in HBM = 2097152 elems x 2B = 4194304 B  (hbm counted: 4194304 B)
IO     input  arg0_1                 torch [2048, 1024] -> device [16, 2048, 64] in HBM = 2097152 elems x 2B = 4194304 B  (hbm counted: 4194304 B)
IO     input  arg1_1                 torch [2048, 1024] -> device [16, 2048, 64] in HBM = 2097152 elems x 2B = 4194304 B  (hbm counted: 4194304 B)
IO   => HBM I/O total = 12582912 B  (lx 0 B, ~free)
MODEL -- estimate (turnaround): T = (R+W)/BW_PEAK + a*min(R,W) --
MODEL   R=8388608 B (read)   W=4194304 B (write)   loop_trip L=1
MODEL   base = (R+W)/150 = 83.89 us
MODEL   turn = a*min(R,W) = 0.00574*4194304 = 24.08 us
MODEL   => T_model = 107.96 us
MODEL FEATS [{"name":"add","is_reduction":false,"out_elems":2097152,"cores":32,"dtype_bytes":2,"args":[{"name":"op0","role":"output","mem":"hbm","elems":2097152,"broadcast":false,"dims":[16,2048,64],"logical":[2048,1024],"loop_factor":1},{"name":"arg0_1","role":"input","mem":"hbm","elems":2097152,"broadcast":false,"dims":[16,2048,64],"logical":[2048,1024],"loop_factor":1},{"name":"arg1_1","role":"input","mem":"hbm","elems":2097152,"broadcast":false,"dims":[16,2048,64],"logical":[2048,1024],"loop_factor":1}],"reduction_cores":1,"loop_trip":1,"tiles_output_dim":false,"tile_rows_per_core":0.0,"is_matmul":false,"matmul_macs":0,"matmul_rows_per_core":0.0,"matmul_cols_per_core":0.0,"matmul_a_bytes":0,"matmul_b_bytes":0,"matmul_m_split":1,"matmul_n_split":1,"hbm_pattern":""}]
SUMMARY op=add3_sep rows=2048 cols=1024 cores=32 tiles=0 lx=0 io_hbm_bytes=12582912 kernel_us=231.379 pred_us=107.961 err_pct=-53.3 bw_gbps=54.4 memset_us=125.002 other_dev_us=498.888 total_dev_us=855.269 kernel_us_min=228.489 kernel_us_median=231.379 kernel_us_mean=231.597 kernel_us_std=1.774 kernel_us_cv=0.77 reps=7
-- add4_sep [2048,1024] lx=0
SUMMARY add4_sep [2048,1024] lx=0 FAILED
-- add5_sep [2048,1024] lx=0
SUMMARY add5_sep [2048,1024] lx=0 FAILED
-- add6_sep [2048,1024] lx=0
SUMMARY add6_sep [2048,1024] lx=0 FAILED
-- add_indep2 [2048,1024] lx=0
SUMMARY add_indep2 [2048,1024] lx=0 FAILED
-- add [2048,4096] lx=0
SUMMARY add [2048,4096] lx=0 FAILED
-- add3 [2048,4096] lx=0
SUMMARY add3 [2048,4096] lx=0 FAILED
-- add4 [2048,4096] lx=0
SUMMARY add4 [2048,4096] lx=0 FAILED
-- add5 [2048,4096] lx=0
  op_it_space_splits={d0: 32, d1: 1}
  op_it_space_splits={d0: 32, d1: 1}
  op_it_space_splits={d0: 32, d1: 1}
  op_it_space_splits={d0: 32, d1: 1}
IO -- device-layout I/O (cost model, stick-padded) --
IO   op add
IO     output op0                    torch [2048, 4096] -> device [64, 2048, 64] in HBM = 8388608 elems x 2B = 16777216 B  (hbm counted: 16777216 B)
IO     input  arg0_1                 torch [2048, 4096] -> device [64, 2048, 64] in HBM = 8388608 elems x 2B = 16777216 B  (hbm counted: 16777216 B)
IO     input  arg1_1                 torch [2048, 4096] -> device [64, 2048, 64] in HBM = 8388608 elems x 2B = 16777216 B  (hbm counted: 16777216 B)
IO   op add_1
IO     output op1                    torch [2048, 4096] -> device [64, 2048, 64] in HBM = 8388608 elems x 2B = 16777216 B  (hbm counted: 16777216 B)
IO     input  buf0                   torch [2048, 4096] -> device [64, 2048, 64] in HBM = 8388608 elems x 2B = 16777216 B  (hbm counted: 16777216 B)
IO     input  arg2_1                 torch [2048, 4096] -> device [64, 2048, 64] in HBM = 8388608 elems x 2B = 16777216 B  (hbm counted: 16777216 B)
IO   op add_2
IO     output op2                    torch [2048, 4096] -> device [64, 2048, 64] in HBM = 8388608 elems x 2B = 16777216 B  (hbm counted: 16777216 B)
IO     input  buf1                   torch [2048, 4096] -> device [64, 2048, 64] in HBM = 8388608 elems x 2B = 16777216 B  (hbm counted: 16777216 B)
IO     input  arg3_1                 torch [2048, 4096] -> device [64, 2048, 64] in HBM = 8388608 elems x 2B = 16777216 B  (hbm counted: 16777216 B)
IO   op add_3
IO     output op3                    torch [2048, 4096] -> device [64, 2048, 64] in HBM = 8388608 elems x 2B = 16777216 B  (hbm counted: 16777216 B)
IO     input  buf2                   torch [2048, 4096] -> device [64, 2048, 64] in HBM = 8388608 elems x 2B = 16777216 B  (hbm counted: 16777216 B)
IO     input  arg4_1                 torch [2048, 4096] -> device [64, 2048, 64] in HBM = 8388608 elems x 2B = 16777216 B  (hbm counted: 16777216 B)
IO   => HBM I/O total = 201326592 B  (lx 0 B, ~free)
MODEL -- estimate (turnaround): T = (R+W)/BW_PEAK + a*min(R,W) --
MODEL   R=134217728 B (read)   W=67108864 B (write)   loop_trip L=1
MODEL   base = (R+W)/150 = 1342.18 us
MODEL   turn = a*min(R,W) = 0.00574*67108864 = 385.20 us
MODEL   => T_model = 1727.38 us
MODEL FEATS [{"name":"add","is_reduction":false,"out_elems":8388608,"cores":32,"dtype_bytes":2,"args":[{"name":"op0","role":"output","mem":"hbm","elems":8388608,"broadcast":false,"dims":[64,2048,64],"logical":[2048,4096],"loop_factor":1},{"name":"arg0_1","role":"input","mem":"hbm","elems":8388608,"broadcast":false,"dims":[64,2048,64],"logical":[2048,4096],"loop_factor":1},{"name":"arg1_1","role":"input","mem":"hbm","elems":8388608,"broadcast":false,"dims":[64,2048,64],"logical":[2048,4096],"loop_factor":1}],"reduction_cores":1,"loop_trip":1,"tiles_output_dim":false,"tile_rows_per_core":0.0,"is_matmul":false,"matmul_macs":0,"matmul_rows_per_core":0.0,"matmul_cols_per_core":0.0,"matmul_a_bytes":0,"matmul_b_bytes":0,"matmul_m_split":1,"matmul_n_split":1,"hbm_pattern":""},{"name":"add_1","is_reduction":false,"out_elems":8388608,"cores":32,"dtype_bytes":2,"args":[{"name":"op1","role":"output","mem":"hbm","elems":8388608,"broadcast":false,"dims":[64,2048,64],"logical":[2048,4096],"loop_factor":1},{"name":"buf0","role":"input","mem":"hbm","elems":8388608,"broadcast":false,"dims":[64,2048,64],"logical":[2048,4096],"loop_factor":1},{"name":"arg2_1","role":"input","mem":"hbm","elems":8388608,"broadcast":false,"dims":[64,2048,64],"logical":[2048,4096],"loop_factor":1}],"reduction_cores":1,"loop_trip":1,"tiles_output_dim":false,"tile_rows_per_core":0.0,"is_matmul":false,"matmul_macs":0,"matmul_rows_per_core":0.0,"matmul_cols_per_core":0.0,"matmul_a_bytes":0,"matmul_b_bytes":0,"matmul_m_split":1,"matmul_n_split":1,"hbm_pattern":""},{"name":"add_2","is_reduction":false,"out_elems":8388608,"cores":32,"dtype_bytes":2,"args":[{"name":"op2","role":"output","mem":"hbm","elems":8388608,"broadcast":false,"dims":[64,2048,64],"logical":[2048,4096],"loop_factor":1},{"name":"buf1","role":"input","mem":"hbm","elems":8388608,"broadcast":false,"dims":[64,2048,64],"logical":[2048,4096],"loop_factor":1},{"name":"arg3_1","role":"input","mem":"hbm","elems":8388608,"broadcast":false,"dims":[64,2048,64],"logical":[2048,4096],"loop_factor":1}],"reduction_cores":1,"loop_trip":1,"tiles_output_dim":false,"tile_rows_per_core":0.0,"is_matmul":false,"matmul_macs":0,"matmul_rows_per_core":0.0,"matmul_cols_per_core":0.0,"matmul_a_bytes":0,"matmul_b_bytes":0,"matmul_m_split":1,"matmul_n_split":1,"hbm_pattern":""},{"name":"add_3","is_reduction":false,"out_elems":8388608,"cores":32,"dtype_bytes":2,"args":[{"name":"op3","role":"output","mem":"hbm","elems":8388608,"broadcast":false,"dims":[64,2048,64],"logical":[2048,4096],"loop_factor":1},{"name":"buf2","role":"input","mem":"hbm","elems":8388608,"broadcast":false,"dims":[64,2048,64],"logical":[2048,4096],"loop_factor":1},{"name":"arg4_1","role":"input","mem":"hbm","elems":8388608,"broadcast":false,"dims":[64,2048,64],"logical":[2048,4096],"loop_factor":1}],"reduction_cores":1,"loop_trip":1,"tiles_output_dim":false,"tile_rows_per_core":0.0,"is_matmul":false,"matmul_macs":0,"matmul_rows_per_core":0.0,"matmul_cols_per_core":0.0,"matmul_a_bytes":0,"matmul_b_bytes":0,"matmul_m_split":1,"matmul_n_split":1,"hbm_pattern":""}]
SUMMARY op=add5 rows=2048 cols=4096 cores=32 tiles=0 lx=0 io_hbm_bytes=201326592 kernel_us=2040.580 pred_us=1727.382 err_pct=-15.3 bw_gbps=98.7 memset_us=311.570 other_dev_us=875.259 total_dev_us=3227.409 kernel_us_min=2027.922 kernel_us_median=2040.580 kernel_us_mean=2039.637 kernel_us_std=9.734 kernel_us_cv=0.48 reps=7
-- add6 [2048,4096] lx=0
SUMMARY add6 [2048,4096] lx=0 FAILED
-- add3_sep [2048,4096] lx=0
SUMMARY add3_sep [2048,4096] lx=0 FAILED
-- add4_sep [2048,4096] lx=0
SUMMARY add4_sep [2048,4096] lx=0 FAILED
-- add5_sep [2048,4096] lx=0
SUMMARY add5_sep [2048,4096] lx=0 FAILED
-- add6_sep [2048,4096] lx=0
SUMMARY add6_sep [2048,4096] lx=0 FAILED
-- add_indep2 [2048,4096] lx=0
SUMMARY add_indep2 [2048,4096] lx=0 FAILED
-- add [2048,16384] lx=0
SUMMARY add [2048,16384] lx=0 FAILED
-- add3 [2048,16384] lx=0
SUMMARY add3 [2048,16384] lx=0 FAILED
-- add4 [2048,16384] lx=0
SUMMARY add4 [2048,16384] lx=0 FAILED
-- add5 [2048,16384] lx=0
SUMMARY add5 [2048,16384] lx=0 FAILED
-- add6 [2048,16384] lx=0
SUMMARY add6 [2048,16384] lx=0 FAILED
-- add3_sep [2048,16384] lx=0
SUMMARY add3_sep [2048,16384] lx=0 FAILED
-- add4_sep [2048,16384] lx=0
SUMMARY add4_sep [2048,16384] lx=0 FAILED
-- add5_sep [2048,16384] lx=0
SUMMARY add5_sep [2048,16384] lx=0 FAILED
-- add6_sep [2048,16384] lx=0
SUMMARY add6_sep [2048,16384] lx=0 FAILED
-- add_indep2 [2048,16384] lx=0
SUMMARY add_indep2 [2048,16384] lx=0 FAILED
-- add [2048,1024] lx=0
SUMMARY add [2048,1024] lx=0 FAILED
-- add3 [2048,1024] lx=0
  op_it_space_splits={d0: 32, d1: 1}
  op_it_space_splits={d0: 32, d1: 1}
IO -- device-layout I/O (cost model, stick-padded) --
IO   op add
IO     output op0                    torch [2048, 1024] -> device [16, 2048, 64] in HBM = 2097152 elems x 2B = 4194304 B  (hbm counted: 4194304 B)
IO     input  arg0_1                 torch [2048, 1024] -> device [16, 2048, 64] in HBM = 2097152 elems x 2B = 4194304 B  (hbm counted: 4194304 B)
IO     input  arg1_1                 torch [2048, 1024] -> device [16, 2048, 64] in HBM = 2097152 elems x 2B = 4194304 B  (hbm counted: 4194304 B)
IO   op add_1
IO     output op1                    torch [2048, 1024] -> device [16, 2048, 64] in HBM = 2097152 elems x 2B = 4194304 B  (hbm counted: 4194304 B)
IO     input  buf0                   torch [2048, 1024] -> device [16, 2048, 64] in HBM = 2097152 elems x 2B = 4194304 B  (hbm counted: 4194304 B)
IO     input  arg2_1                 torch [2048, 1024] -> device [16, 2048, 64] in HBM = 2097152 elems x 2B = 4194304 B  (hbm counted: 4194304 B)
IO   => HBM I/O total = 25165824 B  (lx 0 B, ~free)
MODEL -- estimate (turnaround): T = (R+W)/BW_PEAK + a*min(R,W) --
MODEL   R=16777216 B (read)   W=8388608 B (write)   loop_trip L=1
MODEL   base = (R+W)/150 = 167.77 us
MODEL   turn = a*min(R,W) = 0.00574*8388608 = 48.15 us
MODEL   => T_model = 215.92 us
MODEL FEATS [{"name":"add","is_reduction":false,"out_elems":2097152,"cores":32,"dtype_bytes":2,"args":[{"name":"op0","role":"output","mem":"hbm","elems":2097152,"broadcast":false,"dims":[16,2048,64],"logical":[2048,1024],"loop_factor":1},{"name":"arg0_1","role":"input","mem":"hbm","elems":2097152,"broadcast":false,"dims":[16,2048,64],"logical":[2048,1024],"loop_factor":1},{"name":"arg1_1","role":"input","mem":"hbm","elems":2097152,"broadcast":false,"dims":[16,2048,64],"logical":[2048,1024],"loop_factor":1}],"reduction_cores":1,"loop_trip":1,"tiles_output_dim":false,"tile_rows_per_core":0.0,"is_matmul":false,"matmul_macs":0,"matmul_rows_per_core":0.0,"matmul_cols_per_core":0.0,"matmul_a_bytes":0,"matmul_b_bytes":0,"matmul_m_split":1,"matmul_n_split":1,"hbm_pattern":""},{"name":"add_1","is_reduction":false,"out_elems":2097152,"cores":32,"dtype_bytes":2,"args":[{"name":"op1","role":"output","mem":"hbm","elems":2097152,"broadcast":false,"dims":[16,2048,64],"logical":[2048,1024],"loop_factor":1},{"name":"buf0","role":"input","mem":"hbm","elems":2097152,"broadcast":false,"dims":[16,2048,64],"logical":[2048,1024],"loop_factor":1},{"name":"arg2_1","role":"input","mem":"hbm","elems":2097152,"broadcast":false,"dims":[16,2048,64],"logical":[2048,1024],"loop_factor":1}],"reduction_cores":1,"loop_trip":1,"tiles_output_dim":false,"tile_rows_per_core":0.0,"is_matmul":false,"matmul_macs":0,"matmul_rows_per_core":0.0,"matmul_cols_per_core":0.0,"matmul_a_bytes":0,"matmul_b_bytes":0,"matmul_m_split":1,"matmul_n_split":1,"hbm_pattern":""}]
SUMMARY op=add3 rows=2048 cols=1024 cores=32 tiles=0 lx=0 io_hbm_bytes=25165824 kernel_us=231.581 pred_us=215.923 err_pct=-6.8 bw_gbps=108.7 memset_us=117.029 other_dev_us=498.972 total_dev_us=847.582 kernel_us_min=229.377 kernel_us_median=231.581 kernel_us_mean=231.344 kernel_us_std=1.486 kernel_us_cv=0.64 reps=7
-- add4 [2048,1024] lx=0
SUMMARY add4 [2048,1024] lx=0 FAILED
-- add5 [2048,1024] lx=0
SUMMARY add5 [2048,1024] lx=0 FAILED
-- add6 [2048,1024] lx=0
SUMMARY add6 [2048,1024] lx=0 FAILED
-- add3_sep [2048,1024] lx=0
