==== new-experiments sweep Tue Jul 21 05:17:28 UTC 2026 ====
git: 6794b02  sections: GAMMA BWCORES ARITY THINK TINY MSPLIT BMM COARSE
## GAMMA γ(cores): 2048³ & 4096×2048×2048 at cores {4,8,16,32}
-- mmwd M=2048 K=2048 N=2048 split m=2 n=2 k=1 (cores=4 M/m=1024 N/n=1024)
SUMMARY mmwd M=2048 K=2048 N=2048 split m=2 n=2 k=1 FAILED
-- mmwd M=2048 K=2048 N=2048 split m=2 n=4 k=1 (cores=8 M/m=1024 N/n=512)
SUMMARY mmwd M=2048 K=2048 N=2048 split m=2 n=4 k=1 FAILED
-- mmwd M=2048 K=2048 N=2048 split m=4 n=4 k=1 (cores=16 M/m=512 N/n=512)
  op_it_space_splits={d0: 4, d1: 4, d2: 1}
  op_it_space_splits={d0: 4, d1: 4, d2: 1}
  op_it_space_splits={d0: 4, d1: 4, d2: 1}
  op_it_space_splits={d0: 4, d1: 4, d2: 1}
  op_it_space_splits={d0: 4, d1: 4, d2: 1}
  op_it_space_splits={d0: 4, d1: 4, d2: 1}
IO -- device-layout I/O (cost model, stick-padded) --
IO   op mm [reduction]
IO     output op0                    torch [2048, 2048] -> device [32, 2048, 64] in HBM = 4194304 elems x 2B = 8388608 B  (hbm counted: 8388608 B)
IO     input  arg0_1                 torch [2048, 2048] -> device [32, 2048, 64] in HBM = 4194304 elems x 2B = 8388608 B  (hbm counted: 8388608 B)
IO     input  arg1_1                 torch [2048, 2048] -> device [32, 2048, 64] in HBM = 4194304 elems x 2B = 8388608 B  (hbm counted: 8388608 B)
IO   => HBM I/O total = 25165824 B  (lx 0 B, ~free)
MODEL -- estimate (turnaround): T = compute + (R+W)/BW_PEAK + a*min(R,W) --
MODEL   R=16777216 B (read)   W=8388608 B (write)   loop_trip L=1
MODEL   compute = MACs/cores/(mac_peak*pt_eff) = 8589934592/16/(1140*1.000) = 470.94 us  (M/m=512, pt_eff=1.000)
MODEL   base = R/150+W/150 = 167.77 us
MODEL   turn = a*min(R,W) = 0.00574*8388608 = 48.15 us
MODEL   => T_model = 641.90 us
MODEL FEATS [{"name":"mm","is_reduction":true,"out_elems":4194304,"cores":16,"dtype_bytes":2,"args":[{"name":"op0","role":"output","mem":"hbm","elems":4194304,"broadcast":false,"dims":[32,2048,64],"logical":[2048,2048],"loop_factor":1},{"name":"arg0_1","role":"input","mem":"hbm","elems":4194304,"broadcast":false,"dims":[32,2048,64],"logical":[2048,2048],"loop_factor":1},{"name":"arg1_1","role":"input","mem":"hbm","elems":4194304,"broadcast":false,"dims":[32,2048,64],"logical":[2048,2048],"loop_factor":1}],"reduction_cores":1,"loop_trip":1,"tiles_output_dim":false,"tile_rows_per_core":0.0,"is_matmul":true,"matmul_macs":8589934592,"matmul_rows_per_core":512.0,"matmul_cols_per_core":512.0,"matmul_a_bytes":8388608,"matmul_b_bytes":8388608,"matmul_m_split":4,"matmul_n_split":4,"hbm_pattern":""}]
SUMMARY op=mmwd rows=2048 cols=2048 cores=16 tiles=0 lx=1 io_hbm_bytes=25165824 kernel_us=588.020 pred_us=641.896 err_pct=+9.2 bw_gbps=42.8 memset_us=261.932 other_dev_us=467.946 total_dev_us=1317.898
-- mmwd M=2048 K=2048 N=2048 split m=4 n=8 k=1 (cores=32 M/m=512 N/n=256)
SUMMARY mmwd M=2048 K=2048 N=2048 split m=4 n=8 k=1 FAILED
-- mmwd M=4096 K=2048 N=2048 split m=2 n=2 k=1 (cores=4 M/m=2048 N/n=1024)
SUMMARY mmwd M=4096 K=2048 N=2048 split m=2 n=2 k=1 FAILED
-- mmwd M=4096 K=2048 N=2048 split m=2 n=4 k=1 (cores=8 M/m=2048 N/n=512)
  op_it_space_splits={d0: 2, d1: 4, d2: 1}
  op_it_space_splits={d0: 2, d1: 4, d2: 1}
  op_it_space_splits={d0: 2, d1: 4, d2: 1}
  op_it_space_splits={d0: 2, d1: 4, d2: 1}
  op_it_space_splits={d0: 2, d1: 4, d2: 1}
  op_it_space_splits={d0: 2, d1: 4, d2: 1}
IO -- device-layout I/O (cost model, stick-padded) --
IO   op mm [reduction]
IO     output op0                    torch [4096, 2048] -> device [32, 4096, 64] in HBM = 8388608 elems x 2B = 16777216 B  (hbm counted: 16777216 B)
IO     input  arg0_1                 torch [4096, 2048] -> device [32, 4096, 64] in HBM = 8388608 elems x 2B = 16777216 B  (hbm counted: 16777216 B)
IO     input  arg1_1                 torch [2048, 2048] -> device [32, 2048, 64] in HBM = 4194304 elems x 2B = 8388608 B  (hbm counted: 8388608 B)
IO   => HBM I/O total = 41943040 B  (lx 0 B, ~free)
MODEL -- estimate (turnaround): T = compute + (R+W)/BW_PEAK + a*min(R,W) --
MODEL   R=25165824 B (read)   W=16777216 B (write)   loop_trip L=1
MODEL   compute = MACs/cores/(mac_peak*pt_eff) = 17179869184/8/(1140*1.000) = 1883.76 us  (M/m=2048, pt_eff=1.000)
MODEL   base = R/150+W/150 = 279.62 us
MODEL   turn = a*min(R,W) = 0.00574*16777216 = 96.30 us
MODEL   => T_model = 2222.65 us
MODEL FEATS [{"name":"mm","is_reduction":true,"out_elems":8388608,"cores":8,"dtype_bytes":2,"args":[{"name":"op0","role":"output","mem":"hbm","elems":8388608,"broadcast":false,"dims":[32,4096,64],"logical":[4096,2048],"loop_factor":1},{"name":"arg0_1","role":"input","mem":"hbm","elems":8388608,"broadcast":false,"dims":[32,4096,64],"logical":[4096,2048],"loop_factor":1},{"name":"arg1_1","role":"input","mem":"hbm","elems":4194304,"broadcast":false,"dims":[32,2048,64],"logical":[2048,2048],"loop_factor":1}],"reduction_cores":1,"loop_trip":1,"tiles_output_dim":false,"tile_rows_per_core":0.0,"is_matmul":true,"matmul_macs":17179869184,"matmul_rows_per_core":2048.0,"matmul_cols_per_core":512.0,"matmul_a_bytes":16777216,"matmul_b_bytes":8388608,"matmul_m_split":2,"matmul_n_split":4,"hbm_pattern":""}]
SUMMARY op=mmwd rows=4096 cols=2048 cores=8 tiles=0 lx=1 io_hbm_bytes=41943040 kernel_us=2189.633 pred_us=2222.651 err_pct=+1.5 bw_gbps=19.2 memset_us=307.011 other_dev_us=835.451 total_dev_us=3332.095
-- mmwd M=4096 K=2048 N=2048 split m=4 n=4 k=1 (cores=16 M/m=1024 N/n=512)
  op_it_space_splits={d0: 4, d1: 4, d2: 1}
  op_it_space_splits={d0: 4, d1: 4, d2: 1}
  op_it_space_splits={d0: 4, d1: 4, d2: 1}
  op_it_space_splits={d0: 4, d1: 4, d2: 1}
  op_it_space_splits={d0: 4, d1: 4, d2: 1}
  op_it_space_splits={d0: 4, d1: 4, d2: 1}
IO -- device-layout I/O (cost model, stick-padded) --
IO   op mm [reduction]
IO     output op0                    torch [4096, 2048] -> device [32, 4096, 64] in HBM = 8388608 elems x 2B = 16777216 B  (hbm counted: 16777216 B)
IO     input  arg0_1                 torch [4096, 2048] -> device [32, 4096, 64] in HBM = 8388608 elems x 2B = 16777216 B  (hbm counted: 16777216 B)
IO     input  arg1_1                 torch [2048, 2048] -> device [32, 2048, 64] in HBM = 4194304 elems x 2B = 8388608 B  (hbm counted: 8388608 B)
IO   => HBM I/O total = 41943040 B  (lx 0 B, ~free)
MODEL -- estimate (turnaround): T = compute + (R+W)/BW_PEAK + a*min(R,W) --
MODEL   R=25165824 B (read)   W=16777216 B (write)   loop_trip L=1
MODEL   compute = MACs/cores/(mac_peak*pt_eff) = 17179869184/16/(1140*1.000) = 941.88 us  (M/m=1024, pt_eff=1.000)
MODEL   base = R/150+W/150 = 279.62 us
MODEL   turn = a*min(R,W) = 0.00574*16777216 = 96.30 us
MODEL   => T_model = 1267.18 us
MODEL FEATS [{"name":"mm","is_reduction":true,"out_elems":8388608,"cores":16,"dtype_bytes":2,"args":[{"name":"op0","role":"output","mem":"hbm","elems":8388608,"broadcast":false,"dims":[32,4096,64],"logical":[4096,2048],"loop_factor":1},{"name":"arg0_1","role":"input","mem":"hbm","elems":8388608,"broadcast":false,"dims":[32,4096,64],"logical":[4096,2048],"loop_factor":1},{"name":"arg1_1","role":"input","mem":"hbm","elems":4194304,"broadcast":false,"dims":[32,2048,64],"logical":[2048,2048],"loop_factor":1}],"reduction_cores":1,"loop_trip":1,"tiles_output_dim":false,"tile_rows_per_core":0.0,"is_matmul":true,"matmul_macs":17179869184,"matmul_rows_per_core":1024.0,"matmul_cols_per_core":512.0,"matmul_a_bytes":16777216,"matmul_b_bytes":8388608,"matmul_m_split":4,"matmul_n_split":4,"hbm_pattern":""}]
SUMMARY op=mmwd rows=4096 cols=2048 cores=16 tiles=0 lx=1 io_hbm_bytes=41943040 kernel_us=1172.697 pred_us=1267.182 err_pct=+8.1 bw_gbps=35.8 memset_us=264.297 other_dev_us=1080.504 total_dev_us=2517.498
-- mmwd M=4096 K=2048 N=2048 split m=4 n=8 k=1 (cores=32 M/m=1024 N/n=256)
SUMMARY mmwd M=4096 K=2048 N=2048 split m=4 n=8 k=1 FAILED
-- mmwd M=2048 K=4096 N=2048 split m=2 n=2 k=1 (cores=4 M/m=1024 N/n=1024)
-- mmwd M=2048 K=4096 N=2048 split m=2 n=4 k=1 (cores=8 M/m=1024 N/n=512)
-- mmwd M=2048 K=4096 N=2048 split m=4 n=4 k=1 (cores=16 M/m=512 N/n=512)
SUMMARY mmwd M=2048 K=4096 N=2048 split m=4 n=4 k=1 FAILED
-- mmwd M=2048 K=4096 N=2048 split m=4 n=8 k=1 (cores=32 M/m=512 N/n=256)
SUMMARY mmwd M=2048 K=4096 N=2048 split m=4 n=8 k=1 FAILED
## BWCORES memory-bound op at SENCORES {1,2,4,8,16,32}
-- neg [8192,2048] sencores=1 tiles=1
IO -- device-layout I/O (cost model, stick-padded) --
IO   op neg
IO     output op0                    torch [8192, 2048] -> device [32, 8192, 64] in HBM = 16777216 elems x 2B = 33554432 B  (hbm counted: 33554432 B)
IO     input  arg0_1                 torch [8192, 2048] -> device [32, 8192, 64] in HBM = 16777216 elems x 2B = 33554432 B  (hbm counted: 33554432 B)
IO   => HBM I/O total = 67108864 B  (lx 0 B, ~free)
MODEL -- estimate (turnaround): T = (R+W)/BW_PEAK + a*min(R,W) --
MODEL   R=33554432 B (read)   W=33554432 B (write)   loop_trip L=1
MODEL   base = (R+W)/150 = 447.39 us
MODEL   turn = a*min(R,W) = 0.00574*33554432 = 192.60 us
MODEL   => T_model = 639.99 us
MODEL FEATS [{"name":"neg","is_reduction":false,"out_elems":16777216,"cores":1,"dtype_bytes":2,"args":[{"name":"op0","role":"output","mem":"hbm","elems":16777216,"broadcast":false,"dims":[32,8192,64],"logical":[8192,2048],"loop_factor":1},{"name":"arg0_1","role":"input","mem":"hbm","elems":16777216,"broadcast":false,"dims":[32,8192,64],"logical":[8192,2048],"loop_factor":1}],"reduction_cores":1,"loop_trip":1,"tiles_output_dim":false,"tile_rows_per_core":0.0,"is_matmul":false,"matmul_macs":0,"matmul_rows_per_core":0.0,"matmul_cols_per_core":0.0,"matmul_a_bytes":0,"matmul_b_bytes":0,"matmul_m_split":1,"matmul_n_split":1,"hbm_pattern":""}]
SUMMARY op=neg rows=8192 cols=2048 cores=1 tiles=1 lx=1 io_hbm_bytes=67108864 kernel_us=998.822 pred_us=639.995 err_pct=-35.9 bw_gbps=67.2 memset_us=424.780 other_dev_us=2064.833 total_dev_us=3488.435
-- neg [8192,2048] sencores=2 tiles=1
  op_it_space_splits={d0: 2, d1: 1}
IO -- device-layout I/O (cost model, stick-padded) --
IO   op neg
IO     output op0                    torch [8192, 2048] -> device [32, 8192, 64] in HBM = 16777216 elems x 2B = 33554432 B  (hbm counted: 33554432 B)
IO     input  arg0_1                 torch [8192, 2048] -> device [32, 8192, 64] in HBM = 16777216 elems x 2B = 33554432 B  (hbm counted: 33554432 B)
IO   => HBM I/O total = 67108864 B  (lx 0 B, ~free)
MODEL -- estimate (turnaround): T = (R+W)/BW_PEAK + a*min(R,W) --
MODEL   R=33554432 B (read)   W=33554432 B (write)   loop_trip L=1
MODEL   base = (R+W)/150 = 447.39 us
MODEL   turn = a*min(R,W) = 0.00574*33554432 = 192.60 us
MODEL   => T_model = 639.99 us
MODEL FEATS [{"name":"neg","is_reduction":false,"out_elems":16777216,"cores":2,"dtype_bytes":2,"args":[{"name":"op0","role":"output","mem":"hbm","elems":16777216,"broadcast":false,"dims":[32,8192,64],"logical":[8192,2048],"loop_factor":1},{"name":"arg0_1","role":"input","mem":"hbm","elems":16777216,"broadcast":false,"dims":[32,8192,64],"logical":[8192,2048],"loop_factor":1}],"reduction_cores":1,"loop_trip":1,"tiles_output_dim":false,"tile_rows_per_core":0.0,"is_matmul":false,"matmul_macs":0,"matmul_rows_per_core":0.0,"matmul_cols_per_core":0.0,"matmul_a_bytes":0,"matmul_b_bytes":0,"matmul_m_split":1,"matmul_n_split":1,"hbm_pattern":""}]
SUMMARY op=neg rows=8192 cols=2048 cores=2 tiles=1 lx=1 io_hbm_bytes=67108864 kernel_us=780.119 pred_us=639.995 err_pct=-18.0 bw_gbps=86.0 memset_us=440.729 other_dev_us=2089.042 total_dev_us=3309.890
-- neg [8192,2048] sencores=4 tiles=1
