==== outlier sweep Thu Jul 23 07:01:30 UTC 2026 ====
git: 83595dd  sections: NOISE0 MMCORE BMMLAY XPORT BCAST SMXUNROLL CTMM BMM2R FLASH  reps: 7
## NOISE0 -- control + flagged noisy points, x3 invocations, 10 reps each
-- neg [2048,2048] lx=0
SUMMARY neg [2048,2048] lx=0 FAILED
TIMING_RUN neg [2048,2048] 3s
-- write [2048,16384] lx=0
SUMMARY write [2048,16384] lx=0 FAILED
TIMING_RUN write [2048,16384] 4s
-- bcast [256,16384] lx=0
SUMMARY bcast [256,16384] lx=0 FAILED
TIMING_RUN bcast [256,16384] 3s
-- mulbcast [2048,1024] lx=0
SUMMARY mulbcast [2048,1024] lx=0 FAILED
TIMING_RUN mulbcast [2048,1024] 4s
-- neg [2048,2048] lx=0
SUMMARY neg [2048,2048] lx=0 FAILED
TIMING_RUN neg [2048,2048] 4s
-- write [2048,16384] lx=0
SUMMARY write [2048,16384] lx=0 FAILED
TIMING_RUN write [2048,16384] 4s
-- bcast [256,16384] lx=0
SUMMARY bcast [256,16384] lx=0 FAILED
TIMING_RUN bcast [256,16384] 4s
-- mulbcast [2048,1024] lx=0
SUMMARY mulbcast [2048,1024] lx=0 FAILED
TIMING_RUN mulbcast [2048,1024] 4s
-- neg [2048,2048] lx=0
SUMMARY neg [2048,2048] lx=0 FAILED
TIMING_RUN neg [2048,2048] 3s
-- write [2048,16384] lx=0
SUMMARY write [2048,16384] lx=0 FAILED
TIMING_RUN write [2048,16384] 4s
-- bcast [256,16384] lx=0
SUMMARY bcast [256,16384] lx=0 FAILED
TIMING_RUN bcast [256,16384] 3s
-- mulbcast [2048,1024] lx=0
SUMMARY mulbcast [2048,1024] lx=0 FAILED
TIMING_RUN mulbcast [2048,1024] 4s
## NOISE0 DONE in 44s
## MMCORE -- matmul forced to cores {1,2,4,8,16,32}, many K-ratios + shapes
-- mmwd M=2048 K=512 N=2048 split m=1 n=1 k=1 (cores=1 M/m=2048 N/n=2048)
SUMMARY mmwd M=2048 K=512 N=2048 split m=1 n=1 k=1 FAILED
TIMING_RUN mmwd M=2048 K=512 N=2048 m=1 n=1 k=1 3s
-- mmwd M=2048 K=512 N=2048 split m=1 n=2 k=1 (cores=2 M/m=2048 N/n=1024)
SUMMARY mmwd M=2048 K=512 N=2048 split m=1 n=2 k=1 FAILED
TIMING_RUN mmwd M=2048 K=512 N=2048 m=1 n=2 k=1 7s
-- mmwd M=2048 K=512 N=2048 split m=2 n=2 k=1 (cores=4 M/m=1024 N/n=1024)
SUMMARY mmwd M=2048 K=512 N=2048 split m=2 n=2 k=1 FAILED
TIMING_RUN mmwd M=2048 K=512 N=2048 m=2 n=2 k=1 4s
-- mmwd M=2048 K=512 N=2048 split m=2 n=4 k=1 (cores=8 M/m=1024 N/n=512)
SUMMARY mmwd M=2048 K=512 N=2048 split m=2 n=4 k=1 FAILED
TIMING_RUN mmwd M=2048 K=512 N=2048 m=2 n=4 k=1 4s
-- mmwd M=2048 K=512 N=2048 split m=4 n=4 k=1 (cores=16 M/m=512 N/n=512)
SUMMARY mmwd M=2048 K=512 N=2048 split m=4 n=4 k=1 FAILED
TIMING_RUN mmwd M=2048 K=512 N=2048 m=4 n=4 k=1 4s
-- mmwd M=2048 K=512 N=2048 split m=4 n=8 k=1 (cores=32 M/m=512 N/n=256)
SUMMARY mmwd M=2048 K=512 N=2048 split m=4 n=8 k=1 FAILED
TIMING_RUN mmwd M=2048 K=512 N=2048 m=4 n=8 k=1 3s
-- mmwd M=2048 K=1024 N=2048 split m=1 n=1 k=1 (cores=1 M/m=2048 N/n=2048)
SUMMARY mmwd M=2048 K=1024 N=2048 split m=1 n=1 k=1 FAILED
TIMING_RUN mmwd M=2048 K=1024 N=2048 m=1 n=1 k=1 7s
-- mmwd M=2048 K=1024 N=2048 split m=1 n=2 k=1 (cores=2 M/m=2048 N/n=1024)
TIMING_RUN mmwd M=2048 K=1024 N=2048 m=1 n=2 k=1 4s
-- mmwd M=2048 K=1024 N=2048 split m=2 n=2 k=1 (cores=4 M/m=1024 N/n=1024)
TIMING_RUN mmwd M=2048 K=1024 N=2048 m=2 n=2 k=1 3s
-- mmwd M=2048 K=1024 N=2048 split m=2 n=4 k=1 (cores=8 M/m=1024 N/n=512)
SUMMARY mmwd M=2048 K=1024 N=2048 split m=2 n=4 k=1 FAILED
TIMING_RUN mmwd M=2048 K=1024 N=2048 m=2 n=4 k=1 4s
-- mmwd M=2048 K=1024 N=2048 split m=4 n=4 k=1 (cores=16 M/m=512 N/n=512)
SUMMARY mmwd M=2048 K=1024 N=2048 split m=4 n=4 k=1 FAILED
TIMING_RUN mmwd M=2048 K=1024 N=2048 m=4 n=4 k=1 3s
-- mmwd M=2048 K=1024 N=2048 split m=4 n=8 k=1 (cores=32 M/m=512 N/n=256)
SUMMARY mmwd M=2048 K=1024 N=2048 split m=4 n=8 k=1 FAILED
TIMING_RUN mmwd M=2048 K=1024 N=2048 m=4 n=8 k=1 4s
-- mmwd M=2048 K=2048 N=2048 split m=1 n=1 k=1 (cores=1 M/m=2048 N/n=2048)
SUMMARY mmwd M=2048 K=2048 N=2048 split m=1 n=1 k=1 FAILED
TIMING_RUN mmwd M=2048 K=2048 N=2048 m=1 n=1 k=1 3s
-- mmwd M=2048 K=2048 N=2048 split m=1 n=2 k=1 (cores=2 M/m=2048 N/n=1024)
SUMMARY mmwd M=2048 K=2048 N=2048 split m=1 n=2 k=1 FAILED
TIMING_RUN mmwd M=2048 K=2048 N=2048 m=1 n=2 k=1 4s
-- mmwd M=2048 K=2048 N=2048 split m=2 n=2 k=1 (cores=4 M/m=1024 N/n=1024)
SUMMARY mmwd M=2048 K=2048 N=2048 split m=2 n=2 k=1 FAILED
TIMING_RUN mmwd M=2048 K=2048 N=2048 m=2 n=2 k=1 3s
-- mmwd M=2048 K=2048 N=2048 split m=2 n=4 k=1 (cores=8 M/m=1024 N/n=512)
SUMMARY mmwd M=2048 K=2048 N=2048 split m=2 n=4 k=1 FAILED
TIMING_RUN mmwd M=2048 K=2048 N=2048 m=2 n=4 k=1 4s
-- mmwd M=2048 K=2048 N=2048 split m=4 n=4 k=1 (cores=16 M/m=512 N/n=512)
SUMMARY mmwd M=2048 K=2048 N=2048 split m=4 n=4 k=1 FAILED
TIMING_RUN mmwd M=2048 K=2048 N=2048 m=4 n=4 k=1 4s
-- mmwd M=2048 K=2048 N=2048 split m=4 n=8 k=1 (cores=32 M/m=512 N/n=256)
SUMMARY mmwd M=2048 K=2048 N=2048 split m=4 n=8 k=1 FAILED
TIMING_RUN mmwd M=2048 K=2048 N=2048 m=4 n=8 k=1 3s
-- mmwd M=2048 K=4096 N=2048 split m=1 n=1 k=1 (cores=1 M/m=2048 N/n=2048)
SUMMARY mmwd M=2048 K=4096 N=2048 split m=1 n=1 k=1 FAILED
TIMING_RUN mmwd M=2048 K=4096 N=2048 m=1 n=1 k=1 4s
-- mmwd M=2048 K=4096 N=2048 split m=1 n=2 k=1 (cores=2 M/m=2048 N/n=1024)
SUMMARY mmwd M=2048 K=4096 N=2048 split m=1 n=2 k=1 FAILED
TIMING_RUN mmwd M=2048 K=4096 N=2048 m=1 n=2 k=1 8s
-- mmwd M=2048 K=4096 N=2048 split m=2 n=2 k=1 (cores=4 M/m=1024 N/n=1024)
SUMMARY mmwd M=2048 K=4096 N=2048 split m=2 n=2 k=1 FAILED
TIMING_RUN mmwd M=2048 K=4096 N=2048 m=2 n=2 k=1 4s
-- mmwd M=2048 K=4096 N=2048 split m=2 n=4 k=1 (cores=8 M/m=1024 N/n=512)
  op_it_space_splits={d0: 2, d1: 4, d2: 1}
  op_it_space_splits={d0: 2, d1: 4, d2: 1}
  op_it_space_splits={d0: 2, d1: 4, d2: 1}
  op_it_space_splits={d0: 2, d1: 4, d2: 1}
  op_it_space_splits={d0: 2, d1: 4, d2: 1}
  op_it_space_splits={d0: 2, d1: 4, d2: 1}
  op_it_space_splits={d0: 2, d1: 4, d2: 1}
  op_it_space_splits={d0: 2, d1: 4, d2: 1}
  op_it_space_splits={d0: 2, d1: 4, d2: 1}
  op_it_space_splits={d0: 2, d1: 4, d2: 1}
  op_it_space_splits={d0: 2, d1: 4, d2: 1}
  op_it_space_splits={d0: 2, d1: 4, d2: 1}
IO -- device-layout I/O (cost model, stick-padded) --
IO   op mm [reduction]
IO     output op0                    torch [2048, 2048] -> device [32, 2048, 64] in HBM = 4194304 elems x 2B = 8388608 B  (hbm counted: 8388608 B)
IO     input  arg0_1                 torch [2048, 4096] -> device [64, 2048, 64] in HBM = 8388608 elems x 2B = 16777216 B  (hbm counted: 16777216 B)
IO     input  arg1_1                 torch [4096, 2048] -> device [32, 4096, 64] in HBM = 8388608 elems x 2B = 16777216 B  (hbm counted: 16777216 B)
IO   => HBM I/O total = 41943040 B  (lx 0 B, ~free)
MODEL -- estimate (turnaround): T = compute + (R+W)/BW_PEAK + a*min(R,W) --
MODEL   R=33554432 B (read)   W=8388608 B (write)   loop_trip L=1
MODEL   compute = MACs/cores/(mac_peak*pt_eff) = 17179869184/8/(1140*1.000) = 1883.76 us  (M/m=1024, pt_eff=1.000)
MODEL   base = R/150+W/150 = 279.62 us
MODEL   turn = a*min(R,W) = 0.00574*8388608 = 48.15 us
MODEL   => T_model = 2223.83 us
MODEL FEATS [{"name":"mm","is_reduction":true,"out_elems":4194304,"cores":8,"dtype_bytes":2,"args":[{"name":"op0","role":"output","mem":"hbm","elems":4194304,"broadcast":false,"dims":[32,2048,64],"logical":[2048,2048],"loop_factor":1},{"name":"arg0_1","role":"input","mem":"hbm","elems":8388608,"broadcast":false,"dims":[64,2048,64],"logical":[2048,4096],"loop_factor":1},{"name":"arg1_1","role":"input","mem":"hbm","elems":8388608,"broadcast":false,"dims":[32,4096,64],"logical":[4096,2048],"loop_factor":1}],"reduction_cores":1,"loop_trip":1,"tiles_output_dim":false,"tile_rows_per_core":0.0,"is_matmul":true,"matmul_macs":17179869184,"matmul_rows_per_core":1024.0,"matmul_cols_per_core":512.0,"matmul_a_bytes":16777216,"matmul_b_bytes":16777216,"matmul_m_split":2,"matmul_n_split":4,"hbm_pattern":""}]
TIMING op=mmwd reps=7/7 prof_wall_s=4.80 per_rep_s=0.686
SUMMARY op=mmwd rows=2048 cols=4096 cores=8 tiles=0 lx=1 io_hbm_bytes=41943040 kernel_us=2130.351 pred_us=2223.828 err_pct=+4.4 bw_gbps=19.7 memset_us=267.755 other_dev_us=412.003 total_dev_us=2810.109 kernel_us_min=2125.581 kernel_us_median=2130.351 kernel_us_mean=2129.377 kernel_us_std=2.217 kernel_us_cv=0.10 reps=7
TIMING_RUN mmwd M=2048 K=4096 N=2048 m=2 n=4 k=1 18s
-- mmwd M=2048 K=4096 N=2048 split m=4 n=4 k=1 (cores=16 M/m=512 N/n=512)
SUMMARY mmwd M=2048 K=4096 N=2048 split m=4 n=4 k=1 FAILED
TIMING_RUN mmwd M=2048 K=4096 N=2048 m=4 n=4 k=1 3s
-- mmwd M=2048 K=4096 N=2048 split m=4 n=8 k=1 (cores=32 M/m=512 N/n=256)
SUMMARY mmwd M=2048 K=4096 N=2048 split m=4 n=8 k=1 FAILED
TIMING_RUN mmwd M=2048 K=4096 N=2048 m=4 n=8 k=1 4s
-- mmwd M=1024 K=1024 N=1024 split m=1 n=1 k=1 (cores=1 M/m=1024 N/n=1024)
SUMMARY mmwd M=1024 K=1024 N=1024 split m=1 n=1 k=1 FAILED
TIMING_RUN mmwd M=1024 K=1024 N=1024 m=1 n=1 k=1 3s
-- mmwd M=1024 K=1024 N=1024 split m=1 n=2 k=1 (cores=2 M/m=1024 N/n=512)
SUMMARY mmwd M=1024 K=1024 N=1024 split m=1 n=2 k=1 FAILED
TIMING_RUN mmwd M=1024 K=1024 N=1024 m=1 n=2 k=1 4s
-- mmwd M=1024 K=1024 N=1024 split m=2 n=2 k=1 (cores=4 M/m=512 N/n=512)
SUMMARY mmwd M=1024 K=1024 N=1024 split m=2 n=2 k=1 FAILED
TIMING_RUN mmwd M=1024 K=1024 N=1024 m=2 n=2 k=1 3s
-- mmwd M=1024 K=1024 N=1024 split m=2 n=4 k=1 (cores=8 M/m=512 N/n=256)
SUMMARY mmwd M=1024 K=1024 N=1024 split m=2 n=4 k=1 FAILED
TIMING_RUN mmwd M=1024 K=1024 N=1024 m=2 n=4 k=1 4s
-- mmwd M=1024 K=1024 N=1024 split m=4 n=4 k=1 (cores=16 M/m=256 N/n=256)
SUMMARY mmwd M=1024 K=1024 N=1024 split m=4 n=4 k=1 FAILED
TIMING_RUN mmwd M=1024 K=1024 N=1024 m=4 n=4 k=1 3s
-- mmwd M=1024 K=1024 N=1024 split m=4 n=8 k=1 (cores=32 M/m=256 N/n=128)
SUMMARY mmwd M=1024 K=1024 N=1024 split m=4 n=8 k=1 FAILED
TIMING_RUN mmwd M=1024 K=1024 N=1024 m=4 n=8 k=1 4s
-- mmwd M=1024 K=2048 N=1024 split m=1 n=1 k=1 (cores=1 M/m=1024 N/n=1024)
SUMMARY mmwd M=1024 K=2048 N=1024 split m=1 n=1 k=1 FAILED
TIMING_RUN mmwd M=1024 K=2048 N=1024 m=1 n=1 k=1 3s
-- mmwd M=1024 K=2048 N=1024 split m=1 n=2 k=1 (cores=2 M/m=1024 N/n=512)
  op_it_space_splits={d0: 1, d1: 2, d2: 1}
  op_it_space_splits={d0: 1, d1: 2, d2: 1}
  op_it_space_splits={d0: 1, d1: 2, d2: 1}
  op_it_space_splits={d0: 1, d1: 2, d2: 1}
  op_it_space_splits={d0: 1, d1: 2, d2: 1}
  op_it_space_splits={d0: 1, d1: 2, d2: 1}
  op_it_space_splits={d0: 1, d1: 2, d2: 1}
  op_it_space_splits={d0: 1, d1: 2, d2: 1}
  op_it_space_splits={d0: 1, d1: 2, d2: 1}
  op_it_space_splits={d0: 1, d1: 2, d2: 1}
  op_it_space_splits={d0: 1, d1: 2, d2: 1}
  op_it_space_splits={d0: 1, d1: 2, d2: 1}
IO -- device-layout I/O (cost model, stick-padded) --
IO   op mm [reduction]
IO     output op0                    torch [1024, 1024] -> device [16, 1024, 64] in HBM = 1048576 elems x 2B = 2097152 B  (hbm counted: 2097152 B)
IO     input  arg0_1                 torch [1024, 2048] -> device [32, 1024, 64] in HBM = 2097152 elems x 2B = 4194304 B  (hbm counted: 4194304 B)
IO     input  arg1_1                 torch [2048, 1024] -> device [16, 2048, 64] in HBM = 2097152 elems x 2B = 4194304 B  (hbm counted: 4194304 B)
IO   => HBM I/O total = 10485760 B  (lx 0 B, ~free)
MODEL -- estimate (turnaround): T = compute + (R+W)/BW_PEAK + a*min(R,W) --
MODEL   R=8388608 B (read)   W=2097152 B (write)   loop_trip L=1
MODEL   compute = MACs/cores/(mac_peak*pt_eff) = 2147483648/2/(1140*1.000) = 941.88 us  (M/m=1024, pt_eff=1.000)
MODEL   base = R/150+W/150 = 69.91 us
MODEL   turn = a*min(R,W) = 0.00574*2097152 = 12.04 us
MODEL   => T_model = 1026.90 us
MODEL FEATS [{"name":"mm","is_reduction":true,"out_elems":1048576,"cores":2,"dtype_bytes":2,"args":[{"name":"op0","role":"output","mem":"hbm","elems":1048576,"broadcast":false,"dims":[16,1024,64],"logical":[1024,1024],"loop_factor":1},{"name":"arg0_1","role":"input","mem":"hbm","elems":2097152,"broadcast":false,"dims":[32,1024,64],"logical":[1024,2048],"loop_factor":1},{"name":"arg1_1","role":"input","mem":"hbm","elems":2097152,"broadcast":false,"dims":[16,2048,64],"logical":[2048,1024],"loop_factor":1}],"reduction_cores":1,"loop_trip":1,"tiles_output_dim":false,"tile_rows_per_core":0.0,"is_matmul":true,"matmul_macs":2147483648,"matmul_rows_per_core":1024.0,"matmul_cols_per_core":512.0,"matmul_a_bytes":4194304,"matmul_b_bytes":4194304,"matmul_m_split":1,"matmul_n_split":2,"hbm_pattern":""}]
TIMING op=mmwd reps=7/7 prof_wall_s=3.28 per_rep_s=0.468
SUMMARY op=mmwd rows=1024 cols=2048 cores=2 tiles=0 lx=1 io_hbm_bytes=10485760 kernel_us=1038.764 pred_us=1026.896 err_pct=-1.1 bw_gbps=10.1 memset_us=146.078 other_dev_us=310.867 total_dev_us=1495.709 kernel_us_min=1038.222 kernel_us_median=1038.764 kernel_us_mean=1038.734 kernel_us_std=0.241 kernel_us_cv=0.02 reps=7
TIMING_RUN mmwd M=1024 K=2048 N=1024 m=1 n=2 k=1 16s
-- mmwd M=1024 K=2048 N=1024 split m=2 n=2 k=1 (cores=4 M/m=512 N/n=512)
SUMMARY mmwd M=1024 K=2048 N=1024 split m=2 n=2 k=1 FAILED
TIMING_RUN mmwd M=1024 K=2048 N=1024 m=2 n=2 k=1 3s
-- mmwd M=1024 K=2048 N=1024 split m=2 n=4 k=1 (cores=8 M/m=512 N/n=256)
SUMMARY mmwd M=1024 K=2048 N=1024 split m=2 n=4 k=1 FAILED
TIMING_RUN mmwd M=1024 K=2048 N=1024 m=2 n=4 k=1 4s
-- mmwd M=1024 K=2048 N=1024 split m=4 n=4 k=1 (cores=16 M/m=256 N/n=256)
SUMMARY mmwd M=1024 K=2048 N=1024 split m=4 n=4 k=1 FAILED
TIMING_RUN mmwd M=1024 K=2048 N=1024 m=4 n=4 k=1 4s
-- mmwd M=1024 K=2048 N=1024 split m=4 n=8 k=1 (cores=32 M/m=256 N/n=128)
SUMMARY mmwd M=1024 K=2048 N=1024 split m=4 n=8 k=1 FAILED
TIMING_RUN mmwd M=1024 K=2048 N=1024 m=4 n=8 k=1 4s
-- mmwd M=1024 K=4096 N=1024 split m=1 n=1 k=1 (cores=1 M/m=1024 N/n=1024)
SUMMARY mmwd M=1024 K=4096 N=1024 split m=1 n=1 k=1 FAILED
TIMING_RUN mmwd M=1024 K=4096 N=1024 m=1 n=1 k=1 3s
-- mmwd M=1024 K=4096 N=1024 split m=1 n=2 k=1 (cores=2 M/m=1024 N/n=512)
SUMMARY mmwd M=1024 K=4096 N=1024 split m=1 n=2 k=1 FAILED
TIMING_RUN mmwd M=1024 K=4096 N=1024 m=1 n=2 k=1 4s
-- mmwd M=1024 K=4096 N=1024 split m=2 n=2 k=1 (cores=4 M/m=512 N/n=512)
SUMMARY mmwd M=1024 K=4096 N=1024 split m=2 n=2 k=1 FAILED
TIMING_RUN mmwd M=1024 K=4096 N=1024 m=2 n=2 k=1 4s
-- mmwd M=1024 K=4096 N=1024 split m=2 n=4 k=1 (cores=8 M/m=512 N/n=256)
SUMMARY mmwd M=1024 K=4096 N=1024 split m=2 n=4 k=1 FAILED
TIMING_RUN mmwd M=1024 K=4096 N=1024 m=2 n=4 k=1 4s
-- mmwd M=1024 K=4096 N=1024 split m=4 n=4 k=1 (cores=16 M/m=256 N/n=256)
SUMMARY mmwd M=1024 K=4096 N=1024 split m=4 n=4 k=1 FAILED
TIMING_RUN mmwd M=1024 K=4096 N=1024 m=4 n=4 k=1 4s
-- mmwd M=1024 K=4096 N=1024 split m=4 n=8 k=1 (cores=32 M/m=256 N/n=128)
SUMMARY mmwd M=1024 K=4096 N=1024 split m=4 n=8 k=1 FAILED
TIMING_RUN mmwd M=1024 K=4096 N=1024 m=4 n=8 k=1 3s
-- mmwd M=512 K=512 N=512 split m=1 n=1 k=1 (cores=1 M/m=512 N/n=512)
SUMMARY mmwd M=512 K=512 N=512 split m=1 n=1 k=1 FAILED
TIMING_RUN mmwd M=512 K=512 N=512 m=1 n=1 k=1 5s
-- mmwd M=512 K=512 N=512 split m=1 n=2 k=1 (cores=2 M/m=512 N/n=256)
SUMMARY mmwd M=512 K=512 N=512 split m=1 n=2 k=1 FAILED
TIMING_RUN mmwd M=512 K=512 N=512 m=1 n=2 k=1 4s
-- mmwd M=512 K=512 N=512 split m=2 n=2 k=1 (cores=4 M/m=256 N/n=256)
SUMMARY mmwd M=512 K=512 N=512 split m=2 n=2 k=1 FAILED
TIMING_RUN mmwd M=512 K=512 N=512 m=2 n=2 k=1 4s
-- mmwd M=512 K=512 N=512 split m=2 n=4 k=1 (cores=8 M/m=256 N/n=128)
SUMMARY mmwd M=512 K=512 N=512 split m=2 n=4 k=1 FAILED
TIMING_RUN mmwd M=512 K=512 N=512 m=2 n=4 k=1 4s
-- mmwd M=512 K=512 N=512 split m=4 n=4 k=1 (cores=16 M/m=128 N/n=128)
SUMMARY mmwd M=512 K=512 N=512 split m=4 n=4 k=1 FAILED
TIMING_RUN mmwd M=512 K=512 N=512 m=4 n=4 k=1 4s
-- mmwd M=512 K=512 N=512 split m=4 n=8 k=1 (cores=32 M/m=128 N/n=64)
  op_it_space_splits={d0: 4, d1: 8, d2: 1}
  op_it_space_splits={d0: 4, d1: 8, d2: 1}
  op_it_space_splits={d0: 4, d1: 8, d2: 1}
  op_it_space_splits={d0: 4, d1: 8, d2: 1}
  op_it_space_splits={d0: 4, d1: 8, d2: 1}
  op_it_space_splits={d0: 4, d1: 8, d2: 1}
  op_it_space_splits={d0: 4, d1: 8, d2: 1}
  op_it_space_splits={d0: 4, d1: 8, d2: 1}
  op_it_space_splits={d0: 4, d1: 8, d2: 1}
  op_it_space_splits={d0: 4, d1: 8, d2: 1}
  op_it_space_splits={d0: 4, d1: 8, d2: 1}
  op_it_space_splits={d0: 4, d1: 8, d2: 1}
IO -- device-layout I/O (cost model, stick-padded) --
IO   op mm [reduction]
IO     output op0                    torch [512, 512] -> device [8, 512, 64] in HBM = 262144 elems x 2B = 524288 B  (hbm counted: 524288 B)
IO     input  arg0_1                 torch [512, 512] -> device [8, 512, 64] in HBM = 262144 elems x 2B = 524288 B  (hbm counted: 524288 B)
IO     input  arg1_1                 torch [512, 512] -> device [8, 512, 64] in HBM = 262144 elems x 2B = 524288 B  (hbm counted: 524288 B)
IO   => HBM I/O total = 1572864 B  (lx 0 B, ~free)
MODEL -- estimate (turnaround): T = compute + (R+W)/BW_PEAK + a*min(R,W) --
MODEL   R=1048576 B (read)   W=524288 B (write)   loop_trip L=1
MODEL   compute = MACs/cores/(mac_peak*pt_eff) = 134217728/32/(1140*1.000) = 3.68 us  (M/m=128, pt_eff=1.000)
MODEL   base = R/150+W/150 = 10.49 us
MODEL   turn = a*min(R,W) = 0.00574*524288 = 3.01 us
MODEL   => T_model = 15.48 us
MODEL FEATS [{"name":"mm","is_reduction":true,"out_elems":262144,"cores":32,"dtype_bytes":2,"args":[{"name":"op0","role":"output","mem":"hbm","elems":262144,"broadcast":false,"dims":[8,512,64],"logical":[512,512],"loop_factor":1},{"name":"arg0_1","role":"input","mem":"hbm","elems":262144,"broadcast":false,"dims":[8,512,64],"logical":[512,512],"loop_factor":1},{"name":"arg1_1","role":"input","mem":"hbm","elems":262144,"broadcast":false,"dims":[8,512,64],"logical":[512,512],"loop_factor":1}],"reduction_cores":1,"loop_trip":1,"tiles_output_dim":false,"tile_rows_per_core":0.0,"is_matmul":true,"matmul_macs":134217728,"matmul_rows_per_core":128.0,"matmul_cols_per_core":64.0,"matmul_a_bytes":524288,"matmul_b_bytes":524288,"matmul_m_split":4,"matmul_n_split":8,"hbm_pattern":""}]
TIMING op=mmwd reps=7/7 prof_wall_s=6.91 per_rep_s=0.987
SUMMARY op=mmwd rows=512 cols=512 cores=32 tiles=0 lx=1 io_hbm_bytes=1572864 kernel_us=13.393 pred_us=15.482 err_pct=+15.6 bw_gbps=117.4 memset_us=96.776 other_dev_us=174.889 total_dev_us=285.058 kernel_us_min=13.194 kernel_us_median=13.393 kernel_us_mean=13.370 kernel_us_std=0.105 kernel_us_cv=0.78 reps=7
TIMING_RUN mmwd M=512 K=512 N=512 m=4 n=8 k=1 24s
-- mmwd M=512 K=2048 N=512 split m=1 n=1 k=1 (cores=1 M/m=512 N/n=512)
SUMMARY mmwd M=512 K=2048 N=512 split m=1 n=1 k=1 FAILED
TIMING_RUN mmwd M=512 K=2048 N=512 m=1 n=1 k=1 4s
-- mmwd M=512 K=2048 N=512 split m=1 n=2 k=1 (cores=2 M/m=512 N/n=256)
SUMMARY mmwd M=512 K=2048 N=512 split m=1 n=2 k=1 FAILED
TIMING_RUN mmwd M=512 K=2048 N=512 m=1 n=2 k=1 5s
-- mmwd M=512 K=2048 N=512 split m=2 n=2 k=1 (cores=4 M/m=256 N/n=256)
SUMMARY mmwd M=512 K=2048 N=512 split m=2 n=2 k=1 FAILED
TIMING_RUN mmwd M=512 K=2048 N=512 m=2 n=2 k=1 4s
-- mmwd M=512 K=2048 N=512 split m=2 n=4 k=1 (cores=8 M/m=256 N/n=128)
SUMMARY mmwd M=512 K=2048 N=512 split m=2 n=4 k=1 FAILED
TIMING_RUN mmwd M=512 K=2048 N=512 m=2 n=4 k=1 5s
-- mmwd M=512 K=2048 N=512 split m=4 n=4 k=1 (cores=16 M/m=128 N/n=128)
SUMMARY mmwd M=512 K=2048 N=512 split m=4 n=4 k=1 FAILED
TIMING_RUN mmwd M=512 K=2048 N=512 m=4 n=4 k=1 4s
-- mmwd M=512 K=2048 N=512 split m=4 n=8 k=1 (cores=32 M/m=128 N/n=64)
  op_it_space_splits={d0: 4, d1: 8, d2: 1}
  op_it_space_splits={d0: 4, d1: 8, d2: 1}
  op_it_space_splits={d0: 4, d1: 8, d2: 1}
  op_it_space_splits={d0: 4, d1: 8, d2: 1}
  op_it_space_splits={d0: 4, d1: 8, d2: 1}
  op_it_space_splits={d0: 4, d1: 8, d2: 1}
  op_it_space_splits={d0: 4, d1: 8, d2: 1}
  op_it_space_splits={d0: 4, d1: 8, d2: 1}
  op_it_space_splits={d0: 4, d1: 8, d2: 1}
  op_it_space_splits={d0: 4, d1: 8, d2: 1}
  op_it_space_splits={d0: 4, d1: 8, d2: 1}
  op_it_space_splits={d0: 4, d1: 8, d2: 1}
IO -- device-layout I/O (cost model, stick-padded) --
IO   op mm [reduction]
IO     output op0                    torch [512, 512] -> device [8, 512, 64] in HBM = 262144 elems x 2B = 524288 B  (hbm counted: 524288 B)
IO     input  arg0_1                 torch [512, 2048] -> device [32, 512, 64] in HBM = 1048576 elems x 2B = 2097152 B  (hbm counted: 2097152 B)
IO     input  arg1_1                 torch [2048, 512] -> device [8, 2048, 64] in HBM = 1048576 elems x 2B = 2097152 B  (hbm counted: 2097152 B)
IO   => HBM I/O total = 4718592 B  (lx 0 B, ~free)
MODEL -- estimate (turnaround): T = compute + (R+W)/BW_PEAK + a*min(R,W) --
MODEL   R=4194304 B (read)   W=524288 B (write)   loop_trip L=1
MODEL   compute = MACs/cores/(mac_peak*pt_eff) = 536870912/32/(1140*1.000) = 14.72 us  (M/m=128, pt_eff=1.000)
MODEL   base = R/150+W/150 = 31.46 us
MODEL   turn = a*min(R,W) = 0.00574*524288 = 3.01 us
MODEL   => T_model = 42.41 us
MODEL FEATS [{"name":"mm","is_reduction":true,"out_elems":262144,"cores":32,"dtype_bytes":2,"args":[{"name":"op0","role":"output","mem":"hbm","elems":262144,"broadcast":false,"dims":[8,512,64],"logical":[512,512],"loop_factor":1},{"name":"arg0_1","role":"input","mem":"hbm","elems":1048576,"broadcast":false,"dims":[32,512,64],"logical":[512,2048],"loop_factor":1},{"name":"arg1_1","role":"input","mem":"hbm","elems":1048576,"broadcast":false,"dims":[8,2048,64],"logical":[2048,512],"loop_factor":1}],"reduction_cores":1,"loop_trip":1,"tiles_output_dim":false,"tile_rows_per_core":0.0,"is_matmul":true,"matmul_macs":536870912,"matmul_rows_per_core":128.0,"matmul_cols_per_core":64.0,"matmul_a_bytes":2097152,"matmul_b_bytes":2097152,"matmul_m_split":4,"matmul_n_split":8,"hbm_pattern":""}]
TIMING op=mmwd reps=7/7 prof_wall_s=7.14 per_rep_s=1.020
SUMMARY op=mmwd rows=512 cols=2048 cores=32 tiles=0 lx=1 io_hbm_bytes=4718592 kernel_us=33.814 pred_us=42.414 err_pct=+25.4 bw_gbps=139.5 memset_us=94.584 other_dev_us=104.083 total_dev_us=232.481 kernel_us_min=33.496 kernel_us_median=33.814 kernel_us_mean=33.927 kernel_us_std=0.454 kernel_us_cv=1.34 reps=7
TIMING_RUN mmwd M=512 K=2048 N=512 m=4 n=8 k=1 25s
-- mmwd M=4096 K=2048 N=2048 split m=1 n=1 k=1 (cores=1 M/m=4096 N/n=2048)
IO -- device-layout I/O (cost model, stick-padded) --
IO   op mm [reduction]
IO     output op0                    torch [4096, 2048] -> device [32, 4096, 64] in HBM = 8388608 elems x 2B = 16777216 B  (hbm counted: 16777216 B)
IO     input  arg0_1                 torch [4096, 2048] -> device [32, 4096, 64] in HBM = 8388608 elems x 2B = 16777216 B  (hbm counted: 16777216 B)
IO     input  arg1_1                 torch [2048, 2048] -> device [32, 2048, 64] in HBM = 4194304 elems x 2B = 8388608 B  (hbm counted: 8388608 B)
IO   => HBM I/O total = 41943040 B  (lx 0 B, ~free)
MODEL -- estimate (turnaround): T = compute + (R+W)/BW_PEAK + a*min(R,W) --
MODEL   R=25165824 B (read)   W=16777216 B (write)   loop_trip L=1
MODEL   compute = MACs/cores/(mac_peak*pt_eff) = 17179869184/1/(1140*1.000) = 15070.06 us  (M/m=0, pt_eff=1.000)
MODEL   base = R/150+W/150 = 279.62 us
MODEL   turn = a*min(R,W) = 0.00574*16777216 = 96.30 us
MODEL   => T_model = 15273.06 us
MODEL FEATS [{"name":"mm","is_reduction":true,"out_elems":8388608,"cores":1,"dtype_bytes":2,"args":[{"name":"op0","role":"output","mem":"hbm","elems":8388608,"broadcast":false,"dims":[32,4096,64],"logical":[4096,2048],"loop_factor":1},{"name":"arg0_1","role":"input","mem":"hbm","elems":8388608,"broadcast":false,"dims":[32,4096,64],"logical":[4096,2048],"loop_factor":1},{"name":"arg1_1","role":"input","mem":"hbm","elems":4194304,"broadcast":false,"dims":[32,2048,64],"logical":[2048,2048],"loop_factor":1}],"reduction_cores":1,"loop_trip":1,"tiles_output_dim":false,"tile_rows_per_core":0.0,"is_matmul":true,"matmul_macs":17179869184,"matmul_rows_per_core":0.0,"matmul_cols_per_core":0.0,"matmul_a_bytes":0,"matmul_b_bytes":0,"matmul_m_split":1,"matmul_n_split":1,"hbm_pattern":""}]
TIMING op=mmwd reps=7/7 prof_wall_s=3.36 per_rep_s=0.481
SUMMARY op=mmwd rows=4096 cols=2048 cores=1 tiles=0 lx=1 io_hbm_bytes=41943040 kernel_us=16003.916 pred_us=15273.058 err_pct=-4.6 bw_gbps=2.6 memset_us=350.880 other_dev_us=852.849 total_dev_us=17207.645 kernel_us_min=16003.715 kernel_us_median=16003.916 kernel_us_mean=16003.890 kernel_us_std=0.102 kernel_us_cv=0.00 reps=7
TIMING_RUN mmwd M=4096 K=2048 N=2048 m=1 n=1 k=1 17s
-- mmwd M=4096 K=2048 N=2048 split m=1 n=2 k=1 (cores=2 M/m=4096 N/n=1024)
SUMMARY mmwd M=4096 K=2048 N=2048 split m=1 n=2 k=1 FAILED
TIMING_RUN mmwd M=4096 K=2048 N=2048 m=1 n=2 k=1 4s
-- mmwd M=4096 K=2048 N=2048 split m=2 n=2 k=1 (cores=4 M/m=2048 N/n=1024)
SUMMARY mmwd M=4096 K=2048 N=2048 split m=2 n=2 k=1 FAILED
TIMING_RUN mmwd M=4096 K=2048 N=2048 m=2 n=2 k=1 5s
-- mmwd M=4096 K=2048 N=2048 split m=2 n=4 k=1 (cores=8 M/m=2048 N/n=512)
  op_it_space_splits={d0: 2, d1: 4, d2: 1}
  op_it_space_splits={d0: 2, d1: 4, d2: 1}
  op_it_space_splits={d0: 2, d1: 4, d2: 1}
  op_it_space_splits={d0: 2, d1: 4, d2: 1}
  op_it_space_splits={d0: 2, d1: 4, d2: 1}
  op_it_space_splits={d0: 2, d1: 4, d2: 1}
  op_it_space_splits={d0: 2, d1: 4, d2: 1}
  op_it_space_splits={d0: 2, d1: 4, d2: 1}
  op_it_space_splits={d0: 2, d1: 4, d2: 1}
  op_it_space_splits={d0: 2, d1: 4, d2: 1}
  op_it_space_splits={d0: 2, d1: 4, d2: 1}
  op_it_space_splits={d0: 2, d1: 4, d2: 1}
IO -- device-layout I/O (cost model, stick-padded) --
IO   op mm [reduction]
IO     output op0                    torch [4096, 2048] -> device [32, 4096, 64] in HBM = 8388608 elems x 2B = 16777216 B  (hbm counted: 16777216 B)
IO     input  arg0_1                 torch [4096, 2048] -> device [32, 4096, 64] in HBM = 8388608 elems x 2B = 16777216 B  (hbm counted: 16777216 B)
IO     input  arg1_1                 torch [2048, 2048] -> device [32, 2048, 64] in HBM = 4194304 elems x 2B = 8388608 B  (hbm counted: 8388608 B)
IO   => HBM I/O total = 41943040 B  (lx 0 B, ~free)
MODEL -- estimate (turnaround): T = compute + (R+W)/BW_PEAK + a*min(R,W) --
MODEL   R=25165824 B (read)   W=16777216 B (write)   loop_trip L=1
MODEL   compute = MACs/cores/(mac_peak*pt_eff) = 17179869184/8/(1140*1.000) = 1883.76 us  (M/m=2048, pt_eff=1.000)
MODEL   base = R/150+W/150 = 279.62 us
MODEL   turn = a*min(R,W) = 0.00574*16777216 = 96.30 us
MODEL   => T_model = 2222.65 us
MODEL FEATS [{"name":"mm","is_reduction":true,"out_elems":8388608,"cores":8,"dtype_bytes":2,"args":[{"name":"op0","role":"output","mem":"hbm","elems":8388608,"broadcast":false,"dims":[32,4096,64],"logical":[4096,2048],"loop_factor":1},{"name":"arg0_1","role":"input","mem":"hbm","elems":8388608,"broadcast":false,"dims":[32,4096,64],"logical":[4096,2048],"loop_factor":1},{"name":"arg1_1","role":"input","mem":"hbm","elems":4194304,"broadcast":false,"dims":[32,2048,64],"logical":[2048,2048],"loop_factor":1}],"reduction_cores":1,"loop_trip":1,"tiles_output_dim":false,"tile_rows_per_core":0.0,"is_matmul":true,"matmul_macs":17179869184,"matmul_rows_per_core":2048.0,"matmul_cols_per_core":512.0,"matmul_a_bytes":16777216,"matmul_b_bytes":8388608,"matmul_m_split":2,"matmul_n_split":4,"hbm_pattern":""}]
TIMING op=mmwd reps=7/7 prof_wall_s=5.08 per_rep_s=0.725
SUMMARY op=mmwd rows=4096 cols=2048 cores=8 tiles=0 lx=1 io_hbm_bytes=41943040 kernel_us=2189.651 pred_us=2222.651 err_pct=+1.5 bw_gbps=19.2 memset_us=353.534 other_dev_us=762.578 total_dev_us=3305.763 kernel_us_min=2185.796 kernel_us_median=2189.651 kernel_us_mean=2189.837 kernel_us_std=2.765 kernel_us_cv=0.13 reps=7
TIMING_RUN mmwd M=4096 K=2048 N=2048 m=2 n=4 k=1 21s
-- mmwd M=4096 K=2048 N=2048 split m=4 n=4 k=1 (cores=16 M/m=1024 N/n=512)
SUMMARY mmwd M=4096 K=2048 N=2048 split m=4 n=4 k=1 FAILED
TIMING_RUN mmwd M=4096 K=2048 N=2048 m=4 n=4 k=1 5s
-- mmwd M=4096 K=2048 N=2048 split m=4 n=8 k=1 (cores=32 M/m=1024 N/n=256)
SUMMARY mmwd M=4096 K=2048 N=2048 split m=4 n=8 k=1 FAILED
TIMING_RUN mmwd M=4096 K=2048 N=2048 m=4 n=8 k=1 5s
-- mmwd M=2048 K=2048 N=4096 split m=1 n=1 k=1 (cores=1 M/m=2048 N/n=4096)
SUMMARY mmwd M=2048 K=2048 N=4096 split m=1 n=1 k=1 FAILED
TIMING_RUN mmwd M=2048 K=2048 N=4096 m=1 n=1 k=1 6s
-- mmwd M=2048 K=2048 N=4096 split m=1 n=2 k=1 (cores=2 M/m=2048 N/n=2048)
SUMMARY mmwd M=2048 K=2048 N=4096 split m=1 n=2 k=1 FAILED
TIMING_RUN mmwd M=2048 K=2048 N=4096 m=1 n=2 k=1 4s
-- mmwd M=2048 K=2048 N=4096 split m=2 n=2 k=1 (cores=4 M/m=1024 N/n=2048)
SUMMARY mmwd M=2048 K=2048 N=4096 split m=2 n=2 k=1 FAILED
TIMING_RUN mmwd M=2048 K=2048 N=4096 m=2 n=2 k=1 5s
-- mmwd M=2048 K=2048 N=4096 split m=2 n=4 k=1 (cores=8 M/m=1024 N/n=1024)
SUMMARY mmwd M=2048 K=2048 N=4096 split m=2 n=4 k=1 FAILED
TIMING_RUN mmwd M=2048 K=2048 N=4096 m=2 n=4 k=1 4s
-- mmwd M=2048 K=2048 N=4096 split m=4 n=4 k=1 (cores=16 M/m=512 N/n=1024)
SUMMARY mmwd M=2048 K=2048 N=4096 split m=4 n=4 k=1 FAILED
TIMING_RUN mmwd M=2048 K=2048 N=4096 m=4 n=4 k=1 5s
-- mmwd M=2048 K=2048 N=4096 split m=4 n=8 k=1 (cores=32 M/m=512 N/n=512)
SUMMARY mmwd M=2048 K=2048 N=4096 split m=4 n=8 k=1 FAILED
TIMING_RUN mmwd M=2048 K=2048 N=4096 m=4 n=8 k=1 4s
-- mmwd M=1024 K=2048 N=4096 split m=1 n=1 k=1 (cores=1 M/m=1024 N/n=4096)
SUMMARY mmwd M=1024 K=2048 N=4096 split m=1 n=1 k=1 FAILED
TIMING_RUN mmwd M=1024 K=2048 N=4096 m=1 n=1 k=1 5s
-- mmwd M=1024 K=2048 N=4096 split m=1 n=2 k=1 (cores=2 M/m=1024 N/n=2048)
SUMMARY mmwd M=1024 K=2048 N=4096 split m=1 n=2 k=1 FAILED
TIMING_RUN mmwd M=1024 K=2048 N=4096 m=1 n=2 k=1 4s
-- mmwd M=1024 K=2048 N=4096 split m=2 n=2 k=1 (cores=4 M/m=512 N/n=2048)
  op_it_space_splits={d0: 2, d1: 2, d2: 1}
  op_it_space_splits={d0: 2, d1: 2, d2: 1}
  op_it_space_splits={d0: 2, d1: 2, d2: 1}
  op_it_space_splits={d0: 2, d1: 2, d2: 1}
  op_it_space_splits={d0: 2, d1: 2, d2: 1}
  op_it_space_splits={d0: 2, d1: 2, d2: 1}
  op_it_space_splits={d0: 2, d1: 2, d2: 1}
  op_it_space_splits={d0: 2, d1: 2, d2: 1}
  op_it_space_splits={d0: 2, d1: 2, d2: 1}
  op_it_space_splits={d0: 2, d1: 2, d2: 1}
  op_it_space_splits={d0: 2, d1: 2, d2: 1}
  op_it_space_splits={d0: 2, d1: 2, d2: 1}
IO -- device-layout I/O (cost model, stick-padded) --
IO   op mm [reduction]
IO     output op0                    torch [1024, 4096] -> device [64, 1024, 64] in HBM = 4194304 elems x 2B = 8388608 B  (hbm counted: 8388608 B)
IO     input  arg0_1                 torch [1024, 2048] -> device [32, 1024, 64] in HBM = 2097152 elems x 2B = 4194304 B  (hbm counted: 4194304 B)
IO     input  arg1_1                 torch [2048, 4096] -> device [64, 2048, 64] in HBM = 8388608 elems x 2B = 16777216 B  (hbm counted: 16777216 B)
IO   => HBM I/O total = 29360128 B  (lx 0 B, ~free)
MODEL -- estimate (turnaround): T = compute + (R+W)/BW_PEAK + a*min(R,W) --
MODEL   R=20971520 B (read)   W=8388608 B (write)   loop_trip L=1
MODEL   compute = MACs/cores/(mac_peak*pt_eff) = 8589934592/4/(1140*1.000) = 1883.76 us  (M/m=512, pt_eff=1.000)
MODEL   base = R/150+W/150 = 195.73 us
MODEL   turn = a*min(R,W) = 0.00574*8388608 = 48.15 us
MODEL   => T_model = 2128.70 us
MODEL FEATS [{"name":"mm","is_reduction":true,"out_elems":4194304,"cores":4,"dtype_bytes":2,"args":[{"name":"op0","role":"output","mem":"hbm","elems":4194304,"broadcast":false,"dims":[64,1024,64],"logical":[1024,4096],"loop_factor":1},{"name":"arg0_1","role":"input","mem":"hbm","elems":2097152,"broadcast":false,"dims":[32,1024,64],"logical":[1024,2048],"loop_factor":1},{"name":"arg1_1","role":"input","mem":"hbm","elems":8388608,"broadcast":false,"dims":[64,2048,64],"logical":[2048,4096],"loop_factor":1}],"reduction_cores":1,"loop_trip":1,"tiles_output_dim":false,"tile_rows_per_core":0.0,"is_matmul":true,"matmul_macs":8589934592,"matmul_rows_per_core":512.0,"matmul_cols_per_core":2048.0,"matmul_a_bytes":4194304,"matmul_b_bytes":16777216,"matmul_m_split":2,"matmul_n_split":2,"hbm_pattern":""}]
TIMING op=mmwd reps=7/7 prof_wall_s=3.58 per_rep_s=0.512
SUMMARY op=mmwd rows=1024 cols=2048 cores=4 tiles=0 lx=1 io_hbm_bytes=29360128 kernel_us=2014.852 pred_us=2128.702 err_pct=+5.7 bw_gbps=14.6 memset_us=249.095 other_dev_us=455.390 total_dev_us=2719.337 kernel_us_min=2013.049 kernel_us_median=2014.852 kernel_us_mean=2015.059 kernel_us_std=1.390 kernel_us_cv=0.07 reps=7
TIMING_RUN mmwd M=1024 K=2048 N=4096 m=2 n=2 k=1 19s
-- mmwd M=1024 K=2048 N=4096 split m=2 n=4 k=1 (cores=8 M/m=512 N/n=1024)
SUMMARY mmwd M=1024 K=2048 N=4096 split m=2 n=4 k=1 FAILED
TIMING_RUN mmwd M=1024 K=2048 N=4096 m=2 n=4 k=1 5s
-- mmwd M=1024 K=2048 N=4096 split m=4 n=4 k=1 (cores=16 M/m=256 N/n=1024)
SUMMARY mmwd M=1024 K=2048 N=4096 split m=4 n=4 k=1 FAILED
TIMING_RUN mmwd M=1024 K=2048 N=4096 m=4 n=4 k=1 5s
-- mmwd M=1024 K=2048 N=4096 split m=4 n=8 k=1 (cores=32 M/m=256 N/n=512)
SUMMARY mmwd M=1024 K=2048 N=4096 split m=4 n=8 k=1 FAILED
TIMING_RUN mmwd M=1024 K=2048 N=4096 m=4 n=8 k=1 4s
-- mmwd M=4096 K=2048 N=1024 split m=1 n=1 k=1 (cores=1 M/m=4096 N/n=1024)
SUMMARY mmwd M=4096 K=2048 N=1024 split m=1 n=1 k=1 FAILED
TIMING_RUN mmwd M=4096 K=2048 N=1024 m=1 n=1 k=1 5s
-- mmwd M=4096 K=2048 N=1024 split m=1 n=2 k=1 (cores=2 M/m=4096 N/n=512)
SUMMARY mmwd M=4096 K=2048 N=1024 split m=1 n=2 k=1 FAILED
TIMING_RUN mmwd M=4096 K=2048 N=1024 m=1 n=2 k=1 5s
-- mmwd M=4096 K=2048 N=1024 split m=2 n=2 k=1 (cores=4 M/m=2048 N/n=512)
SUMMARY mmwd M=4096 K=2048 N=1024 split m=2 n=2 k=1 FAILED
TIMING_RUN mmwd M=4096 K=2048 N=1024 m=2 n=2 k=1 4s
-- mmwd M=4096 K=2048 N=1024 split m=2 n=4 k=1 (cores=8 M/m=2048 N/n=256)
SUMMARY mmwd M=4096 K=2048 N=1024 split m=2 n=4 k=1 FAILED
TIMING_RUN mmwd M=4096 K=2048 N=1024 m=2 n=4 k=1 5s
-- mmwd M=4096 K=2048 N=1024 split m=4 n=4 k=1 (cores=16 M/m=1024 N/n=256)
SUMMARY mmwd M=4096 K=2048 N=1024 split m=4 n=4 k=1 FAILED
TIMING_RUN mmwd M=4096 K=2048 N=1024 m=4 n=4 k=1 5s
-- mmwd M=4096 K=2048 N=1024 split m=4 n=8 k=1 (cores=32 M/m=1024 N/n=128)
SUMMARY mmwd M=4096 K=2048 N=1024 split m=4 n=8 k=1 FAILED
TIMING_RUN mmwd M=4096 K=2048 N=1024 m=4 n=8 k=1 4s
-- mmwd M=4096 K=1024 N=4096 split m=1 n=2 k=1 (cores=2 M/m=4096 N/n=2048)
SUMMARY mmwd M=4096 K=1024 N=4096 split m=1 n=2 k=1 FAILED
TIMING_RUN mmwd M=4096 K=1024 N=4096 m=1 n=2 k=1 5s
-- mmwd M=4096 K=1024 N=4096 split m=2 n=2 k=1 (cores=4 M/m=2048 N/n=2048)
SUMMARY mmwd M=4096 K=1024 N=4096 split m=2 n=2 k=1 FAILED
TIMING_RUN mmwd M=4096 K=1024 N=4096 m=2 n=2 k=1 7s
-- mmwd M=4096 K=1024 N=4096 split m=2 n=4 k=1 (cores=8 M/m=2048 N/n=1024)
SUMMARY mmwd M=4096 K=1024 N=4096 split m=2 n=4 k=1 FAILED
TIMING_RUN mmwd M=4096 K=1024 N=4096 m=2 n=4 k=1 5s
-- mmwd M=4096 K=1024 N=4096 split m=4 n=4 k=1 (cores=16 M/m=1024 N/n=1024)
SUMMARY mmwd M=4096 K=1024 N=4096 split m=4 n=4 k=1 FAILED
TIMING_RUN mmwd M=4096 K=1024 N=4096 m=4 n=4 k=1 5s
-- mmwd M=4096 K=1024 N=4096 split m=4 n=8 k=1 (cores=32 M/m=1024 N/n=512)
SUMMARY mmwd M=4096 K=1024 N=4096 split m=4 n=8 k=1 FAILED
TIMING_RUN mmwd M=4096 K=1024 N=4096 m=4 n=8 k=1 5s
-- mmwd M=8192 K=2048 N=1024 split m=1 n=2 k=1 (cores=2 M/m=8192 N/n=512)
SUMMARY mmwd M=8192 K=2048 N=1024 split m=1 n=2 k=1 FAILED
TIMING_RUN mmwd M=8192 K=2048 N=1024 m=1 n=2 k=1 6s
-- mmwd M=8192 K=2048 N=1024 split m=2 n=2 k=1 (cores=4 M/m=4096 N/n=512)
SUMMARY mmwd M=8192 K=2048 N=1024 split m=2 n=2 k=1 FAILED
TIMING_RUN mmwd M=8192 K=2048 N=1024 m=2 n=2 k=1 6s
-- mmwd M=8192 K=2048 N=1024 split m=2 n=4 k=1 (cores=8 M/m=4096 N/n=256)
SUMMARY mmwd M=8192 K=2048 N=1024 split m=2 n=4 k=1 FAILED
TIMING_RUN mmwd M=8192 K=2048 N=1024 m=2 n=4 k=1 4s
-- mmwd M=8192 K=2048 N=1024 split m=4 n=4 k=1 (cores=16 M/m=2048 N/n=256)
SUMMARY mmwd M=8192 K=2048 N=1024 split m=4 n=4 k=1 FAILED
TIMING_RUN mmwd M=8192 K=2048 N=1024 m=4 n=4 k=1 5s
-- mmwd M=8192 K=2048 N=1024 split m=4 n=8 k=1 (cores=32 M/m=2048 N/n=128)
SUMMARY mmwd M=8192 K=2048 N=1024 split m=4 n=8 k=1 FAILED
TIMING_RUN mmwd M=8192 K=2048 N=1024 m=4 n=8 k=1 5s
## MMCORE DONE in 489s
## BMMLAY -- full bmm, {[0,1,2],[1,0,2]}^2 layouts, many B + shapes
-- bmm_layout B=2 M=1024 K=2048 N=1024 b=1 m=4 n=8 k=1 layoutA=0,1,2 layoutB=0,1,2
SUMMARY bmm_layout B=2 M=1024 K=2048 N=1024 b=1 m=4 n=8 k=1 layoutA=0,1,2 layoutB=0,1,2 FAILED
TIMING_RUN bmm_layout B=2 1024x2048x1024 0,1,2/0,1,2 5s
-- bmm_layout B=2 M=1024 K=2048 N=1024 b=1 m=4 n=8 k=1 layoutA=1,0,2 layoutB=0,1,2
SUMMARY bmm_layout B=2 M=1024 K=2048 N=1024 b=1 m=4 n=8 k=1 layoutA=1,0,2 layoutB=0,1,2 FAILED
TIMING_RUN bmm_layout B=2 1024x2048x1024 1,0,2/0,1,2 4s
-- bmm_layout B=2 M=1024 K=2048 N=1024 b=1 m=4 n=8 k=1 layoutA=0,1,2 layoutB=1,0,2
SUMMARY bmm_layout B=2 M=1024 K=2048 N=1024 b=1 m=4 n=8 k=1 layoutA=0,1,2 layoutB=1,0,2 FAILED
TIMING_RUN bmm_layout B=2 1024x2048x1024 0,1,2/1,0,2 4s
-- bmm_layout B=2 M=1024 K=2048 N=1024 b=1 m=4 n=8 k=1 layoutA=1,0,2 layoutB=1,0,2
SUMMARY bmm_layout B=2 M=1024 K=2048 N=1024 b=1 m=4 n=8 k=1 layoutA=1,0,2 layoutB=1,0,2 FAILED
TIMING_RUN bmm_layout B=2 1024x2048x1024 1,0,2/1,0,2 6s
-- bmm_layout B=4 M=1024 K=2048 N=1024 b=1 m=4 n=8 k=1 layoutA=0,1,2 layoutB=0,1,2
SUMMARY bmm_layout B=4 M=1024 K=2048 N=1024 b=1 m=4 n=8 k=1 layoutA=0,1,2 layoutB=0,1,2 FAILED
TIMING_RUN bmm_layout B=4 1024x2048x1024 0,1,2/0,1,2 5s
-- bmm_layout B=4 M=1024 K=2048 N=1024 b=1 m=4 n=8 k=1 layoutA=1,0,2 layoutB=0,1,2
SUMMARY bmm_layout B=4 M=1024 K=2048 N=1024 b=1 m=4 n=8 k=1 layoutA=1,0,2 layoutB=0,1,2 FAILED
TIMING_RUN bmm_layout B=4 1024x2048x1024 1,0,2/0,1,2 4s
-- bmm_layout B=4 M=1024 K=2048 N=1024 b=1 m=4 n=8 k=1 layoutA=0,1,2 layoutB=1,0,2
SUMMARY bmm_layout B=4 M=1024 K=2048 N=1024 b=1 m=4 n=8 k=1 layoutA=0,1,2 layoutB=1,0,2 FAILED
TIMING_RUN bmm_layout B=4 1024x2048x1024 0,1,2/1,0,2 5s
-- bmm_layout B=4 M=1024 K=2048 N=1024 b=1 m=4 n=8 k=1 layoutA=1,0,2 layoutB=1,0,2
SUMMARY bmm_layout B=4 M=1024 K=2048 N=1024 b=1 m=4 n=8 k=1 layoutA=1,0,2 layoutB=1,0,2 FAILED
TIMING_RUN bmm_layout B=4 1024x2048x1024 1,0,2/1,0,2 4s
-- bmm_layout B=8 M=1024 K=2048 N=1024 b=1 m=4 n=8 k=1 layoutA=0,1,2 layoutB=0,1,2
SUMMARY bmm_layout B=8 M=1024 K=2048 N=1024 b=1 m=4 n=8 k=1 layoutA=0,1,2 layoutB=0,1,2 FAILED
TIMING_RUN bmm_layout B=8 1024x2048x1024 0,1,2/0,1,2 6s
-- bmm_layout B=8 M=1024 K=2048 N=1024 b=1 m=4 n=8 k=1 layoutA=1,0,2 layoutB=0,1,2
SUMMARY bmm_layout B=8 M=1024 K=2048 N=1024 b=1 m=4 n=8 k=1 layoutA=1,0,2 layoutB=0,1,2 FAILED
TIMING_RUN bmm_layout B=8 1024x2048x1024 1,0,2/0,1,2 6s
-- bmm_layout B=8 M=1024 K=2048 N=1024 b=1 m=4 n=8 k=1 layoutA=0,1,2 layoutB=1,0,2
SUMMARY bmm_layout B=8 M=1024 K=2048 N=1024 b=1 m=4 n=8 k=1 layoutA=0,1,2 layoutB=1,0,2 FAILED
TIMING_RUN bmm_layout B=8 1024x2048x1024 0,1,2/1,0,2 4s
-- bmm_layout B=8 M=1024 K=2048 N=1024 b=1 m=4 n=8 k=1 layoutA=1,0,2 layoutB=1,0,2
SUMMARY bmm_layout B=8 M=1024 K=2048 N=1024 b=1 m=4 n=8 k=1 layoutA=1,0,2 layoutB=1,0,2 FAILED
TIMING_RUN bmm_layout B=8 1024x2048x1024 1,0,2/1,0,2 3s
-- bmm_layout B=16 M=1024 K=2048 N=1024 b=1 m=4 n=8 k=1 layoutA=0,1,2 layoutB=0,1,2
SUMMARY bmm_layout B=16 M=1024 K=2048 N=1024 b=1 m=4 n=8 k=1 layoutA=0,1,2 layoutB=0,1,2 FAILED
TIMING_RUN bmm_layout B=16 1024x2048x1024 0,1,2/0,1,2 2s
-- bmm_layout B=16 M=1024 K=2048 N=1024 b=1 m=4 n=8 k=1 layoutA=1,0,2 layoutB=0,1,2
SUMMARY bmm_layout B=16 M=1024 K=2048 N=1024 b=1 m=4 n=8 k=1 layoutA=1,0,2 layoutB=0,1,2 FAILED
TIMING_RUN bmm_layout B=16 1024x2048x1024 1,0,2/0,1,2 0s
-- bmm_layout B=16 M=1024 K=2048 N=1024 b=1 m=4 n=8 k=1 layoutA=0,1,2 layoutB=1,0,2
SUMMARY bmm_layout B=16 M=1024 K=2048 N=1024 b=1 m=4 n=8 k=1 layoutA=0,1,2 layoutB=1,0,2 FAILED
TIMING_RUN bmm_layout B=16 1024x2048x1024 0,1,2/1,0,2 1s
-- bmm_layout B=16 M=1024 K=2048 N=1024 b=1 m=4 n=8 k=1 layoutA=1,0,2 layoutB=1,0,2
SUMMARY bmm_layout B=16 M=1024 K=2048 N=1024 b=1 m=4 n=8 k=1 layoutA=1,0,2 layoutB=1,0,2 FAILED
TIMING_RUN bmm_layout B=16 1024x2048x1024 1,0,2/1,0,2 5s
-- bmm_layout B=4 M=2048 K=2048 N=1024 b=1 m=4 n=8 k=1 layoutA=0,1,2 layoutB=0,1,2
SUMMARY bmm_layout B=4 M=2048 K=2048 N=1024 b=1 m=4 n=8 k=1 layoutA=0,1,2 layoutB=0,1,2 FAILED
TIMING_RUN bmm_layout B=4 2048x2048x1024 0,1,2/0,1,2 5s
-- bmm_layout B=4 M=2048 K=2048 N=1024 b=1 m=4 n=8 k=1 layoutA=1,0,2 layoutB=0,1,2
SUMMARY bmm_layout B=4 M=2048 K=2048 N=1024 b=1 m=4 n=8 k=1 layoutA=1,0,2 layoutB=0,1,2 FAILED
TIMING_RUN bmm_layout B=4 2048x2048x1024 1,0,2/0,1,2 5s
-- bmm_layout B=4 M=2048 K=2048 N=1024 b=1 m=4 n=8 k=1 layoutA=0,1,2 layoutB=1,0,2
  op_it_space_splits={d0: 1, d1: 4, d2: 8, d3: 1}
  op_it_space_splits={d0: 1, d1: 4, d2: 8, d3: 1}
  op_it_space_splits={d0: 1, d1: 4, d2: 8, d3: 1}
  op_it_space_splits={d0: 1, d1: 4, d2: 8, d3: 1}
  op_it_space_splits={d0: 1, d1: 4, d2: 8, d3: 1}
  op_it_space_splits={d0: 1, d1: 4, d2: 8, d3: 1}
  op_it_space_splits={d0: 1, d1: 4, d2: 8, d3: 1}
  op_it_space_splits={d0: 1, d1: 4, d2: 8, d3: 1}
  op_it_space_splits={d0: 1, d1: 4, d2: 8, d3: 1}
  op_it_space_splits={d0: 1, d1: 4, d2: 8, d3: 1}
  op_it_space_splits={d0: 1, d1: 4, d2: 8, d3: 1}
  op_it_space_splits={d0: 1, d1: 4, d2: 8, d3: 1}
IO -- device-layout I/O (cost model, stick-padded) --
IO   op bmm [reduction]
IO     output op0                    torch [4, 2048, 1024] -> device [2048, 16, 4, 64] in HBM = 8388608 elems x 2B = 16777216 B  (hbm counted: 16777216 B)
IO     input  arg0_1                 torch [4, 2048, 2048] -> device [2048, 32, 4, 64] in HBM = 16777216 elems x 2B = 33554432 B  (hbm counted: 33554432 B)
IO     input  arg1_1                 torch [4, 2048, 1024] -> device [4, 16, 2048, 64] in HBM = 8388608 elems x 2B = 16777216 B  (hbm counted: 16777216 B)
IO   => HBM I/O total = 67108864 B  (lx 0 B, ~free)
MODEL -- estimate (turnaround): T = compute + (R+W)/BW_PEAK + a*min(R,W) --
MODEL   R=50331648 B (read)   W=16777216 B (write)   loop_trip L=1
MODEL   compute = MACs/cores/(mac_peak*pt_eff) = 17179869184/32/(1140*1.000) = 470.94 us  (M/m=512, pt_eff=1.000)
MODEL   base = R/150+W/150 = 447.39 us
MODEL   turn = a*min(R,W) = 0.00574*16777216 = 96.30 us
MODEL   => T_model = 798.00 us
MODEL FEATS [{"name":"bmm","is_reduction":true,"out_elems":8388608,"cores":32,"dtype_bytes":2,"args":[{"name":"op0","role":"output","mem":"hbm","elems":8388608,"broadcast":false,"dims":[2048,16,4,64],"logical":[4,2048,1024],"loop_factor":1},{"name":"arg0_1","role":"input","mem":"hbm","elems":16777216,"broadcast":false,"dims":[2048,32,4,64],"logical":[4,2048,2048],"loop_factor":1},{"name":"arg1_1","role":"input","mem":"hbm","elems":8388608,"broadcast":false,"dims":[4,16,2048,64],"logical":[4,2048,1024],"loop_factor":1}],"reduction_cores":1,"loop_trip":1,"tiles_output_dim":false,"tile_rows_per_core":0.0,"is_matmul":true,"matmul_macs":17179869184,"matmul_rows_per_core":512.0,"matmul_cols_per_core":128.0,"matmul_a_bytes":8388608,"matmul_b_bytes":4194304,"matmul_m_split":4,"matmul_n_split":8,"hbm_pattern":""}]
TIMING op=bmm_layout reps=7/7 prof_wall_s=13.66 per_rep_s=1.951
SUMMARY op=bmm_layout rows=2048 cols=2048 cores=32 tiles=0 lx=1 io_hbm_bytes=67108864 kernel_us=2629.770 pred_us=798.001 err_pct=-69.7 bw_gbps=25.5 memset_us=341.659 other_dev_us=887.531 total_dev_us=3858.960 kernel_us_min=2624.181 kernel_us_median=2629.770 kernel_us_mean=2631.851 kernel_us_std=6.979 kernel_us_cv=0.27 reps=7
TIMING_RUN bmm_layout B=4 2048x2048x1024 0,1,2/1,0,2 38s
-- bmm_layout B=4 M=2048 K=2048 N=1024 b=1 m=4 n=8 k=1 layoutA=1,0,2 layoutB=1,0,2
SUMMARY bmm_layout B=4 M=2048 K=2048 N=1024 b=1 m=4 n=8 k=1 layoutA=1,0,2 layoutB=1,0,2 FAILED
TIMING_RUN bmm_layout B=4 2048x2048x1024 1,0,2/1,0,2 11s
-- bmm_layout B=8 M=2048 K=2048 N=1024 b=1 m=4 n=8 k=1 layoutA=0,1,2 layoutB=0,1,2
SUMMARY bmm_layout B=8 M=2048 K=2048 N=1024 b=1 m=4 n=8 k=1 layoutA=0,1,2 layoutB=0,1,2 FAILED
TIMING_RUN bmm_layout B=8 2048x2048x1024 0,1,2/0,1,2 11s
-- bmm_layout B=8 M=2048 K=2048 N=1024 b=1 m=4 n=8 k=1 layoutA=1,0,2 layoutB=0,1,2
  op_it_space_splits={d0: 1, d1: 4, d2: 8, d3: 1}
  op_it_space_splits={d0: 1, d1: 4, d2: 8, d3: 1}
  op_it_space_splits={d0: 1, d1: 4, d2: 8, d3: 1}
  op_it_space_splits={d0: 1, d1: 4, d2: 8, d3: 1}
  op_it_space_splits={d0: 1, d1: 4, d2: 8, d3: 1}
  op_it_space_splits={d0: 1, d1: 4, d2: 8, d3: 1}
  op_it_space_splits={d0: 1, d1: 4, d2: 8, d3: 1}
  op_it_space_splits={d0: 1, d1: 4, d2: 8, d3: 1}
  op_it_space_splits={d0: 1, d1: 4, d2: 8, d3: 1}
  op_it_space_splits={d0: 1, d1: 4, d2: 8, d3: 1}
  op_it_space_splits={d0: 1, d1: 4, d2: 8, d3: 1}
  op_it_space_splits={d0: 1, d1: 4, d2: 8, d3: 1}
IO -- device-layout I/O (cost model, stick-padded) --
IO   op bmm [reduction]
IO     output op0                    torch [8, 2048, 1024] -> device [2048, 16, 8, 64] in HBM = 16777216 elems x 2B = 33554432 B  (hbm counted: 33554432 B)
IO     input  arg0_1                 torch [8, 2048, 2048] -> device [8, 32, 2048, 64] in HBM = 33554432 elems x 2B = 67108864 B  (hbm counted: 67108864 B)
IO     input  arg1_1                 torch [8, 2048, 1024] -> device [2048, 16, 8, 64] in HBM = 16777216 elems x 2B = 33554432 B  (hbm counted: 33554432 B)
IO   => HBM I/O total = 134217728 B  (lx 0 B, ~free)
MODEL -- estimate (turnaround): T = compute + (R+W)/BW_PEAK + a*min(R,W) --
MODEL   R=100663296 B (read)   W=33554432 B (write)   loop_trip L=1
MODEL   compute = MACs/cores/(mac_peak*pt_eff) = 34359738368/32/(1140*1.000) = 941.88 us  (M/m=512, pt_eff=1.000)
MODEL   base = R/150+W/150 = 894.78 us
MODEL   turn = a*min(R,W) = 0.00574*33554432 = 192.60 us
MODEL   => T_model = 1596.00 us
MODEL FEATS [{"name":"bmm","is_reduction":true,"out_elems":16777216,"cores":32,"dtype_bytes":2,"args":[{"name":"op0","role":"output","mem":"hbm","elems":16777216,"broadcast":false,"dims":[2048,16,8,64],"logical":[8,2048,1024],"loop_factor":1},{"name":"arg0_1","role":"input","mem":"hbm","elems":33554432,"broadcast":false,"dims":[8,32,2048,64],"logical":[8,2048,2048],"loop_factor":1},{"name":"arg1_1","role":"input","mem":"hbm","elems":16777216,"broadcast":false,"dims":[2048,16,8,64],"logical":[8,2048,1024],"loop_factor":1}],"reduction_cores":1,"loop_trip":1,"tiles_output_dim":false,"tile_rows_per_core":0.0,"is_matmul":true,"matmul_macs":34359738368,"matmul_rows_per_core":512.0,"matmul_cols_per_core":128.0,"matmul_a_bytes":8388608,"matmul_b_bytes":4194304,"matmul_m_split":4,"matmul_n_split":8,"hbm_pattern":""}]
TIMING op=bmm_layout reps=7/7 prof_wall_s=13.82 per_rep_s=1.974
SUMMARY op=bmm_layout rows=2048 cols=2048 cores=32 tiles=0 lx=1 io_hbm_bytes=134217728 kernel_us=4481.911 pred_us=1596.002 err_pct=-64.4 bw_gbps=29.9 memset_us=538.029 other_dev_us=2150.603 total_dev_us=7170.543 kernel_us_min=4471.638 kernel_us_median=4481.911 kernel_us_mean=4484.377 kernel_us_std=10.945 kernel_us_cv=0.24 reps=7
TIMING_RUN bmm_layout B=8 2048x2048x1024 1,0,2/0,1,2 52s
-- bmm_layout B=8 M=2048 K=2048 N=1024 b=1 m=4 n=8 k=1 layoutA=0,1,2 layoutB=1,0,2
SUMMARY bmm_layout B=8 M=2048 K=2048 N=1024 b=1 m=4 n=8 k=1 layoutA=0,1,2 layoutB=1,0,2 FAILED
TIMING_RUN bmm_layout B=8 2048x2048x1024 0,1,2/1,0,2 9s
-- bmm_layout B=8 M=2048 K=2048 N=1024 b=1 m=4 n=8 k=1 layoutA=1,0,2 layoutB=1,0,2
SUMMARY bmm_layout B=8 M=2048 K=2048 N=1024 b=1 m=4 n=8 k=1 layoutA=1,0,2 layoutB=1,0,2 FAILED
TIMING_RUN bmm_layout B=8 2048x2048x1024 1,0,2/1,0,2 5s
-- bmm_layout B=4 M=1024 K=2048 N=2048 b=1 m=4 n=8 k=1 layoutA=0,1,2 layoutB=0,1,2
SUMMARY bmm_layout B=4 M=1024 K=2048 N=2048 b=1 m=4 n=8 k=1 layoutA=0,1,2 layoutB=0,1,2 FAILED
TIMING_RUN bmm_layout B=4 1024x2048x2048 0,1,2/0,1,2 7s
-- bmm_layout B=4 M=1024 K=2048 N=2048 b=1 m=4 n=8 k=1 layoutA=1,0,2 layoutB=0,1,2
SUMMARY bmm_layout B=4 M=1024 K=2048 N=2048 b=1 m=4 n=8 k=1 layoutA=1,0,2 layoutB=0,1,2 FAILED
TIMING_RUN bmm_layout B=4 1024x2048x2048 1,0,2/0,1,2 6s
-- bmm_layout B=4 M=1024 K=2048 N=2048 b=1 m=4 n=8 k=1 layoutA=0,1,2 layoutB=1,0,2
SUMMARY bmm_layout B=4 M=1024 K=2048 N=2048 b=1 m=4 n=8 k=1 layoutA=0,1,2 layoutB=1,0,2 FAILED
TIMING_RUN bmm_layout B=4 1024x2048x2048 0,1,2/1,0,2 4s
-- bmm_layout B=4 M=1024 K=2048 N=2048 b=1 m=4 n=8 k=1 layoutA=1,0,2 layoutB=1,0,2
SUMMARY bmm_layout B=4 M=1024 K=2048 N=2048 b=1 m=4 n=8 k=1 layoutA=1,0,2 layoutB=1,0,2 FAILED
TIMING_RUN bmm_layout B=4 1024x2048x2048 1,0,2/1,0,2 5s
-- bmm_layout B=8 M=1024 K=2048 N=2048 b=1 m=4 n=8 k=1 layoutA=0,1,2 layoutB=0,1,2
SUMMARY bmm_layout B=8 M=1024 K=2048 N=2048 b=1 m=4 n=8 k=1 layoutA=0,1,2 layoutB=0,1,2 FAILED
TIMING_RUN bmm_layout B=8 1024x2048x2048 0,1,2/0,1,2 5s
-- bmm_layout B=8 M=1024 K=2048 N=2048 b=1 m=4 n=8 k=1 layoutA=1,0,2 layoutB=0,1,2
SUMMARY bmm_layout B=8 M=1024 K=2048 N=2048 b=1 m=4 n=8 k=1 layoutA=1,0,2 layoutB=0,1,2 FAILED
TIMING_RUN bmm_layout B=8 1024x2048x2048 1,0,2/0,1,2 5s
-- bmm_layout B=8 M=1024 K=2048 N=2048 b=1 m=4 n=8 k=1 layoutA=0,1,2 layoutB=1,0,2
SUMMARY bmm_layout B=8 M=1024 K=2048 N=2048 b=1 m=4 n=8 k=1 layoutA=0,1,2 layoutB=1,0,2 FAILED
TIMING_RUN bmm_layout B=8 1024x2048x2048 0,1,2/1,0,2 6s
-- bmm_layout B=8 M=1024 K=2048 N=2048 b=1 m=4 n=8 k=1 layoutA=1,0,2 layoutB=1,0,2
SUMMARY bmm_layout B=8 M=1024 K=2048 N=2048 b=1 m=4 n=8 k=1 layoutA=1,0,2 layoutB=1,0,2 FAILED
TIMING_RUN bmm_layout B=8 1024x2048x2048 1,0,2/1,0,2 4s
-- bmm_layout B=8 M=512 K=2048 N=512 b=1 m=4 n=8 k=1 layoutA=0,1,2 layoutB=0,1,2
SUMMARY bmm_layout B=8 M=512 K=2048 N=512 b=1 m=4 n=8 k=1 layoutA=0,1,2 layoutB=0,1,2 FAILED
TIMING_RUN bmm_layout B=8 512x2048x512 0,1,2/0,1,2 6s
-- bmm_layout B=8 M=512 K=2048 N=512 b=1 m=4 n=8 k=1 layoutA=1,0,2 layoutB=0,1,2
