==== outlier sweep Thu Jul 23 06:58:36 UTC 2026 ====
git: 83595dd  sections: NOISE0 MMCORE BMMLAY XPORT BCAST SMXUNROLL CTMM BMM2R FLASH  reps: 7
## NOISE0 -- control + flagged noisy points, x3 invocations, 10 reps each
-- neg [2048,2048] lx=0
SUMMARY neg [2048,2048] lx=0 FAILED
TIMING_RUN neg [2048,2048] 5s
-- write [2048,16384] lx=0
SUMMARY write [2048,16384] lx=0 FAILED
TIMING_RUN write [2048,16384] 5s
-- bcast [256,16384] lx=0
  op_it_space_splits={d0: 32, d1: 1}
IO -- device-layout I/O (cost model, stick-padded) --
IO   op add
IO     output op0                    torch [256, 16384] -> device [256, 256, 64] in HBM = 4194304 elems x 2B = 8388608 B  (hbm counted: 8388608 B)
IO     input  arg0_1                 torch [256, 16384] -> device [256, 256, 64] in HBM = 4194304 elems x 2B = 8388608 B  (hbm counted: 8388608 B)
IO     input  arg1_1                 torch [1, 16384] -> device [256, 1, 64] in HBM = 16384 elems x 2B = 32768 B  (hbm counted: 32768 B) broadcast (loaded once)
IO   => HBM I/O total = 16809984 B  (lx 0 B, ~free)
MODEL -- estimate (turnaround): T = (R+W)/BW_PEAK + a*min(R,W) --
MODEL   R=8421376 B (read)   W=8388608 B (write)   loop_trip L=1
MODEL   base = (R+W)/150 = 112.07 us
MODEL   turn = a*min(R,W) = 0.00574*8388608 = 48.15 us
MODEL   => T_model = 142.46 us
MODEL FEATS [{"name":"add","is_reduction":false,"out_elems":4194304,"cores":32,"dtype_bytes":2,"args":[{"name":"op0","role":"output","mem":"hbm","elems":4194304,"broadcast":false,"dims":[256,256,64],"logical":[256,16384],"loop_factor":1},{"name":"arg0_1","role":"input","mem":"hbm","elems":4194304,"broadcast":false,"dims":[256,256,64],"logical":[256,16384],"loop_factor":1},{"name":"arg1_1","role":"input","mem":"hbm","elems":16384,"broadcast":true,"dims":[256,1,64],"logical":[1,16384],"loop_factor":1}],"reduction_cores":1,"loop_trip":1,"tiles_output_dim":false,"tile_rows_per_core":0.0,"is_matmul":false,"matmul_macs":0,"matmul_rows_per_core":0.0,"matmul_cols_per_core":0.0,"matmul_a_bytes":0,"matmul_b_bytes":0,"matmul_m_split":1,"matmul_n_split":1,"hbm_pattern":""}]
TIMING op=bcast reps=10/10 prof_wall_s=0.26 per_rep_s=0.026
SUMMARY op=bcast rows=256 cols=16384 cores=32 tiles=0 lx=0 io_hbm_bytes=16809984 kernel_us=183.874 pred_us=142.457 err_pct=-22.5 bw_gbps=91.4 memset_us=200.005 other_dev_us=477.264 total_dev_us=861.143 kernel_us_min=178.072 kernel_us_median=183.874 kernel_us_mean=185.677 kernel_us_std=6.177 kernel_us_cv=3.33 reps=10
TIMING_RUN bcast [256,16384] 13s
-- mulbcast [2048,1024] lx=0
SUMMARY mulbcast [2048,1024] lx=0 FAILED
TIMING_RUN mulbcast [2048,1024] 4s
-- neg [2048,2048] lx=0
SUMMARY neg [2048,2048] lx=0 FAILED
TIMING_RUN neg [2048,2048] 4s
-- write [2048,16384] lx=0
SUMMARY write [2048,16384] lx=0 FAILED
TIMING_RUN write [2048,16384] 5s
-- bcast [256,16384] lx=0
  op_it_space_splits={d0: 32, d1: 1}
IO -- device-layout I/O (cost model, stick-padded) --
IO   op add
IO     output op0                    torch [256, 16384] -> device [256, 256, 64] in HBM = 4194304 elems x 2B = 8388608 B  (hbm counted: 8388608 B)
IO     input  arg0_1                 torch [256, 16384] -> device [256, 256, 64] in HBM = 4194304 elems x 2B = 8388608 B  (hbm counted: 8388608 B)
IO     input  arg1_1                 torch [1, 16384] -> device [256, 1, 64] in HBM = 16384 elems x 2B = 32768 B  (hbm counted: 32768 B) broadcast (loaded once)
IO   => HBM I/O total = 16809984 B  (lx 0 B, ~free)
MODEL -- estimate (turnaround): T = (R+W)/BW_PEAK + a*min(R,W) --
MODEL   R=8421376 B (read)   W=8388608 B (write)   loop_trip L=1
MODEL   base = (R+W)/150 = 112.07 us
MODEL   turn = a*min(R,W) = 0.00574*8388608 = 48.15 us
MODEL   => T_model = 142.46 us
MODEL FEATS [{"name":"add","is_reduction":false,"out_elems":4194304,"cores":32,"dtype_bytes":2,"args":[{"name":"op0","role":"output","mem":"hbm","elems":4194304,"broadcast":false,"dims":[256,256,64],"logical":[256,16384],"loop_factor":1},{"name":"arg0_1","role":"input","mem":"hbm","elems":4194304,"broadcast":false,"dims":[256,256,64],"logical":[256,16384],"loop_factor":1},{"name":"arg1_1","role":"input","mem":"hbm","elems":16384,"broadcast":true,"dims":[256,1,64],"logical":[1,16384],"loop_factor":1}],"reduction_cores":1,"loop_trip":1,"tiles_output_dim":false,"tile_rows_per_core":0.0,"is_matmul":false,"matmul_macs":0,"matmul_rows_per_core":0.0,"matmul_cols_per_core":0.0,"matmul_a_bytes":0,"matmul_b_bytes":0,"matmul_m_split":1,"matmul_n_split":1,"hbm_pattern":""}]
TIMING op=bcast reps=10/10 prof_wall_s=0.25 per_rep_s=0.025
SUMMARY op=bcast rows=256 cols=16384 cores=32 tiles=0 lx=0 io_hbm_bytes=16809984 kernel_us=180.970 pred_us=142.457 err_pct=-21.3 bw_gbps=92.9 memset_us=154.653 other_dev_us=514.419 total_dev_us=850.041 kernel_us_min=178.907 kernel_us_median=180.970 kernel_us_mean=182.271 kernel_us_std=3.571 kernel_us_cv=1.96 reps=10
TIMING_RUN bcast [256,16384] 12s
-- mulbcast [2048,1024] lx=0
SUMMARY mulbcast [2048,1024] lx=0 FAILED
TIMING_RUN mulbcast [2048,1024] 4s
-- neg [2048,2048] lx=0
SUMMARY neg [2048,2048] lx=0 FAILED
TIMING_RUN neg [2048,2048] 4s
-- write [2048,16384] lx=0
SUMMARY write [2048,16384] lx=0 FAILED
TIMING_RUN write [2048,16384] 5s
-- bcast [256,16384] lx=0
TIMING_RUN bcast [256,16384] 13s
-- mulbcast [2048,1024] lx=0
SUMMARY mulbcast [2048,1024] lx=0 FAILED
TIMING_RUN mulbcast [2048,1024] 4s
## NOISE0 DONE in 78s
## MMCORE -- matmul forced to cores {1,2,4,8,16,32}, many K-ratios + shapes
-- mmwd M=2048 K=512 N=2048 split m=1 n=1 k=1 (cores=1 M/m=2048 N/n=2048)
SUMMARY mmwd M=2048 K=512 N=2048 split m=1 n=1 k=1 FAILED
TIMING_RUN mmwd M=2048 K=512 N=2048 m=1 n=1 k=1 4s
-- mmwd M=2048 K=512 N=2048 split m=1 n=2 k=1 (cores=2 M/m=2048 N/n=1024)
