==== outlier sweep Thu Jul 23 06:55:59 UTC 2026 ====
git: 83595dd  sections: NOISE0 MMCORE BMMLAY XPORT BCAST SMXUNROLL CTMM BMM2R FLASH  reps: 7
## NOISE0 -- control + flagged noisy points, x3 invocations, 10 reps each
-- neg [2048,2048] lx=0
  op_it_space_splits={d0: 32, d1: 1}
IO -- device-layout I/O (cost model, stick-padded) --
IO   op neg
IO     output op0                    torch [2048, 2048] -> device [32, 2048, 64] in HBM = 4194304 elems x 2B = 8388608 B  (hbm counted: 8388608 B)
IO     input  arg0_1                 torch [2048, 2048] -> device [32, 2048, 64] in HBM = 4194304 elems x 2B = 8388608 B  (hbm counted: 8388608 B)
IO   => HBM I/O total = 16777216 B  (lx 0 B, ~free)
MODEL -- estimate (turnaround): T = (R+W)/BW_PEAK + a*min(R,W) --
MODEL   R=8388608 B (read)   W=8388608 B (write)   loop_trip L=1
MODEL   base = (R+W)/150 = 111.85 us
MODEL   turn = a*min(R,W) = 0.00574*8388608 = 48.15 us
MODEL   => T_model = 160.00 us
MODEL FEATS [{"name":"neg","is_reduction":false,"out_elems":4194304,"cores":32,"dtype_bytes":2,"args":[{"name":"op0","role":"output","mem":"hbm","elems":4194304,"broadcast":false,"dims":[32,2048,64],"logical":[2048,2048],"loop_factor":1},{"name":"arg0_1","role":"input","mem":"hbm","elems":4194304,"broadcast":false,"dims":[32,2048,64],"logical":[2048,2048],"loop_factor":1}],"reduction_cores":1,"loop_trip":1,"tiles_output_dim":false,"tile_rows_per_core":0.0,"is_matmul":false,"matmul_macs":0,"matmul_rows_per_core":0.0,"matmul_cols_per_core":0.0,"matmul_a_bytes":0,"matmul_b_bytes":0,"matmul_m_split":1,"matmul_n_split":1,"hbm_pattern":""}]
TIMING op=neg reps=10/10 prof_wall_s=0.25 per_rep_s=0.025
SUMMARY op=neg rows=2048 cols=2048 cores=32 tiles=0 lx=0 io_hbm_bytes=16777216 kernel_us=160.188 pred_us=159.999 err_pct=-0.1 bw_gbps=104.7 memset_us=163.772 other_dev_us=525.589 total_dev_us=849.549 kernel_us_min=157.587 kernel_us_median=160.188 kernel_us_mean=160.154 kernel_us_std=1.221 kernel_us_cv=0.76 reps=10
TIMING_RUN neg [2048,2048] 21s
-- write [2048,16384] lx=0
  op_it_space_splits={d0: 32, d1: 1}
IO -- device-layout I/O (cost model, stick-padded) --
IO   op add
IO     output op0                    torch [2048, 16384] -> device [256, 2048, 64] in HBM = 33554432 elems x 2B = 67108864 B  (hbm counted: 67108864 B)
IO     input  arg0_1                 torch [1, 16384] -> device [256, 1, 64] in HBM = 16384 elems x 2B = 32768 B  (hbm counted: 32768 B) broadcast (loaded once)
IO     input  arg1_1                 torch [2048, 1] -> device [1, 2048, 64] in HBM = 131072 elems x 2B = 262144 B  (hbm counted: 262144 B) broadcast (loaded once)
IO   => HBM I/O total = 67403776 B  (lx 0 B, ~free)
MODEL -- estimate (turnaround): T = (R+W)/BW_PEAK + a*min(R,W) --
MODEL   R=294912 B (read)   W=67108864 B (write)   loop_trip L=1
MODEL   base = (R+W)/150 = 449.36 us
MODEL   turn = a*min(R,W) = 0.00574*294912 = 1.69 us
MODEL   => T_model = 982.91 us
MODEL FEATS [{"name":"add","is_reduction":false,"out_elems":33554432,"cores":32,"dtype_bytes":2,"args":[{"name":"op0","role":"output","mem":"hbm","elems":33554432,"broadcast":false,"dims":[256,2048,64],"logical":[2048,16384],"loop_factor":1},{"name":"arg0_1","role":"input","mem":"hbm","elems":16384,"broadcast":true,"dims":[256,1,64],"logical":[1,16384],"loop_factor":1},{"name":"arg1_1","role":"input","mem":"hbm","elems":131072,"broadcast":true,"dims":[1,2048,64],"logical":[2048,1],"loop_factor":1}],"reduction_cores":1,"loop_trip":1,"tiles_output_dim":false,"tile_rows_per_core":0.0,"is_matmul":false,"matmul_macs":0,"matmul_rows_per_core":0.0,"matmul_cols_per_core":0.0,"matmul_a_bytes":0,"matmul_b_bytes":0,"matmul_m_split":1,"matmul_n_split":1,"hbm_pattern":""}]
TIMING op=write reps=10/10 prof_wall_s=1.25 per_rep_s=0.125
SUMMARY op=write rows=2048 cols=16384 cores=32 tiles=0 lx=0 io_hbm_bytes=67403776 kernel_us=1198.368 pred_us=982.908 err_pct=-18.0 bw_gbps=56.2 memset_us=1103.827 other_dev_us=5810.078 total_dev_us=8112.273 kernel_us_min=1180.233 kernel_us_median=1198.368 kernel_us_mean=1212.135 kernel_us_std=32.929 kernel_us_cv=2.72 reps=10
TIMING_RUN write [2048,16384] 15s
-- bcast [256,16384] lx=0
  op_it_space_splits={d0: 32, d1: 1}
IO -- device-layout I/O (cost model, stick-padded) --
IO   op add
IO     output op0                    torch [256, 16384] -> device [256, 256, 64] in HBM = 4194304 elems x 2B = 8388608 B  (hbm counted: 8388608 B)
IO     input  arg0_1                 torch [256, 16384] -> device [256, 256, 64] in HBM = 4194304 elems x 2B = 8388608 B  (hbm counted: 8388608 B)
IO     input  arg1_1                 torch [1, 16384] -> device [256, 1, 64] in HBM = 16384 elems x 2B = 32768 B  (hbm counted: 32768 B) broadcast (loaded once)
IO   => HBM I/O total = 16809984 B  (lx 0 B, ~free)
MODEL -- estimate (turnaround): T = (R+W)/BW_PEAK + a*min(R,W) --
MODEL   R=8421376 B (read)   W=8388608 B (write)   loop_trip L=1
MODEL   base = (R+W)/150 = 112.07 us
MODEL   turn = a*min(R,W) = 0.00574*8388608 = 48.15 us
MODEL   => T_model = 142.46 us
MODEL FEATS [{"name":"add","is_reduction":false,"out_elems":4194304,"cores":32,"dtype_bytes":2,"args":[{"name":"op0","role":"output","mem":"hbm","elems":4194304,"broadcast":false,"dims":[256,256,64],"logical":[256,16384],"loop_factor":1},{"name":"arg0_1","role":"input","mem":"hbm","elems":4194304,"broadcast":false,"dims":[256,256,64],"logical":[256,16384],"loop_factor":1},{"name":"arg1_1","role":"input","mem":"hbm","elems":16384,"broadcast":true,"dims":[256,1,64],"logical":[1,16384],"loop_factor":1}],"reduction_cores":1,"loop_trip":1,"tiles_output_dim":false,"tile_rows_per_core":0.0,"is_matmul":false,"matmul_macs":0,"matmul_rows_per_core":0.0,"matmul_cols_per_core":0.0,"matmul_a_bytes":0,"matmul_b_bytes":0,"matmul_m_split":1,"matmul_n_split":1,"hbm_pattern":""}]
TIMING op=bcast reps=10/10 prof_wall_s=0.26 per_rep_s=0.026
SUMMARY op=bcast rows=256 cols=16384 cores=32 tiles=0 lx=0 io_hbm_bytes=16809984 kernel_us=180.767 pred_us=142.457 err_pct=-21.2 bw_gbps=93.0 memset_us=155.084 other_dev_us=586.907 total_dev_us=922.757 kernel_us_min=166.526 kernel_us_median=180.767 kernel_us_mean=179.987 kernel_us_std=6.359 kernel_us_cv=3.53 reps=10
TIMING_RUN bcast [256,16384] 13s
-- mulbcast [2048,1024] lx=0
  op_it_space_splits={d0: 32, d1: 1}
IO -- device-layout I/O (cost model, stick-padded) --
IO   op mul
IO     output op0                    torch [2048, 1024] -> device [16, 2048, 64] in HBM = 2097152 elems x 2B = 4194304 B  (hbm counted: 4194304 B)
IO     input  arg0_1                 torch [2048, 1024] -> device [16, 2048, 64] in HBM = 2097152 elems x 2B = 4194304 B  (hbm counted: 4194304 B)
IO     input  arg1_1                 torch [1, 1024] -> device [16, 1, 64] in HBM = 1024 elems x 2B = 2048 B  (hbm counted: 2048 B) broadcast (loaded once)
IO   => HBM I/O total = 8390656 B  (lx 0 B, ~free)
MODEL -- estimate (turnaround): T = (R+W)/BW_PEAK + a*min(R,W) --
MODEL   R=4196352 B (read)   W=4194304 B (write)   loop_trip L=1
MODEL   base = (R+W)/150 = 55.94 us
MODEL   turn = a*min(R,W) = 0.00574*4194304 = 24.08 us
MODEL   => T_model = 71.11 us
MODEL FEATS [{"name":"mul","is_reduction":false,"out_elems":2097152,"cores":32,"dtype_bytes":2,"args":[{"name":"op0","role":"output","mem":"hbm","elems":2097152,"broadcast":false,"dims":[16,2048,64],"logical":[2048,1024],"loop_factor":1},{"name":"arg0_1","role":"input","mem":"hbm","elems":2097152,"broadcast":false,"dims":[16,2048,64],"logical":[2048,1024],"loop_factor":1},{"name":"arg1_1","role":"input","mem":"hbm","elems":1024,"broadcast":true,"dims":[16,1,64],"logical":[1,1024],"loop_factor":1}],"reduction_cores":1,"loop_trip":1,"tiles_output_dim":false,"tile_rows_per_core":0.0,"is_matmul":false,"matmul_macs":0,"matmul_rows_per_core":0.0,"matmul_cols_per_core":0.0,"matmul_a_bytes":0,"matmul_b_bytes":0,"matmul_m_split":1,"matmul_n_split":1,"hbm_pattern":""}]
TIMING op=mulbcast reps=10/10 prof_wall_s=0.20 per_rep_s=0.020
SUMMARY op=mulbcast rows=2048 cols=1024 cores=32 tiles=0 lx=0 io_hbm_bytes=8390656 kernel_us=64.722 pred_us=71.107 err_pct=+9.9 bw_gbps=129.6 memset_us=109.802 other_dev_us=479.682 total_dev_us=654.205 kernel_us_min=64.047 kernel_us_median=64.722 kernel_us_mean=65.449 kernel_us_std=1.362 kernel_us_cv=2.08 reps=10
TIMING_RUN mulbcast [2048,1024] 13s
-- neg [2048,2048] lx=0
  op_it_space_splits={d0: 32, d1: 1}
IO -- device-layout I/O (cost model, stick-padded) --
IO   op neg
IO     output op0                    torch [2048, 2048] -> device [32, 2048, 64] in HBM = 4194304 elems x 2B = 8388608 B  (hbm counted: 8388608 B)
IO     input  arg0_1                 torch [2048, 2048] -> device [32, 2048, 64] in HBM = 4194304 elems x 2B = 8388608 B  (hbm counted: 8388608 B)
IO   => HBM I/O total = 16777216 B  (lx 0 B, ~free)
MODEL -- estimate (turnaround): T = (R+W)/BW_PEAK + a*min(R,W) --
MODEL   R=8388608 B (read)   W=8388608 B (write)   loop_trip L=1
MODEL   base = (R+W)/150 = 111.85 us
MODEL   turn = a*min(R,W) = 0.00574*8388608 = 48.15 us
MODEL   => T_model = 160.00 us
MODEL FEATS [{"name":"neg","is_reduction":false,"out_elems":4194304,"cores":32,"dtype_bytes":2,"args":[{"name":"op0","role":"output","mem":"hbm","elems":4194304,"broadcast":false,"dims":[32,2048,64],"logical":[2048,2048],"loop_factor":1},{"name":"arg0_1","role":"input","mem":"hbm","elems":4194304,"broadcast":false,"dims":[32,2048,64],"logical":[2048,2048],"loop_factor":1}],"reduction_cores":1,"loop_trip":1,"tiles_output_dim":false,"tile_rows_per_core":0.0,"is_matmul":false,"matmul_macs":0,"matmul_rows_per_core":0.0,"matmul_cols_per_core":0.0,"matmul_a_bytes":0,"matmul_b_bytes":0,"matmul_m_split":1,"matmul_n_split":1,"hbm_pattern":""}]
TIMING op=neg reps=10/10 prof_wall_s=0.26 per_rep_s=0.026
SUMMARY op=neg rows=2048 cols=2048 cores=32 tiles=0 lx=0 io_hbm_bytes=16777216 kernel_us=160.336 pred_us=159.999 err_pct=-0.2 bw_gbps=104.6 memset_us=155.905 other_dev_us=557.408 total_dev_us=873.649 kernel_us_min=158.654 kernel_us_median=160.336 kernel_us_mean=160.299 kernel_us_std=1.083 kernel_us_cv=0.68 reps=10
TIMING_RUN neg [2048,2048] 15s
-- write [2048,16384] lx=0
TIMING_RUN write [2048,16384] 17s
-- bcast [256,16384] lx=0
TIMING_RUN bcast [256,16384] 12s
-- mulbcast [2048,1024] lx=0
  op_it_space_splits={d0: 32, d1: 1}
IO -- device-layout I/O (cost model, stick-padded) --
IO   op mul
IO     output op0                    torch [2048, 1024] -> device [16, 2048, 64] in HBM = 2097152 elems x 2B = 4194304 B  (hbm counted: 4194304 B)
IO     input  arg0_1                 torch [2048, 1024] -> device [16, 2048, 64] in HBM = 2097152 elems x 2B = 4194304 B  (hbm counted: 4194304 B)
IO     input  arg1_1                 torch [1, 1024] -> device [16, 1, 64] in HBM = 1024 elems x 2B = 2048 B  (hbm counted: 2048 B) broadcast (loaded once)
IO   => HBM I/O total = 8390656 B  (lx 0 B, ~free)
MODEL -- estimate (turnaround): T = (R+W)/BW_PEAK + a*min(R,W) --
MODEL   R=4196352 B (read)   W=4194304 B (write)   loop_trip L=1
MODEL   base = (R+W)/150 = 55.94 us
MODEL   turn = a*min(R,W) = 0.00574*4194304 = 24.08 us
MODEL   => T_model = 71.11 us
MODEL FEATS [{"name":"mul","is_reduction":false,"out_elems":2097152,"cores":32,"dtype_bytes":2,"args":[{"name":"op0","role":"output","mem":"hbm","elems":2097152,"broadcast":false,"dims":[16,2048,64],"logical":[2048,1024],"loop_factor":1},{"name":"arg0_1","role":"input","mem":"hbm","elems":2097152,"broadcast":false,"dims":[16,2048,64],"logical":[2048,1024],"loop_factor":1},{"name":"arg1_1","role":"input","mem":"hbm","elems":1024,"broadcast":true,"dims":[16,1,64],"logical":[1,1024],"loop_factor":1}],"reduction_cores":1,"loop_trip":1,"tiles_output_dim":false,"tile_rows_per_core":0.0,"is_matmul":false,"matmul_macs":0,"matmul_rows_per_core":0.0,"matmul_cols_per_core":0.0,"matmul_a_bytes":0,"matmul_b_bytes":0,"matmul_m_split":1,"matmul_n_split":1,"hbm_pattern":""}]
TIMING op=mulbcast reps=10/10 prof_wall_s=0.20 per_rep_s=0.020
SUMMARY op=mulbcast rows=2048 cols=1024 cores=32 tiles=0 lx=0 io_hbm_bytes=8390656 kernel_us=64.641 pred_us=71.107 err_pct=+10.0 bw_gbps=129.8 memset_us=110.705 other_dev_us=357.993 total_dev_us=533.340 kernel_us_min=63.294 kernel_us_median=64.641 kernel_us_mean=64.851 kernel_us_std=0.984 kernel_us_cv=1.52 reps=10
TIMING_RUN mulbcast [2048,1024] 13s
-- neg [2048,2048] lx=0
  op_it_space_splits={d0: 32, d1: 1}
IO -- device-layout I/O (cost model, stick-padded) --
IO   op neg
IO     output op0                    torch [2048, 2048] -> device [32, 2048, 64] in HBM = 4194304 elems x 2B = 8388608 B  (hbm counted: 8388608 B)
IO     input  arg0_1                 torch [2048, 2048] -> device [32, 2048, 64] in HBM = 4194304 elems x 2B = 8388608 B  (hbm counted: 8388608 B)
IO   => HBM I/O total = 16777216 B  (lx 0 B, ~free)
MODEL -- estimate (turnaround): T = (R+W)/BW_PEAK + a*min(R,W) --
MODEL   R=8388608 B (read)   W=8388608 B (write)   loop_trip L=1
MODEL   base = (R+W)/150 = 111.85 us
MODEL   turn = a*min(R,W) = 0.00574*8388608 = 48.15 us
MODEL   => T_model = 160.00 us
MODEL FEATS [{"name":"neg","is_reduction":false,"out_elems":4194304,"cores":32,"dtype_bytes":2,"args":[{"name":"op0","role":"output","mem":"hbm","elems":4194304,"broadcast":false,"dims":[32,2048,64],"logical":[2048,2048],"loop_factor":1},{"name":"arg0_1","role":"input","mem":"hbm","elems":4194304,"broadcast":false,"dims":[32,2048,64],"logical":[2048,2048],"loop_factor":1}],"reduction_cores":1,"loop_trip":1,"tiles_output_dim":false,"tile_rows_per_core":0.0,"is_matmul":false,"matmul_macs":0,"matmul_rows_per_core":0.0,"matmul_cols_per_core":0.0,"matmul_a_bytes":0,"matmul_b_bytes":0,"matmul_m_split":1,"matmul_n_split":1,"hbm_pattern":""}]
TIMING op=neg reps=10/10 prof_wall_s=0.25 per_rep_s=0.025
SUMMARY op=neg rows=2048 cols=2048 cores=32 tiles=0 lx=0 io_hbm_bytes=16777216 kernel_us=160.417 pred_us=159.999 err_pct=-0.3 bw_gbps=104.6 memset_us=160.085 other_dev_us=553.494 total_dev_us=873.995 kernel_us_min=158.418 kernel_us_median=160.417 kernel_us_mean=160.304 kernel_us_std=1.087 kernel_us_cv=0.68 reps=10
TIMING_RUN neg [2048,2048] 15s
-- write [2048,16384] lx=0
  op_it_space_splits={d0: 32, d1: 1}
IO -- device-layout I/O (cost model, stick-padded) --
IO   op add
IO     output op0                    torch [2048, 16384] -> device [256, 2048, 64] in HBM = 33554432 elems x 2B = 67108864 B  (hbm counted: 67108864 B)
IO     input  arg0_1                 torch [1, 16384] -> device [256, 1, 64] in HBM = 16384 elems x 2B = 32768 B  (hbm counted: 32768 B) broadcast (loaded once)
IO     input  arg1_1                 torch [2048, 1] -> device [1, 2048, 64] in HBM = 131072 elems x 2B = 262144 B  (hbm counted: 262144 B) broadcast (loaded once)
IO   => HBM I/O total = 67403776 B  (lx 0 B, ~free)
MODEL -- estimate (turnaround): T = (R+W)/BW_PEAK + a*min(R,W) --
MODEL   R=294912 B (read)   W=67108864 B (write)   loop_trip L=1
MODEL   base = (R+W)/150 = 449.36 us
MODEL   turn = a*min(R,W) = 0.00574*294912 = 1.69 us
MODEL   => T_model = 982.91 us
MODEL FEATS [{"name":"add","is_reduction":false,"out_elems":33554432,"cores":32,"dtype_bytes":2,"args":[{"name":"op0","role":"output","mem":"hbm","elems":33554432,"broadcast":false,"dims":[256,2048,64],"logical":[2048,16384],"loop_factor":1},{"name":"arg0_1","role":"input","mem":"hbm","elems":16384,"broadcast":true,"dims":[256,1,64],"logical":[1,16384],"loop_factor":1},{"name":"arg1_1","role":"input","mem":"hbm","elems":131072,"broadcast":true,"dims":[1,2048,64],"logical":[2048,1],"loop_factor":1}],"reduction_cores":1,"loop_trip":1,"tiles_output_dim":false,"tile_rows_per_core":0.0,"is_matmul":false,"matmul_macs":0,"matmul_rows_per_core":0.0,"matmul_cols_per_core":0.0,"matmul_a_bytes":0,"matmul_b_bytes":0,"matmul_m_split":1,"matmul_n_split":1,"hbm_pattern":""}]
TIMING op=write reps=10/10 prof_wall_s=1.51 per_rep_s=0.151
SUMMARY op=write rows=2048 cols=16384 cores=32 tiles=0 lx=0 io_hbm_bytes=67403776 kernel_us=1242.572 pred_us=982.908 err_pct=-20.9 bw_gbps=54.2 memset_us=1065.191 other_dev_us=5967.280 total_dev_us=8275.044 kernel_us_min=1179.505 kernel_us_median=1242.572 kernel_us_mean=1259.583 kernel_us_std=62.525 kernel_us_cv=4.96 reps=10
TIMING_RUN write [2048,16384] 18s
-- bcast [256,16384] lx=0
  op_it_space_splits={d0: 32, d1: 1}
IO -- device-layout I/O (cost model, stick-padded) --
IO   op add
IO     output op0                    torch [256, 16384] -> device [256, 256, 64] in HBM = 4194304 elems x 2B = 8388608 B  (hbm counted: 8388608 B)
IO     input  arg0_1                 torch [256, 16384] -> device [256, 256, 64] in HBM = 4194304 elems x 2B = 8388608 B  (hbm counted: 8388608 B)
IO     input  arg1_1                 torch [1, 16384] -> device [256, 1, 64] in HBM = 16384 elems x 2B = 32768 B  (hbm counted: 32768 B) broadcast (loaded once)
IO   => HBM I/O total = 16809984 B  (lx 0 B, ~free)
MODEL -- estimate (turnaround): T = (R+W)/BW_PEAK + a*min(R,W) --
MODEL   R=8421376 B (read)   W=8388608 B (write)   loop_trip L=1
MODEL   base = (R+W)/150 = 112.07 us
MODEL   turn = a*min(R,W) = 0.00574*8388608 = 48.15 us
MODEL   => T_model = 142.46 us
MODEL FEATS [{"name":"add","is_reduction":false,"out_elems":4194304,"cores":32,"dtype_bytes":2,"args":[{"name":"op0","role":"output","mem":"hbm","elems":4194304,"broadcast":false,"dims":[256,256,64],"logical":[256,16384],"loop_factor":1},{"name":"arg0_1","role":"input","mem":"hbm","elems":4194304,"broadcast":false,"dims":[256,256,64],"logical":[256,16384],"loop_factor":1},{"name":"arg1_1","role":"input","mem":"hbm","elems":16384,"broadcast":true,"dims":[256,1,64],"logical":[1,16384],"loop_factor":1}],"reduction_cores":1,"loop_trip":1,"tiles_output_dim":false,"tile_rows_per_core":0.0,"is_matmul":false,"matmul_macs":0,"matmul_rows_per_core":0.0,"matmul_cols_per_core":0.0,"matmul_a_bytes":0,"matmul_b_bytes":0,"matmul_m_split":1,"matmul_n_split":1,"hbm_pattern":""}]
TIMING op=bcast reps=10/10 prof_wall_s=0.28 per_rep_s=0.028
SUMMARY op=bcast rows=256 cols=16384 cores=32 tiles=0 lx=0 io_hbm_bytes=16809984 kernel_us=183.470 pred_us=142.457 err_pct=-22.4 bw_gbps=91.6 memset_us=207.036 other_dev_us=497.629 total_dev_us=888.134 kernel_us_min=176.683 kernel_us_median=183.470 kernel_us_mean=182.973 kernel_us_std=4.042 kernel_us_cv=2.21 reps=10
TIMING_RUN bcast [256,16384] 17s
-- mulbcast [2048,1024] lx=0
SUMMARY mulbcast [2048,1024] lx=0 FAILED
TIMING_RUN mulbcast [2048,1024] 4s
## NOISE0 DONE in 173s
## MMCORE -- matmul forced to cores {1,2,4,8,16,32}, many K-ratios + shapes
-- mmwd M=2048 K=512 N=2048 split m=1 n=1 k=1 (cores=1 M/m=2048 N/n=2048)
SUMMARY mmwd M=2048 K=512 N=2048 split m=1 n=1 k=1 FAILED
TIMING_RUN mmwd M=2048 K=512 N=2048 m=1 n=1 k=1 5s
-- mmwd M=2048 K=512 N=2048 split m=1 n=2 k=1 (cores=2 M/m=2048 N/n=1024)
  op_it_space_splits={d0: 1, d1: 2, d2: 1}
  op_it_space_splits={d0: 1, d1: 2, d2: 1}
  op_it_space_splits={d0: 1, d1: 2, d2: 1}
  op_it_space_splits={d0: 1, d1: 2, d2: 1}
  op_it_space_splits={d0: 1, d1: 2, d2: 1}
  op_it_space_splits={d0: 1, d1: 2, d2: 1}
  op_it_space_splits={d0: 1, d1: 2, d2: 1}
  op_it_space_splits={d0: 1, d1: 2, d2: 1}
  op_it_space_splits={d0: 1, d1: 2, d2: 1}
  op_it_space_splits={d0: 1, d1: 2, d2: 1}
  op_it_space_splits={d0: 1, d1: 2, d2: 1}
  op_it_space_splits={d0: 1, d1: 2, d2: 1}
IO -- device-layout I/O (cost model, stick-padded) --
IO   op mm [reduction]
IO     output op0                    torch [2048, 2048] -> device [32, 2048, 64] in HBM = 4194304 elems x 2B = 8388608 B  (hbm counted: 8388608 B)
IO     input  arg0_1                 torch [2048, 512] -> device [8, 2048, 64] in HBM = 1048576 elems x 2B = 2097152 B  (hbm counted: 2097152 B)
IO     input  arg1_1                 torch [512, 2048] -> device [32, 512, 64] in HBM = 1048576 elems x 2B = 2097152 B  (hbm counted: 2097152 B)
IO   => HBM I/O total = 12582912 B  (lx 0 B, ~free)
MODEL -- estimate (turnaround): T = compute + (R+W)/BW_PEAK + a*min(R,W) --
MODEL   R=4194304 B (read)   W=8388608 B (write)   loop_trip L=1
MODEL   compute = MACs/cores/(mac_peak*pt_eff) = 2147483648/2/(1140*1.000) = 941.88 us  (M/m=2048, pt_eff=1.000)
MODEL   base = R/150+W/150 = 83.89 us
MODEL   turn = a*min(R,W) = 0.00574*4194304 = 24.08 us
MODEL   => T_model = 1022.83 us
MODEL FEATS [{"name":"mm","is_reduction":true,"out_elems":4194304,"cores":2,"dtype_bytes":2,"args":[{"name":"op0","role":"output","mem":"hbm","elems":4194304,"broadcast":false,"dims":[32,2048,64],"logical":[2048,2048],"loop_factor":1},{"name":"arg0_1","role":"input","mem":"hbm","elems":1048576,"broadcast":false,"dims":[8,2048,64],"logical":[2048,512],"loop_factor":1},{"name":"arg1_1","role":"input","mem":"hbm","elems":1048576,"broadcast":false,"dims":[32,512,64],"logical":[512,2048],"loop_factor":1}],"reduction_cores":1,"loop_trip":1,"tiles_output_dim":false,"tile_rows_per_core":0.0,"is_matmul":true,"matmul_macs":2147483648,"matmul_rows_per_core":2048.0,"matmul_cols_per_core":1024.0,"matmul_a_bytes":2097152,"matmul_b_bytes":2097152,"matmul_m_split":1,"matmul_n_split":2,"hbm_pattern":""}]
TIMING op=mmwd reps=7/7 prof_wall_s=3.34 per_rep_s=0.477
SUMMARY op=mmwd rows=2048 cols=512 cores=2 tiles=0 lx=1 io_hbm_bytes=12582912 kernel_us=1038.659 pred_us=1022.827 err_pct=-1.5 bw_gbps=12.1 memset_us=253.405 other_dev_us=524.782 total_dev_us=1816.846 kernel_us_min=1038.262 kernel_us_median=1038.659 kernel_us_mean=1038.624 kernel_us_std=0.173 kernel_us_cv=0.02 reps=7
TIMING_RUN mmwd M=2048 K=512 N=2048 m=1 n=2 k=1 17s
-- mmwd M=2048 K=512 N=2048 split m=2 n=2 k=1 (cores=4 M/m=1024 N/n=1024)
SUMMARY mmwd M=2048 K=512 N=2048 split m=2 n=2 k=1 FAILED
TIMING_RUN mmwd M=2048 K=512 N=2048 m=2 n=2 k=1 6s
-- mmwd M=2048 K=512 N=2048 split m=2 n=4 k=1 (cores=8 M/m=1024 N/n=512)
  op_it_space_splits={d0: 2, d1: 4, d2: 1}
  op_it_space_splits={d0: 2, d1: 4, d2: 1}
  op_it_space_splits={d0: 2, d1: 4, d2: 1}
  op_it_space_splits={d0: 2, d1: 4, d2: 1}
  op_it_space_splits={d0: 2, d1: 4, d2: 1}
  op_it_space_splits={d0: 2, d1: 4, d2: 1}
  op_it_space_splits={d0: 2, d1: 4, d2: 1}
  op_it_space_splits={d0: 2, d1: 4, d2: 1}
  op_it_space_splits={d0: 2, d1: 4, d2: 1}
  op_it_space_splits={d0: 2, d1: 4, d2: 1}
  op_it_space_splits={d0: 2, d1: 4, d2: 1}
  op_it_space_splits={d0: 2, d1: 4, d2: 1}
IO -- device-layout I/O (cost model, stick-padded) --
IO   op mm [reduction]
IO     output op0                    torch [2048, 2048] -> device [32, 2048, 64] in HBM = 4194304 elems x 2B = 8388608 B  (hbm counted: 8388608 B)
IO     input  arg0_1                 torch [2048, 512] -> device [8, 2048, 64] in HBM = 1048576 elems x 2B = 2097152 B  (hbm counted: 2097152 B)
IO     input  arg1_1                 torch [512, 2048] -> device [32, 512, 64] in HBM = 1048576 elems x 2B = 2097152 B  (hbm counted: 2097152 B)
IO   => HBM I/O total = 12582912 B  (lx 0 B, ~free)
MODEL -- estimate (turnaround): T = compute + (R+W)/BW_PEAK + a*min(R,W) --
MODEL   R=4194304 B (read)   W=8388608 B (write)   loop_trip L=1
MODEL   compute = MACs/cores/(mac_peak*pt_eff) = 2147483648/8/(1140*1.000) = 235.47 us  (M/m=1024, pt_eff=1.000)
MODEL   base = R/150+W/150 = 83.89 us
MODEL   turn = a*min(R,W) = 0.00574*4194304 = 24.08 us
MODEL   => T_model = 314.15 us
MODEL FEATS [{"name":"mm","is_reduction":true,"out_elems":4194304,"cores":8,"dtype_bytes":2,"args":[{"name":"op0","role":"output","mem":"hbm","elems":4194304,"broadcast":false,"dims":[32,2048,64],"logical":[2048,2048],"loop_factor":1},{"name":"arg0_1","role":"input","mem":"hbm","elems":1048576,"broadcast":false,"dims":[8,2048,64],"logical":[2048,512],"loop_factor":1},{"name":"arg1_1","role":"input","mem":"hbm","elems":1048576,"broadcast":false,"dims":[32,512,64],"logical":[512,2048],"loop_factor":1}],"reduction_cores":1,"loop_trip":1,"tiles_output_dim":false,"tile_rows_per_core":0.0,"is_matmul":true,"matmul_macs":2147483648,"matmul_rows_per_core":1024.0,"matmul_cols_per_core":512.0,"matmul_a_bytes":2097152,"matmul_b_bytes":2097152,"matmul_m_split":2,"matmul_n_split":4,"hbm_pattern":""}]
TIMING op=mmwd reps=7/7 prof_wall_s=4.70 per_rep_s=0.671
SUMMARY op=mmwd rows=2048 cols=512 cores=8 tiles=0 lx=1 io_hbm_bytes=12582912 kernel_us=322.493 pred_us=314.153 err_pct=-2.6 bw_gbps=39.0 memset_us=257.635 other_dev_us=509.566 total_dev_us=1089.694 kernel_us_min=318.317 kernel_us_median=322.493 kernel_us_mean=323.114 kernel_us_std=4.023 kernel_us_cv=1.25 reps=7
TIMING_RUN mmwd M=2048 K=512 N=2048 m=2 n=4 k=1 19s
-- mmwd M=2048 K=512 N=2048 split m=4 n=4 k=1 (cores=16 M/m=512 N/n=512)
SUMMARY mmwd M=2048 K=512 N=2048 split m=4 n=4 k=1 FAILED
TIMING_RUN mmwd M=2048 K=512 N=2048 m=4 n=4 k=1 4s
-- mmwd M=2048 K=512 N=2048 split m=4 n=8 k=1 (cores=32 M/m=512 N/n=256)
SUMMARY mmwd M=2048 K=512 N=2048 split m=4 n=8 k=1 FAILED
TIMING_RUN mmwd M=2048 K=512 N=2048 m=4 n=8 k=1 4s
-- mmwd M=2048 K=1024 N=2048 split m=1 n=1 k=1 (cores=1 M/m=2048 N/n=2048)
IO -- device-layout I/O (cost model, stick-padded) --
IO   op mm [reduction]
IO     output op0                    torch [2048, 2048] -> device [32, 2048, 64] in HBM = 4194304 elems x 2B = 8388608 B  (hbm counted: 8388608 B)
IO     input  arg0_1                 torch [2048, 1024] -> device [16, 2048, 64] in HBM = 2097152 elems x 2B = 4194304 B  (hbm counted: 4194304 B)
IO     input  arg1_1                 torch [1024, 2048] -> device [32, 1024, 64] in HBM = 2097152 elems x 2B = 4194304 B  (hbm counted: 4194304 B)
IO   => HBM I/O total = 16777216 B  (lx 0 B, ~free)
MODEL -- estimate (turnaround): T = compute + (R+W)/BW_PEAK + a*min(R,W) --
MODEL   R=8388608 B (read)   W=8388608 B (write)   loop_trip L=1
MODEL   compute = MACs/cores/(mac_peak*pt_eff) = 4294967296/1/(1140*1.000) = 3767.52 us  (M/m=0, pt_eff=1.000)
MODEL   base = R/150+W/150 = 111.85 us
MODEL   turn = a*min(R,W) = 0.00574*8388608 = 48.15 us
MODEL   => T_model = 3853.91 us
MODEL FEATS [{"name":"mm","is_reduction":true,"out_elems":4194304,"cores":1,"dtype_bytes":2,"args":[{"name":"op0","role":"output","mem":"hbm","elems":4194304,"broadcast":false,"dims":[32,2048,64],"logical":[2048,2048],"loop_factor":1},{"name":"arg0_1","role":"input","mem":"hbm","elems":2097152,"broadcast":false,"dims":[16,2048,64],"logical":[2048,1024],"loop_factor":1},{"name":"arg1_1","role":"input","mem":"hbm","elems":2097152,"broadcast":false,"dims":[32,1024,64],"logical":[1024,2048],"loop_factor":1}],"reduction_cores":1,"loop_trip":1,"tiles_output_dim":false,"tile_rows_per_core":0.0,"is_matmul":true,"matmul_macs":4294967296,"matmul_rows_per_core":0.0,"matmul_cols_per_core":0.0,"matmul_a_bytes":0,"matmul_b_bytes":0,"matmul_m_split":1,"matmul_n_split":1,"hbm_pattern":""}]
TIMING op=mmwd reps=7/7 prof_wall_s=3.12 per_rep_s=0.446
SUMMARY op=mmwd rows=2048 cols=1024 cores=1 tiles=0 lx=1 io_hbm_bytes=16777216 kernel_us=4129.683 pred_us=3853.914 err_pct=-6.7 bw_gbps=4.1 memset_us=215.420 other_dev_us=483.471 total_dev_us=4828.574 kernel_us_min=4129.313 kernel_us_median=4129.683 kernel_us_mean=4129.650 kernel_us_std=0.164 kernel_us_cv=0.00 reps=7
TIMING_RUN mmwd M=2048 K=1024 N=2048 m=1 n=1 k=1 17s
-- mmwd M=2048 K=1024 N=2048 split m=1 n=2 k=1 (cores=2 M/m=2048 N/n=1024)
  op_it_space_splits={d0: 1, d1: 2, d2: 1}
  op_it_space_splits={d0: 1, d1: 2, d2: 1}
  op_it_space_splits={d0: 1, d1: 2, d2: 1}
  op_it_space_splits={d0: 1, d1: 2, d2: 1}
  op_it_space_splits={d0: 1, d1: 2, d2: 1}
  op_it_space_splits={d0: 1, d1: 2, d2: 1}
  op_it_space_splits={d0: 1, d1: 2, d2: 1}
  op_it_space_splits={d0: 1, d1: 2, d2: 1}
  op_it_space_splits={d0: 1, d1: 2, d2: 1}
  op_it_space_splits={d0: 1, d1: 2, d2: 1}
  op_it_space_splits={d0: 1, d1: 2, d2: 1}
  op_it_space_splits={d0: 1, d1: 2, d2: 1}
IO -- device-layout I/O (cost model, stick-padded) --
IO   op mm [reduction]
IO     output op0                    torch [2048, 2048] -> device [32, 2048, 64] in HBM = 4194304 elems x 2B = 8388608 B  (hbm counted: 8388608 B)
IO     input  arg0_1                 torch [2048, 1024] -> device [16, 2048, 64] in HBM = 2097152 elems x 2B = 4194304 B  (hbm counted: 4194304 B)
IO     input  arg1_1                 torch [1024, 2048] -> device [32, 1024, 64] in HBM = 2097152 elems x 2B = 4194304 B  (hbm counted: 4194304 B)
IO   => HBM I/O total = 16777216 B  (lx 0 B, ~free)
MODEL -- estimate (turnaround): T = compute + (R+W)/BW_PEAK + a*min(R,W) --
MODEL   R=8388608 B (read)   W=8388608 B (write)   loop_trip L=1
MODEL   compute = MACs/cores/(mac_peak*pt_eff) = 4294967296/2/(1140*1.000) = 1883.76 us  (M/m=2048, pt_eff=1.000)
MODEL   base = R/150+W/150 = 111.85 us
MODEL   turn = a*min(R,W) = 0.00574*8388608 = 48.15 us
MODEL   => T_model = 2015.46 us
MODEL FEATS [{"name":"mm","is_reduction":true,"out_elems":4194304,"cores":2,"dtype_bytes":2,"args":[{"name":"op0","role":"output","mem":"hbm","elems":4194304,"broadcast":false,"dims":[32,2048,64],"logical":[2048,2048],"loop_factor":1},{"name":"arg0_1","role":"input","mem":"hbm","elems":2097152,"broadcast":false,"dims":[16,2048,64],"logical":[2048,1024],"loop_factor":1},{"name":"arg1_1","role":"input","mem":"hbm","elems":2097152,"broadcast":false,"dims":[32,1024,64],"logical":[1024,2048],"loop_factor":1}],"reduction_cores":1,"loop_trip":1,"tiles_output_dim":false,"tile_rows_per_core":0.0,"is_matmul":true,"matmul_macs":4294967296,"matmul_rows_per_core":2048.0,"matmul_cols_per_core":1024.0,"matmul_a_bytes":4194304,"matmul_b_bytes":4194304,"matmul_m_split":1,"matmul_n_split":2,"hbm_pattern":""}]
TIMING op=mmwd reps=7/7 prof_wall_s=3.33 per_rep_s=0.475
SUMMARY op=mmwd rows=2048 cols=1024 cores=2 tiles=0 lx=1 io_hbm_bytes=16777216 kernel_us=2072.759 pred_us=2015.455 err_pct=-2.8 bw_gbps=8.1 memset_us=239.218 other_dev_us=530.498 total_dev_us=2842.475 kernel_us_min=2072.220 kernel_us_median=2072.759 kernel_us_mean=2072.707 kernel_us_std=0.343 kernel_us_cv=0.02 reps=7
TIMING_RUN mmwd M=2048 K=1024 N=2048 m=1 n=2 k=1 180s
-- mmwd M=2048 K=1024 N=2048 split m=2 n=2 k=1 (cores=4 M/m=1024 N/n=1024)
SUMMARY mmwd M=2048 K=1024 N=2048 split m=2 n=2 k=1 FAILED
TIMING_RUN mmwd M=2048 K=1024 N=2048 m=2 n=2 k=1 3s
-- mmwd M=2048 K=1024 N=2048 split m=2 n=4 k=1 (cores=8 M/m=1024 N/n=512)
SUMMARY mmwd M=2048 K=1024 N=2048 split m=2 n=4 k=1 FAILED
TIMING_RUN mmwd M=2048 K=1024 N=2048 m=2 n=4 k=1 4s
-- mmwd M=2048 K=1024 N=2048 split m=4 n=4 k=1 (cores=16 M/m=512 N/n=512)
SUMMARY mmwd M=2048 K=1024 N=2048 split m=4 n=4 k=1 FAILED
TIMING_RUN mmwd M=2048 K=1024 N=2048 m=4 n=4 k=1 3s
-- mmwd M=2048 K=1024 N=2048 split m=4 n=8 k=1 (cores=32 M/m=512 N/n=256)
  op_it_space_splits={d0: 4, d1: 8, d2: 1}
  op_it_space_splits={d0: 4, d1: 8, d2: 1}
  op_it_space_splits={d0: 4, d1: 8, d2: 1}
  op_it_space_splits={d0: 4, d1: 8, d2: 1}
  op_it_space_splits={d0: 4, d1: 8, d2: 1}
  op_it_space_splits={d0: 4, d1: 8, d2: 1}
  op_it_space_splits={d0: 4, d1: 8, d2: 1}
  op_it_space_splits={d0: 4, d1: 8, d2: 1}
  op_it_space_splits={d0: 4, d1: 8, d2: 1}
  op_it_space_splits={d0: 4, d1: 8, d2: 1}
  op_it_space_splits={d0: 4, d1: 8, d2: 1}
  op_it_space_splits={d0: 4, d1: 8, d2: 1}
IO -- device-layout I/O (cost model, stick-padded) --
IO   op mm [reduction]
IO     output op0                    torch [2048, 2048] -> device [32, 2048, 64] in HBM = 4194304 elems x 2B = 8388608 B  (hbm counted: 8388608 B)
IO     input  arg0_1                 torch [2048, 1024] -> device [16, 2048, 64] in HBM = 2097152 elems x 2B = 4194304 B  (hbm counted: 4194304 B)
IO     input  arg1_1                 torch [1024, 2048] -> device [32, 1024, 64] in HBM = 2097152 elems x 2B = 4194304 B  (hbm counted: 4194304 B)
IO   => HBM I/O total = 16777216 B  (lx 0 B, ~free)
MODEL -- estimate (turnaround): T = compute + (R+W)/BW_PEAK + a*min(R,W) --
MODEL   R=8388608 B (read)   W=8388608 B (write)   loop_trip L=1
MODEL   compute = MACs/cores/(mac_peak*pt_eff) = 4294967296/32/(1140*1.000) = 117.73 us  (M/m=512, pt_eff=1.000)
MODEL   base = R/150+W/150 = 111.85 us
MODEL   turn = a*min(R,W) = 0.00574*8388608 = 48.15 us
MODEL   => T_model = 248.74 us
MODEL FEATS [{"name":"mm","is_reduction":true,"out_elems":4194304,"cores":32,"dtype_bytes":2,"args":[{"name":"op0","role":"output","mem":"hbm","elems":4194304,"broadcast":false,"dims":[32,2048,64],"logical":[2048,2048],"loop_factor":1},{"name":"arg0_1","role":"input","mem":"hbm","elems":2097152,"broadcast":false,"dims":[16,2048,64],"logical":[2048,1024],"loop_factor":1},{"name":"arg1_1","role":"input","mem":"hbm","elems":2097152,"broadcast":false,"dims":[32,1024,64],"logical":[1024,2048],"loop_factor":1}],"reduction_cores":1,"loop_trip":1,"tiles_output_dim":false,"tile_rows_per_core":0.0,"is_matmul":true,"matmul_macs":4294967296,"matmul_rows_per_core":512.0,"matmul_cols_per_core":256.0,"matmul_a_bytes":4194304,"matmul_b_bytes":4194304,"matmul_m_split":4,"matmul_n_split":8,"hbm_pattern":""}]
TIMING op=mmwd reps=7/7 prof_wall_s=10.51 per_rep_s=1.501
SUMMARY op=mmwd rows=2048 cols=1024 cores=32 tiles=0 lx=1 io_hbm_bytes=16777216 kernel_us=245.146 pred_us=248.741 err_pct=+1.5 bw_gbps=68.4 memset_us=249.423 other_dev_us=493.513 total_dev_us=988.082 kernel_us_min=241.807 kernel_us_median=245.146 kernel_us_mean=246.359 kernel_us_std=2.790 kernel_us_cv=1.13 reps=7
TIMING_RUN mmwd M=2048 K=1024 N=2048 m=4 n=8 k=1 28s
-- mmwd M=2048 K=2048 N=2048 split m=1 n=1 k=1 (cores=1 M/m=2048 N/n=2048)
SUMMARY mmwd M=2048 K=2048 N=2048 split m=1 n=1 k=1 FAILED
TIMING_RUN mmwd M=2048 K=2048 N=2048 m=1 n=1 k=1 4s
-- mmwd M=2048 K=2048 N=2048 split m=1 n=2 k=1 (cores=2 M/m=2048 N/n=1024)
SUMMARY mmwd M=2048 K=2048 N=2048 split m=1 n=2 k=1 FAILED
TIMING_RUN mmwd M=2048 K=2048 N=2048 m=1 n=2 k=1 4s
-- mmwd M=2048 K=2048 N=2048 split m=2 n=2 k=1 (cores=4 M/m=1024 N/n=1024)
SUMMARY mmwd M=2048 K=2048 N=2048 split m=2 n=2 k=1 FAILED
TIMING_RUN mmwd M=2048 K=2048 N=2048 m=2 n=2 k=1 3s
-- mmwd M=2048 K=2048 N=2048 split m=2 n=4 k=1 (cores=8 M/m=1024 N/n=512)
SUMMARY mmwd M=2048 K=2048 N=2048 split m=2 n=4 k=1 FAILED
TIMING_RUN mmwd M=2048 K=2048 N=2048 m=2 n=4 k=1 3s
-- mmwd M=2048 K=2048 N=2048 split m=4 n=4 k=1 (cores=16 M/m=512 N/n=512)
  op_it_space_splits={d0: 4, d1: 4, d2: 1}
  op_it_space_splits={d0: 4, d1: 4, d2: 1}
  op_it_space_splits={d0: 4, d1: 4, d2: 1}
  op_it_space_splits={d0: 4, d1: 4, d2: 1}
  op_it_space_splits={d0: 4, d1: 4, d2: 1}
  op_it_space_splits={d0: 4, d1: 4, d2: 1}
  op_it_space_splits={d0: 4, d1: 4, d2: 1}
  op_it_space_splits={d0: 4, d1: 4, d2: 1}
  op_it_space_splits={d0: 4, d1: 4, d2: 1}
  op_it_space_splits={d0: 4, d1: 4, d2: 1}
  op_it_space_splits={d0: 4, d1: 4, d2: 1}
  op_it_space_splits={d0: 4, d1: 4, d2: 1}
IO -- device-layout I/O (cost model, stick-padded) --
IO   op mm [reduction]
IO     output op0                    torch [2048, 2048] -> device [32, 2048, 64] in HBM = 4194304 elems x 2B = 8388608 B  (hbm counted: 8388608 B)
IO     input  arg0_1                 torch [2048, 2048] -> device [32, 2048, 64] in HBM = 4194304 elems x 2B = 8388608 B  (hbm counted: 8388608 B)
IO     input  arg1_1                 torch [2048, 2048] -> device [32, 2048, 64] in HBM = 4194304 elems x 2B = 8388608 B  (hbm counted: 8388608 B)
IO   => HBM I/O total = 25165824 B  (lx 0 B, ~free)
MODEL -- estimate (turnaround): T = compute + (R+W)/BW_PEAK + a*min(R,W) --
MODEL   R=16777216 B (read)   W=8388608 B (write)   loop_trip L=1
MODEL   compute = MACs/cores/(mac_peak*pt_eff) = 8589934592/16/(1140*1.000) = 470.94 us  (M/m=512, pt_eff=1.000)
MODEL   base = R/150+W/150 = 167.77 us
MODEL   turn = a*min(R,W) = 0.00574*8388608 = 48.15 us
MODEL   => T_model = 641.90 us
MODEL FEATS [{"name":"mm","is_reduction":true,"out_elems":4194304,"cores":16,"dtype_bytes":2,"args":[{"name":"op0","role":"output","mem":"hbm","elems":4194304,"broadcast":false,"dims":[32,2048,64],"logical":[2048,2048],"loop_factor":1},{"name":"arg0_1","role":"input","mem":"hbm","elems":4194304,"broadcast":false,"dims":[32,2048,64],"logical":[2048,2048],"loop_factor":1},{"name":"arg1_1","role":"input","mem":"hbm","elems":4194304,"broadcast":false,"dims":[32,2048,64],"logical":[2048,2048],"loop_factor":1}],"reduction_cores":1,"loop_trip":1,"tiles_output_dim":false,"tile_rows_per_core":0.0,"is_matmul":true,"matmul_macs":8589934592,"matmul_rows_per_core":512.0,"matmul_cols_per_core":512.0,"matmul_a_bytes":8388608,"matmul_b_bytes":8388608,"matmul_m_split":4,"matmul_n_split":4,"hbm_pattern":""}]
TIMING op=mmwd reps=7/7 prof_wall_s=6.56 per_rep_s=0.938
SUMMARY op=mmwd rows=2048 cols=2048 cores=16 tiles=0 lx=1 io_hbm_bytes=25165824 kernel_us=591.841 pred_us=641.896 err_pct=+8.5 bw_gbps=42.5 memset_us=248.178 other_dev_us=498.534 total_dev_us=1338.553 kernel_us_min=586.142 kernel_us_median=591.841 kernel_us_mean=591.828 kernel_us_std=3.147 kernel_us_cv=0.53 reps=7
TIMING_RUN mmwd M=2048 K=2048 N=2048 m=4 n=4 k=1 23s
-- mmwd M=2048 K=2048 N=2048 split m=4 n=8 k=1 (cores=32 M/m=512 N/n=256)
SUMMARY mmwd M=2048 K=2048 N=2048 split m=4 n=8 k=1 FAILED
TIMING_RUN mmwd M=2048 K=2048 N=2048 m=4 n=8 k=1 4s
-- mmwd M=2048 K=4096 N=2048 split m=1 n=1 k=1 (cores=1 M/m=2048 N/n=2048)
SUMMARY mmwd M=2048 K=4096 N=2048 split m=1 n=1 k=1 FAILED
TIMING_RUN mmwd M=2048 K=4096 N=2048 m=1 n=1 k=1 3s
-- mmwd M=2048 K=4096 N=2048 split m=1 n=2 k=1 (cores=2 M/m=2048 N/n=1024)
SUMMARY mmwd M=2048 K=4096 N=2048 split m=1 n=2 k=1 FAILED
TIMING_RUN mmwd M=2048 K=4096 N=2048 m=1 n=2 k=1 4s
-- mmwd M=2048 K=4096 N=2048 split m=2 n=2 k=1 (cores=4 M/m=1024 N/n=1024)
SUMMARY mmwd M=2048 K=4096 N=2048 split m=2 n=2 k=1 FAILED
TIMING_RUN mmwd M=2048 K=4096 N=2048 m=2 n=2 k=1 4s
-- mmwd M=2048 K=4096 N=2048 split m=2 n=4 k=1 (cores=8 M/m=1024 N/n=512)
SUMMARY mmwd M=2048 K=4096 N=2048 split m=2 n=4 k=1 FAILED
TIMING_RUN mmwd M=2048 K=4096 N=2048 m=2 n=4 k=1 3s
-- mmwd M=2048 K=4096 N=2048 split m=4 n=4 k=1 (cores=16 M/m=512 N/n=512)
SUMMARY mmwd M=2048 K=4096 N=2048 split m=4 n=4 k=1 FAILED
TIMING_RUN mmwd M=2048 K=4096 N=2048 m=4 n=4 k=1 3s
-- mmwd M=2048 K=4096 N=2048 split m=4 n=8 k=1 (cores=32 M/m=512 N/n=256)
SUMMARY mmwd M=2048 K=4096 N=2048 split m=4 n=8 k=1 FAILED
TIMING_RUN mmwd M=2048 K=4096 N=2048 m=4 n=8 k=1 4s
-- mmwd M=1024 K=1024 N=1024 split m=1 n=1 k=1 (cores=1 M/m=1024 N/n=1024)
SUMMARY mmwd M=1024 K=1024 N=1024 split m=1 n=1 k=1 FAILED
TIMING_RUN mmwd M=1024 K=1024 N=1024 m=1 n=1 k=1 3s
-- mmwd M=1024 K=1024 N=1024 split m=1 n=2 k=1 (cores=2 M/m=1024 N/n=512)
SUMMARY mmwd M=1024 K=1024 N=1024 split m=1 n=2 k=1 FAILED
TIMING_RUN mmwd M=1024 K=1024 N=1024 m=1 n=2 k=1 4s
-- mmwd M=1024 K=1024 N=1024 split m=2 n=2 k=1 (cores=4 M/m=512 N/n=512)
SUMMARY mmwd M=1024 K=1024 N=1024 split m=2 n=2 k=1 FAILED
TIMING_RUN mmwd M=1024 K=1024 N=1024 m=2 n=2 k=1 4s
-- mmwd M=1024 K=1024 N=1024 split m=2 n=4 k=1 (cores=8 M/m=512 N/n=256)
  op_it_space_splits={d0: 2, d1: 4, d2: 1}
  op_it_space_splits={d0: 2, d1: 4, d2: 1}
  op_it_space_splits={d0: 2, d1: 4, d2: 1}
  op_it_space_splits={d0: 2, d1: 4, d2: 1}
  op_it_space_splits={d0: 2, d1: 4, d2: 1}
  op_it_space_splits={d0: 2, d1: 4, d2: 1}
  op_it_space_splits={d0: 2, d1: 4, d2: 1}
  op_it_space_splits={d0: 2, d1: 4, d2: 1}
  op_it_space_splits={d0: 2, d1: 4, d2: 1}
  op_it_space_splits={d0: 2, d1: 4, d2: 1}
  op_it_space_splits={d0: 2, d1: 4, d2: 1}
  op_it_space_splits={d0: 2, d1: 4, d2: 1}
IO -- device-layout I/O (cost model, stick-padded) --
IO   op mm [reduction]
IO     output op0                    torch [1024, 1024] -> device [16, 1024, 64] in HBM = 1048576 elems x 2B = 2097152 B  (hbm counted: 2097152 B)
IO     input  arg0_1                 torch [1024, 1024] -> device [16, 1024, 64] in HBM = 1048576 elems x 2B = 2097152 B  (hbm counted: 2097152 B)
IO     input  arg1_1                 torch [1024, 1024] -> device [16, 1024, 64] in HBM = 1048576 elems x 2B = 2097152 B  (hbm counted: 2097152 B)
IO   => HBM I/O total = 6291456 B  (lx 0 B, ~free)
MODEL -- estimate (turnaround): T = compute + (R+W)/BW_PEAK + a*min(R,W) --
MODEL   R=4194304 B (read)   W=2097152 B (write)   loop_trip L=1
MODEL   compute = MACs/cores/(mac_peak*pt_eff) = 1073741824/8/(1140*1.000) = 117.73 us  (M/m=512, pt_eff=1.000)
MODEL   base = R/150+W/150 = 41.94 us
MODEL   turn = a*min(R,W) = 0.00574*2097152 = 12.04 us
MODEL   => T_model = 153.68 us
MODEL FEATS [{"name":"mm","is_reduction":true,"out_elems":1048576,"cores":8,"dtype_bytes":2,"args":[{"name":"op0","role":"output","mem":"hbm","elems":1048576,"broadcast":false,"dims":[16,1024,64],"logical":[1024,1024],"loop_factor":1},{"name":"arg0_1","role":"input","mem":"hbm","elems":1048576,"broadcast":false,"dims":[16,1024,64],"logical":[1024,1024],"loop_factor":1},{"name":"arg1_1","role":"input","mem":"hbm","elems":1048576,"broadcast":false,"dims":[16,1024,64],"logical":[1024,1024],"loop_factor":1}],"reduction_cores":1,"loop_trip":1,"tiles_output_dim":false,"tile_rows_per_core":0.0,"is_matmul":true,"matmul_macs":1073741824,"matmul_rows_per_core":512.0,"matmul_cols_per_core":256.0,"matmul_a_bytes":2097152,"matmul_b_bytes":2097152,"matmul_m_split":2,"matmul_n_split":4,"hbm_pattern":""}]
TIMING op=mmwd reps=7/7 prof_wall_s=4.25 per_rep_s=0.607
SUMMARY op=mmwd rows=1024 cols=1024 cores=8 tiles=0 lx=1 io_hbm_bytes=6291456 kernel_us=148.353 pred_us=153.679 err_pct=+3.6 bw_gbps=42.4 memset_us=178.680 other_dev_us=316.267 total_dev_us=643.300 kernel_us_min=146.917 kernel_us_median=148.353 kernel_us_mean=148.570 kernel_us_std=1.150 kernel_us_cv=0.77 reps=7
TIMING_RUN mmwd M=1024 K=1024 N=1024 m=2 n=4 k=1 18s
-- mmwd M=1024 K=1024 N=1024 split m=4 n=4 k=1 (cores=16 M/m=256 N/n=256)
SUMMARY mmwd M=1024 K=1024 N=1024 split m=4 n=4 k=1 FAILED
TIMING_RUN mmwd M=1024 K=1024 N=1024 m=4 n=4 k=1 4s
-- mmwd M=1024 K=1024 N=1024 split m=4 n=8 k=1 (cores=32 M/m=256 N/n=128)
SUMMARY mmwd M=1024 K=1024 N=1024 split m=4 n=8 k=1 FAILED
TIMING_RUN mmwd M=1024 K=1024 N=1024 m=4 n=8 k=1 4s
-- mmwd M=1024 K=2048 N=1024 split m=1 n=1 k=1 (cores=1 M/m=1024 N/n=1024)
IO -- device-layout I/O (cost model, stick-padded) --
IO   op mm [reduction]
IO     output op0                    torch [1024, 1024] -> device [16, 1024, 64] in HBM = 1048576 elems x 2B = 2097152 B  (hbm counted: 2097152 B)
IO     input  arg0_1                 torch [1024, 2048] -> device [32, 1024, 64] in HBM = 2097152 elems x 2B = 4194304 B  (hbm counted: 4194304 B)
IO     input  arg1_1                 torch [2048, 1024] -> device [16, 2048, 64] in HBM = 2097152 elems x 2B = 4194304 B  (hbm counted: 4194304 B)
IO   => HBM I/O total = 10485760 B  (lx 0 B, ~free)
MODEL -- estimate (turnaround): T = compute + (R+W)/BW_PEAK + a*min(R,W) --
MODEL   R=8388608 B (read)   W=2097152 B (write)   loop_trip L=1
MODEL   compute = MACs/cores/(mac_peak*pt_eff) = 2147483648/1/(1140*1.000) = 1883.76 us  (M/m=0, pt_eff=1.000)
MODEL   base = R/150+W/150 = 69.91 us
MODEL   turn = a*min(R,W) = 0.00574*2097152 = 12.04 us
MODEL   => T_model = 1928.01 us
MODEL FEATS [{"name":"mm","is_reduction":true,"out_elems":1048576,"cores":1,"dtype_bytes":2,"args":[{"name":"op0","role":"output","mem":"hbm","elems":1048576,"broadcast":false,"dims":[16,1024,64],"logical":[1024,1024],"loop_factor":1},{"name":"arg0_1","role":"input","mem":"hbm","elems":2097152,"broadcast":false,"dims":[32,1024,64],"logical":[1024,2048],"loop_factor":1},{"name":"arg1_1","role":"input","mem":"hbm","elems":2097152,"broadcast":false,"dims":[16,2048,64],"logical":[2048,1024],"loop_factor":1}],"reduction_cores":1,"loop_trip":1,"tiles_output_dim":false,"tile_rows_per_core":0.0,"is_matmul":true,"matmul_macs":2147483648,"matmul_rows_per_core":0.0,"matmul_cols_per_core":0.0,"matmul_a_bytes":0,"matmul_b_bytes":0,"matmul_m_split":1,"matmul_n_split":1,"hbm_pattern":""}]
TIMING op=mmwd reps=7/7 prof_wall_s=3.06 per_rep_s=0.437
SUMMARY op=mmwd rows=1024 cols=2048 cores=1 tiles=0 lx=1 io_hbm_bytes=10485760 kernel_us=2066.691 pred_us=1928.007 err_pct=-6.7 bw_gbps=5.1 memset_us=175.981 other_dev_us=300.118 total_dev_us=2542.790 kernel_us_min=2066.554 kernel_us_median=2066.691 kernel_us_mean=2066.709 kernel_us_std=0.111 kernel_us_cv=0.01 reps=7
TIMING_RUN mmwd M=1024 K=2048 N=1024 m=1 n=1 k=1 16s
-- mmwd M=1024 K=2048 N=1024 split m=1 n=2 k=1 (cores=2 M/m=1024 N/n=512)
SUMMARY mmwd M=1024 K=2048 N=1024 split m=1 n=2 k=1 FAILED
TIMING_RUN mmwd M=1024 K=2048 N=1024 m=1 n=2 k=1 4s
-- mmwd M=1024 K=2048 N=1024 split m=2 n=2 k=1 (cores=4 M/m=512 N/n=512)
SUMMARY mmwd M=1024 K=2048 N=1024 split m=2 n=2 k=1 FAILED
TIMING_RUN mmwd M=1024 K=2048 N=1024 m=2 n=2 k=1 4s
-- mmwd M=1024 K=2048 N=1024 split m=2 n=4 k=1 (cores=8 M/m=512 N/n=256)
SUMMARY mmwd M=1024 K=2048 N=1024 split m=2 n=4 k=1 FAILED
TIMING_RUN mmwd M=1024 K=2048 N=1024 m=2 n=4 k=1 5s
-- mmwd M=1024 K=2048 N=1024 split m=4 n=4 k=1 (cores=16 M/m=256 N/n=256)
SUMMARY mmwd M=1024 K=2048 N=1024 split m=4 n=4 k=1 FAILED
TIMING_RUN mmwd M=1024 K=2048 N=1024 m=4 n=4 k=1 4s
-- mmwd M=1024 K=2048 N=1024 split m=4 n=8 k=1 (cores=32 M/m=256 N/n=128)
SUMMARY mmwd M=1024 K=2048 N=1024 split m=4 n=8 k=1 FAILED
TIMING_RUN mmwd M=1024 K=2048 N=1024 m=4 n=8 k=1 5s
-- mmwd M=1024 K=4096 N=1024 split m=1 n=1 k=1 (cores=1 M/m=1024 N/n=1024)
SUMMARY mmwd M=1024 K=4096 N=1024 split m=1 n=1 k=1 FAILED
TIMING_RUN mmwd M=1024 K=4096 N=1024 m=1 n=1 k=1 5s
-- mmwd M=1024 K=4096 N=1024 split m=1 n=2 k=1 (cores=2 M/m=1024 N/n=512)
  op_it_space_splits={d0: 1, d1: 2, d2: 1}
  op_it_space_splits={d0: 1, d1: 2, d2: 1}
  op_it_space_splits={d0: 1, d1: 2, d2: 1}
  op_it_space_splits={d0: 1, d1: 2, d2: 1}
  op_it_space_splits={d0: 1, d1: 2, d2: 1}
  op_it_space_splits={d0: 1, d1: 2, d2: 1}
  op_it_space_splits={d0: 1, d1: 2, d2: 1}
  op_it_space_splits={d0: 1, d1: 2, d2: 1}
  op_it_space_splits={d0: 1, d1: 2, d2: 1}
  op_it_space_splits={d0: 1, d1: 2, d2: 1}
  op_it_space_splits={d0: 1, d1: 2, d2: 1}
  op_it_space_splits={d0: 1, d1: 2, d2: 1}
IO -- device-layout I/O (cost model, stick-padded) --
IO   op mm [reduction]
IO     output op0                    torch [1024, 1024] -> device [16, 1024, 64] in HBM = 1048576 elems x 2B = 2097152 B  (hbm counted: 2097152 B)
IO     input  arg0_1                 torch [1024, 4096] -> device [64, 1024, 64] in HBM = 4194304 elems x 2B = 8388608 B  (hbm counted: 8388608 B)
IO     input  arg1_1                 torch [4096, 1024] -> device [16, 4096, 64] in HBM = 4194304 elems x 2B = 8388608 B  (hbm counted: 8388608 B)
IO   => HBM I/O total = 18874368 B  (lx 0 B, ~free)
MODEL -- estimate (turnaround): T = compute + (R+W)/BW_PEAK + a*min(R,W) --
MODEL   R=16777216 B (read)   W=2097152 B (write)   loop_trip L=1
MODEL   compute = MACs/cores/(mac_peak*pt_eff) = 4294967296/2/(1140*1.000) = 1883.76 us  (M/m=1024, pt_eff=1.000)
MODEL   base = R/150+W/150 = 125.83 us
MODEL   turn = a*min(R,W) = 0.00574*2097152 = 12.04 us
MODEL   => T_model = 2039.74 us
MODEL FEATS [{"name":"mm","is_reduction":true,"out_elems":1048576,"cores":2,"dtype_bytes":2,"args":[{"name":"op0","role":"output","mem":"hbm","elems":1048576,"broadcast":false,"dims":[16,1024,64],"logical":[1024,1024],"loop_factor":1},{"name":"arg0_1","role":"input","mem":"hbm","elems":4194304,"broadcast":false,"dims":[64,1024,64],"logical":[1024,4096],"loop_factor":1},{"name":"arg1_1","role":"input","mem":"hbm","elems":4194304,"broadcast":false,"dims":[16,4096,64],"logical":[4096,1024],"loop_factor":1}],"reduction_cores":1,"loop_trip":1,"tiles_output_dim":false,"tile_rows_per_core":0.0,"is_matmul":true,"matmul_macs":4294967296,"matmul_rows_per_core":1024.0,"matmul_cols_per_core":512.0,"matmul_a_bytes":8388608,"matmul_b_bytes":8388608,"matmul_m_split":1,"matmul_n_split":2,"hbm_pattern":""}]
TIMING op=mmwd reps=7/7 prof_wall_s=3.27 per_rep_s=0.467
SUMMARY op=mmwd rows=1024 cols=4096 cores=2 tiles=0 lx=1 io_hbm_bytes=18874368 kernel_us=2073.004 pred_us=2039.743 err_pct=-1.6 bw_gbps=9.1 memset_us=176.014 other_dev_us=224.534 total_dev_us=2473.552 kernel_us_min=2072.635 kernel_us_median=2073.004 kernel_us_mean=2072.966 kernel_us_std=0.205 kernel_us_cv=0.01 reps=7
TIMING_RUN mmwd M=1024 K=4096 N=1024 m=1 n=2 k=1 16s
-- mmwd M=1024 K=4096 N=1024 split m=2 n=2 k=1 (cores=4 M/m=512 N/n=512)
SUMMARY mmwd M=1024 K=4096 N=1024 split m=2 n=2 k=1 FAILED
TIMING_RUN mmwd M=1024 K=4096 N=1024 m=2 n=2 k=1 5s
-- mmwd M=1024 K=4096 N=1024 split m=2 n=4 k=1 (cores=8 M/m=512 N/n=256)
SUMMARY mmwd M=1024 K=4096 N=1024 split m=2 n=4 k=1 FAILED
TIMING_RUN mmwd M=1024 K=4096 N=1024 m=2 n=4 k=1 4s
-- mmwd M=1024 K=4096 N=1024 split m=4 n=4 k=1 (cores=16 M/m=256 N/n=256)
SUMMARY mmwd M=1024 K=4096 N=1024 split m=4 n=4 k=1 FAILED
TIMING_RUN mmwd M=1024 K=4096 N=1024 m=4 n=4 k=1 5s
-- mmwd M=1024 K=4096 N=1024 split m=4 n=8 k=1 (cores=32 M/m=256 N/n=128)
SUMMARY mmwd M=1024 K=4096 N=1024 split m=4 n=8 k=1 FAILED
TIMING_RUN mmwd M=1024 K=4096 N=1024 m=4 n=8 k=1 5s
-- mmwd M=512 K=512 N=512 split m=1 n=1 k=1 (cores=1 M/m=512 N/n=512)
SUMMARY mmwd M=512 K=512 N=512 split m=1 n=1 k=1 FAILED
TIMING_RUN mmwd M=512 K=512 N=512 m=1 n=1 k=1 5s
-- mmwd M=512 K=512 N=512 split m=1 n=2 k=1 (cores=2 M/m=512 N/n=256)
SUMMARY mmwd M=512 K=512 N=512 split m=1 n=2 k=1 FAILED
TIMING_RUN mmwd M=512 K=512 N=512 m=1 n=2 k=1 5s
-- mmwd M=512 K=512 N=512 split m=2 n=2 k=1 (cores=4 M/m=256 N/n=256)
SUMMARY mmwd M=512 K=512 N=512 split m=2 n=2 k=1 FAILED
TIMING_RUN mmwd M=512 K=512 N=512 m=2 n=2 k=1 5s
-- mmwd M=512 K=512 N=512 split m=2 n=4 k=1 (cores=8 M/m=256 N/n=128)
SUMMARY mmwd M=512 K=512 N=512 split m=2 n=4 k=1 FAILED
TIMING_RUN mmwd M=512 K=512 N=512 m=2 n=4 k=1 4s
-- mmwd M=512 K=512 N=512 split m=4 n=4 k=1 (cores=16 M/m=128 N/n=128)
SUMMARY mmwd M=512 K=512 N=512 split m=4 n=4 k=1 FAILED
TIMING_RUN mmwd M=512 K=512 N=512 m=4 n=4 k=1 5s
-- mmwd M=512 K=512 N=512 split m=4 n=8 k=1 (cores=32 M/m=128 N/n=64)
SUMMARY mmwd M=512 K=512 N=512 split m=4 n=8 k=1 FAILED
TIMING_RUN mmwd M=512 K=512 N=512 m=4 n=8 k=1 5s
-- mmwd M=512 K=2048 N=512 split m=1 n=1 k=1 (cores=1 M/m=512 N/n=512)
IO -- device-layout I/O (cost model, stick-padded) --
IO   op mm [reduction]
IO     output op0                    torch [512, 512] -> device [8, 512, 64] in HBM = 262144 elems x 2B = 524288 B  (hbm counted: 524288 B)
IO     input  arg0_1                 torch [512, 2048] -> device [32, 512, 64] in HBM = 1048576 elems x 2B = 2097152 B  (hbm counted: 2097152 B)
IO     input  arg1_1                 torch [2048, 512] -> device [8, 2048, 64] in HBM = 1048576 elems x 2B = 2097152 B  (hbm counted: 2097152 B)
IO   => HBM I/O total = 4718592 B  (lx 0 B, ~free)
MODEL -- estimate (turnaround): T = compute + (R+W)/BW_PEAK + a*min(R,W) --
MODEL   R=4194304 B (read)   W=524288 B (write)   loop_trip L=1
MODEL   compute = MACs/cores/(mac_peak*pt_eff) = 536870912/1/(1140*1.000) = 470.94 us  (M/m=0, pt_eff=1.000)
MODEL   base = R/150+W/150 = 31.46 us
MODEL   turn = a*min(R,W) = 0.00574*524288 = 3.01 us
MODEL   => T_model = 489.55 us
MODEL FEATS [{"name":"mm","is_reduction":true,"out_elems":262144,"cores":1,"dtype_bytes":2,"args":[{"name":"op0","role":"output","mem":"hbm","elems":262144,"broadcast":false,"dims":[8,512,64],"logical":[512,512],"loop_factor":1},{"name":"arg0_1","role":"input","mem":"hbm","elems":1048576,"broadcast":false,"dims":[32,512,64],"logical":[512,2048],"loop_factor":1},{"name":"arg1_1","role":"input","mem":"hbm","elems":1048576,"broadcast":false,"dims":[8,2048,64],"logical":[2048,512],"loop_factor":1}],"reduction_cores":1,"loop_trip":1,"tiles_output_dim":false,"tile_rows_per_core":0.0,"is_matmul":true,"matmul_macs":536870912,"matmul_rows_per_core":0.0,"matmul_cols_per_core":0.0,"matmul_a_bytes":0,"matmul_b_bytes":0,"matmul_m_split":1,"matmul_n_split":1,"hbm_pattern":""}]
TIMING op=mmwd reps=7/7 prof_wall_s=3.07 per_rep_s=0.439
SUMMARY op=mmwd rows=512 cols=2048 cores=1 tiles=0 lx=1 io_hbm_bytes=4718592 kernel_us=519.490 pred_us=489.551 err_pct=-5.8 bw_gbps=9.1 memset_us=95.485 other_dev_us=264.363 total_dev_us=879.338 kernel_us_min=519.308 kernel_us_median=519.490 kernel_us_mean=519.488 kernel_us_std=0.125 kernel_us_cv=0.02 reps=7
TIMING_RUN mmwd M=512 K=2048 N=512 m=1 n=1 k=1 16s
-- mmwd M=512 K=2048 N=512 split m=1 n=2 k=1 (cores=2 M/m=512 N/n=256)
SUMMARY mmwd M=512 K=2048 N=512 split m=1 n=2 k=1 FAILED
TIMING_RUN mmwd M=512 K=2048 N=512 m=1 n=2 k=1 5s
-- mmwd M=512 K=2048 N=512 split m=2 n=2 k=1 (cores=4 M/m=256 N/n=256)
SUMMARY mmwd M=512 K=2048 N=512 split m=2 n=2 k=1 FAILED
TIMING_RUN mmwd M=512 K=2048 N=512 m=2 n=2 k=1 7s
-- mmwd M=512 K=2048 N=512 split m=2 n=4 k=1 (cores=8 M/m=256 N/n=128)
SUMMARY mmwd M=512 K=2048 N=512 split m=2 n=4 k=1 FAILED
TIMING_RUN mmwd M=512 K=2048 N=512 m=2 n=4 k=1 5s
-- mmwd M=512 K=2048 N=512 split m=4 n=4 k=1 (cores=16 M/m=128 N/n=128)
SUMMARY mmwd M=512 K=2048 N=512 split m=4 n=4 k=1 FAILED
TIMING_RUN mmwd M=512 K=2048 N=512 m=4 n=4 k=1 5s
-- mmwd M=512 K=2048 N=512 split m=4 n=8 k=1 (cores=32 M/m=128 N/n=64)
SUMMARY mmwd M=512 K=2048 N=512 split m=4 n=8 k=1 FAILED
TIMING_RUN mmwd M=512 K=2048 N=512 m=4 n=8 k=1 5s
-- mmwd M=4096 K=2048 N=2048 split m=1 n=1 k=1 (cores=1 M/m=4096 N/n=2048)
SUMMARY mmwd M=4096 K=2048 N=2048 split m=1 n=1 k=1 FAILED
TIMING_RUN mmwd M=4096 K=2048 N=2048 m=1 n=1 k=1 6s
-- mmwd M=4096 K=2048 N=2048 split m=1 n=2 k=1 (cores=2 M/m=4096 N/n=1024)
SUMMARY mmwd M=4096 K=2048 N=2048 split m=1 n=2 k=1 FAILED
TIMING_RUN mmwd M=4096 K=2048 N=2048 m=1 n=2 k=1 4s
-- mmwd M=4096 K=2048 N=2048 split m=2 n=2 k=1 (cores=4 M/m=2048 N/n=1024)
  op_it_space_splits={d0: 2, d1: 2, d2: 1}
  op_it_space_splits={d0: 2, d1: 2, d2: 1}
  op_it_space_splits={d0: 2, d1: 2, d2: 1}
  op_it_space_splits={d0: 2, d1: 2, d2: 1}
  op_it_space_splits={d0: 2, d1: 2, d2: 1}
  op_it_space_splits={d0: 2, d1: 2, d2: 1}
  op_it_space_splits={d0: 2, d1: 2, d2: 1}
  op_it_space_splits={d0: 2, d1: 2, d2: 1}
  op_it_space_splits={d0: 2, d1: 2, d2: 1}
  op_it_space_splits={d0: 2, d1: 2, d2: 1}
  op_it_space_splits={d0: 2, d1: 2, d2: 1}
  op_it_space_splits={d0: 2, d1: 2, d2: 1}
IO -- device-layout I/O (cost model, stick-padded) --
IO   op mm [reduction]
IO     output op0                    torch [4096, 2048] -> device [32, 4096, 64] in HBM = 8388608 elems x 2B = 16777216 B  (hbm counted: 16777216 B)
IO     input  arg0_1                 torch [4096, 2048] -> device [32, 4096, 64] in HBM = 8388608 elems x 2B = 16777216 B  (hbm counted: 16777216 B)
IO     input  arg1_1                 torch [2048, 2048] -> device [32, 2048, 64] in HBM = 4194304 elems x 2B = 8388608 B  (hbm counted: 8388608 B)
IO   => HBM I/O total = 41943040 B  (lx 0 B, ~free)
MODEL -- estimate (turnaround): T = compute + (R+W)/BW_PEAK + a*min(R,W) --
MODEL   R=25165824 B (read)   W=16777216 B (write)   loop_trip L=1
MODEL   compute = MACs/cores/(mac_peak*pt_eff) = 17179869184/4/(1140*1.000) = 3767.52 us  (M/m=2048, pt_eff=1.000)
MODEL   base = R/150+W/150 = 279.62 us
MODEL   turn = a*min(R,W) = 0.00574*16777216 = 96.30 us
MODEL   => T_model = 4106.41 us
MODEL FEATS [{"name":"mm","is_reduction":true,"out_elems":8388608,"cores":4,"dtype_bytes":2,"args":[{"name":"op0","role":"output","mem":"hbm","elems":8388608,"broadcast":false,"dims":[32,4096,64],"logical":[4096,2048],"loop_factor":1},{"name":"arg0_1","role":"input","mem":"hbm","elems":8388608,"broadcast":false,"dims":[32,4096,64],"logical":[4096,2048],"loop_factor":1},{"name":"arg1_1","role":"input","mem":"hbm","elems":4194304,"broadcast":false,"dims":[32,2048,64],"logical":[2048,2048],"loop_factor":1}],"reduction_cores":1,"loop_trip":1,"tiles_output_dim":false,"tile_rows_per_core":0.0,"is_matmul":true,"matmul_macs":17179869184,"matmul_rows_per_core":2048.0,"matmul_cols_per_core":1024.0,"matmul_a_bytes":16777216,"matmul_b_bytes":8388608,"matmul_m_split":2,"matmul_n_split":2,"hbm_pattern":""}]
TIMING op=mmwd reps=1/7 prof_wall_s=4.11 per_rep_s=0.587
SUMMARY op=mmwd rows=4096 cols=2048 cores=4 tiles=0 lx=1 io_hbm_bytes=41943040 kernel_us=4035.477 pred_us=4106.408 err_pct=+1.8 bw_gbps=10.4 memset_us=309.675 other_dev_us=980.231 total_dev_us=5325.383 kernel_us_min=4035.477 kernel_us_median=4035.477 kernel_us_mean=4035.477 kernel_us_std=0.000 kernel_us_cv=0.00 reps=1
TIMING_RUN mmwd M=4096 K=2048 N=2048 m=2 n=2 k=1 18s
-- mmwd M=4096 K=2048 N=2048 split m=2 n=4 k=1 (cores=8 M/m=2048 N/n=512)
SUMMARY mmwd M=4096 K=2048 N=2048 split m=2 n=4 k=1 FAILED
TIMING_RUN mmwd M=4096 K=2048 N=2048 m=2 n=4 k=1 5s
-- mmwd M=4096 K=2048 N=2048 split m=4 n=4 k=1 (cores=16 M/m=1024 N/n=512)
SUMMARY mmwd M=4096 K=2048 N=2048 split m=4 n=4 k=1 FAILED
TIMING_RUN mmwd M=4096 K=2048 N=2048 m=4 n=4 k=1 4s
-- mmwd M=4096 K=2048 N=2048 split m=4 n=8 k=1 (cores=32 M/m=1024 N/n=256)
SUMMARY mmwd M=4096 K=2048 N=2048 split m=4 n=8 k=1 FAILED
TIMING_RUN mmwd M=4096 K=2048 N=2048 m=4 n=8 k=1 6s
-- mmwd M=2048 K=2048 N=4096 split m=1 n=1 k=1 (cores=1 M/m=2048 N/n=4096)
SUMMARY mmwd M=2048 K=2048 N=4096 split m=1 n=1 k=1 FAILED
TIMING_RUN mmwd M=2048 K=2048 N=4096 m=1 n=1 k=1 5s
-- mmwd M=2048 K=2048 N=4096 split m=1 n=2 k=1 (cores=2 M/m=2048 N/n=2048)
SUMMARY mmwd M=2048 K=2048 N=4096 split m=1 n=2 k=1 FAILED
TIMING_RUN mmwd M=2048 K=2048 N=4096 m=1 n=2 k=1 5s
-- mmwd M=2048 K=2048 N=4096 split m=2 n=2 k=1 (cores=4 M/m=1024 N/n=2048)
  op_it_space_splits={d0: 2, d1: 2, d2: 1}
  op_it_space_splits={d0: 2, d1: 2, d2: 1}
  op_it_space_splits={d0: 2, d1: 2, d2: 1}
  op_it_space_splits={d0: 2, d1: 2, d2: 1}
  op_it_space_splits={d0: 2, d1: 2, d2: 1}
  op_it_space_splits={d0: 2, d1: 2, d2: 1}
  op_it_space_splits={d0: 2, d1: 2, d2: 1}
  op_it_space_splits={d0: 2, d1: 2, d2: 1}
  op_it_space_splits={d0: 2, d1: 2, d2: 1}
TIMING_RUN mmwd M=2048 K=2048 N=4096 m=2 n=2 k=1 156s
-- mmwd M=2048 K=2048 N=4096 split m=2 n=4 k=1 (cores=8 M/m=1024 N/n=1024)
SUMMARY mmwd M=2048 K=2048 N=4096 split m=2 n=4 k=1 FAILED
TIMING_RUN mmwd M=2048 K=2048 N=4096 m=2 n=4 k=1 1s
-- mmwd M=2048 K=2048 N=4096 split m=4 n=4 k=1 (cores=16 M/m=512 N/n=1024)
SUMMARY mmwd M=2048 K=2048 N=4096 split m=4 n=4 k=1 FAILED
TIMING_RUN mmwd M=2048 K=2048 N=4096 m=4 n=4 k=1 0s
-- mmwd M=2048 K=2048 N=4096 split m=4 n=8 k=1 (cores=32 M/m=512 N/n=512)
SUMMARY mmwd M=2048 K=2048 N=4096 split m=4 n=8 k=1 FAILED
TIMING_RUN mmwd M=2048 K=2048 N=4096 m=4 n=8 k=1 1s
-- mmwd M=1024 K=2048 N=4096 split m=1 n=1 k=1 (cores=1 M/m=1024 N/n=4096)
IO -- device-layout I/O (cost model, stick-padded) --
IO   op mm [reduction]
IO     output op0                    torch [1024, 4096] -> device [64, 1024, 64] in HBM = 4194304 elems x 2B = 8388608 B  (hbm counted: 8388608 B)
IO     input  arg0_1                 torch [1024, 2048] -> device [32, 1024, 64] in HBM = 2097152 elems x 2B = 4194304 B  (hbm counted: 4194304 B)
IO     input  arg1_1                 torch [2048, 4096] -> device [64, 2048, 64] in HBM = 8388608 elems x 2B = 16777216 B  (hbm counted: 16777216 B)
IO   => HBM I/O total = 29360128 B  (lx 0 B, ~free)
MODEL -- estimate (turnaround): T = compute + (R+W)/BW_PEAK + a*min(R,W) --
MODEL   R=20971520 B (read)   W=8388608 B (write)   loop_trip L=1
MODEL   compute = MACs/cores/(mac_peak*pt_eff) = 8589934592/1/(1140*1.000) = 7535.03 us  (M/m=0, pt_eff=1.000)
MODEL   base = R/150+W/150 = 195.73 us
MODEL   turn = a*min(R,W) = 0.00574*8388608 = 48.15 us
MODEL   => T_model = 7666.73 us
MODEL FEATS [{"name":"mm","is_reduction":true,"out_elems":4194304,"cores":1,"dtype_bytes":2,"args":[{"name":"op0","role":"output","mem":"hbm","elems":4194304,"broadcast":false,"dims":[64,1024,64],"logical":[1024,4096],"loop_factor":1},{"name":"arg0_1","role":"input","mem":"hbm","elems":2097152,"broadcast":false,"dims":[32,1024,64],"logical":[1024,2048],"loop_factor":1},{"name":"arg1_1","role":"input","mem":"hbm","elems":8388608,"broadcast":false,"dims":[64,2048,64],"logical":[2048,4096],"loop_factor":1}],"reduction_cores":1,"loop_trip":1,"tiles_output_dim":false,"tile_rows_per_core":0.0,"is_matmul":true,"matmul_macs":8589934592,"matmul_rows_per_core":0.0,"matmul_cols_per_core":0.0,"matmul_a_bytes":0,"matmul_b_bytes":0,"matmul_m_split":1,"matmul_n_split":1,"hbm_pattern":""}]
TIMING op=mmwd reps=7/7 prof_wall_s=3.18 per_rep_s=0.455
SUMMARY op=mmwd rows=1024 cols=2048 cores=1 tiles=0 lx=1 io_hbm_bytes=29360128 kernel_us=8255.571 pred_us=7666.728 err_pct=-7.1 bw_gbps=3.6 memset_us=246.247 other_dev_us=382.990 total_dev_us=8884.808 kernel_us_min=8255.291 kernel_us_median=8255.571 kernel_us_mean=8255.578 kernel_us_std=0.204 kernel_us_cv=0.00 reps=7
TIMING_RUN mmwd M=1024 K=2048 N=4096 m=1 n=1 k=1 18s
-- mmwd M=1024 K=2048 N=4096 split m=1 n=2 k=1 (cores=2 M/m=1024 N/n=2048)
SUMMARY mmwd M=1024 K=2048 N=4096 split m=1 n=2 k=1 FAILED
TIMING_RUN mmwd M=1024 K=2048 N=4096 m=1 n=2 k=1 5s
-- mmwd M=1024 K=2048 N=4096 split m=2 n=2 k=1 (cores=4 M/m=512 N/n=2048)
SUMMARY mmwd M=1024 K=2048 N=4096 split m=2 n=2 k=1 FAILED
TIMING_RUN mmwd M=1024 K=2048 N=4096 m=2 n=2 k=1 4s
-- mmwd M=1024 K=2048 N=4096 split m=2 n=4 k=1 (cores=8 M/m=512 N/n=1024)
SUMMARY mmwd M=1024 K=2048 N=4096 split m=2 n=4 k=1 FAILED
TIMING_RUN mmwd M=1024 K=2048 N=4096 m=2 n=4 k=1 5s
-- mmwd M=1024 K=2048 N=4096 split m=4 n=4 k=1 (cores=16 M/m=256 N/n=1024)
SUMMARY mmwd M=1024 K=2048 N=4096 split m=4 n=4 k=1 FAILED
TIMING_RUN mmwd M=1024 K=2048 N=4096 m=4 n=4 k=1 11s
-- mmwd M=1024 K=2048 N=4096 split m=4 n=8 k=1 (cores=32 M/m=256 N/n=512)
  op_it_space_splits={d0: 4, d1: 8, d2: 1}
  op_it_space_splits={d0: 4, d1: 8, d2: 1}
  op_it_space_splits={d0: 4, d1: 8, d2: 1}
  op_it_space_splits={d0: 4, d1: 8, d2: 1}
  op_it_space_splits={d0: 4, d1: 8, d2: 1}
  op_it_space_splits={d0: 4, d1: 8, d2: 1}
  op_it_space_splits={d0: 4, d1: 8, d2: 1}
  op_it_space_splits={d0: 4, d1: 8, d2: 1}
  op_it_space_splits={d0: 4, d1: 8, d2: 1}
  op_it_space_splits={d0: 4, d1: 8, d2: 1}
  op_it_space_splits={d0: 4, d1: 8, d2: 1}
  op_it_space_splits={d0: 4, d1: 8, d2: 1}
IO -- device-layout I/O (cost model, stick-padded) --
IO   op mm [reduction]
IO     output op0                    torch [1024, 4096] -> device [64, 1024, 64] in HBM = 4194304 elems x 2B = 8388608 B  (hbm counted: 8388608 B)
IO     input  arg0_1                 torch [1024, 2048] -> device [32, 1024, 64] in HBM = 2097152 elems x 2B = 4194304 B  (hbm counted: 4194304 B)
IO     input  arg1_1                 torch [2048, 4096] -> device [64, 2048, 64] in HBM = 8388608 elems x 2B = 16777216 B  (hbm counted: 16777216 B)
IO   => HBM I/O total = 29360128 B  (lx 0 B, ~free)
MODEL -- estimate (turnaround): T = compute + (R+W)/BW_PEAK + a*min(R,W) --
MODEL   R=20971520 B (read)   W=8388608 B (write)   loop_trip L=1
MODEL   compute = MACs/cores/(mac_peak*pt_eff) = 8589934592/32/(1140*1.000) = 235.47 us  (M/m=256, pt_eff=1.000)
MODEL   base = R/150+W/150 = 195.73 us
MODEL   turn = a*min(R,W) = 0.00574*8388608 = 48.15 us
MODEL   => T_model = 433.95 us
MODEL FEATS [{"name":"mm","is_reduction":true,"out_elems":4194304,"cores":32,"dtype_bytes":2,"args":[{"name":"op0","role":"output","mem":"hbm","elems":4194304,"broadcast":false,"dims":[64,1024,64],"logical":[1024,4096],"loop_factor":1},{"name":"arg0_1","role":"input","mem":"hbm","elems":2097152,"broadcast":false,"dims":[32,1024,64],"logical":[1024,2048],"loop_factor":1},{"name":"arg1_1","role":"input","mem":"hbm","elems":8388608,"broadcast":false,"dims":[64,2048,64],"logical":[2048,4096],"loop_factor":1}],"reduction_cores":1,"loop_trip":1,"tiles_output_dim":false,"tile_rows_per_core":0.0,"is_matmul":true,"matmul_macs":8589934592,"matmul_rows_per_core":256.0,"matmul_cols_per_core":512.0,"matmul_a_bytes":4194304,"matmul_b_bytes":16777216,"matmul_m_split":4,"matmul_n_split":8,"hbm_pattern":""}]
TIMING op=mmwd reps=7/7 prof_wall_s=13.35 per_rep_s=1.907
SUMMARY op=mmwd rows=1024 cols=2048 cores=32 tiles=0 lx=1 io_hbm_bytes=29360128 kernel_us=378.628 pred_us=433.953 err_pct=+14.6 bw_gbps=77.5 memset_us=256.968 other_dev_us=513.727 total_dev_us=1149.323 kernel_us_min=376.585 kernel_us_median=378.628 kernel_us_mean=378.959 kernel_us_std=1.589 kernel_us_cv=0.42 reps=7
TIMING_RUN mmwd M=1024 K=2048 N=4096 m=4 n=8 k=1 46s
-- mmwd M=4096 K=2048 N=1024 split m=1 n=1 k=1 (cores=1 M/m=4096 N/n=1024)
SUMMARY mmwd M=4096 K=2048 N=1024 split m=1 n=1 k=1 FAILED
TIMING_RUN mmwd M=4096 K=2048 N=1024 m=1 n=1 k=1 12s
-- mmwd M=4096 K=2048 N=1024 split m=1 n=2 k=1 (cores=2 M/m=4096 N/n=512)
SUMMARY mmwd M=4096 K=2048 N=1024 split m=1 n=2 k=1 FAILED
TIMING_RUN mmwd M=4096 K=2048 N=1024 m=1 n=2 k=1 16s
-- mmwd M=4096 K=2048 N=1024 split m=2 n=2 k=1 (cores=4 M/m=2048 N/n=512)
  op_it_space_splits={d0: 2, d1: 2, d2: 1}
  op_it_space_splits={d0: 2, d1: 2, d2: 1}
  op_it_space_splits={d0: 2, d1: 2, d2: 1}
  op_it_space_splits={d0: 2, d1: 2, d2: 1}
  op_it_space_splits={d0: 2, d1: 2, d2: 1}
  op_it_space_splits={d0: 2, d1: 2, d2: 1}
  op_it_space_splits={d0: 2, d1: 2, d2: 1}
  op_it_space_splits={d0: 2, d1: 2, d2: 1}
  op_it_space_splits={d0: 2, d1: 2, d2: 1}
  op_it_space_splits={d0: 2, d1: 2, d2: 1}
  op_it_space_splits={d0: 2, d1: 2, d2: 1}
  op_it_space_splits={d0: 2, d1: 2, d2: 1}
IO -- device-layout I/O (cost model, stick-padded) --
IO   op mm [reduction]
IO     output op0                    torch [4096, 1024] -> device [16, 4096, 64] in HBM = 4194304 elems x 2B = 8388608 B  (hbm counted: 8388608 B)
IO     input  arg0_1                 torch [4096, 2048] -> device [32, 4096, 64] in HBM = 8388608 elems x 2B = 16777216 B  (hbm counted: 16777216 B)
IO     input  arg1_1                 torch [2048, 1024] -> device [16, 2048, 64] in HBM = 2097152 elems x 2B = 4194304 B  (hbm counted: 4194304 B)
IO   => HBM I/O total = 29360128 B  (lx 0 B, ~free)
MODEL -- estimate (turnaround): T = compute + (R+W)/BW_PEAK + a*min(R,W) --
MODEL   R=20971520 B (read)   W=8388608 B (write)   loop_trip L=1
MODEL   compute = MACs/cores/(mac_peak*pt_eff) = 8589934592/4/(1140*1.000) = 1883.76 us  (M/m=2048, pt_eff=1.000)
MODEL   base = R/150+W/150 = 195.73 us
MODEL   turn = a*min(R,W) = 0.00574*8388608 = 48.15 us
MODEL   => T_model = 2128.70 us
MODEL FEATS [{"name":"mm","is_reduction":true,"out_elems":4194304,"cores":4,"dtype_bytes":2,"args":[{"name":"op0","role":"output","mem":"hbm","elems":4194304,"broadcast":false,"dims":[16,4096,64],"logical":[4096,1024],"loop_factor":1},{"name":"arg0_1","role":"input","mem":"hbm","elems":8388608,"broadcast":false,"dims":[32,4096,64],"logical":[4096,2048],"loop_factor":1},{"name":"arg1_1","role":"input","mem":"hbm","elems":2097152,"broadcast":false,"dims":[16,2048,64],"logical":[2048,1024],"loop_factor":1}],"reduction_cores":1,"loop_trip":1,"tiles_output_dim":false,"tile_rows_per_core":0.0,"is_matmul":true,"matmul_macs":8589934592,"matmul_rows_per_core":2048.0,"matmul_cols_per_core":512.0,"matmul_a_bytes":16777216,"matmul_b_bytes":4194304,"matmul_m_split":2,"matmul_n_split":2,"hbm_pattern":""}]
TIMING op=mmwd reps=7/7 prof_wall_s=3.56 per_rep_s=0.509
SUMMARY op=mmwd rows=4096 cols=2048 cores=4 tiles=0 lx=1 io_hbm_bytes=29360128 kernel_us=2015.400 pred_us=2128.702 err_pct=+5.6 bw_gbps=14.6 memset_us=253.256 other_dev_us=530.227 total_dev_us=2798.883 kernel_us_min=2013.298 kernel_us_median=2015.400 kernel_us_mean=2015.621 kernel_us_std=1.400 kernel_us_cv=0.07 reps=7
TIMING_RUN mmwd M=4096 K=2048 N=1024 m=2 n=2 k=1 32s
-- mmwd M=4096 K=2048 N=1024 split m=2 n=4 k=1 (cores=8 M/m=2048 N/n=256)
  op_it_space_splits={d0: 2, d1: 4, d2: 1}
  op_it_space_splits={d0: 2, d1: 4, d2: 1}
  op_it_space_splits={d0: 2, d1: 4, d2: 1}
  op_it_space_splits={d0: 2, d1: 4, d2: 1}
  op_it_space_splits={d0: 2, d1: 4, d2: 1}
  op_it_space_splits={d0: 2, d1: 4, d2: 1}
  op_it_space_splits={d0: 2, d1: 4, d2: 1}
  op_it_space_splits={d0: 2, d1: 4, d2: 1}
  op_it_space_splits={d0: 2, d1: 4, d2: 1}
  op_it_space_splits={d0: 2, d1: 4, d2: 1}
  op_it_space_splits={d0: 2, d1: 4, d2: 1}
  op_it_space_splits={d0: 2, d1: 4, d2: 1}
IO -- device-layout I/O (cost model, stick-padded) --
IO   op mm [reduction]
IO     output op0                    torch [4096, 1024] -> device [16, 4096, 64] in HBM = 4194304 elems x 2B = 8388608 B  (hbm counted: 8388608 B)
IO     input  arg0_1                 torch [4096, 2048] -> device [32, 4096, 64] in HBM = 8388608 elems x 2B = 16777216 B  (hbm counted: 16777216 B)
IO     input  arg1_1                 torch [2048, 1024] -> device [16, 2048, 64] in HBM = 2097152 elems x 2B = 4194304 B  (hbm counted: 4194304 B)
IO   => HBM I/O total = 29360128 B  (lx 0 B, ~free)
MODEL -- estimate (turnaround): T = compute + (R+W)/BW_PEAK + a*min(R,W) --
MODEL   R=20971520 B (read)   W=8388608 B (write)   loop_trip L=1
MODEL   compute = MACs/cores/(mac_peak*pt_eff) = 8589934592/8/(1140*1.000) = 941.88 us  (M/m=2048, pt_eff=1.000)
MODEL   base = R/150+W/150 = 195.73 us
MODEL   turn = a*min(R,W) = 0.00574*8388608 = 48.15 us
MODEL   => T_model = 1175.50 us
MODEL FEATS [{"name":"mm","is_reduction":true,"out_elems":4194304,"cores":8,"dtype_bytes":2,"args":[{"name":"op0","role":"output","mem":"hbm","elems":4194304,"broadcast":false,"dims":[16,4096,64],"logical":[4096,1024],"loop_factor":1},{"name":"arg0_1","role":"input","mem":"hbm","elems":8388608,"broadcast":false,"dims":[32,4096,64],"logical":[4096,2048],"loop_factor":1},{"name":"arg1_1","role":"input","mem":"hbm","elems":2097152,"broadcast":false,"dims":[16,2048,64],"logical":[2048,1024],"loop_factor":1}],"reduction_cores":1,"loop_trip":1,"tiles_output_dim":false,"tile_rows_per_core":0.0,"is_matmul":true,"matmul_macs":8589934592,"matmul_rows_per_core":2048.0,"matmul_cols_per_core":256.0,"matmul_a_bytes":16777216,"matmul_b_bytes":4194304,"matmul_m_split":2,"matmul_n_split":4,"hbm_pattern":""}]
TIMING op=mmwd reps=7/7 prof_wall_s=4.40 per_rep_s=0.629
SUMMARY op=mmwd rows=4096 cols=2048 cores=8 tiles=0 lx=1 io_hbm_bytes=29360128 kernel_us=1097.235 pred_us=1175.498 err_pct=+7.1 bw_gbps=26.8 memset_us=271.855 other_dev_us=299.517 total_dev_us=1668.607 kernel_us_min=1094.722 kernel_us_median=1097.235 kernel_us_mean=1097.340 kernel_us_std=1.762 kernel_us_cv=0.16 reps=7
TIMING_RUN mmwd M=4096 K=2048 N=1024 m=2 n=4 k=1 19s
-- mmwd M=4096 K=2048 N=1024 split m=4 n=4 k=1 (cores=16 M/m=1024 N/n=256)
  op_it_space_splits={d0: 4, d1: 4, d2: 1}
  op_it_space_splits={d0: 4, d1: 4, d2: 1}
  op_it_space_splits={d0: 4, d1: 4, d2: 1}
  op_it_space_splits={d0: 4, d1: 4, d2: 1}
  op_it_space_splits={d0: 4, d1: 4, d2: 1}
  op_it_space_splits={d0: 4, d1: 4, d2: 1}
  op_it_space_splits={d0: 4, d1: 4, d2: 1}
  op_it_space_splits={d0: 4, d1: 4, d2: 1}
  op_it_space_splits={d0: 4, d1: 4, d2: 1}
  op_it_space_splits={d0: 4, d1: 4, d2: 1}
  op_it_space_splits={d0: 4, d1: 4, d2: 1}
  op_it_space_splits={d0: 4, d1: 4, d2: 1}
IO -- device-layout I/O (cost model, stick-padded) --
IO   op mm [reduction]
IO     output op0                    torch [4096, 1024] -> device [16, 4096, 64] in HBM = 4194304 elems x 2B = 8388608 B  (hbm counted: 8388608 B)
IO     input  arg0_1                 torch [4096, 2048] -> device [32, 4096, 64] in HBM = 8388608 elems x 2B = 16777216 B  (hbm counted: 16777216 B)
IO     input  arg1_1                 torch [2048, 1024] -> device [16, 2048, 64] in HBM = 2097152 elems x 2B = 4194304 B  (hbm counted: 4194304 B)
IO   => HBM I/O total = 29360128 B  (lx 0 B, ~free)
MODEL -- estimate (turnaround): T = compute + (R+W)/BW_PEAK + a*min(R,W) --
MODEL   R=20971520 B (read)   W=8388608 B (write)   loop_trip L=1
MODEL   compute = MACs/cores/(mac_peak*pt_eff) = 8589934592/16/(1140*1.000) = 470.94 us  (M/m=1024, pt_eff=1.000)
MODEL   base = R/150+W/150 = 195.73 us
MODEL   turn = a*min(R,W) = 0.00574*8388608 = 48.15 us
MODEL   => T_model = 670.58 us
MODEL FEATS [{"name":"mm","is_reduction":true,"out_elems":4194304,"cores":16,"dtype_bytes":2,"args":[{"name":"op0","role":"output","mem":"hbm","elems":4194304,"broadcast":false,"dims":[16,4096,64],"logical":[4096,1024],"loop_factor":1},{"name":"arg0_1","role":"input","mem":"hbm","elems":8388608,"broadcast":false,"dims":[32,4096,64],"logical":[4096,2048],"loop_factor":1},{"name":"arg1_1","role":"input","mem":"hbm","elems":2097152,"broadcast":false,"dims":[16,2048,64],"logical":[2048,1024],"loop_factor":1}],"reduction_cores":1,"loop_trip":1,"tiles_output_dim":false,"tile_rows_per_core":0.0,"is_matmul":true,"matmul_macs":8589934592,"matmul_rows_per_core":1024.0,"matmul_cols_per_core":256.0,"matmul_a_bytes":16777216,"matmul_b_bytes":4194304,"matmul_m_split":4,"matmul_n_split":4,"hbm_pattern":""}]
TIMING op=mmwd reps=7/7 prof_wall_s=6.51 per_rep_s=0.930
SUMMARY op=mmwd rows=4096 cols=2048 cores=16 tiles=0 lx=1 io_hbm_bytes=29360128 kernel_us=592.867 pred_us=670.585 err_pct=+13.1 bw_gbps=49.5 memset_us=261.754 other_dev_us=517.050 total_dev_us=1371.671 kernel_us_min=585.337 kernel_us_median=592.867 kernel_us_mean=591.526 kernel_us_std=3.697 kernel_us_cv=0.62 reps=7
TIMING_RUN mmwd M=4096 K=2048 N=1024 m=4 n=4 k=1 24s
-- mmwd M=4096 K=2048 N=1024 split m=4 n=8 k=1 (cores=32 M/m=1024 N/n=128)
SUMMARY mmwd M=4096 K=2048 N=1024 split m=4 n=8 k=1 FAILED
TIMING_RUN mmwd M=4096 K=2048 N=1024 m=4 n=8 k=1 5s
-- mmwd M=4096 K=1024 N=4096 split m=1 n=2 k=1 (cores=2 M/m=4096 N/n=2048)
SUMMARY mmwd M=4096 K=1024 N=4096 split m=1 n=2 k=1 FAILED
TIMING_RUN mmwd M=4096 K=1024 N=4096 m=1 n=2 k=1 4s
-- mmwd M=4096 K=1024 N=4096 split m=2 n=2 k=1 (cores=4 M/m=2048 N/n=2048)
SUMMARY mmwd M=4096 K=1024 N=4096 split m=2 n=2 k=1 FAILED
TIMING_RUN mmwd M=4096 K=1024 N=4096 m=2 n=2 k=1 7s
-- mmwd M=4096 K=1024 N=4096 split m=2 n=4 k=1 (cores=8 M/m=2048 N/n=1024)
SUMMARY mmwd M=4096 K=1024 N=4096 split m=2 n=4 k=1 FAILED
TIMING_RUN mmwd M=4096 K=1024 N=4096 m=2 n=4 k=1 4s
-- mmwd M=4096 K=1024 N=4096 split m=4 n=4 k=1 (cores=16 M/m=1024 N/n=1024)
SUMMARY mmwd M=4096 K=1024 N=4096 split m=4 n=4 k=1 FAILED
TIMING_RUN mmwd M=4096 K=1024 N=4096 m=4 n=4 k=1 4s
-- mmwd M=4096 K=1024 N=4096 split m=4 n=8 k=1 (cores=32 M/m=1024 N/n=512)
SUMMARY mmwd M=4096 K=1024 N=4096 split m=4 n=8 k=1 FAILED
TIMING_RUN mmwd M=4096 K=1024 N=4096 m=4 n=8 k=1 4s
-- mmwd M=8192 K=2048 N=1024 split m=1 n=2 k=1 (cores=2 M/m=8192 N/n=512)
  op_it_space_splits={d0: 1, d1: 2, d2: 1}
  op_it_space_splits={d0: 1, d1: 2, d2: 1}
  op_it_space_splits={d0: 1, d1: 2, d2: 1}
  op_it_space_splits={d0: 1, d1: 2, d2: 1}
  op_it_space_splits={d0: 1, d1: 2, d2: 1}
  op_it_space_splits={d0: 1, d1: 2, d2: 1}
  op_it_space_splits={d0: 1, d1: 2, d2: 1}
  op_it_space_splits={d0: 1, d1: 2, d2: 1}
  op_it_space_splits={d0: 1, d1: 2, d2: 1}
  op_it_space_splits={d0: 1, d1: 2, d2: 1}
  op_it_space_splits={d0: 1, d1: 2, d2: 1}
  op_it_space_splits={d0: 1, d1: 2, d2: 1}
IO -- device-layout I/O (cost model, stick-padded) --
IO   op mm [reduction]
IO     output op0                    torch [8192, 1024] -> device [16, 8192, 64] in HBM = 8388608 elems x 2B = 16777216 B  (hbm counted: 16777216 B)
IO     input  arg0_1                 torch [8192, 2048] -> device [32, 8192, 64] in HBM = 16777216 elems x 2B = 33554432 B  (hbm counted: 33554432 B)
IO     input  arg1_1                 torch [2048, 1024] -> device [16, 2048, 64] in HBM = 2097152 elems x 2B = 4194304 B  (hbm counted: 4194304 B)
IO   => HBM I/O total = 54525952 B  (lx 0 B, ~free)
MODEL -- estimate (turnaround): T = compute + (R+W)/BW_PEAK + a*min(R,W) --
MODEL   R=37748736 B (read)   W=16777216 B (write)   loop_trip L=1
MODEL   compute = MACs/cores/(mac_peak*pt_eff) = 17179869184/2/(1140*1.000) = 7535.03 us  (M/m=8192, pt_eff=1.000)
MODEL   base = R/150+W/150 = 363.51 us
MODEL   turn = a*min(R,W) = 0.00574*16777216 = 96.30 us
MODEL   => T_model = 7987.17 us
MODEL FEATS [{"name":"mm","is_reduction":true,"out_elems":8388608,"cores":2,"dtype_bytes":2,"args":[{"name":"op0","role":"output","mem":"hbm","elems":8388608,"broadcast":false,"dims":[16,8192,64],"logical":[8192,1024],"loop_factor":1},{"name":"arg0_1","role":"input","mem":"hbm","elems":16777216,"broadcast":false,"dims":[32,8192,64],"logical":[8192,2048],"loop_factor":1},{"name":"arg1_1","role":"input","mem":"hbm","elems":2097152,"broadcast":false,"dims":[16,2048,64],"logical":[2048,1024],"loop_factor":1}],"reduction_cores":1,"loop_trip":1,"tiles_output_dim":false,"tile_rows_per_core":0.0,"is_matmul":true,"matmul_macs":17179869184,"matmul_rows_per_core":8192.0,"matmul_cols_per_core":512.0,"matmul_a_bytes":33554432,"matmul_b_bytes":4194304,"matmul_m_split":1,"matmul_n_split":2,"hbm_pattern":""}]
TIMING op=mmwd reps=7/7 prof_wall_s=3.48 per_rep_s=0.497
SUMMARY op=mmwd rows=8192 cols=2048 cores=2 tiles=0 lx=1 io_hbm_bytes=54525952 kernel_us=8276.686 pred_us=7987.170 err_pct=-3.5 bw_gbps=6.6 memset_us=338.000 other_dev_us=869.474 total_dev_us=9484.160 kernel_us_min=8276.126 kernel_us_median=8276.686 kernel_us_mean=8276.821 kernel_us_std=0.539 kernel_us_cv=0.01 reps=7
TIMING_RUN mmwd M=8192 K=2048 N=1024 m=1 n=2 k=1 18s
-- mmwd M=8192 K=2048 N=1024 split m=2 n=2 k=1 (cores=4 M/m=4096 N/n=512)
  op_it_space_splits={d0: 2, d1: 2, d2: 1}
  op_it_space_splits={d0: 2, d1: 2, d2: 1}
  op_it_space_splits={d0: 2, d1: 2, d2: 1}
  op_it_space_splits={d0: 2, d1: 2, d2: 1}
  op_it_space_splits={d0: 2, d1: 2, d2: 1}
  op_it_space_splits={d0: 2, d1: 2, d2: 1}
  op_it_space_splits={d0: 2, d1: 2, d2: 1}
  op_it_space_splits={d0: 2, d1: 2, d2: 1}
  op_it_space_splits={d0: 2, d1: 2, d2: 1}
  op_it_space_splits={d0: 2, d1: 2, d2: 1}
  op_it_space_splits={d0: 2, d1: 2, d2: 1}
TIMING_RUN mmwd M=8192 K=2048 N=1024 m=2 n=2 k=1 180s
-- mmwd M=8192 K=2048 N=1024 split m=2 n=4 k=1 (cores=8 M/m=4096 N/n=256)
  op_it_space_splits={d0: 2, d1: 4, d2: 1}
  op_it_space_splits={d0: 2, d1: 4, d2: 1}
  op_it_space_splits={d0: 2, d1: 4, d2: 1}
  op_it_space_splits={d0: 2, d1: 4, d2: 1}
  op_it_space_splits={d0: 2, d1: 4, d2: 1}
  op_it_space_splits={d0: 2, d1: 4, d2: 1}
  op_it_space_splits={d0: 2, d1: 4, d2: 1}
  op_it_space_splits={d0: 2, d1: 4, d2: 1}
  op_it_space_splits={d0: 2, d1: 4, d2: 1}
  op_it_space_splits={d0: 2, d1: 4, d2: 1}
  op_it_space_splits={d0: 2, d1: 4, d2: 1}
  op_it_space_splits={d0: 2, d1: 4, d2: 1}
IO -- device-layout I/O (cost model, stick-padded) --
IO   op mm [reduction]
IO     output op0                    torch [8192, 1024] -> device [16, 8192, 64] in HBM = 8388608 elems x 2B = 16777216 B  (hbm counted: 16777216 B)
IO     input  arg0_1                 torch [8192, 2048] -> device [32, 8192, 64] in HBM = 16777216 elems x 2B = 33554432 B  (hbm counted: 33554432 B)
IO     input  arg1_1                 torch [2048, 1024] -> device [16, 2048, 64] in HBM = 2097152 elems x 2B = 4194304 B  (hbm counted: 4194304 B)
IO   => HBM I/O total = 54525952 B  (lx 0 B, ~free)
MODEL -- estimate (turnaround): T = compute + (R+W)/BW_PEAK + a*min(R,W) --
MODEL   R=37748736 B (read)   W=16777216 B (write)   loop_trip L=1
MODEL   compute = MACs/cores/(mac_peak*pt_eff) = 17179869184/8/(1140*1.000) = 1883.76 us  (M/m=4096, pt_eff=1.000)
MODEL   base = R/150+W/150 = 363.51 us
MODEL   turn = a*min(R,W) = 0.00574*16777216 = 96.30 us
MODEL   => T_model = 2335.90 us
MODEL FEATS [{"name":"mm","is_reduction":true,"out_elems":8388608,"cores":8,"dtype_bytes":2,"args":[{"name":"op0","role":"output","mem":"hbm","elems":8388608,"broadcast":false,"dims":[16,8192,64],"logical":[8192,1024],"loop_factor":1},{"name":"arg0_1","role":"input","mem":"hbm","elems":16777216,"broadcast":false,"dims":[32,8192,64],"logical":[8192,2048],"loop_factor":1},{"name":"arg1_1","role":"input","mem":"hbm","elems":2097152,"broadcast":false,"dims":[16,2048,64],"logical":[2048,1024],"loop_factor":1}],"reduction_cores":1,"loop_trip":1,"tiles_output_dim":false,"tile_rows_per_core":0.0,"is_matmul":true,"matmul_macs":17179869184,"matmul_rows_per_core":4096.0,"matmul_cols_per_core":256.0,"matmul_a_bytes":33554432,"matmul_b_bytes":4194304,"matmul_m_split":2,"matmul_n_split":4,"hbm_pattern":""}]
TIMING op=mmwd reps=7/7 prof_wall_s=4.49 per_rep_s=0.641
SUMMARY op=mmwd rows=8192 cols=2048 cores=8 tiles=0 lx=1 io_hbm_bytes=54525952 kernel_us=2191.838 pred_us=2335.897 err_pct=+6.6 bw_gbps=24.9 memset_us=311.409 other_dev_us=853.646 total_dev_us=3356.893 kernel_us_min=2187.034 kernel_us_median=2191.838 kernel_us_mean=2190.950 kernel_us_std=2.607 kernel_us_cv=0.12 reps=7
TIMING_RUN mmwd M=8192 K=2048 N=1024 m=2 n=4 k=1 31s
-- mmwd M=8192 K=2048 N=1024 split m=4 n=4 k=1 (cores=16 M/m=2048 N/n=256)
  op_it_space_splits={d0: 4, d1: 4, d2: 1}
  op_it_space_splits={d0: 4, d1: 4, d2: 1}
  op_it_space_splits={d0: 4, d1: 4, d2: 1}
  op_it_space_splits={d0: 4, d1: 4, d2: 1}
  op_it_space_splits={d0: 4, d1: 4, d2: 1}
  op_it_space_splits={d0: 4, d1: 4, d2: 1}
  op_it_space_splits={d0: 4, d1: 4, d2: 1}
  op_it_space_splits={d0: 4, d1: 4, d2: 1}
  op_it_space_splits={d0: 4, d1: 4, d2: 1}
  op_it_space_splits={d0: 4, d1: 4, d2: 1}
  op_it_space_splits={d0: 4, d1: 4, d2: 1}
  op_it_space_splits={d0: 4, d1: 4, d2: 1}
IO -- device-layout I/O (cost model, stick-padded) --
IO   op mm [reduction]
IO     output op0                    torch [8192, 1024] -> device [16, 8192, 64] in HBM = 8388608 elems x 2B = 16777216 B  (hbm counted: 16777216 B)
IO     input  arg0_1                 torch [8192, 2048] -> device [32, 8192, 64] in HBM = 16777216 elems x 2B = 33554432 B  (hbm counted: 33554432 B)
IO     input  arg1_1                 torch [2048, 1024] -> device [16, 2048, 64] in HBM = 2097152 elems x 2B = 4194304 B  (hbm counted: 4194304 B)
IO   => HBM I/O total = 54525952 B  (lx 0 B, ~free)
MODEL -- estimate (turnaround): T = compute + (R+W)/BW_PEAK + a*min(R,W) --
MODEL   R=37748736 B (read)   W=16777216 B (write)   loop_trip L=1
MODEL   compute = MACs/cores/(mac_peak*pt_eff) = 17179869184/16/(1140*1.000) = 941.88 us  (M/m=2048, pt_eff=1.000)
MODEL   base = R/150+W/150 = 363.51 us
MODEL   turn = a*min(R,W) = 0.00574*16777216 = 96.30 us
MODEL   => T_model = 1373.63 us
MODEL FEATS [{"name":"mm","is_reduction":true,"out_elems":8388608,"cores":16,"dtype_bytes":2,"args":[{"name":"op0","role":"output","mem":"hbm","elems":8388608,"broadcast":false,"dims":[16,8192,64],"logical":[8192,1024],"loop_factor":1},{"name":"arg0_1","role":"input","mem":"hbm","elems":16777216,"broadcast":false,"dims":[32,8192,64],"logical":[8192,2048],"loop_factor":1},{"name":"arg1_1","role":"input","mem":"hbm","elems":2097152,"broadcast":false,"dims":[16,2048,64],"logical":[2048,1024],"loop_factor":1}],"reduction_cores":1,"loop_trip":1,"tiles_output_dim":false,"tile_rows_per_core":0.0,"is_matmul":true,"matmul_macs":17179869184,"matmul_rows_per_core":2048.0,"matmul_cols_per_core":256.0,"matmul_a_bytes":33554432,"matmul_b_bytes":4194304,"matmul_m_split":4,"matmul_n_split":4,"hbm_pattern":""}]
TIMING op=mmwd reps=7/7 prof_wall_s=6.44 per_rep_s=0.920
SUMMARY op=mmwd rows=8192 cols=2048 cores=16 tiles=0 lx=1 io_hbm_bytes=54525952 kernel_us=1180.740 pred_us=1373.634 err_pct=+16.3 bw_gbps=46.2 memset_us=333.812 other_dev_us=897.766 total_dev_us=2412.318 kernel_us_min=1178.374 kernel_us_median=1180.740 kernel_us_mean=1182.072 kernel_us_std=3.089 kernel_us_cv=0.26 reps=7
TIMING_RUN mmwd M=8192 K=2048 N=1024 m=4 n=4 k=1 26s
-- mmwd M=8192 K=2048 N=1024 split m=4 n=8 k=1 (cores=32 M/m=2048 N/n=128)
  op_it_space_splits={d0: 4, d1: 8, d2: 1}
  op_it_space_splits={d0: 4, d1: 8, d2: 1}
  op_it_space_splits={d0: 4, d1: 8, d2: 1}
  op_it_space_splits={d0: 4, d1: 8, d2: 1}
  op_it_space_splits={d0: 4, d1: 8, d2: 1}
  op_it_space_splits={d0: 4, d1: 8, d2: 1}
  op_it_space_splits={d0: 4, d1: 8, d2: 1}
  op_it_space_splits={d0: 4, d1: 8, d2: 1}
  op_it_space_splits={d0: 4, d1: 8, d2: 1}
  op_it_space_splits={d0: 4, d1: 8, d2: 1}
  op_it_space_splits={d0: 4, d1: 8, d2: 1}
  op_it_space_splits={d0: 4, d1: 8, d2: 1}
IO -- device-layout I/O (cost model, stick-padded) --
IO   op mm [reduction]
IO     output op0                    torch [8192, 1024] -> device [16, 8192, 64] in HBM = 8388608 elems x 2B = 16777216 B  (hbm counted: 16777216 B)
IO     input  arg0_1                 torch [8192, 2048] -> device [32, 8192, 64] in HBM = 16777216 elems x 2B = 33554432 B  (hbm counted: 33554432 B)
IO     input  arg1_1                 torch [2048, 1024] -> device [16, 2048, 64] in HBM = 2097152 elems x 2B = 4194304 B  (hbm counted: 4194304 B)
IO   => HBM I/O total = 54525952 B  (lx 0 B, ~free)
MODEL -- estimate (turnaround): T = compute + (R+W)/BW_PEAK + a*min(R,W) --
MODEL   R=37748736 B (read)   W=16777216 B (write)   loop_trip L=1
MODEL   compute = MACs/cores/(mac_peak*pt_eff) = 17179869184/32/(1140*1.000) = 470.94 us  (M/m=2048, pt_eff=1.000)
MODEL   base = R/150+W/150 = 363.51 us
MODEL   turn = a*min(R,W) = 0.00574*16777216 = 96.30 us
MODEL   => T_model = 940.61 us
MODEL FEATS [{"name":"mm","is_reduction":true,"out_elems":8388608,"cores":32,"dtype_bytes":2,"args":[{"name":"op0","role":"output","mem":"hbm","elems":8388608,"broadcast":false,"dims":[16,8192,64],"logical":[8192,1024],"loop_factor":1},{"name":"arg0_1","role":"input","mem":"hbm","elems":16777216,"broadcast":false,"dims":[32,8192,64],"logical":[8192,2048],"loop_factor":1},{"name":"arg1_1","role":"input","mem":"hbm","elems":2097152,"broadcast":false,"dims":[16,2048,64],"logical":[2048,1024],"loop_factor":1}],"reduction_cores":1,"loop_trip":1,"tiles_output_dim":false,"tile_rows_per_core":0.0,"is_matmul":true,"matmul_macs":17179869184,"matmul_rows_per_core":2048.0,"matmul_cols_per_core":128.0,"matmul_a_bytes":33554432,"matmul_b_bytes":4194304,"matmul_m_split":4,"matmul_n_split":8,"hbm_pattern":""}]
TIMING op=mmwd reps=7/7 prof_wall_s=10.77 per_rep_s=1.538
SUMMARY op=mmwd rows=8192 cols=2048 cores=32 tiles=0 lx=1 io_hbm_bytes=54525952 kernel_us=695.625 pred_us=940.607 err_pct=+35.2 bw_gbps=78.4 memset_us=331.364 other_dev_us=870.420 total_dev_us=1897.409 kernel_us_min=689.761 kernel_us_median=695.625 kernel_us_mean=695.928 kernel_us_std=3.384 kernel_us_cv=0.49 reps=7
TIMING_RUN mmwd M=8192 K=2048 N=1024 m=4 n=8 k=1 34s
## MMCORE DONE in 1260s
## BMMLAY -- full bmm, {[0,1,2],[1,0,2]}^2 layouts, many B + shapes
-- bmm_layout B=2 M=1024 K=2048 N=1024 b=1 m=4 n=8 k=1 layoutA=0,1,2 layoutB=0,1,2
  op_it_space_splits={d0: 1, d1: 4, d2: 8, d3: 1}
  op_it_space_splits={d0: 1, d1: 4, d2: 8, d3: 1}
  op_it_space_splits={d0: 1, d1: 4, d2: 8, d3: 1}
  op_it_space_splits={d0: 1, d1: 4, d2: 8, d3: 1}
  op_it_space_splits={d0: 1, d1: 4, d2: 8, d3: 1}
  op_it_space_splits={d0: 1, d1: 4, d2: 8, d3: 1}
  op_it_space_splits={d0: 1, d1: 4, d2: 8, d3: 1}
  op_it_space_splits={d0: 1, d1: 4, d2: 8, d3: 1}
  op_it_space_splits={d0: 1, d1: 4, d2: 8, d3: 1}
  op_it_space_splits={d0: 1, d1: 4, d2: 8, d3: 1}
  op_it_space_splits={d0: 1, d1: 4, d2: 8, d3: 1}
  op_it_space_splits={d0: 1, d1: 4, d2: 8, d3: 1}
IO -- device-layout I/O (cost model, stick-padded) --
IO   op bmm [reduction]
IO     output op0                    torch [2, 1024, 1024] -> device [1024, 16, 2, 64] in HBM = 2097152 elems x 2B = 4194304 B  (hbm counted: 4194304 B)
IO     input  arg0_1                 torch [2, 1024, 2048] -> device [1024, 32, 2, 64] in HBM = 4194304 elems x 2B = 8388608 B  (hbm counted: 8388608 B)
IO     input  arg1_1                 torch [2, 2048, 1024] -> device [2048, 16, 2, 64] in HBM = 4194304 elems x 2B = 8388608 B  (hbm counted: 8388608 B)
IO   => HBM I/O total = 20971520 B  (lx 0 B, ~free)
MODEL -- estimate (turnaround): T = compute + (R+W)/BW_PEAK + a*min(R,W) --
MODEL   R=16777216 B (read)   W=4194304 B (write)   loop_trip L=1
MODEL   compute = MACs/cores/(mac_peak*pt_eff) = 4294967296/32/(1140*1.000) = 117.73 us  (M/m=256, pt_eff=1.000)
MODEL   base = R/150+W/150 = 139.81 us
MODEL   turn = a*min(R,W) = 0.00574*4194304 = 24.08 us
MODEL   => T_model = 227.46 us
MODEL FEATS [{"name":"bmm","is_reduction":true,"out_elems":2097152,"cores":32,"dtype_bytes":2,"args":[{"name":"op0","role":"output","mem":"hbm","elems":2097152,"broadcast":false,"dims":[1024,16,2,64],"logical":[2,1024,1024],"loop_factor":1},{"name":"arg0_1","role":"input","mem":"hbm","elems":4194304,"broadcast":false,"dims":[1024,32,2,64],"logical":[2,1024,2048],"loop_factor":1},{"name":"arg1_1","role":"input","mem":"hbm","elems":4194304,"broadcast":false,"dims":[2048,16,2,64],"logical":[2,2048,1024],"loop_factor":1}],"reduction_cores":1,"loop_trip":1,"tiles_output_dim":false,"tile_rows_per_core":0.0,"is_matmul":true,"matmul_macs":4294967296,"matmul_rows_per_core":256.0,"matmul_cols_per_core":128.0,"matmul_a_bytes":4194304,"matmul_b_bytes":4194304,"matmul_m_split":4,"matmul_n_split":8,"hbm_pattern":""}]
TIMING op=bmm_layout reps=7/7 prof_wall_s=8.98 per_rep_s=1.282
SUMMARY op=bmm_layout rows=1024 cols=2048 cores=32 tiles=0 lx=1 io_hbm_bytes=20971520 kernel_us=469.611 pred_us=227.462 err_pct=-51.6 bw_gbps=44.7 memset_us=193.187 other_dev_us=389.052 total_dev_us=1051.850 kernel_us_min=467.220 kernel_us_median=469.611 kernel_us_mean=469.647 kernel_us_std=1.623 kernel_us_cv=0.35 reps=7
TIMING_RUN bmm_layout B=2 1024x2048x1024 0,1,2/0,1,2 35s
-- bmm_layout B=2 M=1024 K=2048 N=1024 b=1 m=4 n=8 k=1 layoutA=1,0,2 layoutB=0,1,2
  op_it_space_splits={d0: 1, d1: 4, d2: 8, d3: 1}
  op_it_space_splits={d0: 1, d1: 4, d2: 8, d3: 1}
  op_it_space_splits={d0: 1, d1: 4, d2: 8, d3: 1}
  op_it_space_splits={d0: 1, d1: 4, d2: 8, d3: 1}
  op_it_space_splits={d0: 1, d1: 4, d2: 8, d3: 1}
  op_it_space_splits={d0: 1, d1: 4, d2: 8, d3: 1}
  op_it_space_splits={d0: 1, d1: 4, d2: 8, d3: 1}
  op_it_space_splits={d0: 1, d1: 4, d2: 8, d3: 1}
  op_it_space_splits={d0: 1, d1: 4, d2: 8, d3: 1}
  op_it_space_splits={d0: 1, d1: 4, d2: 8, d3: 1}
  op_it_space_splits={d0: 1, d1: 4, d2: 8, d3: 1}
  op_it_space_splits={d0: 1, d1: 4, d2: 8, d3: 1}
IO -- device-layout I/O (cost model, stick-padded) --
IO   op bmm [reduction]
IO     output op0                    torch [2, 1024, 1024] -> device [1024, 16, 2, 64] in HBM = 2097152 elems x 2B = 4194304 B  (hbm counted: 4194304 B)
IO     input  arg0_1                 torch [2, 1024, 2048] -> device [2, 32, 1024, 64] in HBM = 4194304 elems x 2B = 8388608 B  (hbm counted: 8388608 B)
IO     input  arg1_1                 torch [2, 2048, 1024] -> device [2048, 16, 2, 64] in HBM = 4194304 elems x 2B = 8388608 B  (hbm counted: 8388608 B)
IO   => HBM I/O total = 20971520 B  (lx 0 B, ~free)
MODEL -- estimate (turnaround): T = compute + (R+W)/BW_PEAK + a*min(R,W) --
MODEL   R=16777216 B (read)   W=4194304 B (write)   loop_trip L=1
MODEL   compute = MACs/cores/(mac_peak*pt_eff) = 4294967296/32/(1140*1.000) = 117.73 us  (M/m=256, pt_eff=1.000)
MODEL   base = R/150+W/150 = 139.81 us
MODEL   turn = a*min(R,W) = 0.00574*4194304 = 24.08 us
MODEL   => T_model = 227.46 us
MODEL FEATS [{"name":"bmm","is_reduction":true,"out_elems":2097152,"cores":32,"dtype_bytes":2,"args":[{"name":"op0","role":"output","mem":"hbm","elems":2097152,"broadcast":false,"dims":[1024,16,2,64],"logical":[2,1024,1024],"loop_factor":1},{"name":"arg0_1","role":"input","mem":"hbm","elems":4194304,"broadcast":false,"dims":[2,32,1024,64],"logical":[2,1024,2048],"loop_factor":1},{"name":"arg1_1","role":"input","mem":"hbm","elems":4194304,"broadcast":false,"dims":[2048,16,2,64],"logical":[2,2048,1024],"loop_factor":1}],"reduction_cores":1,"loop_trip":1,"tiles_output_dim":false,"tile_rows_per_core":0.0,"is_matmul":true,"matmul_macs":4294967296,"matmul_rows_per_core":256.0,"matmul_cols_per_core":128.0,"matmul_a_bytes":4194304,"matmul_b_bytes":4194304,"matmul_m_split":4,"matmul_n_split":8,"hbm_pattern":""}]
TIMING op=bmm_layout reps=7/7 prof_wall_s=10.30 per_rep_s=1.472
SUMMARY op=bmm_layout rows=1024 cols=2048 cores=32 tiles=0 lx=1 io_hbm_bytes=20971520 kernel_us=304.087 pred_us=227.462 err_pct=-25.2 bw_gbps=69.0 memset_us=184.575 other_dev_us=444.310 total_dev_us=932.972 kernel_us_min=300.672 kernel_us_median=304.087 kernel_us_mean=303.915 kernel_us_std=1.799 kernel_us_cv=0.59 reps=7
TIMING_RUN bmm_layout B=2 1024x2048x1024 1,0,2/0,1,2 32s
-- bmm_layout B=2 M=1024 K=2048 N=1024 b=1 m=4 n=8 k=1 layoutA=0,1,2 layoutB=1,0,2
