==== outlier sweep Thu Jul 23 07:06:59 UTC 2026 ====
git: c201383  sections: NOISE0  reps: 7
## NOISE0 -- control + flagged noisy points, x3 invocations, 10 reps each
-- neg [2048,2048] lx=0
SUMMARY neg [2048,2048] lx=0 FAILED
FAILDIAG                                     ^^^^^^^^^^^^^^^^^^^^^^^
FAILDIAG   File "/home/haoyang/torch-spyre/torch_spyre/__init__.py", line 88, in manual_seed_all
FAILDIAG     self._lazy_init()
FAILDIAG   File "/home/haoyang/torch-spyre/torch_spyre/__init__.py", line 73, in _lazy_init
FAILDIAG     self._C.start_runtime()
FAILDIAG RuntimeError: {"Device":"/dev/vfio/28","action":"information","category":"configuration","code":"0x332b","description":"The specified PCIe address was not found in the /dev/vfio subsystem.  This is likely due to a software misconfiguration.","errno":"Device or resource busy","message":"Failed to open the IBM Spyre VFIO device.","name":"RAS::VFIO::DeviceOpenFail","severity":"ERROR","step":"Validate user environment configuration","type":"runtime_error"}
TIMING_RUN neg [2048,2048] 5s
-- write [2048,16384] lx=0
SUMMARY write [2048,16384] lx=0 FAILED
FAILDIAG                                     ^^^^^^^^^^^^^^^^^^^^^^^
FAILDIAG   File "/home/haoyang/torch-spyre/torch_spyre/__init__.py", line 88, in manual_seed_all
FAILDIAG     self._lazy_init()
FAILDIAG   File "/home/haoyang/torch-spyre/torch_spyre/__init__.py", line 73, in _lazy_init
FAILDIAG     self._C.start_runtime()
FAILDIAG RuntimeError: {"Device":"/dev/vfio/28","action":"information","category":"configuration","code":"0x332b","description":"The specified PCIe address was not found in the /dev/vfio subsystem.  This is likely due to a software misconfiguration.","errno":"Device or resource busy","message":"Failed to open the IBM Spyre VFIO device.","name":"RAS::VFIO::DeviceOpenFail","severity":"ERROR","step":"Validate user environment configuration","type":"runtime_error"}
TIMING_RUN write [2048,16384] 4s
-- bcast [256,16384] lx=0
SUMMARY bcast [256,16384] lx=0 FAILED
FAILDIAG                                     ^^^^^^^^^^^^^^^^^^^^^^^
FAILDIAG   File "/home/haoyang/torch-spyre/torch_spyre/__init__.py", line 88, in manual_seed_all
FAILDIAG     self._lazy_init()
FAILDIAG   File "/home/haoyang/torch-spyre/torch_spyre/__init__.py", line 73, in _lazy_init
FAILDIAG     self._C.start_runtime()
FAILDIAG RuntimeError: {"Device":"/dev/vfio/28","action":"information","category":"configuration","code":"0x332b","description":"The specified PCIe address was not found in the /dev/vfio subsystem.  This is likely due to a software misconfiguration.","errno":"Device or resource busy","message":"Failed to open the IBM Spyre VFIO device.","name":"RAS::VFIO::DeviceOpenFail","severity":"ERROR","step":"Validate user environment configuration","type":"runtime_error"}
TIMING_RUN bcast [256,16384] 5s
-- mulbcast [2048,1024] lx=0
SUMMARY mulbcast [2048,1024] lx=0 FAILED
FAILDIAG                                     ^^^^^^^^^^^^^^^^^^^^^^^
FAILDIAG   File "/home/haoyang/torch-spyre/torch_spyre/__init__.py", line 88, in manual_seed_all
FAILDIAG     self._lazy_init()
FAILDIAG   File "/home/haoyang/torch-spyre/torch_spyre/__init__.py", line 73, in _lazy_init
FAILDIAG     self._C.start_runtime()
FAILDIAG RuntimeError: {"Device":"/dev/vfio/28","action":"information","category":"configuration","code":"0x332b","description":"The specified PCIe address was not found in the /dev/vfio subsystem.  This is likely due to a software misconfiguration.","errno":"Device or resource busy","message":"Failed to open the IBM Spyre VFIO device.","name":"RAS::VFIO::DeviceOpenFail","severity":"ERROR","step":"Validate user environment configuration","type":"runtime_error"}
TIMING_RUN mulbcast [2048,1024] 5s
-- neg [2048,2048] lx=0
SUMMARY neg [2048,2048] lx=0 FAILED
FAILDIAG                                     ^^^^^^^^^^^^^^^^^^^^^^^
FAILDIAG   File "/home/haoyang/torch-spyre/torch_spyre/__init__.py", line 88, in manual_seed_all
FAILDIAG     self._lazy_init()
FAILDIAG   File "/home/haoyang/torch-spyre/torch_spyre/__init__.py", line 73, in _lazy_init
FAILDIAG     self._C.start_runtime()
FAILDIAG RuntimeError: {"Device":"/dev/vfio/28","action":"information","category":"configuration","code":"0x332b","description":"The specified PCIe address was not found in the /dev/vfio subsystem.  This is likely due to a software misconfiguration.","errno":"Device or resource busy","message":"Failed to open the IBM Spyre VFIO device.","name":"RAS::VFIO::DeviceOpenFail","severity":"ERROR","step":"Validate user environment configuration","type":"runtime_error"}
TIMING_RUN neg [2048,2048] 4s
-- write [2048,16384] lx=0
SUMMARY write [2048,16384] lx=0 FAILED
FAILDIAG                                     ^^^^^^^^^^^^^^^^^^^^^^^
FAILDIAG   File "/home/haoyang/torch-spyre/torch_spyre/__init__.py", line 88, in manual_seed_all
FAILDIAG     self._lazy_init()
FAILDIAG   File "/home/haoyang/torch-spyre/torch_spyre/__init__.py", line 73, in _lazy_init
FAILDIAG     self._C.start_runtime()
FAILDIAG RuntimeError: {"Device":"/dev/vfio/28","action":"information","category":"configuration","code":"0x332b","description":"The specified PCIe address was not found in the /dev/vfio subsystem.  This is likely due to a software misconfiguration.","errno":"Device or resource busy","message":"Failed to open the IBM Spyre VFIO device.","name":"RAS::VFIO::DeviceOpenFail","severity":"ERROR","step":"Validate user environment configuration","type":"runtime_error"}
TIMING_RUN write [2048,16384] 5s
-- bcast [256,16384] lx=0
SUMMARY bcast [256,16384] lx=0 FAILED
FAILDIAG                                     ^^^^^^^^^^^^^^^^^^^^^^^
FAILDIAG   File "/home/haoyang/torch-spyre/torch_spyre/__init__.py", line 88, in manual_seed_all
FAILDIAG     self._lazy_init()
FAILDIAG   File "/home/haoyang/torch-spyre/torch_spyre/__init__.py", line 73, in _lazy_init
FAILDIAG     self._C.start_runtime()
FAILDIAG RuntimeError: {"Device":"/dev/vfio/28","action":"information","category":"configuration","code":"0x332b","description":"The specified PCIe address was not found in the /dev/vfio subsystem.  This is likely due to a software misconfiguration.","errno":"Device or resource busy","message":"Failed to open the IBM Spyre VFIO device.","name":"RAS::VFIO::DeviceOpenFail","severity":"ERROR","step":"Validate user environment configuration","type":"runtime_error"}
TIMING_RUN bcast [256,16384] 5s
-- mulbcast [2048,1024] lx=0
SUMMARY mulbcast [2048,1024] lx=0 FAILED
FAILDIAG                                     ^^^^^^^^^^^^^^^^^^^^^^^
FAILDIAG   File "/home/haoyang/torch-spyre/torch_spyre/__init__.py", line 88, in manual_seed_all
FAILDIAG     self._lazy_init()
FAILDIAG   File "/home/haoyang/torch-spyre/torch_spyre/__init__.py", line 73, in _lazy_init
FAILDIAG     self._C.start_runtime()
FAILDIAG RuntimeError: {"Device":"/dev/vfio/28","action":"information","category":"configuration","code":"0x332b","description":"The specified PCIe address was not found in the /dev/vfio subsystem.  This is likely due to a software misconfiguration.","errno":"Device or resource busy","message":"Failed to open the IBM Spyre VFIO device.","name":"RAS::VFIO::DeviceOpenFail","severity":"ERROR","step":"Validate user environment configuration","type":"runtime_error"}
TIMING_RUN mulbcast [2048,1024] 5s
-- neg [2048,2048] lx=0
SUMMARY neg [2048,2048] lx=0 FAILED
FAILDIAG                                     ^^^^^^^^^^^^^^^^^^^^^^^
FAILDIAG   File "/home/haoyang/torch-spyre/torch_spyre/__init__.py", line 88, in manual_seed_all
FAILDIAG     self._lazy_init()
FAILDIAG   File "/home/haoyang/torch-spyre/torch_spyre/__init__.py", line 73, in _lazy_init
FAILDIAG     self._C.start_runtime()
FAILDIAG RuntimeError: {"Device":"/dev/vfio/28","action":"information","category":"configuration","code":"0x332b","description":"The specified PCIe address was not found in the /dev/vfio subsystem.  This is likely due to a software misconfiguration.","errno":"Device or resource busy","message":"Failed to open the IBM Spyre VFIO device.","name":"RAS::VFIO::DeviceOpenFail","severity":"ERROR","step":"Validate user environment configuration","type":"runtime_error"}
TIMING_RUN neg [2048,2048] 5s
-- write [2048,16384] lx=0
  op_it_space_splits={d0: 32, d1: 1}
IO -- device-layout I/O (cost model, stick-padded) --
IO   op add
IO     output op0                    torch [2048, 16384] -> device [256, 2048, 64] in HBM = 33554432 elems x 2B = 67108864 B  (hbm counted: 67108864 B)
IO     input  arg0_1                 torch [1, 16384] -> device [256, 1, 64] in HBM = 16384 elems x 2B = 32768 B  (hbm counted: 32768 B) broadcast (loaded once)
IO     input  arg1_1                 torch [2048, 1] -> device [1, 2048, 64] in HBM = 131072 elems x 2B = 262144 B  (hbm counted: 262144 B) broadcast (loaded once)
IO   => HBM I/O total = 67403776 B  (lx 0 B, ~free)
MODEL -- estimate (turnaround): T = (R+W)/BW_PEAK + a*min(R,W) --
MODEL   R=294912 B (read)   W=67108864 B (write)   loop_trip L=1
MODEL   base = (R+W)/150 = 449.36 us
MODEL   turn = a*min(R,W) = 0.00574*294912 = 1.69 us
MODEL   => T_model = 982.91 us
MODEL FEATS [{"name":"add","is_reduction":false,"out_elems":33554432,"cores":32,"dtype_bytes":2,"args":[{"name":"op0","role":"output","mem":"hbm","elems":33554432,"broadcast":false,"dims":[256,2048,64],"logical":[2048,16384],"loop_factor":1},{"name":"arg0_1","role":"input","mem":"hbm","elems":16384,"broadcast":true,"dims":[256,1,64],"logical":[1,16384],"loop_factor":1},{"name":"arg1_1","role":"input","mem":"hbm","elems":131072,"broadcast":true,"dims":[1,2048,64],"logical":[2048,1],"loop_factor":1}],"reduction_cores":1,"loop_trip":1,"tiles_output_dim":false,"tile_rows_per_core":0.0,"is_matmul":false,"matmul_macs":0,"matmul_rows_per_core":0.0,"matmul_cols_per_core":0.0,"matmul_a_bytes":0,"matmul_b_bytes":0,"matmul_m_split":1,"matmul_n_split":1,"hbm_pattern":""}]
TIMING op=write reps=10/10 prof_wall_s=1.26 per_rep_s=0.126
SUMMARY op=write rows=2048 cols=16384 cores=32 tiles=0 lx=0 io_hbm_bytes=67403776 kernel_us=1214.380 pred_us=982.908 err_pct=-19.1 bw_gbps=55.5 memset_us=1102.588 other_dev_us=5719.467 total_dev_us=8036.435 kernel_us_min=1190.014 kernel_us_median=1214.380 kernel_us_mean=1259.106 kernel_us_std=71.490 kernel_us_cv=5.68 reps=10
TIMING_RUN write [2048,16384] 14s
-- bcast [256,16384] lx=0
SUMMARY bcast [256,16384] lx=0 FAILED
FAILDIAG                                     ^^^^^^^^^^^^^^^^^^^^^^^
FAILDIAG   File "/home/haoyang/torch-spyre/torch_spyre/__init__.py", line 88, in manual_seed_all
FAILDIAG     self._lazy_init()
FAILDIAG   File "/home/haoyang/torch-spyre/torch_spyre/__init__.py", line 73, in _lazy_init
FAILDIAG     self._C.start_runtime()
FAILDIAG RuntimeError: {"Device":"/dev/vfio/28","action":"information","category":"configuration","code":"0x332b","description":"The specified PCIe address was not found in the /dev/vfio subsystem.  This is likely due to a software misconfiguration.","errno":"Device or resource busy","message":"Failed to open the IBM Spyre VFIO device.","name":"RAS::VFIO::DeviceOpenFail","severity":"ERROR","step":"Validate user environment configuration","type":"runtime_error"}
TIMING_RUN bcast [256,16384] 4s
-- mulbcast [2048,1024] lx=0
SUMMARY mulbcast [2048,1024] lx=0 FAILED
FAILDIAG                                     ^^^^^^^^^^^^^^^^^^^^^^^
FAILDIAG   File "/home/haoyang/torch-spyre/torch_spyre/__init__.py", line 88, in manual_seed_all
FAILDIAG     self._lazy_init()
FAILDIAG   File "/home/haoyang/torch-spyre/torch_spyre/__init__.py", line 73, in _lazy_init
FAILDIAG     self._C.start_runtime()
FAILDIAG RuntimeError: {"Device":"/dev/vfio/28","action":"information","category":"configuration","code":"0x332b","description":"The specified PCIe address was not found in the /dev/vfio subsystem.  This is likely due to a software misconfiguration.","errno":"Device or resource busy","message":"Failed to open the IBM Spyre VFIO device.","name":"RAS::VFIO::DeviceOpenFail","severity":"ERROR","step":"Validate user environment configuration","type":"runtime_error"}
TIMING_RUN mulbcast [2048,1024] 6s
## NOISE0 DONE in 67s
==== runs DONE (67s total) -> parsing haoyang_logs/outlier_20260723_070659.log into notes/sweep_records.* ====
==== outlier sweep COMPLETE -- forward haoyang_logs/outlier_20260723_070659.log + notes/sweep_records.* + haoyang_logs/ir/ ====
