==== golden profiler re-sweep Thu Jun 18 20:53:08 UTC 2026 ====
git: ad8aca3  rows: 2048  sections: B C D E F
## B arithmetic-free
IO -- device-layout I/O (cost model, stick-padded) --
IO   op exp
IO     output [64, 2048, 64] in hbm = 8388608 elems x 2B = 16777216 B  (hbm counted: 16777216 B)
IO     input  [64, 2048, 64] in hbm = 8388608 elems x 2B = 16777216 B  (hbm counted: 16777216 B)
IO   => HBM I/O total = 33554432 B  (lx 0 B, ~free)
SUMMARY op=exp rows=2048 cols=4096 io_hbm_bytes=33554432 kernel_us=0.000 bw_gbps=0.0 memset_us=0.000 other_dev_us=0.000 total_dev_us=0.000
## C traffic / stream count
IO -- device-layout I/O (cost model, stick-padded) --
IO   op mul
IO     output [64, 2048, 64] in hbm = 8388608 elems x 2B = 16777216 B  (hbm counted: 16777216 B)
IO     input  [64, 2048, 64] in hbm = 8388608 elems x 2B = 16777216 B  (hbm counted: 16777216 B)
IO     input  [64, 2048, 64] in hbm = 8388608 elems x 2B = 16777216 B  (hbm counted: 16777216 B)
IO   => HBM I/O total = 50331648 B  (lx 0 B, ~free)
SUMMARY op=mul rows=2048 cols=4096 io_hbm_bytes=50331648 kernel_us=0.000 bw_gbps=0.0 memset_us=0.000 other_dev_us=0.000 total_dev_us=0.000
IO -- device-layout I/O (cost model, stick-padded) --
IO   op add
IO     output [64, 2048, 64] in lx = 8388608 elems x 2B = 16777216 B  (hbm counted: 0 B)
IO     input  [64, 2048, 64] in hbm = 8388608 elems x 2B = 16777216 B  (hbm counted: 16777216 B)
IO     input  [64, 2048, 64] in hbm = 8388608 elems x 2B = 16777216 B  (hbm counted: 16777216 B)
IO   op add_1
IO     output [64, 2048, 64] in hbm = 8388608 elems x 2B = 16777216 B  (hbm counted: 16777216 B)
IO     input  [64, 2048, 64] in lx = 8388608 elems x 2B = 16777216 B  (hbm counted: 0 B)
IO     input  [64, 2048, 64] in hbm = 8388608 elems x 2B = 16777216 B  (hbm counted: 16777216 B)
IO   => HBM I/O total = 67108864 B  (lx 33554432 B, ~free)
SUMMARY op=add3 rows=2048 cols=4096 io_hbm_bytes=67108864 kernel_us=0.000 bw_gbps=0.0 memset_us=0.000 other_dev_us=0.000 total_dev_us=0.000
IO -- device-layout I/O (cost model, stick-padded) --
IO   op add
IO     output [64, 2048, 64] in lx = 8388608 elems x 2B = 16777216 B  (hbm counted: 0 B)
IO     input  [64, 2048, 64] in hbm = 8388608 elems x 2B = 16777216 B  (hbm counted: 16777216 B)
IO     input  [64, 2048, 64] in hbm = 8388608 elems x 2B = 16777216 B  (hbm counted: 16777216 B)
IO   op add_1
IO     output [64, 2048, 64] in lx = 8388608 elems x 2B = 16777216 B  (hbm counted: 0 B)
IO     input  [64, 2048, 64] in lx = 8388608 elems x 2B = 16777216 B  (hbm counted: 0 B)
IO     input  [64, 2048, 64] in hbm = 8388608 elems x 2B = 16777216 B  (hbm counted: 16777216 B)
IO   op add_2
IO     output [64, 2048, 64] in hbm = 8388608 elems x 2B = 16777216 B  (hbm counted: 16777216 B)
IO     input  [64, 2048, 64] in lx = 8388608 elems x 2B = 16777216 B  (hbm counted: 0 B)
IO     input  [64, 2048, 64] in hbm = 8388608 elems x 2B = 16777216 B  (hbm counted: 16777216 B)
IO   => HBM I/O total = 83886080 B  (lx 67108864 B, ~free)
SUMMARY op=add4 rows=2048 cols=4096 io_hbm_bytes=83886080 kernel_us=0.000 bw_gbps=0.0 memset_us=0.000 other_dev_us=0.000 total_dev_us=0.000
## D bandwidth read/write/balanced
