==== REDUCTION-CORES Wed Jul 29 08:47:36 UTC 2026  git:c87ef4a  reps:7 ====
-- read ROWS=2048 COLS=8192 sencores=1
IO -- device-layout I/O (cost model, stick-padded) --
IO   op sum_1 [reduction]
IO     output op0                    torch [2048] -> device [1, 2048, 64] in HBM = 131072 elems x 2B = 262144 B  (hbm counted: 262144 B)
IO     input  arg0_1                 torch [2048, 8192] -> device [128, 2048, 64] in HBM = 16777216 elems x 2B = 33554432 B  (hbm counted: 33554432 B)
IO   => HBM I/O total = 33816576 B  (lx 0 B, ~free)
MODEL -- estimate (turnaround): T = (R+W)/BW_PEAK + a*min(R,W) --
MODEL   R=33554432 B (read)   W=262144 B (write)   loop_trip L=1
MODEL   base = (R+W)/150 = 225.44 us
MODEL   turn = a*min(R,W) = 0.00574*262144 = 1.50 us
MODEL   => T_model = 2062.27 us
MODEL FEATS [{"name":"sum_1","is_reduction":true,"out_elems":131072,"cores":1,"dtype_bytes":2,"args":[{"name":"op0","role":"output","mem":"hbm","elems":131072,"broadcast":false,"dims":[1,2048,64],"logical":[2048],"loop_factor":1},{"name":"arg0_1","role":"input","mem":"hbm","elems":16777216,"broadcast":false,"dims":[128,2048,64],"logical":[2048,8192],"loop_factor":1}],"reduction_cores":1,"loop_trip":1,"tiles_output_dim":false,"tile_rows_per_core":0.0,"is_matmul":false,"matmul_macs":0,"matmul_rows_per_core":0.0,"matmul_cols_per_core":0.0,"matmul_a_bytes":0,"matmul_b_bytes":0,"matmul_m_split":1,"matmul_n_split":1,"hbm_pattern":""}]
TIMING op=read reps=7/7 prof_wall_s=0.11 per_rep_s=0.015
SUMMARY op=read rows=2048 cols=8192 cores=1 tiles=0 lx=1 io_hbm_bytes=33816576 kernel_us=2059.396 pred_us=2062.269 err_pct=+0.1 bw_gbps=16.4 memset_us=29.644 other_dev_us=123.291 total_dev_us=2212.331 kernel_us_min=2015.912 kernel_us_median=2059.396 kernel_us_mean=2075.472 kernel_us_std=45.362 kernel_us_cv=2.19 reps=7
TIMING_RUN read 2048/8192 c1 13s
-- read ROWS=2048 COLS=8192 sencores=2
IO -- device-layout I/O (cost model, stick-padded) --
IO   op sum_1 [reduction]
IO     output op0                    torch [2048] -> device [1, 2048, 64] in HBM = 131072 elems x 2B = 262144 B  (hbm counted: 262144 B)
IO     input  arg0_1                 torch [2048, 8192] -> device [128, 2048, 64] in HBM = 16777216 elems x 2B = 33554432 B  (hbm counted: 33554432 B)
IO   => HBM I/O total = 33816576 B  (lx 0 B, ~free)
MODEL -- estimate (turnaround): T = (R+W)/BW_PEAK + a*min(R,W) --
MODEL   R=33554432 B (read)   W=262144 B (write)   loop_trip L=1
MODEL   base = (R+W)/150 = 225.44 us
MODEL   turn = a*min(R,W) = 0.00574*262144 = 1.50 us
MODEL   => T_model = 1031.13 us
MODEL FEATS [{"name":"sum_1","is_reduction":true,"out_elems":131072,"cores":2,"dtype_bytes":2,"args":[{"name":"op0","role":"output","mem":"hbm","elems":131072,"broadcast":false,"dims":[1,2048,64],"logical":[2048],"loop_factor":1},{"name":"arg0_1","role":"input","mem":"hbm","elems":16777216,"broadcast":false,"dims":[128,2048,64],"logical":[2048,8192],"loop_factor":1}],"reduction_cores":1,"loop_trip":1,"tiles_output_dim":false,"tile_rows_per_core":0.0,"is_matmul":false,"matmul_macs":0,"matmul_rows_per_core":0.0,"matmul_cols_per_core":0.0,"matmul_a_bytes":0,"matmul_b_bytes":0,"matmul_m_split":1,"matmul_n_split":1,"hbm_pattern":""}]
TIMING op=read reps=7/7 prof_wall_s=0.10 per_rep_s=0.015
SUMMARY op=read rows=2048 cols=8192 cores=2 tiles=0 lx=1 io_hbm_bytes=33816576 kernel_us=1054.109 pred_us=1031.134 err_pct=-2.2 bw_gbps=32.1 memset_us=29.909 other_dev_us=125.772 total_dev_us=1209.790 kernel_us_min=1025.430 kernel_us_median=1054.109 kernel_us_mean=1048.788 kernel_us_std=12.380 kernel_us_cv=1.18 reps=7
TIMING_RUN read 2048/8192 c2 12s
-- read ROWS=2048 COLS=8192 sencores=4
IO -- device-layout I/O (cost model, stick-padded) --
IO   op sum_1 [reduction]
IO     output op0                    torch [2048] -> device [1, 2048, 64] in HBM = 131072 elems x 2B = 262144 B  (hbm counted: 262144 B)
IO     input  arg0_1                 torch [2048, 8192] -> device [128, 2048, 64] in HBM = 16777216 elems x 2B = 33554432 B  (hbm counted: 33554432 B)
IO   => HBM I/O total = 33816576 B  (lx 0 B, ~free)
MODEL -- estimate (turnaround): T = (R+W)/BW_PEAK + a*min(R,W) --
MODEL   R=33554432 B (read)   W=262144 B (write)   loop_trip L=1
MODEL   base = (R+W)/150 = 225.44 us
MODEL   turn = a*min(R,W) = 0.00574*262144 = 1.50 us
MODEL   => T_model = 527.56 us
MODEL FEATS [{"name":"sum_1","is_reduction":true,"out_elems":131072,"cores":4,"dtype_bytes":2,"args":[{"name":"op0","role":"output","mem":"hbm","elems":131072,"broadcast":false,"dims":[1,2048,64],"logical":[2048],"loop_factor":1},{"name":"arg0_1","role":"input","mem":"hbm","elems":16777216,"broadcast":false,"dims":[128,2048,64],"logical":[2048,8192],"loop_factor":1}],"reduction_cores":1,"loop_trip":1,"tiles_output_dim":false,"tile_rows_per_core":0.0,"is_matmul":false,"matmul_macs":0,"matmul_rows_per_core":0.0,"matmul_cols_per_core":0.0,"matmul_a_bytes":0,"matmul_b_bytes":0,"matmul_m_split":1,"matmul_n_split":1,"hbm_pattern":""}]
TIMING op=read reps=7/7 prof_wall_s=0.09 per_rep_s=0.013
SUMMARY op=read rows=2048 cols=8192 cores=4 tiles=0 lx=1 io_hbm_bytes=33816576 kernel_us=551.843 pred_us=527.557 err_pct=-4.4 bw_gbps=61.3 memset_us=29.264 other_dev_us=39.659 total_dev_us=620.766 kernel_us_min=545.999 kernel_us_median=551.843 kernel_us_mean=552.211 kernel_us_std=4.167 kernel_us_cv=0.75 reps=7
TIMING_RUN read 2048/8192 c4 14s
-- read ROWS=2048 COLS=8192 sencores=8
IO -- device-layout I/O (cost model, stick-padded) --
IO   op sum_1 [reduction]
IO     output op0                    torch [2048] -> device [1, 2048, 64] in HBM = 131072 elems x 2B = 262144 B  (hbm counted: 262144 B)
IO     input  arg0_1                 torch [2048, 8192] -> device [128, 2048, 64] in HBM = 16777216 elems x 2B = 33554432 B  (hbm counted: 33554432 B)
IO   => HBM I/O total = 33816576 B  (lx 0 B, ~free)
MODEL -- estimate (turnaround): T = (R+W)/BW_PEAK + a*min(R,W) --
MODEL   R=33554432 B (read)   W=262144 B (write)   loop_trip L=1
MODEL   base = (R+W)/150 = 225.44 us
MODEL   turn = a*min(R,W) = 0.00574*262144 = 1.50 us
MODEL   => T_model = 420.09 us
MODEL FEATS [{"name":"sum_1","is_reduction":true,"out_elems":131072,"cores":8,"dtype_bytes":2,"args":[{"name":"op0","role":"output","mem":"hbm","elems":131072,"broadcast":false,"dims":[1,2048,64],"logical":[2048],"loop_factor":1},{"name":"arg0_1","role":"input","mem":"hbm","elems":16777216,"broadcast":false,"dims":[128,2048,64],"logical":[2048,8192],"loop_factor":1}],"reduction_cores":1,"loop_trip":1,"tiles_output_dim":false,"tile_rows_per_core":0.0,"is_matmul":false,"matmul_macs":0,"matmul_rows_per_core":0.0,"matmul_cols_per_core":0.0,"matmul_a_bytes":0,"matmul_b_bytes":0,"matmul_m_split":1,"matmul_n_split":1,"hbm_pattern":""}]
TIMING op=read reps=7/7 prof_wall_s=0.09 per_rep_s=0.014
SUMMARY op=read rows=2048 cols=8192 cores=8 tiles=0 lx=1 io_hbm_bytes=33816576 kernel_us=447.862 pred_us=420.092 err_pct=-6.2 bw_gbps=75.5 memset_us=27.527 other_dev_us=24.631 total_dev_us=500.020 kernel_us_min=439.121 kernel_us_median=447.862 kernel_us_mean=459.605 kernel_us_std=17.816 kernel_us_cv=3.88 reps=7
TIMING_RUN read 2048/8192 c8 13s
-- read ROWS=2048 COLS=8192 sencores=16
IO -- device-layout I/O (cost model, stick-padded) --
IO   op sum_1 [reduction]
IO     output op0                    torch [2048] -> device [1, 2048, 64] in HBM = 131072 elems x 2B = 262144 B  (hbm counted: 262144 B)
IO     input  arg0_1                 torch [2048, 8192] -> device [128, 2048, 64] in HBM = 16777216 elems x 2B = 33554432 B  (hbm counted: 33554432 B)
IO   => HBM I/O total = 33816576 B  (lx 0 B, ~free)
MODEL -- estimate (turnaround): T = (R+W)/BW_PEAK + a*min(R,W) --
MODEL   R=33554432 B (read)   W=262144 B (write)   loop_trip L=1
MODEL   base = (R+W)/150 = 225.44 us
MODEL   turn = a*min(R,W) = 0.00574*262144 = 1.50 us
MODEL   => T_model = 420.09 us
MODEL FEATS [{"name":"sum_1","is_reduction":true,"out_elems":131072,"cores":16,"dtype_bytes":2,"args":[{"name":"op0","role":"output","mem":"hbm","elems":131072,"broadcast":false,"dims":[1,2048,64],"logical":[2048],"loop_factor":1},{"name":"arg0_1","role":"input","mem":"hbm","elems":16777216,"broadcast":false,"dims":[128,2048,64],"logical":[2048,8192],"loop_factor":1}],"reduction_cores":1,"loop_trip":1,"tiles_output_dim":false,"tile_rows_per_core":0.0,"is_matmul":false,"matmul_macs":0,"matmul_rows_per_core":0.0,"matmul_cols_per_core":0.0,"matmul_a_bytes":0,"matmul_b_bytes":0,"matmul_m_split":1,"matmul_n_split":1,"hbm_pattern":""}]
TIMING op=read reps=7/7 prof_wall_s=0.10 per_rep_s=0.014
SUMMARY op=read rows=2048 cols=8192 cores=16 tiles=0 lx=1 io_hbm_bytes=33816576 kernel_us=438.073 pred_us=420.092 err_pct=-4.1 bw_gbps=77.2 memset_us=26.158 other_dev_us=128.369 total_dev_us=592.600 kernel_us_min=423.573 kernel_us_median=438.073 kernel_us_mean=436.224 kernel_us_std=6.653 kernel_us_cv=1.53 reps=7
TIMING_RUN read 2048/8192 c16 17s
-- read ROWS=2048 COLS=8192 sencores=32
IO -- device-layout I/O (cost model, stick-padded) --
IO   op sum_1 [reduction]
IO     output op0                    torch [2048] -> device [1, 2048, 64] in HBM = 131072 elems x 2B = 262144 B  (hbm counted: 262144 B)
IO     input  arg0_1                 torch [2048, 8192] -> device [128, 2048, 64] in HBM = 16777216 elems x 2B = 33554432 B  (hbm counted: 33554432 B)
IO   => HBM I/O total = 33816576 B  (lx 0 B, ~free)
MODEL -- estimate (turnaround): T = (R+W)/BW_PEAK + a*min(R,W) --
MODEL   R=33554432 B (read)   W=262144 B (write)   loop_trip L=1
MODEL   base = (R+W)/150 = 225.44 us
MODEL   turn = a*min(R,W) = 0.00574*262144 = 1.50 us
MODEL   => T_model = 226.85 us
MODEL FEATS [{"name":"sum_1","is_reduction":true,"out_elems":131072,"cores":32,"dtype_bytes":2,"args":[{"name":"op0","role":"output","mem":"hbm","elems":131072,"broadcast":false,"dims":[1,2048,64],"logical":[2048],"loop_factor":1},{"name":"arg0_1","role":"input","mem":"hbm","elems":16777216,"broadcast":false,"dims":[128,2048,64],"logical":[2048,8192],"loop_factor":1}],"reduction_cores":1,"loop_trip":1,"tiles_output_dim":false,"tile_rows_per_core":0.0,"is_matmul":false,"matmul_macs":0,"matmul_rows_per_core":0.0,"matmul_cols_per_core":0.0,"matmul_a_bytes":0,"matmul_b_bytes":0,"matmul_m_split":1,"matmul_n_split":1,"hbm_pattern":""}]
TIMING op=read reps=7/7 prof_wall_s=0.09 per_rep_s=0.013
SUMMARY op=read rows=2048 cols=8192 cores=32 tiles=0 lx=1 io_hbm_bytes=33816576 kernel_us=220.257 pred_us=226.850 err_pct=+3.0 bw_gbps=153.5 memset_us=31.173 other_dev_us=124.670 total_dev_us=376.100 kernel_us_min=217.580 kernel_us_median=220.257 kernel_us_mean=220.036 kernel_us_std=1.127 kernel_us_cv=0.51 reps=7
TIMING_RUN read 2048/8192 c32 15s
-- read ROWS=8192 COLS=2048 sencores=1
IO -- device-layout I/O (cost model, stick-padded) --
IO   op sum_1 [reduction]
IO     output op0                    torch [8192] -> device [1, 8192, 64] in HBM = 524288 elems x 2B = 1048576 B  (hbm counted: 1048576 B)
IO     input  arg0_1                 torch [8192, 2048] -> device [32, 8192, 64] in HBM = 16777216 elems x 2B = 33554432 B  (hbm counted: 33554432 B)
IO   => HBM I/O total = 34603008 B  (lx 0 B, ~free)
MODEL -- estimate (turnaround): T = (R+W)/BW_PEAK + a*min(R,W) --
MODEL   R=33554432 B (read)   W=1048576 B (write)   loop_trip L=1
MODEL   base = (R+W)/150 = 230.69 us
MODEL   turn = a*min(R,W) = 0.00574*1048576 = 6.02 us
MODEL   => T_model = 2607.00 us
MODEL FEATS [{"name":"sum_1","is_reduction":true,"out_elems":524288,"cores":1,"dtype_bytes":2,"args":[{"name":"op0","role":"output","mem":"hbm","elems":524288,"broadcast":false,"dims":[1,8192,64],"logical":[8192],"loop_factor":1},{"name":"arg0_1","role":"input","mem":"hbm","elems":16777216,"broadcast":false,"dims":[32,8192,64],"logical":[8192,2048],"loop_factor":1}],"reduction_cores":1,"loop_trip":1,"tiles_output_dim":false,"tile_rows_per_core":0.0,"is_matmul":false,"matmul_macs":0,"matmul_rows_per_core":0.0,"matmul_cols_per_core":0.0,"matmul_a_bytes":0,"matmul_b_bytes":0,"matmul_m_split":1,"matmul_n_split":1,"hbm_pattern":""}]
TIMING op=read reps=7/7 prof_wall_s=0.11 per_rep_s=0.016
SUMMARY op=read rows=8192 cols=2048 cores=1 tiles=0 lx=1 io_hbm_bytes=34603008 kernel_us=2418.431 pred_us=2607.000 err_pct=+7.8 bw_gbps=14.3 memset_us=54.827 other_dev_us=282.345 total_dev_us=2755.603 kernel_us_min=2380.936 kernel_us_median=2418.431 kernel_us_mean=2416.907 kernel_us_std=28.074 kernel_us_cv=1.16 reps=7
TIMING_RUN read 8192/2048 c1 13s
-- read ROWS=8192 COLS=2048 sencores=2
IO -- device-layout I/O (cost model, stick-padded) --
IO   op sum_1 [reduction]
IO     output op0                    torch [8192] -> device [1, 8192, 64] in HBM = 524288 elems x 2B = 1048576 B  (hbm counted: 1048576 B)
IO     input  arg0_1                 torch [8192, 2048] -> device [32, 8192, 64] in HBM = 16777216 elems x 2B = 33554432 B  (hbm counted: 33554432 B)
IO   => HBM I/O total = 34603008 B  (lx 0 B, ~free)
MODEL -- estimate (turnaround): T = (R+W)/BW_PEAK + a*min(R,W) --
MODEL   R=33554432 B (read)   W=1048576 B (write)   loop_trip L=1
MODEL   base = (R+W)/150 = 230.69 us
MODEL   turn = a*min(R,W) = 0.00574*1048576 = 6.02 us
MODEL   => T_model = 1303.50 us
MODEL FEATS [{"name":"sum_1","is_reduction":true,"out_elems":524288,"cores":2,"dtype_bytes":2,"args":[{"name":"op0","role":"output","mem":"hbm","elems":524288,"broadcast":false,"dims":[1,8192,64],"logical":[8192],"loop_factor":1},{"name":"arg0_1","role":"input","mem":"hbm","elems":16777216,"broadcast":false,"dims":[32,8192,64],"logical":[8192,2048],"loop_factor":1}],"reduction_cores":1,"loop_trip":1,"tiles_output_dim":false,"tile_rows_per_core":0.0,"is_matmul":false,"matmul_macs":0,"matmul_rows_per_core":0.0,"matmul_cols_per_core":0.0,"matmul_a_bytes":0,"matmul_b_bytes":0,"matmul_m_split":1,"matmul_n_split":1,"hbm_pattern":""}]
TIMING op=read reps=7/7 prof_wall_s=0.10 per_rep_s=0.015
SUMMARY op=read rows=8192 cols=2048 cores=2 tiles=0 lx=1 io_hbm_bytes=34603008 kernel_us=1190.029 pred_us=1303.500 err_pct=+9.5 bw_gbps=29.1 memset_us=43.901 other_dev_us=227.177 total_dev_us=1461.107 kernel_us_min=1140.210 kernel_us_median=1190.029 kernel_us_mean=1183.138 kernel_us_std=19.695 kernel_us_cv=1.66 reps=7
TIMING_RUN read 8192/2048 c2 13s
-- read ROWS=8192 COLS=2048 sencores=4
IO -- device-layout I/O (cost model, stick-padded) --
IO   op sum_1 [reduction]
IO     output op0                    torch [8192] -> device [1, 8192, 64] in HBM = 524288 elems x 2B = 1048576 B  (hbm counted: 1048576 B)
IO     input  arg0_1                 torch [8192, 2048] -> device [32, 8192, 64] in HBM = 16777216 elems x 2B = 33554432 B  (hbm counted: 33554432 B)
IO   => HBM I/O total = 34603008 B  (lx 0 B, ~free)
MODEL -- estimate (turnaround): T = (R+W)/BW_PEAK + a*min(R,W) --
MODEL   R=33554432 B (read)   W=1048576 B (write)   loop_trip L=1
MODEL   base = (R+W)/150 = 230.69 us
MODEL   turn = a*min(R,W) = 0.00574*1048576 = 6.02 us
MODEL   => T_model = 666.91 us
MODEL FEATS [{"name":"sum_1","is_reduction":true,"out_elems":524288,"cores":4,"dtype_bytes":2,"args":[{"name":"op0","role":"output","mem":"hbm","elems":524288,"broadcast":false,"dims":[1,8192,64],"logical":[8192],"loop_factor":1},{"name":"arg0_1","role":"input","mem":"hbm","elems":16777216,"broadcast":false,"dims":[32,8192,64],"logical":[8192,2048],"loop_factor":1}],"reduction_cores":1,"loop_trip":1,"tiles_output_dim":false,"tile_rows_per_core":0.0,"is_matmul":false,"matmul_macs":0,"matmul_rows_per_core":0.0,"matmul_cols_per_core":0.0,"matmul_a_bytes":0,"matmul_b_bytes":0,"matmul_m_split":1,"matmul_n_split":1,"hbm_pattern":""}]
TIMING op=read reps=7/7 prof_wall_s=0.11 per_rep_s=0.015
SUMMARY op=read rows=8192 cols=2048 cores=4 tiles=0 lx=1 io_hbm_bytes=34603008 kernel_us=598.311 pred_us=666.907 err_pct=+11.5 bw_gbps=57.8 memset_us=46.139 other_dev_us=275.357 total_dev_us=919.807 kernel_us_min=582.251 kernel_us_median=598.311 kernel_us_mean=594.461 kernel_us_std=7.397 kernel_us_cv=1.24 reps=7
TIMING_RUN read 8192/2048 c4 13s
-- read ROWS=8192 COLS=2048 sencores=8
IO -- device-layout I/O (cost model, stick-padded) --
IO   op sum_1 [reduction]
IO     output op0                    torch [8192] -> device [1, 8192, 64] in HBM = 524288 elems x 2B = 1048576 B  (hbm counted: 1048576 B)
IO     input  arg0_1                 torch [8192, 2048] -> device [32, 8192, 64] in HBM = 16777216 elems x 2B = 33554432 B  (hbm counted: 33554432 B)
IO   => HBM I/O total = 34603008 B  (lx 0 B, ~free)
MODEL -- estimate (turnaround): T = (R+W)/BW_PEAK + a*min(R,W) --
MODEL   R=33554432 B (read)   W=1048576 B (write)   loop_trip L=1
MODEL   base = (R+W)/150 = 230.69 us
MODEL   turn = a*min(R,W) = 0.00574*1048576 = 6.02 us
MODEL   => T_model = 531.06 us
MODEL FEATS [{"name":"sum_1","is_reduction":true,"out_elems":524288,"cores":8,"dtype_bytes":2,"args":[{"name":"op0","role":"output","mem":"hbm","elems":524288,"broadcast":false,"dims":[1,8192,64],"logical":[8192],"loop_factor":1},{"name":"arg0_1","role":"input","mem":"hbm","elems":16777216,"broadcast":false,"dims":[32,8192,64],"logical":[8192,2048],"loop_factor":1}],"reduction_cores":1,"loop_trip":1,"tiles_output_dim":false,"tile_rows_per_core":0.0,"is_matmul":false,"matmul_macs":0,"matmul_rows_per_core":0.0,"matmul_cols_per_core":0.0,"matmul_a_bytes":0,"matmul_b_bytes":0,"matmul_m_split":1,"matmul_n_split":1,"hbm_pattern":""}]
TIMING op=read reps=7/7 prof_wall_s=0.10 per_rep_s=0.014
SUMMARY op=read rows=8192 cols=2048 cores=8 tiles=0 lx=1 io_hbm_bytes=34603008 kernel_us=444.651 pred_us=531.056 err_pct=+19.4 bw_gbps=77.8 memset_us=46.073 other_dev_us=200.162 total_dev_us=690.886 kernel_us_min=438.639 kernel_us_median=444.651 kernel_us_mean=443.169 kernel_us_std=2.726 kernel_us_cv=0.62 reps=7
TIMING_RUN read 8192/2048 c8 16s
-- read ROWS=8192 COLS=2048 sencores=16
IO -- device-layout I/O (cost model, stick-padded) --
IO   op sum_1 [reduction]
IO     output op0                    torch [8192] -> device [1, 8192, 64] in HBM = 524288 elems x 2B = 1048576 B  (hbm counted: 1048576 B)
IO     input  arg0_1                 torch [8192, 2048] -> device [32, 8192, 64] in HBM = 16777216 elems x 2B = 33554432 B  (hbm counted: 33554432 B)
IO   => HBM I/O total = 34603008 B  (lx 0 B, ~free)
MODEL -- estimate (turnaround): T = (R+W)/BW_PEAK + a*min(R,W) --
MODEL   R=33554432 B (read)   W=1048576 B (write)   loop_trip L=1
MODEL   base = (R+W)/150 = 230.69 us
MODEL   turn = a*min(R,W) = 0.00574*1048576 = 6.02 us
MODEL   => T_model = 531.06 us
MODEL FEATS [{"name":"sum_1","is_reduction":true,"out_elems":524288,"cores":16,"dtype_bytes":2,"args":[{"name":"op0","role":"output","mem":"hbm","elems":524288,"broadcast":false,"dims":[1,8192,64],"logical":[8192],"loop_factor":1},{"name":"arg0_1","role":"input","mem":"hbm","elems":16777216,"broadcast":false,"dims":[32,8192,64],"logical":[8192,2048],"loop_factor":1}],"reduction_cores":1,"loop_trip":1,"tiles_output_dim":false,"tile_rows_per_core":0.0,"is_matmul":false,"matmul_macs":0,"matmul_rows_per_core":0.0,"matmul_cols_per_core":0.0,"matmul_a_bytes":0,"matmul_b_bytes":0,"matmul_m_split":1,"matmul_n_split":1,"hbm_pattern":""}]
TIMING op=read reps=7/7 prof_wall_s=0.10 per_rep_s=0.014
SUMMARY op=read rows=8192 cols=2048 cores=16 tiles=0 lx=1 io_hbm_bytes=34603008 kernel_us=442.933 pred_us=531.056 err_pct=+19.9 bw_gbps=78.1 memset_us=45.859 other_dev_us=231.439 total_dev_us=720.231 kernel_us_min=437.451 kernel_us_median=442.933 kernel_us_mean=448.413 kernel_us_std=10.286 kernel_us_cv=2.29 reps=7
TIMING_RUN read 8192/2048 c16 14s
-- read ROWS=8192 COLS=2048 sencores=32
IO -- device-layout I/O (cost model, stick-padded) --
IO   op sum_1 [reduction]
IO     output op0                    torch [8192] -> device [1, 8192, 64] in HBM = 524288 elems x 2B = 1048576 B  (hbm counted: 1048576 B)
IO     input  arg0_1                 torch [8192, 2048] -> device [32, 8192, 64] in HBM = 16777216 elems x 2B = 33554432 B  (hbm counted: 33554432 B)
IO   => HBM I/O total = 34603008 B  (lx 0 B, ~free)
MODEL -- estimate (turnaround): T = (R+W)/BW_PEAK + a*min(R,W) --
MODEL   R=33554432 B (read)   W=1048576 B (write)   loop_trip L=1
MODEL   base = (R+W)/150 = 230.69 us
MODEL   turn = a*min(R,W) = 0.00574*1048576 = 6.02 us
MODEL   => T_model = 286.77 us
MODEL FEATS [{"name":"sum_1","is_reduction":true,"out_elems":524288,"cores":32,"dtype_bytes":2,"args":[{"name":"op0","role":"output","mem":"hbm","elems":524288,"broadcast":false,"dims":[1,8192,64],"logical":[8192],"loop_factor":1},{"name":"arg0_1","role":"input","mem":"hbm","elems":16777216,"broadcast":false,"dims":[32,8192,64],"logical":[8192,2048],"loop_factor":1}],"reduction_cores":1,"loop_trip":1,"tiles_output_dim":false,"tile_rows_per_core":0.0,"is_matmul":false,"matmul_macs":0,"matmul_rows_per_core":0.0,"matmul_cols_per_core":0.0,"matmul_a_bytes":0,"matmul_b_bytes":0,"matmul_m_split":1,"matmul_n_split":1,"hbm_pattern":""}]
TIMING op=read reps=7/7 prof_wall_s=0.10 per_rep_s=0.014
SUMMARY op=read rows=8192 cols=2048 cores=32 tiles=0 lx=1 io_hbm_bytes=34603008 kernel_us=284.678 pred_us=286.770 err_pct=+0.7 bw_gbps=121.6 memset_us=42.176 other_dev_us=282.033 total_dev_us=608.887 kernel_us_min=281.451 kernel_us_median=284.678 kernel_us_mean=285.137 kernel_us_std=3.399 kernel_us_cv=1.19 reps=7
TIMING_RUN read 8192/2048 c32 13s
-- amax ROWS=2048 COLS=8192 sencores=1
IO -- device-layout I/O (cost model, stick-padded) --
IO   op amax [reduction]
IO     output op0                    torch [2048] -> device [1, 2048, 64] in HBM = 131072 elems x 2B = 262144 B  (hbm counted: 262144 B)
IO     input  arg0_1                 torch [2048, 8192] -> device [128, 2048, 64] in HBM = 16777216 elems x 2B = 33554432 B  (hbm counted: 33554432 B)
IO   => HBM I/O total = 33816576 B  (lx 0 B, ~free)
MODEL -- estimate (turnaround): T = (R+W)/BW_PEAK + a*min(R,W) --
MODEL   R=33554432 B (read)   W=262144 B (write)   loop_trip L=1
MODEL   base = (R+W)/150 = 225.44 us
MODEL   turn = a*min(R,W) = 0.00574*262144 = 1.50 us
MODEL   => T_model = 2062.27 us
MODEL FEATS [{"name":"amax","is_reduction":true,"out_elems":131072,"cores":1,"dtype_bytes":2,"args":[{"name":"op0","role":"output","mem":"hbm","elems":131072,"broadcast":false,"dims":[1,2048,64],"logical":[2048],"loop_factor":1},{"name":"arg0_1","role":"input","mem":"hbm","elems":16777216,"broadcast":false,"dims":[128,2048,64],"logical":[2048,8192],"loop_factor":1}],"reduction_cores":1,"loop_trip":1,"tiles_output_dim":false,"tile_rows_per_core":0.0,"is_matmul":false,"matmul_macs":0,"matmul_rows_per_core":0.0,"matmul_cols_per_core":0.0,"matmul_a_bytes":0,"matmul_b_bytes":0,"matmul_m_split":1,"matmul_n_split":1,"hbm_pattern":""}]
TIMING op=amax reps=7/7 prof_wall_s=0.11 per_rep_s=0.016
SUMMARY op=amax rows=2048 cols=8192 cores=1 tiles=0 lx=1 io_hbm_bytes=33816576 kernel_us=2111.859 pred_us=2062.269 err_pct=-2.3 bw_gbps=16.0 memset_us=27.083 other_dev_us=122.225 total_dev_us=2261.167 kernel_us_min=2080.431 kernel_us_median=2111.859 kernel_us_mean=2106.454 kernel_us_std=17.988 kernel_us_cv=0.85 reps=7
TIMING_RUN amax 2048/8192 c1 13s
-- amax ROWS=2048 COLS=8192 sencores=2
IO -- device-layout I/O (cost model, stick-padded) --
IO   op amax [reduction]
IO     output op0                    torch [2048] -> device [1, 2048, 64] in HBM = 131072 elems x 2B = 262144 B  (hbm counted: 262144 B)
IO     input  arg0_1                 torch [2048, 8192] -> device [128, 2048, 64] in HBM = 16777216 elems x 2B = 33554432 B  (hbm counted: 33554432 B)
IO   => HBM I/O total = 33816576 B  (lx 0 B, ~free)
MODEL -- estimate (turnaround): T = (R+W)/BW_PEAK + a*min(R,W) --
MODEL   R=33554432 B (read)   W=262144 B (write)   loop_trip L=1
MODEL   base = (R+W)/150 = 225.44 us
MODEL   turn = a*min(R,W) = 0.00574*262144 = 1.50 us
MODEL   => T_model = 1031.13 us
MODEL FEATS [{"name":"amax","is_reduction":true,"out_elems":131072,"cores":2,"dtype_bytes":2,"args":[{"name":"op0","role":"output","mem":"hbm","elems":131072,"broadcast":false,"dims":[1,2048,64],"logical":[2048],"loop_factor":1},{"name":"arg0_1","role":"input","mem":"hbm","elems":16777216,"broadcast":false,"dims":[128,2048,64],"logical":[2048,8192],"loop_factor":1}],"reduction_cores":1,"loop_trip":1,"tiles_output_dim":false,"tile_rows_per_core":0.0,"is_matmul":false,"matmul_macs":0,"matmul_rows_per_core":0.0,"matmul_cols_per_core":0.0,"matmul_a_bytes":0,"matmul_b_bytes":0,"matmul_m_split":1,"matmul_n_split":1,"hbm_pattern":""}]
TIMING op=amax reps=7/7 prof_wall_s=0.10 per_rep_s=0.014
SUMMARY op=amax rows=2048 cols=8192 cores=2 tiles=0 lx=1 io_hbm_bytes=33816576 kernel_us=1046.742 pred_us=1031.134 err_pct=-1.5 bw_gbps=32.3 memset_us=34.034 other_dev_us=120.888 total_dev_us=1201.664 kernel_us_min=1044.999 kernel_us_median=1046.742 kernel_us_mean=1050.532 kernel_us_std=6.054 kernel_us_cv=0.58 reps=7
TIMING_RUN amax 2048/8192 c2 13s
-- amax ROWS=2048 COLS=8192 sencores=4
IO -- device-layout I/O (cost model, stick-padded) --
IO   op amax [reduction]
IO     output op0                    torch [2048] -> device [1, 2048, 64] in HBM = 131072 elems x 2B = 262144 B  (hbm counted: 262144 B)
IO     input  arg0_1                 torch [2048, 8192] -> device [128, 2048, 64] in HBM = 16777216 elems x 2B = 33554432 B  (hbm counted: 33554432 B)
IO   => HBM I/O total = 33816576 B  (lx 0 B, ~free)
MODEL -- estimate (turnaround): T = (R+W)/BW_PEAK + a*min(R,W) --
MODEL   R=33554432 B (read)   W=262144 B (write)   loop_trip L=1
MODEL   base = (R+W)/150 = 225.44 us
MODEL   turn = a*min(R,W) = 0.00574*262144 = 1.50 us
MODEL   => T_model = 527.56 us
MODEL FEATS [{"name":"amax","is_reduction":true,"out_elems":131072,"cores":4,"dtype_bytes":2,"args":[{"name":"op0","role":"output","mem":"hbm","elems":131072,"broadcast":false,"dims":[1,2048,64],"logical":[2048],"loop_factor":1},{"name":"arg0_1","role":"input","mem":"hbm","elems":16777216,"broadcast":false,"dims":[128,2048,64],"logical":[2048,8192],"loop_factor":1}],"reduction_cores":1,"loop_trip":1,"tiles_output_dim":false,"tile_rows_per_core":0.0,"is_matmul":false,"matmul_macs":0,"matmul_rows_per_core":0.0,"matmul_cols_per_core":0.0,"matmul_a_bytes":0,"matmul_b_bytes":0,"matmul_m_split":1,"matmul_n_split":1,"hbm_pattern":""}]
TIMING op=amax reps=7/7 prof_wall_s=0.10 per_rep_s=0.014
SUMMARY op=amax rows=2048 cols=8192 cores=4 tiles=0 lx=1 io_hbm_bytes=33816576 kernel_us=540.169 pred_us=527.557 err_pct=-2.3 bw_gbps=62.6 memset_us=25.745 other_dev_us=129.235 total_dev_us=695.149 kernel_us_min=534.320 kernel_us_median=540.169 kernel_us_mean=542.551 kernel_us_std=5.751 kernel_us_cv=1.06 reps=7
TIMING_RUN amax 2048/8192 c4 19s
-- amax ROWS=2048 COLS=8192 sencores=8
IO -- device-layout I/O (cost model, stick-padded) --
IO   op amax [reduction]
IO     output op0                    torch [2048] -> device [1, 2048, 64] in HBM = 131072 elems x 2B = 262144 B  (hbm counted: 262144 B)
IO     input  arg0_1                 torch [2048, 8192] -> device [128, 2048, 64] in HBM = 16777216 elems x 2B = 33554432 B  (hbm counted: 33554432 B)
IO   => HBM I/O total = 33816576 B  (lx 0 B, ~free)
MODEL -- estimate (turnaround): T = (R+W)/BW_PEAK + a*min(R,W) --
MODEL   R=33554432 B (read)   W=262144 B (write)   loop_trip L=1
MODEL   base = (R+W)/150 = 225.44 us
MODEL   turn = a*min(R,W) = 0.00574*262144 = 1.50 us
MODEL   => T_model = 420.09 us
MODEL FEATS [{"name":"amax","is_reduction":true,"out_elems":131072,"cores":8,"dtype_bytes":2,"args":[{"name":"op0","role":"output","mem":"hbm","elems":131072,"broadcast":false,"dims":[1,2048,64],"logical":[2048],"loop_factor":1},{"name":"arg0_1","role":"input","mem":"hbm","elems":16777216,"broadcast":false,"dims":[128,2048,64],"logical":[2048,8192],"loop_factor":1}],"reduction_cores":1,"loop_trip":1,"tiles_output_dim":false,"tile_rows_per_core":0.0,"is_matmul":false,"matmul_macs":0,"matmul_rows_per_core":0.0,"matmul_cols_per_core":0.0,"matmul_a_bytes":0,"matmul_b_bytes":0,"matmul_m_split":1,"matmul_n_split":1,"hbm_pattern":""}]
TIMING op=amax reps=7/7 prof_wall_s=0.09 per_rep_s=0.013
SUMMARY op=amax rows=2048 cols=8192 cores=8 tiles=0 lx=1 io_hbm_bytes=33816576 kernel_us=456.481 pred_us=420.092 err_pct=-8.0 bw_gbps=74.1 memset_us=27.012 other_dev_us=126.057 total_dev_us=609.550 kernel_us_min=429.674 kernel_us_median=456.481 kernel_us_mean=458.142 kernel_us_std=14.794 kernel_us_cv=3.23 reps=7
TIMING_RUN amax 2048/8192 c8 14s
-- amax ROWS=2048 COLS=8192 sencores=16
IO -- device-layout I/O (cost model, stick-padded) --
IO   op amax [reduction]
IO     output op0                    torch [2048] -> device [1, 2048, 64] in HBM = 131072 elems x 2B = 262144 B  (hbm counted: 262144 B)
IO     input  arg0_1                 torch [2048, 8192] -> device [128, 2048, 64] in HBM = 16777216 elems x 2B = 33554432 B  (hbm counted: 33554432 B)
IO   => HBM I/O total = 33816576 B  (lx 0 B, ~free)
MODEL -- estimate (turnaround): T = (R+W)/BW_PEAK + a*min(R,W) --
MODEL   R=33554432 B (read)   W=262144 B (write)   loop_trip L=1
MODEL   base = (R+W)/150 = 225.44 us
MODEL   turn = a*min(R,W) = 0.00574*262144 = 1.50 us
MODEL   => T_model = 420.09 us
MODEL FEATS [{"name":"amax","is_reduction":true,"out_elems":131072,"cores":16,"dtype_bytes":2,"args":[{"name":"op0","role":"output","mem":"hbm","elems":131072,"broadcast":false,"dims":[1,2048,64],"logical":[2048],"loop_factor":1},{"name":"arg0_1","role":"input","mem":"hbm","elems":16777216,"broadcast":false,"dims":[128,2048,64],"logical":[2048,8192],"loop_factor":1}],"reduction_cores":1,"loop_trip":1,"tiles_output_dim":false,"tile_rows_per_core":0.0,"is_matmul":false,"matmul_macs":0,"matmul_rows_per_core":0.0,"matmul_cols_per_core":0.0,"matmul_a_bytes":0,"matmul_b_bytes":0,"matmul_m_split":1,"matmul_n_split":1,"hbm_pattern":""}]
TIMING op=amax reps=7/7 prof_wall_s=0.10 per_rep_s=0.014
SUMMARY op=amax rows=2048 cols=8192 cores=16 tiles=0 lx=1 io_hbm_bytes=33816576 kernel_us=442.302 pred_us=420.092 err_pct=-5.0 bw_gbps=76.5 memset_us=34.572 other_dev_us=118.382 total_dev_us=595.256 kernel_us_min=419.516 kernel_us_median=442.302 kernel_us_mean=438.366 kernel_us_std=8.964 kernel_us_cv=2.04 reps=7
TIMING_RUN amax 2048/8192 c16 13s
-- amax ROWS=2048 COLS=8192 sencores=32
IO -- device-layout I/O (cost model, stick-padded) --
IO   op amax [reduction]
IO     output op0                    torch [2048] -> device [1, 2048, 64] in HBM = 131072 elems x 2B = 262144 B  (hbm counted: 262144 B)
IO     input  arg0_1                 torch [2048, 8192] -> device [128, 2048, 64] in HBM = 16777216 elems x 2B = 33554432 B  (hbm counted: 33554432 B)
IO   => HBM I/O total = 33816576 B  (lx 0 B, ~free)
MODEL -- estimate (turnaround): T = (R+W)/BW_PEAK + a*min(R,W) --
MODEL   R=33554432 B (read)   W=262144 B (write)   loop_trip L=1
MODEL   base = (R+W)/150 = 225.44 us
MODEL   turn = a*min(R,W) = 0.00574*262144 = 1.50 us
MODEL   => T_model = 226.85 us
MODEL FEATS [{"name":"amax","is_reduction":true,"out_elems":131072,"cores":32,"dtype_bytes":2,"args":[{"name":"op0","role":"output","mem":"hbm","elems":131072,"broadcast":false,"dims":[1,2048,64],"logical":[2048],"loop_factor":1},{"name":"arg0_1","role":"input","mem":"hbm","elems":16777216,"broadcast":false,"dims":[128,2048,64],"logical":[2048,8192],"loop_factor":1}],"reduction_cores":1,"loop_trip":1,"tiles_output_dim":false,"tile_rows_per_core":0.0,"is_matmul":false,"matmul_macs":0,"matmul_rows_per_core":0.0,"matmul_cols_per_core":0.0,"matmul_a_bytes":0,"matmul_b_bytes":0,"matmul_m_split":1,"matmul_n_split":1,"hbm_pattern":""}]
TIMING op=amax reps=7/7 prof_wall_s=0.09 per_rep_s=0.013
SUMMARY op=amax rows=2048 cols=8192 cores=32 tiles=0 lx=1 io_hbm_bytes=33816576 kernel_us=223.600 pred_us=226.850 err_pct=+1.5 bw_gbps=151.2 memset_us=29.601 other_dev_us=28.028 total_dev_us=281.229 kernel_us_min=219.685 kernel_us_median=223.600 kernel_us_mean=227.322 kernel_us_std=7.519 kernel_us_cv=3.31 reps=7
TIMING_RUN amax 2048/8192 c32 13s
-- amax ROWS=8192 COLS=2048 sencores=1
IO -- device-layout I/O (cost model, stick-padded) --
IO   op amax [reduction]
IO     output op0                    torch [8192] -> device [1, 8192, 64] in HBM = 524288 elems x 2B = 1048576 B  (hbm counted: 1048576 B)
IO     input  arg0_1                 torch [8192, 2048] -> device [32, 8192, 64] in HBM = 16777216 elems x 2B = 33554432 B  (hbm counted: 33554432 B)
IO   => HBM I/O total = 34603008 B  (lx 0 B, ~free)
MODEL -- estimate (turnaround): T = (R+W)/BW_PEAK + a*min(R,W) --
MODEL   R=33554432 B (read)   W=1048576 B (write)   loop_trip L=1
MODEL   base = (R+W)/150 = 230.69 us
MODEL   turn = a*min(R,W) = 0.00574*1048576 = 6.02 us
MODEL   => T_model = 2607.00 us
MODEL FEATS [{"name":"amax","is_reduction":true,"out_elems":524288,"cores":1,"dtype_bytes":2,"args":[{"name":"op0","role":"output","mem":"hbm","elems":524288,"broadcast":false,"dims":[1,8192,64],"logical":[8192],"loop_factor":1},{"name":"arg0_1","role":"input","mem":"hbm","elems":16777216,"broadcast":false,"dims":[32,8192,64],"logical":[8192,2048],"loop_factor":1}],"reduction_cores":1,"loop_trip":1,"tiles_output_dim":false,"tile_rows_per_core":0.0,"is_matmul":false,"matmul_macs":0,"matmul_rows_per_core":0.0,"matmul_cols_per_core":0.0,"matmul_a_bytes":0,"matmul_b_bytes":0,"matmul_m_split":1,"matmul_n_split":1,"hbm_pattern":""}]
TIMING op=amax reps=7/7 prof_wall_s=0.12 per_rep_s=0.017
SUMMARY op=amax rows=8192 cols=2048 cores=1 tiles=0 lx=1 io_hbm_bytes=34603008 kernel_us=2399.941 pred_us=2607.000 err_pct=+8.6 bw_gbps=14.4 memset_us=56.425 other_dev_us=185.481 total_dev_us=2641.847 kernel_us_min=2352.958 kernel_us_median=2399.941 kernel_us_mean=2405.276 kernel_us_std=35.271 kernel_us_cv=1.47 reps=7
TIMING_RUN amax 8192/2048 c1 12s
-- amax ROWS=8192 COLS=2048 sencores=2
IO -- device-layout I/O (cost model, stick-padded) --
IO   op amax [reduction]
IO     output op0                    torch [8192] -> device [1, 8192, 64] in HBM = 524288 elems x 2B = 1048576 B  (hbm counted: 1048576 B)
IO     input  arg0_1                 torch [8192, 2048] -> device [32, 8192, 64] in HBM = 16777216 elems x 2B = 33554432 B  (hbm counted: 33554432 B)
IO   => HBM I/O total = 34603008 B  (lx 0 B, ~free)
MODEL -- estimate (turnaround): T = (R+W)/BW_PEAK + a*min(R,W) --
MODEL   R=33554432 B (read)   W=1048576 B (write)   loop_trip L=1
MODEL   base = (R+W)/150 = 230.69 us
MODEL   turn = a*min(R,W) = 0.00574*1048576 = 6.02 us
MODEL   => T_model = 1303.50 us
MODEL FEATS [{"name":"amax","is_reduction":true,"out_elems":524288,"cores":2,"dtype_bytes":2,"args":[{"name":"op0","role":"output","mem":"hbm","elems":524288,"broadcast":false,"dims":[1,8192,64],"logical":[8192],"loop_factor":1},{"name":"arg0_1","role":"input","mem":"hbm","elems":16777216,"broadcast":false,"dims":[32,8192,64],"logical":[8192,2048],"loop_factor":1}],"reduction_cores":1,"loop_trip":1,"tiles_output_dim":false,"tile_rows_per_core":0.0,"is_matmul":false,"matmul_macs":0,"matmul_rows_per_core":0.0,"matmul_cols_per_core":0.0,"matmul_a_bytes":0,"matmul_b_bytes":0,"matmul_m_split":1,"matmul_n_split":1,"hbm_pattern":""}]
TIMING op=amax reps=7/7 prof_wall_s=0.11 per_rep_s=0.016
SUMMARY op=amax rows=8192 cols=2048 cores=2 tiles=0 lx=1 io_hbm_bytes=34603008 kernel_us=1195.243 pred_us=1303.500 err_pct=+9.1 bw_gbps=29.0 memset_us=53.255 other_dev_us=176.281 total_dev_us=1424.779 kernel_us_min=1142.291 kernel_us_median=1195.243 kernel_us_mean=1185.132 kernel_us_std=20.961 kernel_us_cv=1.77 reps=7
TIMING_RUN amax 8192/2048 c2 16s
-- amax ROWS=8192 COLS=2048 sencores=4
IO -- device-layout I/O (cost model, stick-padded) --
IO   op amax [reduction]
IO     output op0                    torch [8192] -> device [1, 8192, 64] in HBM = 524288 elems x 2B = 1048576 B  (hbm counted: 1048576 B)
IO     input  arg0_1                 torch [8192, 2048] -> device [32, 8192, 64] in HBM = 16777216 elems x 2B = 33554432 B  (hbm counted: 33554432 B)
IO   => HBM I/O total = 34603008 B  (lx 0 B, ~free)
MODEL -- estimate (turnaround): T = (R+W)/BW_PEAK + a*min(R,W) --
MODEL   R=33554432 B (read)   W=1048576 B (write)   loop_trip L=1
MODEL   base = (R+W)/150 = 230.69 us
MODEL   turn = a*min(R,W) = 0.00574*1048576 = 6.02 us
MODEL   => T_model = 666.91 us
MODEL FEATS [{"name":"amax","is_reduction":true,"out_elems":524288,"cores":4,"dtype_bytes":2,"args":[{"name":"op0","role":"output","mem":"hbm","elems":524288,"broadcast":false,"dims":[1,8192,64],"logical":[8192],"loop_factor":1},{"name":"arg0_1","role":"input","mem":"hbm","elems":16777216,"broadcast":false,"dims":[32,8192,64],"logical":[8192,2048],"loop_factor":1}],"reduction_cores":1,"loop_trip":1,"tiles_output_dim":false,"tile_rows_per_core":0.0,"is_matmul":false,"matmul_macs":0,"matmul_rows_per_core":0.0,"matmul_cols_per_core":0.0,"matmul_a_bytes":0,"matmul_b_bytes":0,"matmul_m_split":1,"matmul_n_split":1,"hbm_pattern":""}]
TIMING op=amax reps=7/7 prof_wall_s=0.10 per_rep_s=0.014
SUMMARY op=amax rows=8192 cols=2048 cores=4 tiles=0 lx=1 io_hbm_bytes=34603008 kernel_us=599.947 pred_us=666.907 err_pct=+11.2 bw_gbps=57.7 memset_us=70.794 other_dev_us=270.533 total_dev_us=941.274 kernel_us_min=583.398 kernel_us_median=599.947 kernel_us_mean=596.144 kernel_us_std=6.878 kernel_us_cv=1.15 reps=7
TIMING_RUN amax 8192/2048 c4 13s
-- amax ROWS=8192 COLS=2048 sencores=8
IO -- device-layout I/O (cost model, stick-padded) --
IO   op amax [reduction]
IO     output op0                    torch [8192] -> device [1, 8192, 64] in HBM = 524288 elems x 2B = 1048576 B  (hbm counted: 1048576 B)
IO     input  arg0_1                 torch [8192, 2048] -> device [32, 8192, 64] in HBM = 16777216 elems x 2B = 33554432 B  (hbm counted: 33554432 B)
IO   => HBM I/O total = 34603008 B  (lx 0 B, ~free)
MODEL -- estimate (turnaround): T = (R+W)/BW_PEAK + a*min(R,W) --
MODEL   R=33554432 B (read)   W=1048576 B (write)   loop_trip L=1
MODEL   base = (R+W)/150 = 230.69 us
MODEL   turn = a*min(R,W) = 0.00574*1048576 = 6.02 us
MODEL   => T_model = 531.06 us
MODEL FEATS [{"name":"amax","is_reduction":true,"out_elems":524288,"cores":8,"dtype_bytes":2,"args":[{"name":"op0","role":"output","mem":"hbm","elems":524288,"broadcast":false,"dims":[1,8192,64],"logical":[8192],"loop_factor":1},{"name":"arg0_1","role":"input","mem":"hbm","elems":16777216,"broadcast":false,"dims":[32,8192,64],"logical":[8192,2048],"loop_factor":1}],"reduction_cores":1,"loop_trip":1,"tiles_output_dim":false,"tile_rows_per_core":0.0,"is_matmul":false,"matmul_macs":0,"matmul_rows_per_core":0.0,"matmul_cols_per_core":0.0,"matmul_a_bytes":0,"matmul_b_bytes":0,"matmul_m_split":1,"matmul_n_split":1,"hbm_pattern":""}]
TIMING op=amax reps=7/7 prof_wall_s=0.10 per_rep_s=0.014
SUMMARY op=amax rows=8192 cols=2048 cores=8 tiles=0 lx=1 io_hbm_bytes=34603008 kernel_us=443.182 pred_us=531.056 err_pct=+19.8 bw_gbps=78.1 memset_us=42.537 other_dev_us=257.342 total_dev_us=743.061 kernel_us_min=440.498 kernel_us_median=443.182 kernel_us_mean=444.401 kernel_us_std=3.944 kernel_us_cv=0.89 reps=7
TIMING_RUN amax 8192/2048 c8 14s
-- amax ROWS=8192 COLS=2048 sencores=16
IO -- device-layout I/O (cost model, stick-padded) --
IO   op amax [reduction]
IO     output op0                    torch [8192] -> device [1, 8192, 64] in HBM = 524288 elems x 2B = 1048576 B  (hbm counted: 1048576 B)
IO     input  arg0_1                 torch [8192, 2048] -> device [32, 8192, 64] in HBM = 16777216 elems x 2B = 33554432 B  (hbm counted: 33554432 B)
IO   => HBM I/O total = 34603008 B  (lx 0 B, ~free)
MODEL -- estimate (turnaround): T = (R+W)/BW_PEAK + a*min(R,W) --
MODEL   R=33554432 B (read)   W=1048576 B (write)   loop_trip L=1
MODEL   base = (R+W)/150 = 230.69 us
MODEL   turn = a*min(R,W) = 0.00574*1048576 = 6.02 us
MODEL   => T_model = 531.06 us
MODEL FEATS [{"name":"amax","is_reduction":true,"out_elems":524288,"cores":16,"dtype_bytes":2,"args":[{"name":"op0","role":"output","mem":"hbm","elems":524288,"broadcast":false,"dims":[1,8192,64],"logical":[8192],"loop_factor":1},{"name":"arg0_1","role":"input","mem":"hbm","elems":16777216,"broadcast":false,"dims":[32,8192,64],"logical":[8192,2048],"loop_factor":1}],"reduction_cores":1,"loop_trip":1,"tiles_output_dim":false,"tile_rows_per_core":0.0,"is_matmul":false,"matmul_macs":0,"matmul_rows_per_core":0.0,"matmul_cols_per_core":0.0,"matmul_a_bytes":0,"matmul_b_bytes":0,"matmul_m_split":1,"matmul_n_split":1,"hbm_pattern":""}]
TIMING op=amax reps=7/7 prof_wall_s=0.10 per_rep_s=0.014
SUMMARY op=amax rows=8192 cols=2048 cores=16 tiles=0 lx=1 io_hbm_bytes=34603008 kernel_us=447.471 pred_us=531.056 err_pct=+18.7 bw_gbps=77.3 memset_us=44.503 other_dev_us=288.775 total_dev_us=780.749 kernel_us_min=425.263 kernel_us_median=447.471 kernel_us_mean=451.331 kernel_us_std=18.287 kernel_us_cv=4.05 reps=7
TIMING_RUN amax 8192/2048 c16 13s
-- amax ROWS=8192 COLS=2048 sencores=32
IO -- device-layout I/O (cost model, stick-padded) --
IO   op amax [reduction]
IO     output op0                    torch [8192] -> device [1, 8192, 64] in HBM = 524288 elems x 2B = 1048576 B  (hbm counted: 1048576 B)
IO     input  arg0_1                 torch [8192, 2048] -> device [32, 8192, 64] in HBM = 16777216 elems x 2B = 33554432 B  (hbm counted: 33554432 B)
IO   => HBM I/O total = 34603008 B  (lx 0 B, ~free)
MODEL -- estimate (turnaround): T = (R+W)/BW_PEAK + a*min(R,W) --
MODEL   R=33554432 B (read)   W=1048576 B (write)   loop_trip L=1
MODEL   base = (R+W)/150 = 230.69 us
MODEL   turn = a*min(R,W) = 0.00574*1048576 = 6.02 us
MODEL   => T_model = 286.77 us
MODEL FEATS [{"name":"amax","is_reduction":true,"out_elems":524288,"cores":32,"dtype_bytes":2,"args":[{"name":"op0","role":"output","mem":"hbm","elems":524288,"broadcast":false,"dims":[1,8192,64],"logical":[8192],"loop_factor":1},{"name":"arg0_1","role":"input","mem":"hbm","elems":16777216,"broadcast":false,"dims":[32,8192,64],"logical":[8192,2048],"loop_factor":1}],"reduction_cores":1,"loop_trip":1,"tiles_output_dim":false,"tile_rows_per_core":0.0,"is_matmul":false,"matmul_macs":0,"matmul_rows_per_core":0.0,"matmul_cols_per_core":0.0,"matmul_a_bytes":0,"matmul_b_bytes":0,"matmul_m_split":1,"matmul_n_split":1,"hbm_pattern":""}]
TIMING op=amax reps=7/7 prof_wall_s=0.10 per_rep_s=0.014
SUMMARY op=amax rows=8192 cols=2048 cores=32 tiles=0 lx=1 io_hbm_bytes=34603008 kernel_us=287.447 pred_us=286.770 err_pct=-0.2 bw_gbps=120.4 memset_us=75.436 other_dev_us=283.115 total_dev_us=645.998 kernel_us_min=273.360 kernel_us_median=287.447 kernel_us_mean=285.631 kernel_us_std=6.447 kernel_us_cv=2.26 reps=7
TIMING_RUN amax 8192/2048 c32 15s
-- sumrow ROWS=2048 COLS=8192 sencores=1
IO -- device-layout I/O (cost model, stick-padded) --
IO   op sum_1 [reduction]
IO     output op0                    torch [2048] -> device [1, 2048, 64] in HBM = 131072 elems x 2B = 262144 B  (hbm counted: 262144 B)
IO     input  arg0_1                 torch [2048, 8192] -> device [128, 2048, 64] in HBM = 16777216 elems x 2B = 33554432 B  (hbm counted: 33554432 B)
IO   => HBM I/O total = 33816576 B  (lx 0 B, ~free)
MODEL -- estimate (turnaround): T = (R+W)/BW_PEAK + a*min(R,W) --
MODEL   R=33554432 B (read)   W=262144 B (write)   loop_trip L=1
MODEL   base = (R+W)/150 = 225.44 us
MODEL   turn = a*min(R,W) = 0.00574*262144 = 1.50 us
MODEL   => T_model = 2062.27 us
MODEL FEATS [{"name":"sum_1","is_reduction":true,"out_elems":131072,"cores":1,"dtype_bytes":2,"args":[{"name":"op0","role":"output","mem":"hbm","elems":131072,"broadcast":false,"dims":[1,2048,64],"logical":[2048],"loop_factor":1},{"name":"arg0_1","role":"input","mem":"hbm","elems":16777216,"broadcast":false,"dims":[128,2048,64],"logical":[2048,8192],"loop_factor":1}],"reduction_cores":1,"loop_trip":1,"tiles_output_dim":false,"tile_rows_per_core":0.0,"is_matmul":false,"matmul_macs":0,"matmul_rows_per_core":0.0,"matmul_cols_per_core":0.0,"matmul_a_bytes":0,"matmul_b_bytes":0,"matmul_m_split":1,"matmul_n_split":1,"hbm_pattern":""}]
TIMING op=sumrow reps=7/7 prof_wall_s=0.11 per_rep_s=0.015
SUMMARY op=sumrow rows=2048 cols=8192 cores=1 tiles=0 lx=1 io_hbm_bytes=33816576 kernel_us=2096.525 pred_us=2062.269 err_pct=-1.6 bw_gbps=16.1 memset_us=25.742 other_dev_us=120.477 total_dev_us=2242.744 kernel_us_min=2034.868 kernel_us_median=2096.525 kernel_us_mean=2089.503 kernel_us_std=31.878 kernel_us_cv=1.53 reps=7
TIMING_RUN sumrow 2048/8192 c1 17s
-- sumrow ROWS=2048 COLS=8192 sencores=2
IO -- device-layout I/O (cost model, stick-padded) --
IO   op sum_1 [reduction]
IO     output op0                    torch [2048] -> device [1, 2048, 64] in HBM = 131072 elems x 2B = 262144 B  (hbm counted: 262144 B)
IO     input  arg0_1                 torch [2048, 8192] -> device [128, 2048, 64] in HBM = 16777216 elems x 2B = 33554432 B  (hbm counted: 33554432 B)
IO   => HBM I/O total = 33816576 B  (lx 0 B, ~free)
MODEL -- estimate (turnaround): T = (R+W)/BW_PEAK + a*min(R,W) --
MODEL   R=33554432 B (read)   W=262144 B (write)   loop_trip L=1
MODEL   base = (R+W)/150 = 225.44 us
MODEL   turn = a*min(R,W) = 0.00574*262144 = 1.50 us
MODEL   => T_model = 1031.13 us
MODEL FEATS [{"name":"sum_1","is_reduction":true,"out_elems":131072,"cores":2,"dtype_bytes":2,"args":[{"name":"op0","role":"output","mem":"hbm","elems":131072,"broadcast":false,"dims":[1,2048,64],"logical":[2048],"loop_factor":1},{"name":"arg0_1","role":"input","mem":"hbm","elems":16777216,"broadcast":false,"dims":[128,2048,64],"logical":[2048,8192],"loop_factor":1}],"reduction_cores":1,"loop_trip":1,"tiles_output_dim":false,"tile_rows_per_core":0.0,"is_matmul":false,"matmul_macs":0,"matmul_rows_per_core":0.0,"matmul_cols_per_core":0.0,"matmul_a_bytes":0,"matmul_b_bytes":0,"matmul_m_split":1,"matmul_n_split":1,"hbm_pattern":""}]
TIMING op=sumrow reps=7/7 prof_wall_s=0.10 per_rep_s=0.015
SUMMARY op=sumrow rows=2048 cols=8192 cores=2 tiles=0 lx=1 io_hbm_bytes=33816576 kernel_us=1047.242 pred_us=1031.134 err_pct=-1.5 bw_gbps=32.3 memset_us=25.572 other_dev_us=121.120 total_dev_us=1193.934 kernel_us_min=1038.239 kernel_us_median=1047.242 kernel_us_mean=1046.819 kernel_us_std=7.573 kernel_us_cv=0.72 reps=7
TIMING_RUN sumrow 2048/8192 c2 13s
-- sumrow ROWS=2048 COLS=8192 sencores=4
IO -- device-layout I/O (cost model, stick-padded) --
IO   op sum_1 [reduction]
IO     output op0                    torch [2048] -> device [1, 2048, 64] in HBM = 131072 elems x 2B = 262144 B  (hbm counted: 262144 B)
IO     input  arg0_1                 torch [2048, 8192] -> device [128, 2048, 64] in HBM = 16777216 elems x 2B = 33554432 B  (hbm counted: 33554432 B)
IO   => HBM I/O total = 33816576 B  (lx 0 B, ~free)
MODEL -- estimate (turnaround): T = (R+W)/BW_PEAK + a*min(R,W) --
MODEL   R=33554432 B (read)   W=262144 B (write)   loop_trip L=1
MODEL   base = (R+W)/150 = 225.44 us
MODEL   turn = a*min(R,W) = 0.00574*262144 = 1.50 us
MODEL   => T_model = 527.56 us
MODEL FEATS [{"name":"sum_1","is_reduction":true,"out_elems":131072,"cores":4,"dtype_bytes":2,"args":[{"name":"op0","role":"output","mem":"hbm","elems":131072,"broadcast":false,"dims":[1,2048,64],"logical":[2048],"loop_factor":1},{"name":"arg0_1","role":"input","mem":"hbm","elems":16777216,"broadcast":false,"dims":[128,2048,64],"logical":[2048,8192],"loop_factor":1}],"reduction_cores":1,"loop_trip":1,"tiles_output_dim":false,"tile_rows_per_core":0.0,"is_matmul":false,"matmul_macs":0,"matmul_rows_per_core":0.0,"matmul_cols_per_core":0.0,"matmul_a_bytes":0,"matmul_b_bytes":0,"matmul_m_split":1,"matmul_n_split":1,"hbm_pattern":""}]
TIMING op=sumrow reps=7/7 prof_wall_s=0.09 per_rep_s=0.013
SUMMARY op=sumrow rows=2048 cols=8192 cores=4 tiles=0 lx=1 io_hbm_bytes=33816576 kernel_us=554.043 pred_us=527.557 err_pct=-4.8 bw_gbps=61.0 memset_us=29.871 other_dev_us=117.764 total_dev_us=701.678 kernel_us_min=546.874 kernel_us_median=554.043 kernel_us_mean=553.259 kernel_us_std=3.617 kernel_us_cv=0.65 reps=7
TIMING_RUN sumrow 2048/8192 c4 13s
-- sumrow ROWS=2048 COLS=8192 sencores=8
IO -- device-layout I/O (cost model, stick-padded) --
IO   op sum_1 [reduction]
IO     output op0                    torch [2048] -> device [1, 2048, 64] in HBM = 131072 elems x 2B = 262144 B  (hbm counted: 262144 B)
IO     input  arg0_1                 torch [2048, 8192] -> device [128, 2048, 64] in HBM = 16777216 elems x 2B = 33554432 B  (hbm counted: 33554432 B)
IO   => HBM I/O total = 33816576 B  (lx 0 B, ~free)
MODEL -- estimate (turnaround): T = (R+W)/BW_PEAK + a*min(R,W) --
MODEL   R=33554432 B (read)   W=262144 B (write)   loop_trip L=1
MODEL   base = (R+W)/150 = 225.44 us
MODEL   turn = a*min(R,W) = 0.00574*262144 = 1.50 us
MODEL   => T_model = 420.09 us
MODEL FEATS [{"name":"sum_1","is_reduction":true,"out_elems":131072,"cores":8,"dtype_bytes":2,"args":[{"name":"op0","role":"output","mem":"hbm","elems":131072,"broadcast":false,"dims":[1,2048,64],"logical":[2048],"loop_factor":1},{"name":"arg0_1","role":"input","mem":"hbm","elems":16777216,"broadcast":false,"dims":[128,2048,64],"logical":[2048,8192],"loop_factor":1}],"reduction_cores":1,"loop_trip":1,"tiles_output_dim":false,"tile_rows_per_core":0.0,"is_matmul":false,"matmul_macs":0,"matmul_rows_per_core":0.0,"matmul_cols_per_core":0.0,"matmul_a_bytes":0,"matmul_b_bytes":0,"matmul_m_split":1,"matmul_n_split":1,"hbm_pattern":""}]
TIMING op=sumrow reps=7/7 prof_wall_s=0.10 per_rep_s=0.014
SUMMARY op=sumrow rows=2048 cols=8192 cores=8 tiles=0 lx=1 io_hbm_bytes=33816576 kernel_us=456.105 pred_us=420.092 err_pct=-7.9 bw_gbps=74.1 memset_us=28.277 other_dev_us=123.350 total_dev_us=607.732 kernel_us_min=444.325 kernel_us_median=456.105 kernel_us_mean=457.427 kernel_us_std=8.853 kernel_us_cv=1.94 reps=7
TIMING_RUN sumrow 2048/8192 c8 14s
-- sumrow ROWS=2048 COLS=8192 sencores=16
IO -- device-layout I/O (cost model, stick-padded) --
IO   op sum_1 [reduction]
IO     output op0                    torch [2048] -> device [1, 2048, 64] in HBM = 131072 elems x 2B = 262144 B  (hbm counted: 262144 B)
IO     input  arg0_1                 torch [2048, 8192] -> device [128, 2048, 64] in HBM = 16777216 elems x 2B = 33554432 B  (hbm counted: 33554432 B)
IO   => HBM I/O total = 33816576 B  (lx 0 B, ~free)
MODEL -- estimate (turnaround): T = (R+W)/BW_PEAK + a*min(R,W) --
MODEL   R=33554432 B (read)   W=262144 B (write)   loop_trip L=1
MODEL   base = (R+W)/150 = 225.44 us
MODEL   turn = a*min(R,W) = 0.00574*262144 = 1.50 us
MODEL   => T_model = 420.09 us
MODEL FEATS [{"name":"sum_1","is_reduction":true,"out_elems":131072,"cores":16,"dtype_bytes":2,"args":[{"name":"op0","role":"output","mem":"hbm","elems":131072,"broadcast":false,"dims":[1,2048,64],"logical":[2048],"loop_factor":1},{"name":"arg0_1","role":"input","mem":"hbm","elems":16777216,"broadcast":false,"dims":[128,2048,64],"logical":[2048,8192],"loop_factor":1}],"reduction_cores":1,"loop_trip":1,"tiles_output_dim":false,"tile_rows_per_core":0.0,"is_matmul":false,"matmul_macs":0,"matmul_rows_per_core":0.0,"matmul_cols_per_core":0.0,"matmul_a_bytes":0,"matmul_b_bytes":0,"matmul_m_split":1,"matmul_n_split":1,"hbm_pattern":""}]
TIMING op=sumrow reps=7/7 prof_wall_s=0.12 per_rep_s=0.016
SUMMARY op=sumrow rows=2048 cols=8192 cores=16 tiles=0 lx=1 io_hbm_bytes=33816576 kernel_us=434.729 pred_us=420.092 err_pct=-3.4 bw_gbps=77.8 memset_us=34.830 other_dev_us=119.676 total_dev_us=589.235 kernel_us_min=412.712 kernel_us_median=434.729 kernel_us_mean=430.706 kernel_us_std=10.488 kernel_us_cv=2.44 reps=7
TIMING_RUN sumrow 2048/8192 c16 15s
-- sumrow ROWS=2048 COLS=8192 sencores=32
IO -- device-layout I/O (cost model, stick-padded) --
IO   op sum_1 [reduction]
IO     output op0                    torch [2048] -> device [1, 2048, 64] in HBM = 131072 elems x 2B = 262144 B  (hbm counted: 262144 B)
IO     input  arg0_1                 torch [2048, 8192] -> device [128, 2048, 64] in HBM = 16777216 elems x 2B = 33554432 B  (hbm counted: 33554432 B)
IO   => HBM I/O total = 33816576 B  (lx 0 B, ~free)
MODEL -- estimate (turnaround): T = (R+W)/BW_PEAK + a*min(R,W) --
MODEL   R=33554432 B (read)   W=262144 B (write)   loop_trip L=1
MODEL   base = (R+W)/150 = 225.44 us
MODEL   turn = a*min(R,W) = 0.00574*262144 = 1.50 us
MODEL   => T_model = 226.85 us
MODEL FEATS [{"name":"sum_1","is_reduction":true,"out_elems":131072,"cores":32,"dtype_bytes":2,"args":[{"name":"op0","role":"output","mem":"hbm","elems":131072,"broadcast":false,"dims":[1,2048,64],"logical":[2048],"loop_factor":1},{"name":"arg0_1","role":"input","mem":"hbm","elems":16777216,"broadcast":false,"dims":[128,2048,64],"logical":[2048,8192],"loop_factor":1}],"reduction_cores":1,"loop_trip":1,"tiles_output_dim":false,"tile_rows_per_core":0.0,"is_matmul":false,"matmul_macs":0,"matmul_rows_per_core":0.0,"matmul_cols_per_core":0.0,"matmul_a_bytes":0,"matmul_b_bytes":0,"matmul_m_split":1,"matmul_n_split":1,"hbm_pattern":""}]
TIMING op=sumrow reps=7/7 prof_wall_s=0.10 per_rep_s=0.014
SUMMARY op=sumrow rows=2048 cols=8192 cores=32 tiles=0 lx=1 io_hbm_bytes=33816576 kernel_us=221.032 pred_us=226.850 err_pct=+2.6 bw_gbps=153.0 memset_us=35.745 other_dev_us=123.445 total_dev_us=380.222 kernel_us_min=218.440 kernel_us_median=221.032 kernel_us_mean=222.158 kernel_us_std=3.110 kernel_us_cv=1.40 reps=7
TIMING_RUN sumrow 2048/8192 c32 17s
-- sumrow ROWS=8192 COLS=2048 sencores=1
IO -- device-layout I/O (cost model, stick-padded) --
IO   op sum_1 [reduction]
IO     output op0                    torch [8192] -> device [1, 8192, 64] in HBM = 524288 elems x 2B = 1048576 B  (hbm counted: 1048576 B)
IO     input  arg0_1                 torch [8192, 2048] -> device [32, 8192, 64] in HBM = 16777216 elems x 2B = 33554432 B  (hbm counted: 33554432 B)
IO   => HBM I/O total = 34603008 B  (lx 0 B, ~free)
MODEL -- estimate (turnaround): T = (R+W)/BW_PEAK + a*min(R,W) --
MODEL   R=33554432 B (read)   W=1048576 B (write)   loop_trip L=1
MODEL   base = (R+W)/150 = 230.69 us
MODEL   turn = a*min(R,W) = 0.00574*1048576 = 6.02 us
MODEL   => T_model = 2607.00 us
MODEL FEATS [{"name":"sum_1","is_reduction":true,"out_elems":524288,"cores":1,"dtype_bytes":2,"args":[{"name":"op0","role":"output","mem":"hbm","elems":524288,"broadcast":false,"dims":[1,8192,64],"logical":[8192],"loop_factor":1},{"name":"arg0_1","role":"input","mem":"hbm","elems":16777216,"broadcast":false,"dims":[32,8192,64],"logical":[8192,2048],"loop_factor":1}],"reduction_cores":1,"loop_trip":1,"tiles_output_dim":false,"tile_rows_per_core":0.0,"is_matmul":false,"matmul_macs":0,"matmul_rows_per_core":0.0,"matmul_cols_per_core":0.0,"matmul_a_bytes":0,"matmul_b_bytes":0,"matmul_m_split":1,"matmul_n_split":1,"hbm_pattern":""}]
TIMING op=sumrow reps=7/7 prof_wall_s=0.11 per_rep_s=0.016
SUMMARY op=sumrow rows=8192 cols=2048 cores=1 tiles=0 lx=1 io_hbm_bytes=34603008 kernel_us=2386.205 pred_us=2607.000 err_pct=+9.3 bw_gbps=14.5 memset_us=45.149 other_dev_us=269.882 total_dev_us=2701.236 kernel_us_min=2356.960 kernel_us_median=2386.205 kernel_us_mean=2392.913 kernel_us_std=23.916 kernel_us_cv=1.00 reps=7
TIMING_RUN sumrow 8192/2048 c1 13s
-- sumrow ROWS=8192 COLS=2048 sencores=2
IO -- device-layout I/O (cost model, stick-padded) --
IO   op sum_1 [reduction]
IO     output op0                    torch [8192] -> device [1, 8192, 64] in HBM = 524288 elems x 2B = 1048576 B  (hbm counted: 1048576 B)
IO     input  arg0_1                 torch [8192, 2048] -> device [32, 8192, 64] in HBM = 16777216 elems x 2B = 33554432 B  (hbm counted: 33554432 B)
IO   => HBM I/O total = 34603008 B  (lx 0 B, ~free)
MODEL -- estimate (turnaround): T = (R+W)/BW_PEAK + a*min(R,W) --
MODEL   R=33554432 B (read)   W=1048576 B (write)   loop_trip L=1
MODEL   base = (R+W)/150 = 230.69 us
MODEL   turn = a*min(R,W) = 0.00574*1048576 = 6.02 us
MODEL   => T_model = 1303.50 us
MODEL FEATS [{"name":"sum_1","is_reduction":true,"out_elems":524288,"cores":2,"dtype_bytes":2,"args":[{"name":"op0","role":"output","mem":"hbm","elems":524288,"broadcast":false,"dims":[1,8192,64],"logical":[8192],"loop_factor":1},{"name":"arg0_1","role":"input","mem":"hbm","elems":16777216,"broadcast":false,"dims":[32,8192,64],"logical":[8192,2048],"loop_factor":1}],"reduction_cores":1,"loop_trip":1,"tiles_output_dim":false,"tile_rows_per_core":0.0,"is_matmul":false,"matmul_macs":0,"matmul_rows_per_core":0.0,"matmul_cols_per_core":0.0,"matmul_a_bytes":0,"matmul_b_bytes":0,"matmul_m_split":1,"matmul_n_split":1,"hbm_pattern":""}]
TIMING op=sumrow reps=7/7 prof_wall_s=0.10 per_rep_s=0.015
SUMMARY op=sumrow rows=8192 cols=2048 cores=2 tiles=0 lx=1 io_hbm_bytes=34603008 kernel_us=1159.969 pred_us=1303.500 err_pct=+12.4 bw_gbps=29.8 memset_us=45.240 other_dev_us=183.002 total_dev_us=1388.211 kernel_us_min=1125.790 kernel_us_median=1159.969 kernel_us_mean=1162.858 kernel_us_std=23.517 kernel_us_cv=2.02 reps=7
TIMING_RUN sumrow 8192/2048 c2 13s
-- sumrow ROWS=8192 COLS=2048 sencores=4
IO -- device-layout I/O (cost model, stick-padded) --
IO   op sum_1 [reduction]
IO     output op0                    torch [8192] -> device [1, 8192, 64] in HBM = 524288 elems x 2B = 1048576 B  (hbm counted: 1048576 B)
IO     input  arg0_1                 torch [8192, 2048] -> device [32, 8192, 64] in HBM = 16777216 elems x 2B = 33554432 B  (hbm counted: 33554432 B)
IO   => HBM I/O total = 34603008 B  (lx 0 B, ~free)
MODEL -- estimate (turnaround): T = (R+W)/BW_PEAK + a*min(R,W) --
MODEL   R=33554432 B (read)   W=1048576 B (write)   loop_trip L=1
MODEL   base = (R+W)/150 = 230.69 us
MODEL   turn = a*min(R,W) = 0.00574*1048576 = 6.02 us
MODEL   => T_model = 666.91 us
MODEL FEATS [{"name":"sum_1","is_reduction":true,"out_elems":524288,"cores":4,"dtype_bytes":2,"args":[{"name":"op0","role":"output","mem":"hbm","elems":524288,"broadcast":false,"dims":[1,8192,64],"logical":[8192],"loop_factor":1},{"name":"arg0_1","role":"input","mem":"hbm","elems":16777216,"broadcast":false,"dims":[32,8192,64],"logical":[8192,2048],"loop_factor":1}],"reduction_cores":1,"loop_trip":1,"tiles_output_dim":false,"tile_rows_per_core":0.0,"is_matmul":false,"matmul_macs":0,"matmul_rows_per_core":0.0,"matmul_cols_per_core":0.0,"matmul_a_bytes":0,"matmul_b_bytes":0,"matmul_m_split":1,"matmul_n_split":1,"hbm_pattern":""}]
TIMING op=sumrow reps=7/7 prof_wall_s=0.10 per_rep_s=0.015
SUMMARY op=sumrow rows=8192 cols=2048 cores=4 tiles=0 lx=1 io_hbm_bytes=34603008 kernel_us=592.481 pred_us=666.907 err_pct=+12.6 bw_gbps=58.4 memset_us=45.562 other_dev_us=191.563 total_dev_us=829.606 kernel_us_min=574.156 kernel_us_median=592.481 kernel_us_mean=592.585 kernel_us_std=8.465 kernel_us_cv=1.43 reps=7
TIMING_RUN sumrow 8192/2048 c4 15s
-- sumrow ROWS=8192 COLS=2048 sencores=8
IO -- device-layout I/O (cost model, stick-padded) --
IO   op sum_1 [reduction]
IO     output op0                    torch [8192] -> device [1, 8192, 64] in HBM = 524288 elems x 2B = 1048576 B  (hbm counted: 1048576 B)
IO     input  arg0_1                 torch [8192, 2048] -> device [32, 8192, 64] in HBM = 16777216 elems x 2B = 33554432 B  (hbm counted: 33554432 B)
IO   => HBM I/O total = 34603008 B  (lx 0 B, ~free)
MODEL -- estimate (turnaround): T = (R+W)/BW_PEAK + a*min(R,W) --
MODEL   R=33554432 B (read)   W=1048576 B (write)   loop_trip L=1
MODEL   base = (R+W)/150 = 230.69 us
MODEL   turn = a*min(R,W) = 0.00574*1048576 = 6.02 us
MODEL   => T_model = 531.06 us
MODEL FEATS [{"name":"sum_1","is_reduction":true,"out_elems":524288,"cores":8,"dtype_bytes":2,"args":[{"name":"op0","role":"output","mem":"hbm","elems":524288,"broadcast":false,"dims":[1,8192,64],"logical":[8192],"loop_factor":1},{"name":"arg0_1","role":"input","mem":"hbm","elems":16777216,"broadcast":false,"dims":[32,8192,64],"logical":[8192,2048],"loop_factor":1}],"reduction_cores":1,"loop_trip":1,"tiles_output_dim":false,"tile_rows_per_core":0.0,"is_matmul":false,"matmul_macs":0,"matmul_rows_per_core":0.0,"matmul_cols_per_core":0.0,"matmul_a_bytes":0,"matmul_b_bytes":0,"matmul_m_split":1,"matmul_n_split":1,"hbm_pattern":""}]
TIMING op=sumrow reps=7/7 prof_wall_s=0.10 per_rep_s=0.014
SUMMARY op=sumrow rows=8192 cols=2048 cores=8 tiles=0 lx=1 io_hbm_bytes=34603008 kernel_us=442.799 pred_us=531.056 err_pct=+19.9 bw_gbps=78.1 memset_us=58.111 other_dev_us=226.730 total_dev_us=727.640 kernel_us_min=439.314 kernel_us_median=442.799 kernel_us_mean=443.394 kernel_us_std=2.372 kernel_us_cv=0.53 reps=7
TIMING_RUN sumrow 8192/2048 c8 12s
-- sumrow ROWS=8192 COLS=2048 sencores=16
IO -- device-layout I/O (cost model, stick-padded) --
IO   op sum_1 [reduction]
IO     output op0                    torch [8192] -> device [1, 8192, 64] in HBM = 524288 elems x 2B = 1048576 B  (hbm counted: 1048576 B)
IO     input  arg0_1                 torch [8192, 2048] -> device [32, 8192, 64] in HBM = 16777216 elems x 2B = 33554432 B  (hbm counted: 33554432 B)
IO   => HBM I/O total = 34603008 B  (lx 0 B, ~free)
MODEL -- estimate (turnaround): T = (R+W)/BW_PEAK + a*min(R,W) --
MODEL   R=33554432 B (read)   W=1048576 B (write)   loop_trip L=1
MODEL   base = (R+W)/150 = 230.69 us
MODEL   turn = a*min(R,W) = 0.00574*1048576 = 6.02 us
MODEL   => T_model = 531.06 us
MODEL FEATS [{"name":"sum_1","is_reduction":true,"out_elems":524288,"cores":16,"dtype_bytes":2,"args":[{"name":"op0","role":"output","mem":"hbm","elems":524288,"broadcast":false,"dims":[1,8192,64],"logical":[8192],"loop_factor":1},{"name":"arg0_1","role":"input","mem":"hbm","elems":16777216,"broadcast":false,"dims":[32,8192,64],"logical":[8192,2048],"loop_factor":1}],"reduction_cores":1,"loop_trip":1,"tiles_output_dim":false,"tile_rows_per_core":0.0,"is_matmul":false,"matmul_macs":0,"matmul_rows_per_core":0.0,"matmul_cols_per_core":0.0,"matmul_a_bytes":0,"matmul_b_bytes":0,"matmul_m_split":1,"matmul_n_split":1,"hbm_pattern":""}]
TIMING op=sumrow reps=7/7 prof_wall_s=0.10 per_rep_s=0.015
SUMMARY op=sumrow rows=8192 cols=2048 cores=16 tiles=0 lx=1 io_hbm_bytes=34603008 kernel_us=440.526 pred_us=531.056 err_pct=+20.6 bw_gbps=78.5 memset_us=73.127 other_dev_us=182.657 total_dev_us=696.310 kernel_us_min=424.064 kernel_us_median=440.526 kernel_us_mean=441.597 kernel_us_std=12.609 kernel_us_cv=2.86 reps=7
TIMING_RUN sumrow 8192/2048 c16 17s
-- sumrow ROWS=8192 COLS=2048 sencores=32
IO -- device-layout I/O (cost model, stick-padded) --
IO   op sum_1 [reduction]
IO     output op0                    torch [8192] -> device [1, 8192, 64] in HBM = 524288 elems x 2B = 1048576 B  (hbm counted: 1048576 B)
IO     input  arg0_1                 torch [8192, 2048] -> device [32, 8192, 64] in HBM = 16777216 elems x 2B = 33554432 B  (hbm counted: 33554432 B)
IO   => HBM I/O total = 34603008 B  (lx 0 B, ~free)
MODEL -- estimate (turnaround): T = (R+W)/BW_PEAK + a*min(R,W) --
MODEL   R=33554432 B (read)   W=1048576 B (write)   loop_trip L=1
MODEL   base = (R+W)/150 = 230.69 us
MODEL   turn = a*min(R,W) = 0.00574*1048576 = 6.02 us
MODEL   => T_model = 286.77 us
MODEL FEATS [{"name":"sum_1","is_reduction":true,"out_elems":524288,"cores":32,"dtype_bytes":2,"args":[{"name":"op0","role":"output","mem":"hbm","elems":524288,"broadcast":false,"dims":[1,8192,64],"logical":[8192],"loop_factor":1},{"name":"arg0_1","role":"input","mem":"hbm","elems":16777216,"broadcast":false,"dims":[32,8192,64],"logical":[8192,2048],"loop_factor":1}],"reduction_cores":1,"loop_trip":1,"tiles_output_dim":false,"tile_rows_per_core":0.0,"is_matmul":false,"matmul_macs":0,"matmul_rows_per_core":0.0,"matmul_cols_per_core":0.0,"matmul_a_bytes":0,"matmul_b_bytes":0,"matmul_m_split":1,"matmul_n_split":1,"hbm_pattern":""}]
TIMING op=sumrow reps=7/7 prof_wall_s=0.10 per_rep_s=0.015
SUMMARY op=sumrow rows=8192 cols=2048 cores=32 tiles=0 lx=1 io_hbm_bytes=34603008 kernel_us=285.434 pred_us=286.770 err_pct=+0.5 bw_gbps=121.2 memset_us=57.641 other_dev_us=283.501 total_dev_us=626.576 kernel_us_min=272.476 kernel_us_median=285.434 kernel_us_mean=284.578 kernel_us_std=5.154 kernel_us_cv=1.81 reps=7
TIMING_RUN sumrow 8192/2048 c32 14s
-- mean ROWS=2048 COLS=8192 sencores=1
IO -- device-layout I/O (cost model, stick-padded) --
IO   op mean [reduction]
IO     output op0                    torch [2048] -> device [1, 2048, 64] in HBM = 131072 elems x 2B = 262144 B  (hbm counted: 262144 B)
IO     input  arg0_1                 torch [2048, 8192] -> device [128, 2048, 64] in HBM = 16777216 elems x 2B = 33554432 B  (hbm counted: 33554432 B)
IO   => HBM I/O total = 33816576 B  (lx 0 B, ~free)
MODEL -- estimate (turnaround): T = (R+W)/BW_PEAK + a*min(R,W) --
MODEL   R=33554432 B (read)   W=262144 B (write)   loop_trip L=1
MODEL   base = (R+W)/150 = 225.44 us
MODEL   turn = a*min(R,W) = 0.00574*262144 = 1.50 us
MODEL   => T_model = 2062.27 us
MODEL FEATS [{"name":"mean","is_reduction":true,"out_elems":131072,"cores":1,"dtype_bytes":2,"args":[{"name":"op0","role":"output","mem":"hbm","elems":131072,"broadcast":false,"dims":[1,2048,64],"logical":[2048],"loop_factor":1},{"name":"arg0_1","role":"input","mem":"hbm","elems":16777216,"broadcast":false,"dims":[128,2048,64],"logical":[2048,8192],"loop_factor":1}],"reduction_cores":1,"loop_trip":1,"tiles_output_dim":false,"tile_rows_per_core":0.0,"is_matmul":false,"matmul_macs":0,"matmul_rows_per_core":0.0,"matmul_cols_per_core":0.0,"matmul_a_bytes":0,"matmul_b_bytes":0,"matmul_m_split":1,"matmul_n_split":1,"hbm_pattern":""}]
TIMING op=mean reps=7/7 prof_wall_s=0.10 per_rep_s=0.015
SUMMARY op=mean rows=2048 cols=8192 cores=1 tiles=0 lx=1 io_hbm_bytes=33816576 kernel_us=2087.994 pred_us=2062.269 err_pct=-1.2 bw_gbps=16.2 memset_us=28.411 other_dev_us=119.472 total_dev_us=2235.877 kernel_us_min=2050.980 kernel_us_median=2087.994 kernel_us_mean=2086.208 kernel_us_std=27.310 kernel_us_cv=1.31 reps=7
TIMING_RUN mean 2048/8192 c1 12s
-- mean ROWS=2048 COLS=8192 sencores=2
IO -- device-layout I/O (cost model, stick-padded) --
IO   op mean [reduction]
IO     output op0                    torch [2048] -> device [1, 2048, 64] in HBM = 131072 elems x 2B = 262144 B  (hbm counted: 262144 B)
IO     input  arg0_1                 torch [2048, 8192] -> device [128, 2048, 64] in HBM = 16777216 elems x 2B = 33554432 B  (hbm counted: 33554432 B)
IO   => HBM I/O total = 33816576 B  (lx 0 B, ~free)
MODEL -- estimate (turnaround): T = (R+W)/BW_PEAK + a*min(R,W) --
MODEL   R=33554432 B (read)   W=262144 B (write)   loop_trip L=1
MODEL   base = (R+W)/150 = 225.44 us
MODEL   turn = a*min(R,W) = 0.00574*262144 = 1.50 us
MODEL   => T_model = 1031.13 us
MODEL FEATS [{"name":"mean","is_reduction":true,"out_elems":131072,"cores":2,"dtype_bytes":2,"args":[{"name":"op0","role":"output","mem":"hbm","elems":131072,"broadcast":false,"dims":[1,2048,64],"logical":[2048],"loop_factor":1},{"name":"arg0_1","role":"input","mem":"hbm","elems":16777216,"broadcast":false,"dims":[128,2048,64],"logical":[2048,8192],"loop_factor":1}],"reduction_cores":1,"loop_trip":1,"tiles_output_dim":false,"tile_rows_per_core":0.0,"is_matmul":false,"matmul_macs":0,"matmul_rows_per_core":0.0,"matmul_cols_per_core":0.0,"matmul_a_bytes":0,"matmul_b_bytes":0,"matmul_m_split":1,"matmul_n_split":1,"hbm_pattern":""}]
TIMING op=mean reps=7/7 prof_wall_s=0.10 per_rep_s=0.015
SUMMARY op=mean rows=2048 cols=8192 cores=2 tiles=0 lx=1 io_hbm_bytes=33816576 kernel_us=1064.584 pred_us=1031.134 err_pct=-3.1 bw_gbps=31.8 memset_us=32.603 other_dev_us=122.463 total_dev_us=1219.650 kernel_us_min=1039.270 kernel_us_median=1064.584 kernel_us_mean=1061.265 kernel_us_std=11.918 kernel_us_cv=1.12 reps=7
TIMING_RUN mean 2048/8192 c2 13s
-- mean ROWS=2048 COLS=8192 sencores=4
IO -- device-layout I/O (cost model, stick-padded) --
IO   op mean [reduction]
IO     output op0                    torch [2048] -> device [1, 2048, 64] in HBM = 131072 elems x 2B = 262144 B  (hbm counted: 262144 B)
IO     input  arg0_1                 torch [2048, 8192] -> device [128, 2048, 64] in HBM = 16777216 elems x 2B = 33554432 B  (hbm counted: 33554432 B)
IO   => HBM I/O total = 33816576 B  (lx 0 B, ~free)
MODEL -- estimate (turnaround): T = (R+W)/BW_PEAK + a*min(R,W) --
MODEL   R=33554432 B (read)   W=262144 B (write)   loop_trip L=1
MODEL   base = (R+W)/150 = 225.44 us
MODEL   turn = a*min(R,W) = 0.00574*262144 = 1.50 us
MODEL   => T_model = 527.56 us
MODEL FEATS [{"name":"mean","is_reduction":true,"out_elems":131072,"cores":4,"dtype_bytes":2,"args":[{"name":"op0","role":"output","mem":"hbm","elems":131072,"broadcast":false,"dims":[1,2048,64],"logical":[2048],"loop_factor":1},{"name":"arg0_1","role":"input","mem":"hbm","elems":16777216,"broadcast":false,"dims":[128,2048,64],"logical":[2048,8192],"loop_factor":1}],"reduction_cores":1,"loop_trip":1,"tiles_output_dim":false,"tile_rows_per_core":0.0,"is_matmul":false,"matmul_macs":0,"matmul_rows_per_core":0.0,"matmul_cols_per_core":0.0,"matmul_a_bytes":0,"matmul_b_bytes":0,"matmul_m_split":1,"matmul_n_split":1,"hbm_pattern":""}]
TIMING op=mean reps=7/7 prof_wall_s=0.09 per_rep_s=0.013
SUMMARY op=mean rows=2048 cols=8192 cores=4 tiles=0 lx=1 io_hbm_bytes=33816576 kernel_us=552.411 pred_us=527.557 err_pct=-4.5 bw_gbps=61.2 memset_us=29.951 other_dev_us=128.421 total_dev_us=710.783 kernel_us_min=547.481 kernel_us_median=552.411 kernel_us_mean=552.303 kernel_us_std=2.951 kernel_us_cv=0.53 reps=7
TIMING_RUN mean 2048/8192 c4 13s
-- mean ROWS=2048 COLS=8192 sencores=8
IO -- device-layout I/O (cost model, stick-padded) --
IO   op mean [reduction]
IO     output op0                    torch [2048] -> device [1, 2048, 64] in HBM = 131072 elems x 2B = 262144 B  (hbm counted: 262144 B)
IO     input  arg0_1                 torch [2048, 8192] -> device [128, 2048, 64] in HBM = 16777216 elems x 2B = 33554432 B  (hbm counted: 33554432 B)
IO   => HBM I/O total = 33816576 B  (lx 0 B, ~free)
MODEL -- estimate (turnaround): T = (R+W)/BW_PEAK + a*min(R,W) --
MODEL   R=33554432 B (read)   W=262144 B (write)   loop_trip L=1
MODEL   base = (R+W)/150 = 225.44 us
MODEL   turn = a*min(R,W) = 0.00574*262144 = 1.50 us
MODEL   => T_model = 420.09 us
MODEL FEATS [{"name":"mean","is_reduction":true,"out_elems":131072,"cores":8,"dtype_bytes":2,"args":[{"name":"op0","role":"output","mem":"hbm","elems":131072,"broadcast":false,"dims":[1,2048,64],"logical":[2048],"loop_factor":1},{"name":"arg0_1","role":"input","mem":"hbm","elems":16777216,"broadcast":false,"dims":[128,2048,64],"logical":[2048,8192],"loop_factor":1}],"reduction_cores":1,"loop_trip":1,"tiles_output_dim":false,"tile_rows_per_core":0.0,"is_matmul":false,"matmul_macs":0,"matmul_rows_per_core":0.0,"matmul_cols_per_core":0.0,"matmul_a_bytes":0,"matmul_b_bytes":0,"matmul_m_split":1,"matmul_n_split":1,"hbm_pattern":""}]
TIMING op=mean reps=7/7 prof_wall_s=0.09 per_rep_s=0.014
SUMMARY op=mean rows=2048 cols=8192 cores=8 tiles=0 lx=1 io_hbm_bytes=33816576 kernel_us=454.471 pred_us=420.092 err_pct=-7.6 bw_gbps=74.4 memset_us=29.068 other_dev_us=125.077 total_dev_us=608.616 kernel_us_min=437.716 kernel_us_median=454.471 kernel_us_mean=457.295 kernel_us_std=16.676 kernel_us_cv=3.65 reps=7
TIMING_RUN mean 2048/8192 c8 15s
-- mean ROWS=2048 COLS=8192 sencores=16
IO -- device-layout I/O (cost model, stick-padded) --
IO   op mean [reduction]
IO     output op0                    torch [2048] -> device [1, 2048, 64] in HBM = 131072 elems x 2B = 262144 B  (hbm counted: 262144 B)
IO     input  arg0_1                 torch [2048, 8192] -> device [128, 2048, 64] in HBM = 16777216 elems x 2B = 33554432 B  (hbm counted: 33554432 B)
IO   => HBM I/O total = 33816576 B  (lx 0 B, ~free)
MODEL -- estimate (turnaround): T = (R+W)/BW_PEAK + a*min(R,W) --
MODEL   R=33554432 B (read)   W=262144 B (write)   loop_trip L=1
MODEL   base = (R+W)/150 = 225.44 us
MODEL   turn = a*min(R,W) = 0.00574*262144 = 1.50 us
MODEL   => T_model = 420.09 us
MODEL FEATS [{"name":"mean","is_reduction":true,"out_elems":131072,"cores":16,"dtype_bytes":2,"args":[{"name":"op0","role":"output","mem":"hbm","elems":131072,"broadcast":false,"dims":[1,2048,64],"logical":[2048],"loop_factor":1},{"name":"arg0_1","role":"input","mem":"hbm","elems":16777216,"broadcast":false,"dims":[128,2048,64],"logical":[2048,8192],"loop_factor":1}],"reduction_cores":1,"loop_trip":1,"tiles_output_dim":false,"tile_rows_per_core":0.0,"is_matmul":false,"matmul_macs":0,"matmul_rows_per_core":0.0,"matmul_cols_per_core":0.0,"matmul_a_bytes":0,"matmul_b_bytes":0,"matmul_m_split":1,"matmul_n_split":1,"hbm_pattern":""}]
TIMING op=mean reps=7/7 prof_wall_s=0.10 per_rep_s=0.014
SUMMARY op=mean rows=2048 cols=8192 cores=16 tiles=0 lx=1 io_hbm_bytes=33816576 kernel_us=440.153 pred_us=420.092 err_pct=-4.6 bw_gbps=76.8 memset_us=29.322 other_dev_us=128.544 total_dev_us=598.019 kernel_us_min=420.789 kernel_us_median=440.153 kernel_us_mean=439.188 kernel_us_std=8.321 kernel_us_cv=1.89 reps=7
TIMING_RUN mean 2048/8192 c16 13s
-- mean ROWS=2048 COLS=8192 sencores=32
IO -- device-layout I/O (cost model, stick-padded) --
IO   op mean [reduction]
IO     output op0                    torch [2048] -> device [1, 2048, 64] in HBM = 131072 elems x 2B = 262144 B  (hbm counted: 262144 B)
IO     input  arg0_1                 torch [2048, 8192] -> device [128, 2048, 64] in HBM = 16777216 elems x 2B = 33554432 B  (hbm counted: 33554432 B)
IO   => HBM I/O total = 33816576 B  (lx 0 B, ~free)
MODEL -- estimate (turnaround): T = (R+W)/BW_PEAK + a*min(R,W) --
MODEL   R=33554432 B (read)   W=262144 B (write)   loop_trip L=1
MODEL   base = (R+W)/150 = 225.44 us
MODEL   turn = a*min(R,W) = 0.00574*262144 = 1.50 us
MODEL   => T_model = 226.85 us
MODEL FEATS [{"name":"mean","is_reduction":true,"out_elems":131072,"cores":32,"dtype_bytes":2,"args":[{"name":"op0","role":"output","mem":"hbm","elems":131072,"broadcast":false,"dims":[1,2048,64],"logical":[2048],"loop_factor":1},{"name":"arg0_1","role":"input","mem":"hbm","elems":16777216,"broadcast":false,"dims":[128,2048,64],"logical":[2048,8192],"loop_factor":1}],"reduction_cores":1,"loop_trip":1,"tiles_output_dim":false,"tile_rows_per_core":0.0,"is_matmul":false,"matmul_macs":0,"matmul_rows_per_core":0.0,"matmul_cols_per_core":0.0,"matmul_a_bytes":0,"matmul_b_bytes":0,"matmul_m_split":1,"matmul_n_split":1,"hbm_pattern":""}]
TIMING op=mean reps=7/7 prof_wall_s=0.10 per_rep_s=0.014
SUMMARY op=mean rows=2048 cols=8192 cores=32 tiles=0 lx=1 io_hbm_bytes=33816576 kernel_us=224.960 pred_us=226.850 err_pct=+0.8 bw_gbps=150.3 memset_us=33.692 other_dev_us=121.972 total_dev_us=380.624 kernel_us_min=218.598 kernel_us_median=224.960 kernel_us_mean=224.326 kernel_us_std=4.305 kernel_us_cv=1.92 reps=7
TIMING_RUN mean 2048/8192 c32 13s
-- mean ROWS=8192 COLS=2048 sencores=1
IO -- device-layout I/O (cost model, stick-padded) --
IO   op mean [reduction]
IO     output op0                    torch [8192] -> device [1, 8192, 64] in HBM = 524288 elems x 2B = 1048576 B  (hbm counted: 1048576 B)
IO     input  arg0_1                 torch [8192, 2048] -> device [32, 8192, 64] in HBM = 16777216 elems x 2B = 33554432 B  (hbm counted: 33554432 B)
IO   => HBM I/O total = 34603008 B  (lx 0 B, ~free)
MODEL -- estimate (turnaround): T = (R+W)/BW_PEAK + a*min(R,W) --
MODEL   R=33554432 B (read)   W=1048576 B (write)   loop_trip L=1
MODEL   base = (R+W)/150 = 230.69 us
MODEL   turn = a*min(R,W) = 0.00574*1048576 = 6.02 us
MODEL   => T_model = 2607.00 us
MODEL FEATS [{"name":"mean","is_reduction":true,"out_elems":524288,"cores":1,"dtype_bytes":2,"args":[{"name":"op0","role":"output","mem":"hbm","elems":524288,"broadcast":false,"dims":[1,8192,64],"logical":[8192],"loop_factor":1},{"name":"arg0_1","role":"input","mem":"hbm","elems":16777216,"broadcast":false,"dims":[32,8192,64],"logical":[8192,2048],"loop_factor":1}],"reduction_cores":1,"loop_trip":1,"tiles_output_dim":false,"tile_rows_per_core":0.0,"is_matmul":false,"matmul_macs":0,"matmul_rows_per_core":0.0,"matmul_cols_per_core":0.0,"matmul_a_bytes":0,"matmul_b_bytes":0,"matmul_m_split":1,"matmul_n_split":1,"hbm_pattern":""}]
TIMING op=mean reps=7/7 prof_wall_s=0.11 per_rep_s=0.016
SUMMARY op=mean rows=8192 cols=2048 cores=1 tiles=0 lx=1 io_hbm_bytes=34603008 kernel_us=2398.614 pred_us=2607.000 err_pct=+8.7 bw_gbps=14.4 memset_us=44.592 other_dev_us=271.556 total_dev_us=2714.762 kernel_us_min=2340.414 kernel_us_median=2398.614 kernel_us_mean=2396.385 kernel_us_std=39.954 kernel_us_cv=1.67 reps=7
TIMING_RUN mean 8192/2048 c1 13s
-- mean ROWS=8192 COLS=2048 sencores=2
IO -- device-layout I/O (cost model, stick-padded) --
IO   op mean [reduction]
IO     output op0                    torch [8192] -> device [1, 8192, 64] in HBM = 524288 elems x 2B = 1048576 B  (hbm counted: 1048576 B)
IO     input  arg0_1                 torch [8192, 2048] -> device [32, 8192, 64] in HBM = 16777216 elems x 2B = 33554432 B  (hbm counted: 33554432 B)
IO   => HBM I/O total = 34603008 B  (lx 0 B, ~free)
MODEL -- estimate (turnaround): T = (R+W)/BW_PEAK + a*min(R,W) --
MODEL   R=33554432 B (read)   W=1048576 B (write)   loop_trip L=1
MODEL   base = (R+W)/150 = 230.69 us
MODEL   turn = a*min(R,W) = 0.00574*1048576 = 6.02 us
MODEL   => T_model = 1303.50 us
MODEL FEATS [{"name":"mean","is_reduction":true,"out_elems":524288,"cores":2,"dtype_bytes":2,"args":[{"name":"op0","role":"output","mem":"hbm","elems":524288,"broadcast":false,"dims":[1,8192,64],"logical":[8192],"loop_factor":1},{"name":"arg0_1","role":"input","mem":"hbm","elems":16777216,"broadcast":false,"dims":[32,8192,64],"logical":[8192,2048],"loop_factor":1}],"reduction_cores":1,"loop_trip":1,"tiles_output_dim":false,"tile_rows_per_core":0.0,"is_matmul":false,"matmul_macs":0,"matmul_rows_per_core":0.0,"matmul_cols_per_core":0.0,"matmul_a_bytes":0,"matmul_b_bytes":0,"matmul_m_split":1,"matmul_n_split":1,"hbm_pattern":""}]
TIMING op=mean reps=7/7 prof_wall_s=0.11 per_rep_s=0.015
SUMMARY op=mean rows=8192 cols=2048 cores=2 tiles=0 lx=1 io_hbm_bytes=34603008 kernel_us=1185.714 pred_us=1303.500 err_pct=+9.9 bw_gbps=29.2 memset_us=48.752 other_dev_us=271.020 total_dev_us=1505.486 kernel_us_min=1125.631 kernel_us_median=1185.714 kernel_us_mean=1172.284 kernel_us_std=25.678 kernel_us_cv=2.19 reps=7
TIMING_RUN mean 8192/2048 c2 14s
-- mean ROWS=8192 COLS=2048 sencores=4
IO -- device-layout I/O (cost model, stick-padded) --
IO   op mean [reduction]
IO     output op0                    torch [8192] -> device [1, 8192, 64] in HBM = 524288 elems x 2B = 1048576 B  (hbm counted: 1048576 B)
IO     input  arg0_1                 torch [8192, 2048] -> device [32, 8192, 64] in HBM = 16777216 elems x 2B = 33554432 B  (hbm counted: 33554432 B)
IO   => HBM I/O total = 34603008 B  (lx 0 B, ~free)
MODEL -- estimate (turnaround): T = (R+W)/BW_PEAK + a*min(R,W) --
MODEL   R=33554432 B (read)   W=1048576 B (write)   loop_trip L=1
MODEL   base = (R+W)/150 = 230.69 us
MODEL   turn = a*min(R,W) = 0.00574*1048576 = 6.02 us
MODEL   => T_model = 666.91 us
MODEL FEATS [{"name":"mean","is_reduction":true,"out_elems":524288,"cores":4,"dtype_bytes":2,"args":[{"name":"op0","role":"output","mem":"hbm","elems":524288,"broadcast":false,"dims":[1,8192,64],"logical":[8192],"loop_factor":1},{"name":"arg0_1","role":"input","mem":"hbm","elems":16777216,"broadcast":false,"dims":[32,8192,64],"logical":[8192,2048],"loop_factor":1}],"reduction_cores":1,"loop_trip":1,"tiles_output_dim":false,"tile_rows_per_core":0.0,"is_matmul":false,"matmul_macs":0,"matmul_rows_per_core":0.0,"matmul_cols_per_core":0.0,"matmul_a_bytes":0,"matmul_b_bytes":0,"matmul_m_split":1,"matmul_n_split":1,"hbm_pattern":""}]
TIMING op=mean reps=7/7 prof_wall_s=0.10 per_rep_s=0.014
SUMMARY op=mean rows=8192 cols=2048 cores=4 tiles=0 lx=1 io_hbm_bytes=34603008 kernel_us=593.529 pred_us=666.907 err_pct=+12.4 bw_gbps=58.3 memset_us=73.042 other_dev_us=193.473 total_dev_us=860.044 kernel_us_min=578.565 kernel_us_median=593.529 kernel_us_mean=591.121 kernel_us_std=7.864 kernel_us_cv=1.33 reps=7
TIMING_RUN mean 8192/2048 c4 17s
-- mean ROWS=8192 COLS=2048 sencores=8
IO -- device-layout I/O (cost model, stick-padded) --
IO   op mean [reduction]
IO     output op0                    torch [8192] -> device [1, 8192, 64] in HBM = 524288 elems x 2B = 1048576 B  (hbm counted: 1048576 B)
IO     input  arg0_1                 torch [8192, 2048] -> device [32, 8192, 64] in HBM = 16777216 elems x 2B = 33554432 B  (hbm counted: 33554432 B)
IO   => HBM I/O total = 34603008 B  (lx 0 B, ~free)
MODEL -- estimate (turnaround): T = (R+W)/BW_PEAK + a*min(R,W) --
MODEL   R=33554432 B (read)   W=1048576 B (write)   loop_trip L=1
MODEL   base = (R+W)/150 = 230.69 us
MODEL   turn = a*min(R,W) = 0.00574*1048576 = 6.02 us
MODEL   => T_model = 531.06 us
MODEL FEATS [{"name":"mean","is_reduction":true,"out_elems":524288,"cores":8,"dtype_bytes":2,"args":[{"name":"op0","role":"output","mem":"hbm","elems":524288,"broadcast":false,"dims":[1,8192,64],"logical":[8192],"loop_factor":1},{"name":"arg0_1","role":"input","mem":"hbm","elems":16777216,"broadcast":false,"dims":[32,8192,64],"logical":[8192,2048],"loop_factor":1}],"reduction_cores":1,"loop_trip":1,"tiles_output_dim":false,"tile_rows_per_core":0.0,"is_matmul":false,"matmul_macs":0,"matmul_rows_per_core":0.0,"matmul_cols_per_core":0.0,"matmul_a_bytes":0,"matmul_b_bytes":0,"matmul_m_split":1,"matmul_n_split":1,"hbm_pattern":""}]
TIMING op=mean reps=7/7 prof_wall_s=0.10 per_rep_s=0.014
SUMMARY op=mean rows=8192 cols=2048 cores=8 tiles=0 lx=1 io_hbm_bytes=34603008 kernel_us=443.338 pred_us=531.056 err_pct=+19.8 bw_gbps=78.1 memset_us=55.797 other_dev_us=274.796 total_dev_us=773.931 kernel_us_min=439.735 kernel_us_median=443.338 kernel_us_mean=443.962 kernel_us_std=2.463 kernel_us_cv=0.55 reps=7
TIMING_RUN mean 8192/2048 c8 13s
-- mean ROWS=8192 COLS=2048 sencores=16
IO -- device-layout I/O (cost model, stick-padded) --
IO   op mean [reduction]
IO     output op0                    torch [8192] -> device [1, 8192, 64] in HBM = 524288 elems x 2B = 1048576 B  (hbm counted: 1048576 B)
IO     input  arg0_1                 torch [8192, 2048] -> device [32, 8192, 64] in HBM = 16777216 elems x 2B = 33554432 B  (hbm counted: 33554432 B)
IO   => HBM I/O total = 34603008 B  (lx 0 B, ~free)
MODEL -- estimate (turnaround): T = (R+W)/BW_PEAK + a*min(R,W) --
MODEL   R=33554432 B (read)   W=1048576 B (write)   loop_trip L=1
MODEL   base = (R+W)/150 = 230.69 us
MODEL   turn = a*min(R,W) = 0.00574*1048576 = 6.02 us
MODEL   => T_model = 531.06 us
MODEL FEATS [{"name":"mean","is_reduction":true,"out_elems":524288,"cores":16,"dtype_bytes":2,"args":[{"name":"op0","role":"output","mem":"hbm","elems":524288,"broadcast":false,"dims":[1,8192,64],"logical":[8192],"loop_factor":1},{"name":"arg0_1","role":"input","mem":"hbm","elems":16777216,"broadcast":false,"dims":[32,8192,64],"logical":[8192,2048],"loop_factor":1}],"reduction_cores":1,"loop_trip":1,"tiles_output_dim":false,"tile_rows_per_core":0.0,"is_matmul":false,"matmul_macs":0,"matmul_rows_per_core":0.0,"matmul_cols_per_core":0.0,"matmul_a_bytes":0,"matmul_b_bytes":0,"matmul_m_split":1,"matmul_n_split":1,"hbm_pattern":""}]
TIMING op=mean reps=7/7 prof_wall_s=0.10 per_rep_s=0.014
SUMMARY op=mean rows=8192 cols=2048 cores=16 tiles=0 lx=1 io_hbm_bytes=34603008 kernel_us=443.137 pred_us=531.056 err_pct=+19.8 bw_gbps=78.1 memset_us=45.997 other_dev_us=182.646 total_dev_us=671.780 kernel_us_min=436.027 kernel_us_median=443.137 kernel_us_mean=447.944 kernel_us_std=11.342 kernel_us_cv=2.53 reps=7
TIMING_RUN mean 8192/2048 c16 12s
-- mean ROWS=8192 COLS=2048 sencores=32
IO -- device-layout I/O (cost model, stick-padded) --
IO   op mean [reduction]
IO     output op0                    torch [8192] -> device [1, 8192, 64] in HBM = 524288 elems x 2B = 1048576 B  (hbm counted: 1048576 B)
IO     input  arg0_1                 torch [8192, 2048] -> device [32, 8192, 64] in HBM = 16777216 elems x 2B = 33554432 B  (hbm counted: 33554432 B)
IO   => HBM I/O total = 34603008 B  (lx 0 B, ~free)
MODEL -- estimate (turnaround): T = (R+W)/BW_PEAK + a*min(R,W) --
MODEL   R=33554432 B (read)   W=1048576 B (write)   loop_trip L=1
MODEL   base = (R+W)/150 = 230.69 us
MODEL   turn = a*min(R,W) = 0.00574*1048576 = 6.02 us
MODEL   => T_model = 286.77 us
MODEL FEATS [{"name":"mean","is_reduction":true,"out_elems":524288,"cores":32,"dtype_bytes":2,"args":[{"name":"op0","role":"output","mem":"hbm","elems":524288,"broadcast":false,"dims":[1,8192,64],"logical":[8192],"loop_factor":1},{"name":"arg0_1","role":"input","mem":"hbm","elems":16777216,"broadcast":false,"dims":[32,8192,64],"logical":[8192,2048],"loop_factor":1}],"reduction_cores":1,"loop_trip":1,"tiles_output_dim":false,"tile_rows_per_core":0.0,"is_matmul":false,"matmul_macs":0,"matmul_rows_per_core":0.0,"matmul_cols_per_core":0.0,"matmul_a_bytes":0,"matmul_b_bytes":0,"matmul_m_split":1,"matmul_n_split":1,"hbm_pattern":""}]
TIMING op=mean reps=7/7 prof_wall_s=0.10 per_rep_s=0.014
SUMMARY op=mean rows=8192 cols=2048 cores=32 tiles=0 lx=1 io_hbm_bytes=34603008 kernel_us=284.438 pred_us=286.770 err_pct=+0.8 bw_gbps=121.7 memset_us=56.530 other_dev_us=265.905 total_dev_us=606.873 kernel_us_min=276.656 kernel_us_median=284.438 kernel_us_mean=282.643 kernel_us_std=3.874 kernel_us_cv=1.37 reps=7
TIMING_RUN mean 8192/2048 c32 13s
==== REDUCTION-CORES DONE in 688s (Wed Jul 29 08:59:04 UTC 2026) -- fold + recompute g(cores)=BW(c)/BW(32) per (op,shape); check the c8/c16 plateau under reps and cross-shape agreement ====
