==== transport isolation sweep Fri Jul 24 04:18:55 UTC 2026 ====
git: 127851f  sections: TOMID SPSAT RSHAPE XIR  reps: 7
-- preflight: trivial neg to check the Spyre device is up ...
-- preflight OK (device reachable)
## TOMID -- transpose_outer middle-dim M sweep at fixed (R,C)
-- transpose_outer [2048,2048] m=1 (IR -> haoyang_logs/ir/transpose_outer_m1_2048x2048.txt)
IO -- device-layout I/O (cost model, stick-padded) --
IO   => HBM I/O total = 0 B  (lx 0 B, ~free)
MODEL (no features extracted)
TIMING op=transpose_outer reps=0/7 prof_wall_s=0.18 per_rep_s=0.025
SUMMARY op=transpose_outer rows=2048 cols=2048 cores=32 tiles=0 lx=0 io_hbm_bytes=0 kernel_us=0.000 pred_us=0.000 err_pct=+0.0 bw_gbps=0.0 memset_us=0.000 other_dev_us=0.000 total_dev_us=0.000 kernel_us_min=0.000 kernel_us_median=0.000 kernel_us_mean=0.000 kernel_us_std=0.000 kernel_us_cv=0.00 reps=0
TIMING_RUN transpose_outer [2048,2048] m=1 13s
-- transpose_outer [2048,2048] m=2 (IR -> haoyang_logs/ir/transpose_outer_m2_2048x2048.txt)
  op_it_space_splits={d0: 1, d1: 32, d2: 1}
IO -- device-layout I/O (cost model, stick-padded) --
IO   op clone
IO     output op0                    torch [2, 2048, 2048] -> device [2048, 32, 2, 64] in HBM = 8388608 elems x 2B = 16777216 B  (hbm counted: 16777216 B)
IO     input  arg0_1                 torch [2048, 2, 2048] -> device [2, 32, 2048, 64] in HBM = 8388608 elems x 2B = 16777216 B  (hbm counted: 16777216 B)
IO   => HBM I/O total = 33554432 B  (lx 0 B, ~free)
MODEL -- estimate (turnaround): T = (R+W)/BW_PEAK + a*min(R,W) --
MODEL   R=16777216 B (read)   W=16777216 B (write)   loop_trip L=1
MODEL   base = (R+W)/150 = 223.70 us
MODEL   turn = a*min(R,W) = 0.00574*16777216 = 96.30 us
MODEL   => T_model = 320.00 us
MODEL FEATS [{"name":"clone","is_reduction":false,"out_elems":8388608,"cores":32,"dtype_bytes":2,"args":[{"name":"op0","role":"output","mem":"hbm","elems":8388608,"broadcast":false,"dims":[2048,32,2,64],"logical":[2,2048,2048],"loop_factor":1},{"name":"arg0_1","role":"input","mem":"hbm","elems":8388608,"broadcast":false,"dims":[2,32,2048,64],"logical":[2048,2,2048],"loop_factor":1}],"reduction_cores":1,"loop_trip":1,"tiles_output_dim":false,"tile_rows_per_core":0.0,"is_matmul":false,"matmul_macs":0,"matmul_rows_per_core":0.0,"matmul_cols_per_core":0.0,"matmul_a_bytes":0,"matmul_b_bytes":0,"matmul_m_split":1,"matmul_n_split":1,"hbm_pattern":""}]
TIMING op=transpose_outer reps=7/7 prof_wall_s=0.25 per_rep_s=0.036
SUMMARY op=transpose_outer rows=2048 cols=2048 cores=32 tiles=0 lx=0 io_hbm_bytes=33554432 kernel_us=479.142 pred_us=319.997 err_pct=-33.2 bw_gbps=70.0 memset_us=248.606 other_dev_us=978.841 total_dev_us=1706.589 kernel_us_min=477.074 kernel_us_median=479.142 kernel_us_mean=479.803 kernel_us_std=2.050 kernel_us_cv=0.43 reps=7
TIMING_RUN transpose_outer [2048,2048] m=2 13s
-- transpose_outer [2048,2048] m=4 (IR -> haoyang_logs/ir/transpose_outer_m4_2048x2048.txt)
  op_it_space_splits={d0: 1, d1: 32, d2: 1}
IO -- device-layout I/O (cost model, stick-padded) --
IO   op clone
IO     output op0                    torch [4, 2048, 2048] -> device [2048, 32, 4, 64] in HBM = 16777216 elems x 2B = 33554432 B  (hbm counted: 33554432 B)
IO     input  arg0_1                 torch [2048, 4, 2048] -> device [4, 32, 2048, 64] in HBM = 16777216 elems x 2B = 33554432 B  (hbm counted: 33554432 B)
IO   => HBM I/O total = 67108864 B  (lx 0 B, ~free)
MODEL -- estimate (turnaround): T = (R+W)/BW_PEAK + a*min(R,W) --
MODEL   R=33554432 B (read)   W=33554432 B (write)   loop_trip L=1
MODEL   base = (R+W)/150 = 447.39 us
MODEL   turn = a*min(R,W) = 0.00574*33554432 = 192.60 us
MODEL   => T_model = 639.99 us
MODEL FEATS [{"name":"clone","is_reduction":false,"out_elems":16777216,"cores":32,"dtype_bytes":2,"args":[{"name":"op0","role":"output","mem":"hbm","elems":16777216,"broadcast":false,"dims":[2048,32,4,64],"logical":[4,2048,2048],"loop_factor":1},{"name":"arg0_1","role":"input","mem":"hbm","elems":16777216,"broadcast":false,"dims":[4,32,2048,64],"logical":[2048,4,2048],"loop_factor":1}],"reduction_cores":1,"loop_trip":1,"tiles_output_dim":false,"tile_rows_per_core":0.0,"is_matmul":false,"matmul_macs":0,"matmul_rows_per_core":0.0,"matmul_cols_per_core":0.0,"matmul_a_bytes":0,"matmul_b_bytes":0,"matmul_m_split":1,"matmul_n_split":1,"hbm_pattern":""}]
TIMING op=transpose_outer reps=7/7 prof_wall_s=0.44 per_rep_s=0.064
SUMMARY op=transpose_outer rows=2048 cols=2048 cores=32 tiles=0 lx=0 io_hbm_bytes=67108864 kernel_us=816.695 pred_us=639.995 err_pct=-21.6 bw_gbps=82.2 memset_us=420.011 other_dev_us=2290.999 total_dev_us=3527.705 kernel_us_min=803.951 kernel_us_median=816.695 kernel_us_mean=815.580 kernel_us_std=6.504 kernel_us_cv=0.80 reps=7
TIMING_RUN transpose_outer [2048,2048] m=4 13s
-- transpose_outer [2048,2048] m=8 (IR -> haoyang_logs/ir/transpose_outer_m8_2048x2048.txt)
  op_it_space_splits={d0: 1, d1: 32, d2: 1}
IO -- device-layout I/O (cost model, stick-padded) --
IO   op clone
IO     output op0                    torch [8, 2048, 2048] -> device [2048, 32, 8, 64] in HBM = 33554432 elems x 2B = 67108864 B  (hbm counted: 67108864 B)
IO     input  arg0_1                 torch [2048, 8, 2048] -> device [8, 32, 2048, 64] in HBM = 33554432 elems x 2B = 67108864 B  (hbm counted: 67108864 B)
IO   => HBM I/O total = 134217728 B  (lx 0 B, ~free)
MODEL -- estimate (turnaround): T = (R+W)/BW_PEAK + a*min(R,W) --
MODEL   R=67108864 B (read)   W=67108864 B (write)   loop_trip L=1
MODEL   base = (R+W)/150 = 894.78 us
MODEL   turn = a*min(R,W) = 0.00574*67108864 = 385.20 us
MODEL   => T_model = 1279.99 us
MODEL FEATS [{"name":"clone","is_reduction":false,"out_elems":33554432,"cores":32,"dtype_bytes":2,"args":[{"name":"op0","role":"output","mem":"hbm","elems":33554432,"broadcast":false,"dims":[2048,32,8,64],"logical":[8,2048,2048],"loop_factor":1},{"name":"arg0_1","role":"input","mem":"hbm","elems":33554432,"broadcast":false,"dims":[8,32,2048,64],"logical":[2048,8,2048],"loop_factor":1}],"reduction_cores":1,"loop_trip":1,"tiles_output_dim":false,"tile_rows_per_core":0.0,"is_matmul":false,"matmul_macs":0,"matmul_rows_per_core":0.0,"matmul_cols_per_core":0.0,"matmul_a_bytes":0,"matmul_b_bytes":0,"matmul_m_split":1,"matmul_n_split":1,"hbm_pattern":""}]
TIMING op=transpose_outer reps=7/7 prof_wall_s=0.80 per_rep_s=0.114
SUMMARY op=transpose_outer rows=2048 cols=2048 cores=32 tiles=0 lx=0 io_hbm_bytes=134217728 kernel_us=1339.170 pred_us=1279.990 err_pct=-4.4 bw_gbps=100.2 memset_us=1058.487 other_dev_us=6050.410 total_dev_us=8448.067 kernel_us_min=1331.402 kernel_us_median=1339.170 kernel_us_mean=1338.851 kernel_us_std=6.588 kernel_us_cv=0.49 reps=7
TIMING_RUN transpose_outer [2048,2048] m=8 16s
-- transpose_outer [2048,2048] m=16 (IR -> haoyang_logs/ir/transpose_outer_m16_2048x2048.txt)
  op_it_space_splits={d0: 1, d1: 32, d2: 1}
IO -- device-layout I/O (cost model, stick-padded) --
IO   op clone
IO     output op0                    torch [16, 2048, 2048] -> device [2048, 32, 16, 64] in HBM = 67108864 elems x 2B = 134217728 B  (hbm counted: 134217728 B)
IO     input  arg0_1                 torch [2048, 16, 2048] -> device [16, 32, 2048, 64] in HBM = 67108864 elems x 2B = 134217728 B  (hbm counted: 134217728 B)
IO   => HBM I/O total = 268435456 B  (lx 0 B, ~free)
MODEL -- estimate (turnaround): T = (R+W)/BW_PEAK + a*min(R,W) --
MODEL   R=134217728 B (read)   W=134217728 B (write)   loop_trip L=1
MODEL   base = (R+W)/150 = 1789.57 us
MODEL   turn = a*min(R,W) = 0.00574*134217728 = 770.41 us
MODEL   => T_model = 2559.98 us
MODEL FEATS [{"name":"clone","is_reduction":false,"out_elems":67108864,"cores":32,"dtype_bytes":2,"args":[{"name":"op0","role":"output","mem":"hbm","elems":67108864,"broadcast":false,"dims":[2048,32,16,64],"logical":[16,2048,2048],"loop_factor":1},{"name":"arg0_1","role":"input","mem":"hbm","elems":67108864,"broadcast":false,"dims":[16,32,2048,64],"logical":[2048,16,2048],"loop_factor":1}],"reduction_cores":1,"loop_trip":1,"tiles_output_dim":false,"tile_rows_per_core":0.0,"is_matmul":false,"matmul_macs":0,"matmul_rows_per_core":0.0,"matmul_cols_per_core":0.0,"matmul_a_bytes":0,"matmul_b_bytes":0,"matmul_m_split":1,"matmul_n_split":1,"hbm_pattern":""}]
TIMING op=transpose_outer reps=7/7 prof_wall_s=1.44 per_rep_s=0.206
SUMMARY op=transpose_outer rows=2048 cols=2048 cores=32 tiles=0 lx=0 io_hbm_bytes=268435456 kernel_us=3207.032 pred_us=2559.979 err_pct=-20.2 bw_gbps=83.7 memset_us=2274.697 other_dev_us=17533.912 total_dev_us=23015.641 kernel_us_min=3185.904 kernel_us_median=3207.032 kernel_us_mean=3203.802 kernel_us_std=15.174 kernel_us_cv=0.47 reps=7
TIMING_RUN transpose_outer [2048,2048] m=16 20s
-- transpose_outer [2048,2048] m=32 (IR -> haoyang_logs/ir/transpose_outer_m32_2048x2048.txt)
  op_it_space_splits={d0: 1, d1: 32, d2: 1}
IO -- device-layout I/O (cost model, stick-padded) --
IO   op clone
IO     output op0                    torch [32, 2048, 2048] -> device [2048, 32, 32, 64] in HBM = 134217728 elems x 2B = 268435456 B  (hbm counted: 268435456 B)
IO     input  arg0_1                 torch [2048, 32, 2048] -> device [32, 32, 2048, 64] in HBM = 134217728 elems x 2B = 268435456 B  (hbm counted: 268435456 B)
IO   => HBM I/O total = 536870912 B  (lx 0 B, ~free)
MODEL -- estimate (turnaround): T = (R+W)/BW_PEAK + a*min(R,W) --
MODEL   R=268435456 B (read)   W=268435456 B (write)   loop_trip L=1
MODEL   base = (R+W)/150 = 3579.14 us
MODEL   turn = a*min(R,W) = 0.00574*268435456 = 1540.82 us
MODEL   => T_model = 5119.96 us
MODEL FEATS [{"name":"clone","is_reduction":false,"out_elems":134217728,"cores":32,"dtype_bytes":2,"args":[{"name":"op0","role":"output","mem":"hbm","elems":134217728,"broadcast":false,"dims":[2048,32,32,64],"logical":[32,2048,2048],"loop_factor":1},{"name":"arg0_1","role":"input","mem":"hbm","elems":134217728,"broadcast":false,"dims":[32,32,2048,64],"logical":[2048,32,2048],"loop_factor":1}],"reduction_cores":1,"loop_trip":1,"tiles_output_dim":false,"tile_rows_per_core":0.0,"is_matmul":false,"matmul_macs":0,"matmul_rows_per_core":0.0,"matmul_cols_per_core":0.0,"matmul_a_bytes":0,"matmul_b_bytes":0,"matmul_m_split":1,"matmul_n_split":1,"hbm_pattern":""}]
TIMING op=transpose_outer reps=7/7 prof_wall_s=2.88 per_rep_s=0.411
SUMMARY op=transpose_outer rows=2048 cols=2048 cores=32 tiles=0 lx=0 io_hbm_bytes=536870912 kernel_us=6587.663 pred_us=5119.959 err_pct=-22.3 bw_gbps=81.5 memset_us=4861.864 other_dev_us=40396.222 total_dev_us=51845.749 kernel_us_min=6515.134 kernel_us_median=6587.663 kernel_us_mean=6576.551 kernel_us_std=29.973 kernel_us_cv=0.46 reps=7
TIMING_RUN transpose_outer [2048,2048] m=32 23s
-- transpose_outer [2048,2048] m=64 (IR -> haoyang_logs/ir/transpose_outer_m64_2048x2048.txt)
  op_it_space_splits={d0: 2, d1: 2, d2: 8}
IO -- device-layout I/O (cost model, stick-padded) --
IO   op clone
IO     output op0                    torch [64, 2048, 2048] -> device [2048, 32, 64, 64] in HBM = 268435456 elems x 2B = 536870912 B  (hbm counted: 536870912 B)
IO     input  arg0_1                 torch [2048, 64, 2048] -> device [64, 32, 2048, 64] in HBM = 268435456 elems x 2B = 536870912 B  (hbm counted: 536870912 B)
IO   => HBM I/O total = 1073741824 B  (lx 0 B, ~free)
MODEL -- estimate (turnaround): T = (R+W)/BW_PEAK + a*min(R,W) --
MODEL   R=536870912 B (read)   W=536870912 B (write)   loop_trip L=1
MODEL   base = (R+W)/150 = 7158.28 us
MODEL   turn = a*min(R,W) = 0.00574*536870912 = 3081.64 us
MODEL   => T_model = 10239.92 us
MODEL FEATS [{"name":"clone","is_reduction":false,"out_elems":268435456,"cores":32,"dtype_bytes":2,"args":[{"name":"op0","role":"output","mem":"hbm","elems":268435456,"broadcast":false,"dims":[2048,32,64,64],"logical":[64,2048,2048],"loop_factor":1},{"name":"arg0_1","role":"input","mem":"hbm","elems":268435456,"broadcast":false,"dims":[64,32,2048,64],"logical":[2048,64,2048],"loop_factor":1}],"reduction_cores":1,"loop_trip":1,"tiles_output_dim":false,"tile_rows_per_core":0.0,"is_matmul":false,"matmul_macs":0,"matmul_rows_per_core":0.0,"matmul_cols_per_core":0.0,"matmul_a_bytes":0,"matmul_b_bytes":0,"matmul_m_split":1,"matmul_n_split":1,"hbm_pattern":""}]
TIMING op=transpose_outer reps=7/7 prof_wall_s=6.31 per_rep_s=0.901
SUMMARY op=transpose_outer rows=2048 cols=2048 cores=32 tiles=0 lx=0 io_hbm_bytes=1073741824 kernel_us=14997.008 pred_us=10239.918 err_pct=-31.7 bw_gbps=71.6 memset_us=9952.285 other_dev_us=87636.078 total_dev_us=112585.371 kernel_us_min=14875.209 kernel_us_median=14997.008 kernel_us_mean=15083.261 kernel_us_std=203.389 kernel_us_cv=1.35 reps=7
TIMING_RUN transpose_outer [2048,2048] m=64 34s
-- transpose_outer [2048,8192] m=1 (IR -> haoyang_logs/ir/transpose_outer_m1_2048x8192.txt)
IO -- device-layout I/O (cost model, stick-padded) --
IO   => HBM I/O total = 0 B  (lx 0 B, ~free)
MODEL (no features extracted)
TIMING op=transpose_outer reps=0/7 prof_wall_s=0.65 per_rep_s=0.092
SUMMARY op=transpose_outer rows=2048 cols=8192 cores=32 tiles=0 lx=0 io_hbm_bytes=0 kernel_us=0.000 pred_us=0.000 err_pct=+0.0 bw_gbps=0.0 memset_us=0.000 other_dev_us=0.000 total_dev_us=0.000 kernel_us_min=0.000 kernel_us_median=0.000 kernel_us_mean=0.000 kernel_us_std=0.000 kernel_us_cv=0.00 reps=0
TIMING_RUN transpose_outer [2048,8192] m=1 18s
-- transpose_outer [2048,8192] m=2 (IR -> haoyang_logs/ir/transpose_outer_m2_2048x8192.txt)
  op_it_space_splits={d0: 1, d1: 32, d2: 1}
IO -- device-layout I/O (cost model, stick-padded) --
IO   op clone
IO     output op0                    torch [2, 2048, 8192] -> device [2048, 128, 2, 64] in HBM = 33554432 elems x 2B = 67108864 B  (hbm counted: 67108864 B)
IO     input  arg0_1                 torch [2048, 2, 8192] -> device [2, 128, 2048, 64] in HBM = 33554432 elems x 2B = 67108864 B  (hbm counted: 67108864 B)
IO   => HBM I/O total = 134217728 B  (lx 0 B, ~free)
MODEL -- estimate (turnaround): T = (R+W)/BW_PEAK + a*min(R,W) --
MODEL   R=67108864 B (read)   W=67108864 B (write)   loop_trip L=1
MODEL   base = (R+W)/150 = 894.78 us
MODEL   turn = a*min(R,W) = 0.00574*67108864 = 385.20 us
MODEL   => T_model = 1279.99 us
MODEL FEATS [{"name":"clone","is_reduction":false,"out_elems":33554432,"cores":32,"dtype_bytes":2,"args":[{"name":"op0","role":"output","mem":"hbm","elems":33554432,"broadcast":false,"dims":[2048,128,2,64],"logical":[2,2048,8192],"loop_factor":1},{"name":"arg0_1","role":"input","mem":"hbm","elems":33554432,"broadcast":false,"dims":[2,128,2048,64],"logical":[2048,2,8192],"loop_factor":1}],"reduction_cores":1,"loop_trip":1,"tiles_output_dim":false,"tile_rows_per_core":0.0,"is_matmul":false,"matmul_macs":0,"matmul_rows_per_core":0.0,"matmul_cols_per_core":0.0,"matmul_a_bytes":0,"matmul_b_bytes":0,"matmul_m_split":1,"matmul_n_split":1,"hbm_pattern":""}]
TIMING op=transpose_outer reps=7/7 prof_wall_s=0.81 per_rep_s=0.115
SUMMARY op=transpose_outer rows=2048 cols=8192 cores=32 tiles=0 lx=0 io_hbm_bytes=134217728 kernel_us=2306.192 pred_us=1279.990 err_pct=-44.5 bw_gbps=58.2 memset_us=1031.159 other_dev_us=6518.782 total_dev_us=9856.133 kernel_us_min=2289.122 kernel_us_median=2306.192 kernel_us_mean=2307.249 kernel_us_std=14.641 kernel_us_cv=0.63 reps=7
TIMING_RUN transpose_outer [2048,8192] m=2 16s
-- transpose_outer [2048,8192] m=4 (IR -> haoyang_logs/ir/transpose_outer_m4_2048x8192.txt)
  op_it_space_splits={d0: 1, d1: 32, d2: 1}
IO -- device-layout I/O (cost model, stick-padded) --
IO   op clone
IO     output op0                    torch [4, 2048, 8192] -> device [2048, 128, 4, 64] in HBM = 67108864 elems x 2B = 134217728 B  (hbm counted: 134217728 B)
IO     input  arg0_1                 torch [2048, 4, 8192] -> device [4, 128, 2048, 64] in HBM = 67108864 elems x 2B = 134217728 B  (hbm counted: 134217728 B)
IO   => HBM I/O total = 268435456 B  (lx 0 B, ~free)
MODEL -- estimate (turnaround): T = (R+W)/BW_PEAK + a*min(R,W) --
MODEL   R=134217728 B (read)   W=134217728 B (write)   loop_trip L=1
MODEL   base = (R+W)/150 = 1789.57 us
MODEL   turn = a*min(R,W) = 0.00574*134217728 = 770.41 us
MODEL   => T_model = 2559.98 us
MODEL FEATS [{"name":"clone","is_reduction":false,"out_elems":67108864,"cores":32,"dtype_bytes":2,"args":[{"name":"op0","role":"output","mem":"hbm","elems":67108864,"broadcast":false,"dims":[2048,128,4,64],"logical":[4,2048,8192],"loop_factor":1},{"name":"arg0_1","role":"input","mem":"hbm","elems":67108864,"broadcast":false,"dims":[4,128,2048,64],"logical":[2048,4,8192],"loop_factor":1}],"reduction_cores":1,"loop_trip":1,"tiles_output_dim":false,"tile_rows_per_core":0.0,"is_matmul":false,"matmul_macs":0,"matmul_rows_per_core":0.0,"matmul_cols_per_core":0.0,"matmul_a_bytes":0,"matmul_b_bytes":0,"matmul_m_split":1,"matmul_n_split":1,"hbm_pattern":""}]
TIMING op=transpose_outer reps=7/7 prof_wall_s=1.50 per_rep_s=0.214
SUMMARY op=transpose_outer rows=2048 cols=8192 cores=32 tiles=0 lx=0 io_hbm_bytes=268435456 kernel_us=4229.119 pred_us=2559.979 err_pct=-39.5 bw_gbps=63.5 memset_us=2286.136 other_dev_us=17361.341 total_dev_us=23876.596 kernel_us_min=4208.021 kernel_us_median=4229.119 kernel_us_mean=4227.865 kernel_us_std=13.452 kernel_us_cv=0.32 reps=7
TIMING_RUN transpose_outer [2048,8192] m=4 17s
-- transpose_outer [2048,8192] m=8 (IR -> haoyang_logs/ir/transpose_outer_m8_2048x8192.txt)
  op_it_space_splits={d0: 1, d1: 32, d2: 1}
IO -- device-layout I/O (cost model, stick-padded) --
IO   op clone
IO     output op0                    torch [8, 2048, 8192] -> device [2048, 128, 8, 64] in HBM = 134217728 elems x 2B = 268435456 B  (hbm counted: 268435456 B)
IO     input  arg0_1                 torch [2048, 8, 8192] -> device [8, 128, 2048, 64] in HBM = 134217728 elems x 2B = 268435456 B  (hbm counted: 268435456 B)
IO   => HBM I/O total = 536870912 B  (lx 0 B, ~free)
MODEL -- estimate (turnaround): T = (R+W)/BW_PEAK + a*min(R,W) --
MODEL   R=268435456 B (read)   W=268435456 B (write)   loop_trip L=1
MODEL   base = (R+W)/150 = 3579.14 us
MODEL   turn = a*min(R,W) = 0.00574*268435456 = 1540.82 us
MODEL   => T_model = 5119.96 us
MODEL FEATS [{"name":"clone","is_reduction":false,"out_elems":134217728,"cores":32,"dtype_bytes":2,"args":[{"name":"op0","role":"output","mem":"hbm","elems":134217728,"broadcast":false,"dims":[2048,128,8,64],"logical":[8,2048,8192],"loop_factor":1},{"name":"arg0_1","role":"input","mem":"hbm","elems":134217728,"broadcast":false,"dims":[8,128,2048,64],"logical":[2048,8,8192],"loop_factor":1}],"reduction_cores":1,"loop_trip":1,"tiles_output_dim":false,"tile_rows_per_core":0.0,"is_matmul":false,"matmul_macs":0,"matmul_rows_per_core":0.0,"matmul_cols_per_core":0.0,"matmul_a_bytes":0,"matmul_b_bytes":0,"matmul_m_split":1,"matmul_n_split":1,"hbm_pattern":""}]
TIMING op=transpose_outer reps=7/7 prof_wall_s=2.79 per_rep_s=0.398
SUMMARY op=transpose_outer rows=2048 cols=8192 cores=32 tiles=0 lx=0 io_hbm_bytes=536870912 kernel_us=5995.433 pred_us=5119.959 err_pct=-14.6 bw_gbps=89.5 memset_us=4832.241 other_dev_us=40503.785 total_dev_us=51331.459 kernel_us_min=5949.125 kernel_us_median=5995.433 kernel_us_mean=6011.368 kernel_us_std=51.411 kernel_us_cv=0.86 reps=7
TIMING_RUN transpose_outer [2048,8192] m=8 20s
-- transpose_outer [2048,8192] m=16 (IR -> haoyang_logs/ir/transpose_outer_m16_2048x8192.txt)
  op_it_space_splits={d0: 2, d1: 2, d2: 8}
IO -- device-layout I/O (cost model, stick-padded) --
IO   op clone
IO     output op0                    torch [16, 2048, 8192] -> device [2048, 128, 16, 64] in HBM = 268435456 elems x 2B = 536870912 B  (hbm counted: 536870912 B)
IO     input  arg0_1                 torch [2048, 16, 8192] -> device [16, 128, 2048, 64] in HBM = 268435456 elems x 2B = 536870912 B  (hbm counted: 536870912 B)
IO   => HBM I/O total = 1073741824 B  (lx 0 B, ~free)
MODEL -- estimate (turnaround): T = (R+W)/BW_PEAK + a*min(R,W) --
MODEL   R=536870912 B (read)   W=536870912 B (write)   loop_trip L=1
MODEL   base = (R+W)/150 = 7158.28 us
MODEL   turn = a*min(R,W) = 0.00574*536870912 = 3081.64 us
MODEL   => T_model = 10239.92 us
MODEL FEATS [{"name":"clone","is_reduction":false,"out_elems":268435456,"cores":32,"dtype_bytes":2,"args":[{"name":"op0","role":"output","mem":"hbm","elems":268435456,"broadcast":false,"dims":[2048,128,16,64],"logical":[16,2048,8192],"loop_factor":1},{"name":"arg0_1","role":"input","mem":"hbm","elems":268435456,"broadcast":false,"dims":[16,128,2048,64],"logical":[2048,16,8192],"loop_factor":1}],"reduction_cores":1,"loop_trip":1,"tiles_output_dim":false,"tile_rows_per_core":0.0,"is_matmul":false,"matmul_macs":0,"matmul_rows_per_core":0.0,"matmul_cols_per_core":0.0,"matmul_a_bytes":0,"matmul_b_bytes":0,"matmul_m_split":1,"matmul_n_split":1,"hbm_pattern":""}]
TIMING op=transpose_outer reps=7/7 prof_wall_s=5.30 per_rep_s=0.757
SUMMARY op=transpose_outer rows=2048 cols=8192 cores=32 tiles=0 lx=0 io_hbm_bytes=1073741824 kernel_us=13155.690 pred_us=10239.918 err_pct=-22.2 bw_gbps=81.6 memset_us=9809.493 other_dev_us=88984.216 total_dev_us=111949.399 kernel_us_min=13036.254 kernel_us_median=13155.690 kernel_us_mean=13195.185 kernel_us_std=138.549 kernel_us_cv=1.05 reps=7
TIMING_RUN transpose_outer [2048,8192] m=16 28s
-- transpose_outer [2048,8192] m=32 (IR -> haoyang_logs/ir/transpose_outer_m32_2048x8192.txt)
  op_it_space_splits={d0: 4, d1: 4, d2: 2}
IO -- device-layout I/O (cost model, stick-padded) --
IO   op clone
IO     output op0                    torch [32, 2048, 8192] -> device [2048, 128, 32, 64] in HBM = 536870912 elems x 2B = 1073741824 B  (hbm counted: 1073741824 B)
IO     input  arg0_1                 torch [2048, 32, 8192] -> device [32, 128, 2048, 64] in HBM = 536870912 elems x 2B = 1073741824 B  (hbm counted: 1073741824 B)
IO   => HBM I/O total = 2147483648 B  (lx 0 B, ~free)
MODEL -- estimate (turnaround): T = (R+W)/BW_PEAK + a*min(R,W) --
MODEL   R=1073741824 B (read)   W=1073741824 B (write)   loop_trip L=1
MODEL   base = (R+W)/150 = 14316.56 us
MODEL   turn = a*min(R,W) = 0.00574*1073741824 = 6163.28 us
MODEL   => T_model = 20479.84 us
MODEL FEATS [{"name":"clone","is_reduction":false,"out_elems":536870912,"cores":32,"dtype_bytes":2,"args":[{"name":"op0","role":"output","mem":"hbm","elems":536870912,"broadcast":false,"dims":[2048,128,32,64],"logical":[32,2048,8192],"loop_factor":1},{"name":"arg0_1","role":"input","mem":"hbm","elems":536870912,"broadcast":false,"dims":[32,128,2048,64],"logical":[2048,32,8192],"loop_factor":1}],"reduction_cores":1,"loop_trip":1,"tiles_output_dim":false,"tile_rows_per_core":0.0,"is_matmul":false,"matmul_macs":0,"matmul_rows_per_core":0.0,"matmul_cols_per_core":0.0,"matmul_a_bytes":0,"matmul_b_bytes":0,"matmul_m_split":1,"matmul_n_split":1,"hbm_pattern":""}]
TIMING op=transpose_outer reps=7/7 prof_wall_s=11.10 per_rep_s=1.586
SUMMARY op=transpose_outer rows=2048 cols=8192 cores=32 tiles=0 lx=0 io_hbm_bytes=2147483648 kernel_us=28474.291 pred_us=20479.836 err_pct=-28.1 bw_gbps=75.4 memset_us=19744.724 other_dev_us=185429.984 total_dev_us=233648.999 kernel_us_min=28340.470 kernel_us_median=28474.291 kernel_us_mean=28560.618 kernel_us_std=178.992 kernel_us_cv=0.63 reps=7
TIMING_RUN transpose_outer [2048,8192] m=32 42s
-- transpose_outer [512,2048] m=1 (IR -> haoyang_logs/ir/transpose_outer_m1_512x2048.txt)
IO -- device-layout I/O (cost model, stick-padded) --
IO   => HBM I/O total = 0 B  (lx 0 B, ~free)
MODEL (no features extracted)
TIMING op=transpose_outer reps=0/7 prof_wall_s=0.11 per_rep_s=0.016
SUMMARY op=transpose_outer rows=512 cols=2048 cores=32 tiles=0 lx=0 io_hbm_bytes=0 kernel_us=0.000 pred_us=0.000 err_pct=+0.0 bw_gbps=0.0 memset_us=0.000 other_dev_us=0.000 total_dev_us=0.000 kernel_us_min=0.000 kernel_us_median=0.000 kernel_us_mean=0.000 kernel_us_std=0.000 kernel_us_cv=0.00 reps=0
TIMING_RUN transpose_outer [512,2048] m=1 16s
-- transpose_outer [512,2048] m=4 (IR -> haoyang_logs/ir/transpose_outer_m4_512x2048.txt)
  op_it_space_splits={d0: 1, d1: 32, d2: 1}
IO -- device-layout I/O (cost model, stick-padded) --
IO   op clone
IO     output op0                    torch [4, 512, 2048] -> device [512, 32, 4, 64] in HBM = 4194304 elems x 2B = 8388608 B  (hbm counted: 8388608 B)
IO     input  arg0_1                 torch [512, 4, 2048] -> device [4, 32, 512, 64] in HBM = 4194304 elems x 2B = 8388608 B  (hbm counted: 8388608 B)
IO   => HBM I/O total = 16777216 B  (lx 0 B, ~free)
MODEL -- estimate (turnaround): T = (R+W)/BW_PEAK + a*min(R,W) --
MODEL   R=8388608 B (read)   W=8388608 B (write)   loop_trip L=1
MODEL   base = (R+W)/150 = 111.85 us
MODEL   turn = a*min(R,W) = 0.00574*8388608 = 48.15 us
MODEL   => T_model = 160.00 us
MODEL FEATS [{"name":"clone","is_reduction":false,"out_elems":4194304,"cores":32,"dtype_bytes":2,"args":[{"name":"op0","role":"output","mem":"hbm","elems":4194304,"broadcast":false,"dims":[512,32,4,64],"logical":[4,512,2048],"loop_factor":1},{"name":"arg0_1","role":"input","mem":"hbm","elems":4194304,"broadcast":false,"dims":[4,32,512,64],"logical":[512,4,2048],"loop_factor":1}],"reduction_cores":1,"loop_trip":1,"tiles_output_dim":false,"tile_rows_per_core":0.0,"is_matmul":false,"matmul_macs":0,"matmul_rows_per_core":0.0,"matmul_cols_per_core":0.0,"matmul_a_bytes":0,"matmul_b_bytes":0,"matmul_m_split":1,"matmul_n_split":1,"hbm_pattern":""}]
TIMING op=transpose_outer reps=7/7 prof_wall_s=0.18 per_rep_s=0.026
SUMMARY op=transpose_outer rows=512 cols=2048 cores=32 tiles=0 lx=0 io_hbm_bytes=16777216 kernel_us=211.955 pred_us=159.999 err_pct=-24.5 bw_gbps=79.2 memset_us=154.028 other_dev_us=561.538 total_dev_us=927.521 kernel_us_min=208.435 kernel_us_median=211.955 kernel_us_mean=211.378 kernel_us_std=1.819 kernel_us_cv=0.86 reps=7
TIMING_RUN transpose_outer [512,2048] m=4 13s
-- transpose_outer [512,2048] m=16 (IR -> haoyang_logs/ir/transpose_outer_m16_512x2048.txt)
  op_it_space_splits={d0: 1, d1: 32, d2: 1}
IO -- device-layout I/O (cost model, stick-padded) --
IO   op clone
IO     output op0                    torch [16, 512, 2048] -> device [512, 32, 16, 64] in HBM = 16777216 elems x 2B = 33554432 B  (hbm counted: 33554432 B)
IO     input  arg0_1                 torch [512, 16, 2048] -> device [16, 32, 512, 64] in HBM = 16777216 elems x 2B = 33554432 B  (hbm counted: 33554432 B)
IO   => HBM I/O total = 67108864 B  (lx 0 B, ~free)
MODEL -- estimate (turnaround): T = (R+W)/BW_PEAK + a*min(R,W) --
MODEL   R=33554432 B (read)   W=33554432 B (write)   loop_trip L=1
MODEL   base = (R+W)/150 = 447.39 us
MODEL   turn = a*min(R,W) = 0.00574*33554432 = 192.60 us
MODEL   => T_model = 639.99 us
MODEL FEATS [{"name":"clone","is_reduction":false,"out_elems":16777216,"cores":32,"dtype_bytes":2,"args":[{"name":"op0","role":"output","mem":"hbm","elems":16777216,"broadcast":false,"dims":[512,32,16,64],"logical":[16,512,2048],"loop_factor":1},{"name":"arg0_1","role":"input","mem":"hbm","elems":16777216,"broadcast":false,"dims":[16,32,512,64],"logical":[512,16,2048],"loop_factor":1}],"reduction_cores":1,"loop_trip":1,"tiles_output_dim":false,"tile_rows_per_core":0.0,"is_matmul":false,"matmul_macs":0,"matmul_rows_per_core":0.0,"matmul_cols_per_core":0.0,"matmul_a_bytes":0,"matmul_b_bytes":0,"matmul_m_split":1,"matmul_n_split":1,"hbm_pattern":""}]
TIMING op=transpose_outer reps=7/7 prof_wall_s=0.44 per_rep_s=0.063
SUMMARY op=transpose_outer rows=512 cols=2048 cores=32 tiles=0 lx=0 io_hbm_bytes=67108864 kernel_us=709.376 pred_us=639.995 err_pct=-9.8 bw_gbps=94.6 memset_us=430.521 other_dev_us=2228.923 total_dev_us=3368.820 kernel_us_min=706.590 kernel_us_median=709.376 kernel_us_mean=709.615 kernel_us_std=1.768 kernel_us_cv=0.25 reps=7
TIMING_RUN transpose_outer [512,2048] m=16 16s
-- transpose_outer [512,2048] m=64 (IR -> haoyang_logs/ir/transpose_outer_m64_512x2048.txt)
  op_it_space_splits={d0: 1, d1: 32, d2: 1}
IO -- device-layout I/O (cost model, stick-padded) --
IO   op clone
IO     output op0                    torch [64, 512, 2048] -> device [512, 32, 64, 64] in HBM = 67108864 elems x 2B = 134217728 B  (hbm counted: 134217728 B)
IO     input  arg0_1                 torch [512, 64, 2048] -> device [64, 32, 512, 64] in HBM = 67108864 elems x 2B = 134217728 B  (hbm counted: 134217728 B)
IO   => HBM I/O total = 268435456 B  (lx 0 B, ~free)
MODEL -- estimate (turnaround): T = (R+W)/BW_PEAK + a*min(R,W) --
MODEL   R=134217728 B (read)   W=134217728 B (write)   loop_trip L=1
MODEL   base = (R+W)/150 = 1789.57 us
MODEL   turn = a*min(R,W) = 0.00574*134217728 = 770.41 us
MODEL   => T_model = 2559.98 us
MODEL FEATS [{"name":"clone","is_reduction":false,"out_elems":67108864,"cores":32,"dtype_bytes":2,"args":[{"name":"op0","role":"output","mem":"hbm","elems":67108864,"broadcast":false,"dims":[512,32,64,64],"logical":[64,512,2048],"loop_factor":1},{"name":"arg0_1","role":"input","mem":"hbm","elems":67108864,"broadcast":false,"dims":[64,32,512,64],"logical":[512,64,2048],"loop_factor":1}],"reduction_cores":1,"loop_trip":1,"tiles_output_dim":false,"tile_rows_per_core":0.0,"is_matmul":false,"matmul_macs":0,"matmul_rows_per_core":0.0,"matmul_cols_per_core":0.0,"matmul_a_bytes":0,"matmul_b_bytes":0,"matmul_m_split":1,"matmul_n_split":1,"hbm_pattern":""}]
TIMING op=transpose_outer reps=7/7 prof_wall_s=1.73 per_rep_s=0.247
SUMMARY op=transpose_outer rows=512 cols=2048 cores=32 tiles=0 lx=0 io_hbm_bytes=268435456 kernel_us=2939.507 pred_us=2559.979 err_pct=-12.9 bw_gbps=91.3 memset_us=2327.269 other_dev_us=16424.630 total_dev_us=21691.406 kernel_us_min=2927.306 kernel_us_median=2939.507 kernel_us_mean=2940.386 kernel_us_std=8.308 kernel_us_cv=0.28 reps=7
TIMING_RUN transpose_outer [512,2048] m=64 18s
-- transpose_outer [8192,2048] m=1 (IR -> haoyang_logs/ir/transpose_outer_m1_8192x2048.txt)
IO -- device-layout I/O (cost model, stick-padded) --
IO   => HBM I/O total = 0 B  (lx 0 B, ~free)
MODEL (no features extracted)
TIMING op=transpose_outer reps=0/7 prof_wall_s=0.55 per_rep_s=0.079
SUMMARY op=transpose_outer rows=8192 cols=2048 cores=32 tiles=0 lx=0 io_hbm_bytes=0 kernel_us=0.000 pred_us=0.000 err_pct=+0.0 bw_gbps=0.0 memset_us=0.000 other_dev_us=0.000 total_dev_us=0.000 kernel_us_min=0.000 kernel_us_median=0.000 kernel_us_mean=0.000 kernel_us_std=0.000 kernel_us_cv=0.00 reps=0
TIMING_RUN transpose_outer [8192,2048] m=1 16s
-- transpose_outer [8192,2048] m=4 (IR -> haoyang_logs/ir/transpose_outer_m4_8192x2048.txt)
  op_it_space_splits={d0: 1, d1: 32, d2: 1}
IO -- device-layout I/O (cost model, stick-padded) --
IO   op clone
IO     output op0                    torch [4, 8192, 2048] -> device [8192, 32, 4, 64] in HBM = 67108864 elems x 2B = 134217728 B  (hbm counted: 134217728 B)
IO     input  arg0_1                 torch [8192, 4, 2048] -> device [4, 32, 8192, 64] in HBM = 67108864 elems x 2B = 134217728 B  (hbm counted: 134217728 B)
IO   => HBM I/O total = 268435456 B  (lx 0 B, ~free)
MODEL -- estimate (turnaround): T = (R+W)/BW_PEAK + a*min(R,W) --
MODEL   R=134217728 B (read)   W=134217728 B (write)   loop_trip L=1
MODEL   base = (R+W)/150 = 1789.57 us
MODEL   turn = a*min(R,W) = 0.00574*134217728 = 770.41 us
MODEL   => T_model = 2559.98 us
MODEL FEATS [{"name":"clone","is_reduction":false,"out_elems":67108864,"cores":32,"dtype_bytes":2,"args":[{"name":"op0","role":"output","mem":"hbm","elems":67108864,"broadcast":false,"dims":[8192,32,4,64],"logical":[4,8192,2048],"loop_factor":1},{"name":"arg0_1","role":"input","mem":"hbm","elems":67108864,"broadcast":false,"dims":[4,32,8192,64],"logical":[8192,4,2048],"loop_factor":1}],"reduction_cores":1,"loop_trip":1,"tiles_output_dim":false,"tile_rows_per_core":0.0,"is_matmul":false,"matmul_macs":0,"matmul_rows_per_core":0.0,"matmul_cols_per_core":0.0,"matmul_a_bytes":0,"matmul_b_bytes":0,"matmul_m_split":1,"matmul_n_split":1,"hbm_pattern":""}]
TIMING op=transpose_outer reps=7/7 prof_wall_s=1.49 per_rep_s=0.213
SUMMARY op=transpose_outer rows=8192 cols=2048 cores=32 tiles=0 lx=0 io_hbm_bytes=268435456 kernel_us=3520.034 pred_us=2559.979 err_pct=-27.3 bw_gbps=76.3 memset_us=2300.914 other_dev_us=16817.343 total_dev_us=22638.291 kernel_us_min=3501.418 kernel_us_median=3520.034 kernel_us_mean=3529.867 kernel_us_std=32.689 kernel_us_cv=0.93 reps=7
TIMING_RUN transpose_outer [8192,2048] m=4 16s
-- transpose_outer [8192,2048] m=16 (IR -> haoyang_logs/ir/transpose_outer_m16_8192x2048.txt)
  op_it_space_splits={d0: 2, d1: 2, d2: 8}
IO -- device-layout I/O (cost model, stick-padded) --
IO   op clone
IO     output op0                    torch [16, 8192, 2048] -> device [8192, 32, 16, 64] in HBM = 268435456 elems x 2B = 536870912 B  (hbm counted: 536870912 B)
IO     input  arg0_1                 torch [8192, 16, 2048] -> device [16, 32, 8192, 64] in HBM = 268435456 elems x 2B = 536870912 B  (hbm counted: 536870912 B)
IO   => HBM I/O total = 1073741824 B  (lx 0 B, ~free)
MODEL -- estimate (turnaround): T = (R+W)/BW_PEAK + a*min(R,W) --
MODEL   R=536870912 B (read)   W=536870912 B (write)   loop_trip L=1
MODEL   base = (R+W)/150 = 7158.28 us
MODEL   turn = a*min(R,W) = 0.00574*536870912 = 3081.64 us
MODEL   => T_model = 10239.92 us
MODEL FEATS [{"name":"clone","is_reduction":false,"out_elems":268435456,"cores":32,"dtype_bytes":2,"args":[{"name":"op0","role":"output","mem":"hbm","elems":268435456,"broadcast":false,"dims":[8192,32,16,64],"logical":[16,8192,2048],"loop_factor":1},{"name":"arg0_1","role":"input","mem":"hbm","elems":268435456,"broadcast":false,"dims":[16,32,8192,64],"logical":[8192,16,2048],"loop_factor":1}],"reduction_cores":1,"loop_trip":1,"tiles_output_dim":false,"tile_rows_per_core":0.0,"is_matmul":false,"matmul_macs":0,"matmul_rows_per_core":0.0,"matmul_cols_per_core":0.0,"matmul_a_bytes":0,"matmul_b_bytes":0,"matmul_m_split":1,"matmul_n_split":1,"hbm_pattern":""}]
TIMING op=transpose_outer reps=7/7 prof_wall_s=5.38 per_rep_s=0.769
SUMMARY op=transpose_outer rows=8192 cols=2048 cores=32 tiles=0 lx=0 io_hbm_bytes=1073741824 kernel_us=12976.965 pred_us=10239.918 err_pct=-21.1 bw_gbps=82.7 memset_us=9832.640 other_dev_us=88821.815 total_dev_us=111631.420 kernel_us_min=12894.420 kernel_us_median=12976.965 kernel_us_mean=12983.601 kernel_us_std=58.514 kernel_us_cv=0.45 reps=7
TIMING_RUN transpose_outer [8192,2048] m=16 26s
-- transpose_outer [8192,2048] m=64 (IR -> haoyang_logs/ir/transpose_outer_m64_8192x2048.txt)
  op_it_space_splits={d0: 8, d1: 4, d2: 1}
SUMMARY op=transpose_outer rows=8192 cols=2048 tiles=0 lx=0 FAILED reason=InductorError: CalledProcessError: Command '['dxp_standalone', '-d', '/tmp/torchinductor_haoyang/tmpxj5jtljs/inductor-spyre/sdsc_fused_clone_transpose_0_ic
TIMING_RUN transpose_outer [8192,2048] m=64 30s
## TOMID DONE in 424s
## SPSAT -- C up to 32768 (sp up to 512): is the effBW droop bottoming out?
-- cat0 [2048,32768] (IR -> haoyang_logs/ir/cat0_2048x32768.txt)
  op_it_space_splits={d0: 1, d1: 32, d2: 1}
IO -- device-layout I/O (cost model, stick-padded) --
IO   op clone
IO     output op0                    torch [2, 2048, 32768] -> device [2048, 512, 2, 64] in HBM = 134217728 elems x 2B = 268435456 B  (hbm counted: 268435456 B)
IO     input  arg0_1                 torch [2048, 32768] -> device [512, 2048, 64] in HBM = 67108864 elems x 2B = 134217728 B  (hbm counted: 134217728 B) broadcast (loaded once)
IO   => HBM I/O total = 402653184 B  (lx 0 B, ~free)
MODEL -- estimate (turnaround): T = (R+W)/BW_PEAK + a*min(R,W) --
MODEL   R=134217728 B (read)   W=268435456 B (write)   loop_trip L=1
MODEL   base = (R+W)/150 = 2684.35 us
MODEL   turn = a*min(R,W) = 0.00574*134217728 = 770.41 us
MODEL   => T_model = 11095.33 us
MODEL FEATS [{"name":"clone","is_reduction":false,"out_elems":134217728,"cores":32,"dtype_bytes":2,"args":[{"name":"op0","role":"output","mem":"hbm","elems":134217728,"broadcast":false,"dims":[2048,512,2,64],"logical":[2,2048,32768],"loop_factor":1},{"name":"arg0_1","role":"input","mem":"hbm","elems":67108864,"broadcast":true,"dims":[512,2048,64],"logical":[2048,32768],"loop_factor":1}],"reduction_cores":1,"loop_trip":1,"tiles_output_dim":false,"tile_rows_per_core":0.0,"is_matmul":false,"matmul_macs":0,"matmul_rows_per_core":0.0,"matmul_cols_per_core":0.0,"matmul_a_bytes":0,"matmul_b_bytes":0,"matmul_m_split":1,"matmul_n_split":1,"hbm_pattern":"stick_scatter"}]
TIMING op=cat0 reps=7/7 prof_wall_s=2.85 per_rep_s=0.407
SUMMARY op=cat0 rows=2048 cols=32768 cores=32 tiles=0 lx=0 io_hbm_bytes=402653184 kernel_us=9143.019 pred_us=11095.332 err_pct=+21.4 bw_gbps=44.0 memset_us=4817.853 other_dev_us=41967.769 total_dev_us=55928.641 kernel_us_min=9059.000 kernel_us_median=9143.019 kernel_us_mean=9124.879 kernel_us_std=44.730 kernel_us_cv=0.49 reps=7
TIMING_RUN cat0 [2048,32768] 23s
-- transpose_outer [2048,32768] m=8 (IR -> haoyang_logs/ir/transpose_outer_m8_2048x32768.txt)
  op_it_space_splits={d0: 4, d1: 4, d2: 2}
IO -- device-layout I/O (cost model, stick-padded) --
IO   op clone
IO     output op0                    torch [8, 2048, 32768] -> device [2048, 512, 8, 64] in HBM = 536870912 elems x 2B = 1073741824 B  (hbm counted: 1073741824 B)
IO     input  arg0_1                 torch [2048, 8, 32768] -> device [8, 512, 2048, 64] in HBM = 536870912 elems x 2B = 1073741824 B  (hbm counted: 1073741824 B)
IO   => HBM I/O total = 2147483648 B  (lx 0 B, ~free)
MODEL -- estimate (turnaround): T = (R+W)/BW_PEAK + a*min(R,W) --
MODEL   R=1073741824 B (read)   W=1073741824 B (write)   loop_trip L=1
MODEL   base = (R+W)/150 = 14316.56 us
MODEL   turn = a*min(R,W) = 0.00574*1073741824 = 6163.28 us
MODEL   => T_model = 20479.84 us
MODEL FEATS [{"name":"clone","is_reduction":false,"out_elems":536870912,"cores":32,"dtype_bytes":2,"args":[{"name":"op0","role":"output","mem":"hbm","elems":536870912,"broadcast":false,"dims":[2048,512,8,64],"logical":[8,2048,32768],"loop_factor":1},{"name":"arg0_1","role":"input","mem":"hbm","elems":536870912,"broadcast":false,"dims":[8,512,2048,64],"logical":[2048,8,32768],"loop_factor":1}],"reduction_cores":1,"loop_trip":1,"tiles_output_dim":false,"tile_rows_per_core":0.0,"is_matmul":false,"matmul_macs":0,"matmul_rows_per_core":0.0,"matmul_cols_per_core":0.0,"matmul_a_bytes":0,"matmul_b_bytes":0,"matmul_m_split":1,"matmul_n_split":1,"hbm_pattern":""}]
TIMING op=transpose_outer reps=7/7 prof_wall_s=10.64 per_rep_s=1.520
SUMMARY op=transpose_outer rows=2048 cols=32768 cores=32 tiles=0 lx=0 io_hbm_bytes=2147483648 kernel_us=26106.058 pred_us=20479.836 err_pct=-21.6 bw_gbps=82.3 memset_us=19866.015 other_dev_us=184164.903 total_dev_us=230136.976 kernel_us_min=26009.047 kernel_us_median=26106.058 kernel_us_mean=26111.671 kernel_us_std=74.553 kernel_us_cv=0.29 reps=7
TIMING_RUN transpose_outer [2048,32768] m=8 39s
-- cat1 [2048,32768] (IR -> haoyang_logs/ir/cat1_2048x32768.txt)
  op_it_space_splits={d0: 32, d1: 1, d2: 1}
IO -- device-layout I/O (cost model, stick-padded) --
IO   op clone
IO     output op0                    torch [2048, 2, 32768] -> device [2, 512, 2048, 64] in HBM = 134217728 elems x 2B = 268435456 B  (hbm counted: 268435456 B)
IO     input  arg0_1                 torch [2048, 32768] -> device [512, 2048, 64] in HBM = 67108864 elems x 2B = 134217728 B  (hbm counted: 134217728 B) broadcast (loaded once)
IO   => HBM I/O total = 402653184 B  (lx 0 B, ~free)
MODEL -- estimate (turnaround): T = (R+W)/BW_PEAK + a*min(R,W) --
MODEL   R=134217728 B (read)   W=268435456 B (write)   loop_trip L=1
MODEL   base = (R+W)/150 = 2684.35 us
MODEL   turn = a*min(R,W) = 0.00574*134217728 = 770.41 us
MODEL   => T_model = 3454.79 us
MODEL FEATS [{"name":"clone","is_reduction":false,"out_elems":134217728,"cores":32,"dtype_bytes":2,"args":[{"name":"op0","role":"output","mem":"hbm","elems":134217728,"broadcast":false,"dims":[2,512,2048,64],"logical":[2048,2,32768],"loop_factor":1},{"name":"arg0_1","role":"input","mem":"hbm","elems":67108864,"broadcast":true,"dims":[512,2048,64],"logical":[2048,32768],"loop_factor":1}],"reduction_cores":1,"loop_trip":1,"tiles_output_dim":false,"tile_rows_per_core":0.0,"is_matmul":false,"matmul_macs":0,"matmul_rows_per_core":0.0,"matmul_cols_per_core":0.0,"matmul_a_bytes":0,"matmul_b_bytes":0,"matmul_m_split":1,"matmul_n_split":1,"hbm_pattern":""}]
TIMING op=cat1 reps=7/7 prof_wall_s=3.26 per_rep_s=0.466
SUMMARY op=cat1 rows=2048 cols=32768 cores=32 tiles=0 lx=0 io_hbm_bytes=402653184 kernel_us=3891.157 pred_us=3454.789 err_pct=-11.2 bw_gbps=103.5 memset_us=4806.624 other_dev_us=40968.504 total_dev_us=49666.285 kernel_us_min=3849.859 kernel_us_median=3891.157 kernel_us_mean=3881.937 kernel_us_std=18.380 kernel_us_cv=0.47 reps=7
TIMING_RUN cat1 [2048,32768] 27s
-- transpose [2048,32768] (IR -> haoyang_logs/ir/transpose_2048x32768.txt)
  op_it_space_splits={d0: 32, d1: 1}
IO -- device-layout I/O (cost model, stick-padded) --
IO   op clone
IO     output op0                    torch [32768, 2048] -> device [32, 32768, 64] in HBM = 67108864 elems x 2B = 134217728 B  (hbm counted: 134217728 B)
IO     input  arg0_1                 torch [2048, 32768] -> device [512, 2048, 64] in HBM = 67108864 elems x 2B = 134217728 B  (hbm counted: 134217728 B)
IO   => HBM I/O total = 268435456 B  (lx 0 B, ~free)
MODEL -- estimate (turnaround): T = (R+W)/BW_PEAK + a*min(R,W) --
MODEL   R=134217728 B (read)   W=134217728 B (write)   loop_trip L=1
MODEL   base = (R+W)/150 = 1789.57 us
MODEL   turn = a*min(R,W) = 0.00574*134217728 = 770.41 us
MODEL   => T_model = 2314.10 us
MODEL FEATS [{"name":"clone","is_reduction":false,"out_elems":67108864,"cores":32,"dtype_bytes":2,"args":[{"name":"op0","role":"output","mem":"hbm","elems":67108864,"broadcast":false,"dims":[32,32768,64],"logical":[32768,2048],"loop_factor":1},{"name":"arg0_1","role":"input","mem":"hbm","elems":67108864,"broadcast":false,"dims":[512,2048,64],"logical":[2048,32768],"loop_factor":1}],"reduction_cores":1,"loop_trip":1,"tiles_output_dim":false,"tile_rows_per_core":0.0,"is_matmul":false,"matmul_macs":0,"matmul_rows_per_core":0.0,"matmul_cols_per_core":0.0,"matmul_a_bytes":0,"matmul_b_bytes":0,"matmul_m_split":1,"matmul_n_split":1,"hbm_pattern":"restickify"}]
TIMING op=transpose reps=7/7 prof_wall_s=1.92 per_rep_s=0.275
SUMMARY op=transpose rows=2048 cols=32768 cores=32 tiles=0 lx=0 io_hbm_bytes=268435456 kernel_us=2288.690 pred_us=2314.099 err_pct=+1.1 bw_gbps=117.3 memset_us=2284.830 other_dev_us=17182.388 total_dev_us=21755.908 kernel_us_min=2282.436 kernel_us_median=2288.690 kernel_us_mean=2288.122 kernel_us_std=2.845 kernel_us_cv=0.12 reps=7
TIMING_RUN transpose [2048,32768] 22s
-- cat0 [1024,32768] (IR -> haoyang_logs/ir/cat0_1024x32768.txt)
  op_it_space_splits={d0: 1, d1: 32, d2: 1}
IO -- device-layout I/O (cost model, stick-padded) --
IO   op clone
IO     output op0                    torch [2, 1024, 32768] -> device [1024, 512, 2, 64] in HBM = 67108864 elems x 2B = 134217728 B  (hbm counted: 134217728 B)
IO     input  arg0_1                 torch [1024, 32768] -> device [512, 1024, 64] in HBM = 33554432 elems x 2B = 67108864 B  (hbm counted: 67108864 B) broadcast (loaded once)
IO   => HBM I/O total = 201326592 B  (lx 0 B, ~free)
MODEL -- estimate (turnaround): T = (R+W)/BW_PEAK + a*min(R,W) --
MODEL   R=67108864 B (read)   W=134217728 B (write)   loop_trip L=1
MODEL   base = (R+W)/150 = 1342.18 us
MODEL   turn = a*min(R,W) = 0.00574*67108864 = 385.20 us
MODEL   => T_model = 5547.67 us
MODEL FEATS [{"name":"clone","is_reduction":false,"out_elems":67108864,"cores":32,"dtype_bytes":2,"args":[{"name":"op0","role":"output","mem":"hbm","elems":67108864,"broadcast":false,"dims":[1024,512,2,64],"logical":[2,1024,32768],"loop_factor":1},{"name":"arg0_1","role":"input","mem":"hbm","elems":33554432,"broadcast":true,"dims":[512,1024,64],"logical":[1024,32768],"loop_factor":1}],"reduction_cores":1,"loop_trip":1,"tiles_output_dim":false,"tile_rows_per_core":0.0,"is_matmul":false,"matmul_macs":0,"matmul_rows_per_core":0.0,"matmul_cols_per_core":0.0,"matmul_a_bytes":0,"matmul_b_bytes":0,"matmul_m_split":1,"matmul_n_split":1,"hbm_pattern":"stick_scatter"}]
TIMING op=cat0 reps=7/7 prof_wall_s=1.51 per_rep_s=0.216
SUMMARY op=cat0 rows=1024 cols=32768 cores=32 tiles=0 lx=0 io_hbm_bytes=201326592 kernel_us=4428.465 pred_us=5547.666 err_pct=+25.3 bw_gbps=45.5 memset_us=2304.455 other_dev_us=17295.877 total_dev_us=24028.797 kernel_us_min=4397.559 kernel_us_median=4428.465 kernel_us_mean=4427.786 kernel_us_std=25.230 kernel_us_cv=0.57 reps=7
TIMING_RUN cat0 [1024,32768] 16s
-- transpose_outer [1024,32768] m=8 (IR -> haoyang_logs/ir/transpose_outer_m8_1024x32768.txt)
  op_it_space_splits={d0: 2, d1: 2, d2: 8}
IO -- device-layout I/O (cost model, stick-padded) --
IO   op clone
IO     output op0                    torch [8, 1024, 32768] -> device [1024, 512, 8, 64] in HBM = 268435456 elems x 2B = 536870912 B  (hbm counted: 536870912 B)
IO     input  arg0_1                 torch [1024, 8, 32768] -> device [8, 512, 1024, 64] in HBM = 268435456 elems x 2B = 536870912 B  (hbm counted: 536870912 B)
IO   => HBM I/O total = 1073741824 B  (lx 0 B, ~free)
MODEL -- estimate (turnaround): T = (R+W)/BW_PEAK + a*min(R,W) --
MODEL   R=536870912 B (read)   W=536870912 B (write)   loop_trip L=1
MODEL   base = (R+W)/150 = 7158.28 us
MODEL   turn = a*min(R,W) = 0.00574*536870912 = 3081.64 us
MODEL   => T_model = 10239.92 us
MODEL FEATS [{"name":"clone","is_reduction":false,"out_elems":268435456,"cores":32,"dtype_bytes":2,"args":[{"name":"op0","role":"output","mem":"hbm","elems":268435456,"broadcast":false,"dims":[1024,512,8,64],"logical":[8,1024,32768],"loop_factor":1},{"name":"arg0_1","role":"input","mem":"hbm","elems":268435456,"broadcast":false,"dims":[8,512,1024,64],"logical":[1024,8,32768],"loop_factor":1}],"reduction_cores":1,"loop_trip":1,"tiles_output_dim":false,"tile_rows_per_core":0.0,"is_matmul":false,"matmul_macs":0,"matmul_rows_per_core":0.0,"matmul_cols_per_core":0.0,"matmul_a_bytes":0,"matmul_b_bytes":0,"matmul_m_split":1,"matmul_n_split":1,"hbm_pattern":""}]
TIMING op=transpose_outer reps=7/7 prof_wall_s=5.43 per_rep_s=0.776
SUMMARY op=transpose_outer rows=1024 cols=32768 cores=32 tiles=0 lx=0 io_hbm_bytes=1073741824 kernel_us=13386.325 pred_us=10239.918 err_pct=-23.5 bw_gbps=80.2 memset_us=9952.444 other_dev_us=88195.518 total_dev_us=111534.287 kernel_us_min=13309.186 kernel_us_median=13386.325 kernel_us_mean=13373.970 kernel_us_std=40.062 kernel_us_cv=0.30 reps=7
TIMING_RUN transpose_outer [1024,32768] m=8 26s
## SPSAT DONE in 153s
## RSHAPE -- R to 256 and 32768 at fixed sp -> why are both ends slow?
-- cat0 [256,2048] (IR -> haoyang_logs/ir/cat0_256x2048.txt)
  op_it_space_splits={d0: 1, d1: 32, d2: 1}
IO -- device-layout I/O (cost model, stick-padded) --
IO   op clone
IO     output op0                    torch [2, 256, 2048] -> device [256, 32, 2, 64] in HBM = 1048576 elems x 2B = 2097152 B  (hbm counted: 2097152 B)
IO     input  arg0_1                 torch [256, 2048] -> device [32, 256, 64] in HBM = 524288 elems x 2B = 1048576 B  (hbm counted: 1048576 B) broadcast (loaded once)
IO   => HBM I/O total = 3145728 B  (lx 0 B, ~free)
MODEL -- estimate (turnaround): T = (R+W)/BW_PEAK + a*min(R,W) --
MODEL   R=1048576 B (read)   W=2097152 B (write)   loop_trip L=1
MODEL   base = (R+W)/150 = 20.97 us
MODEL   turn = a*min(R,W) = 0.00574*1048576 = 6.02 us
MODEL   => T_model = 37.23 us
MODEL FEATS [{"name":"clone","is_reduction":false,"out_elems":1048576,"cores":32,"dtype_bytes":2,"args":[{"name":"op0","role":"output","mem":"hbm","elems":1048576,"broadcast":false,"dims":[256,32,2,64],"logical":[2,256,2048],"loop_factor":1},{"name":"arg0_1","role":"input","mem":"hbm","elems":524288,"broadcast":true,"dims":[32,256,64],"logical":[256,2048],"loop_factor":1}],"reduction_cores":1,"loop_trip":1,"tiles_output_dim":false,"tile_rows_per_core":0.0,"is_matmul":false,"matmul_macs":0,"matmul_rows_per_core":0.0,"matmul_cols_per_core":0.0,"matmul_a_bytes":0,"matmul_b_bytes":0,"matmul_m_split":1,"matmul_n_split":1,"hbm_pattern":"stick_scatter"}]
TIMING op=cat0 reps=7/7 prof_wall_s=0.12 per_rep_s=0.017
SUMMARY op=cat0 rows=256 cols=2048 cores=32 tiles=0 lx=0 io_hbm_bytes=3145728 kernel_us=40.540 pred_us=37.229 err_pct=-8.2 bw_gbps=77.6 memset_us=86.766 other_dev_us=322.058 total_dev_us=449.364 kernel_us_min=39.245 kernel_us_median=40.540 kernel_us_mean=40.382 kernel_us_std=0.645 kernel_us_cv=1.60 reps=7
TIMING_RUN cat0 [256,2048] 15s
-- cat0 [32768,2048] (IR -> haoyang_logs/ir/cat0_32768x2048.txt)
  op_it_space_splits={d0: 1, d1: 32, d2: 1}
IO -- device-layout I/O (cost model, stick-padded) --
IO   op clone
IO     output op0                    torch [2, 32768, 2048] -> device [32768, 32, 2, 64] in HBM = 134217728 elems x 2B = 268435456 B  (hbm counted: 268435456 B)
IO     input  arg0_1                 torch [32768, 2048] -> device [32, 32768, 64] in HBM = 67108864 elems x 2B = 134217728 B  (hbm counted: 134217728 B) broadcast (loaded once)
IO   => HBM I/O total = 402653184 B  (lx 0 B, ~free)
MODEL -- estimate (turnaround): T = (R+W)/BW_PEAK + a*min(R,W) --
MODEL   R=134217728 B (read)   W=268435456 B (write)   loop_trip L=1
MODEL   base = (R+W)/150 = 2684.35 us
MODEL   turn = a*min(R,W) = 0.00574*134217728 = 770.41 us
MODEL   => T_model = 7534.41 us
MODEL FEATS [{"name":"clone","is_reduction":false,"out_elems":134217728,"cores":32,"dtype_bytes":2,"args":[{"name":"op0","role":"output","mem":"hbm","elems":134217728,"broadcast":false,"dims":[32768,32,2,64],"logical":[2,32768,2048],"loop_factor":1},{"name":"arg0_1","role":"input","mem":"hbm","elems":67108864,"broadcast":true,"dims":[32,32768,64],"logical":[32768,2048],"loop_factor":1}],"reduction_cores":1,"loop_trip":1,"tiles_output_dim":false,"tile_rows_per_core":0.0,"is_matmul":false,"matmul_macs":0,"matmul_rows_per_core":0.0,"matmul_cols_per_core":0.0,"matmul_a_bytes":0,"matmul_b_bytes":0,"matmul_m_split":1,"matmul_n_split":1,"hbm_pattern":"stick_scatter"}]
TIMING op=cat0 reps=7/7 prof_wall_s=2.88 per_rep_s=0.412
SUMMARY op=cat0 rows=32768 cols=2048 cores=32 tiles=0 lx=0 io_hbm_bytes=402653184 kernel_us=6734.691 pred_us=7534.413 err_pct=+11.9 bw_gbps=59.8 memset_us=4844.945 other_dev_us=40282.125 total_dev_us=51861.761 kernel_us_min=6661.130 kernel_us_median=6734.691 kernel_us_mean=6727.461 kernel_us_std=53.313 kernel_us_cv=0.79 reps=7
TIMING_RUN cat0 [32768,2048] 19s
-- transpose_outer [256,2048] m=8 (IR -> haoyang_logs/ir/transpose_outer_m8_256x2048.txt)
  op_it_space_splits={d0: 1, d1: 32, d2: 1}
IO -- device-layout I/O (cost model, stick-padded) --
IO   op clone
IO     output op0                    torch [8, 256, 2048] -> device [256, 32, 8, 64] in HBM = 4194304 elems x 2B = 8388608 B  (hbm counted: 8388608 B)
IO     input  arg0_1                 torch [256, 8, 2048] -> device [8, 32, 256, 64] in HBM = 4194304 elems x 2B = 8388608 B  (hbm counted: 8388608 B)
IO   => HBM I/O total = 16777216 B  (lx 0 B, ~free)
MODEL -- estimate (turnaround): T = (R+W)/BW_PEAK + a*min(R,W) --
MODEL   R=8388608 B (read)   W=8388608 B (write)   loop_trip L=1
MODEL   base = (R+W)/150 = 111.85 us
MODEL   turn = a*min(R,W) = 0.00574*8388608 = 48.15 us
MODEL   => T_model = 160.00 us
MODEL FEATS [{"name":"clone","is_reduction":false,"out_elems":4194304,"cores":32,"dtype_bytes":2,"args":[{"name":"op0","role":"output","mem":"hbm","elems":4194304,"broadcast":false,"dims":[256,32,8,64],"logical":[8,256,2048],"loop_factor":1},{"name":"arg0_1","role":"input","mem":"hbm","elems":4194304,"broadcast":false,"dims":[8,32,256,64],"logical":[256,8,2048],"loop_factor":1}],"reduction_cores":1,"loop_trip":1,"tiles_output_dim":false,"tile_rows_per_core":0.0,"is_matmul":false,"matmul_macs":0,"matmul_rows_per_core":0.0,"matmul_cols_per_core":0.0,"matmul_a_bytes":0,"matmul_b_bytes":0,"matmul_m_split":1,"matmul_n_split":1,"hbm_pattern":""}]
TIMING op=transpose_outer reps=7/7 prof_wall_s=0.17 per_rep_s=0.024
SUMMARY op=transpose_outer rows=256 cols=2048 cores=32 tiles=0 lx=0 io_hbm_bytes=16777216 kernel_us=178.918 pred_us=159.999 err_pct=-10.6 bw_gbps=93.8 memset_us=166.719 other_dev_us=567.197 total_dev_us=912.834 kernel_us_min=177.585 kernel_us_median=178.918 kernel_us_mean=179.219 kernel_us_std=1.833 kernel_us_cv=1.02 reps=7
TIMING_RUN transpose_outer [256,2048] m=8 17s
-- transpose_outer [32768,2048] m=8 (IR -> haoyang_logs/ir/transpose_outer_m8_32768x2048.txt)
  op_it_space_splits={d0: 4, d1: 4, d2: 2}
IO -- device-layout I/O (cost model, stick-padded) --
IO   op clone
IO     output op0                    torch [8, 32768, 2048] -> device [32768, 32, 8, 64] in HBM = 536870912 elems x 2B = 1073741824 B  (hbm counted: 1073741824 B)
IO     input  arg0_1                 torch [32768, 8, 2048] -> device [8, 32, 32768, 64] in HBM = 536870912 elems x 2B = 1073741824 B  (hbm counted: 1073741824 B)
IO   => HBM I/O total = 2147483648 B  (lx 0 B, ~free)
MODEL -- estimate (turnaround): T = (R+W)/BW_PEAK + a*min(R,W) --
MODEL   R=1073741824 B (read)   W=1073741824 B (write)   loop_trip L=1
MODEL   base = (R+W)/150 = 14316.56 us
MODEL   turn = a*min(R,W) = 0.00574*1073741824 = 6163.28 us
MODEL   => T_model = 20479.84 us
MODEL FEATS [{"name":"clone","is_reduction":false,"out_elems":536870912,"cores":32,"dtype_bytes":2,"args":[{"name":"op0","role":"output","mem":"hbm","elems":536870912,"broadcast":false,"dims":[32768,32,8,64],"logical":[8,32768,2048],"loop_factor":1},{"name":"arg0_1","role":"input","mem":"hbm","elems":536870912,"broadcast":false,"dims":[8,32,32768,64],"logical":[32768,8,2048],"loop_factor":1}],"reduction_cores":1,"loop_trip":1,"tiles_output_dim":false,"tile_rows_per_core":0.0,"is_matmul":false,"matmul_macs":0,"matmul_rows_per_core":0.0,"matmul_cols_per_core":0.0,"matmul_a_bytes":0,"matmul_b_bytes":0,"matmul_m_split":1,"matmul_n_split":1,"hbm_pattern":""}]
TIMING op=transpose_outer reps=7/7 prof_wall_s=10.78 per_rep_s=1.540
SUMMARY op=transpose_outer rows=32768 cols=2048 cores=32 tiles=0 lx=0 io_hbm_bytes=2147483648 kernel_us=23973.698 pred_us=20479.836 err_pct=-14.6 bw_gbps=89.6 memset_us=20146.824 other_dev_us=182723.968 total_dev_us=226844.490 kernel_us_min=23874.500 kernel_us_median=23973.698 kernel_us_mean=23977.259 kernel_us_std=81.579 kernel_us_cv=0.34 reps=7
TIMING_RUN transpose_outer [32768,2048] m=8 36s
-- cat1 [256,2048] (IR -> haoyang_logs/ir/cat1_256x2048.txt)
  op_it_space_splits={d0: 32, d1: 1, d2: 1}
IO -- device-layout I/O (cost model, stick-padded) --
IO   op clone
IO     output op0                    torch [256, 2, 2048] -> device [2, 32, 256, 64] in HBM = 1048576 elems x 2B = 2097152 B  (hbm counted: 2097152 B)
IO     input  arg0_1                 torch [256, 2048] -> device [32, 256, 64] in HBM = 524288 elems x 2B = 1048576 B  (hbm counted: 1048576 B) broadcast (loaded once)
IO   => HBM I/O total = 3145728 B  (lx 0 B, ~free)
MODEL -- estimate (turnaround): T = (R+W)/BW_PEAK + a*min(R,W) --
MODEL   R=1048576 B (read)   W=2097152 B (write)   loop_trip L=1
MODEL   base = (R+W)/150 = 20.97 us
MODEL   turn = a*min(R,W) = 0.00574*1048576 = 6.02 us
MODEL   => T_model = 26.99 us
MODEL FEATS [{"name":"clone","is_reduction":false,"out_elems":1048576,"cores":32,"dtype_bytes":2,"args":[{"name":"op0","role":"output","mem":"hbm","elems":1048576,"broadcast":false,"dims":[2,32,256,64],"logical":[256,2,2048],"loop_factor":1},{"name":"arg0_1","role":"input","mem":"hbm","elems":524288,"broadcast":true,"dims":[32,256,64],"logical":[256,2048],"loop_factor":1}],"reduction_cores":1,"loop_trip":1,"tiles_output_dim":false,"tile_rows_per_core":0.0,"is_matmul":false,"matmul_macs":0,"matmul_rows_per_core":0.0,"matmul_cols_per_core":0.0,"matmul_a_bytes":0,"matmul_b_bytes":0,"matmul_m_split":1,"matmul_n_split":1,"hbm_pattern":""}]
TIMING op=cat1 reps=7/7 prof_wall_s=0.12 per_rep_s=0.018
SUMMARY op=cat1 rows=256 cols=2048 cores=32 tiles=0 lx=0 io_hbm_bytes=3145728 kernel_us=37.932 pred_us=26.990 err_pct=-28.8 bw_gbps=82.9 memset_us=93.870 other_dev_us=382.128 total_dev_us=513.930 kernel_us_min=37.010 kernel_us_median=37.932 kernel_us_mean=37.927 kernel_us_std=0.662 kernel_us_cv=1.75 reps=7
TIMING_RUN cat1 [256,2048] 19s
-- cat1 [32768,2048] (IR -> haoyang_logs/ir/cat1_32768x2048.txt)
  op_it_space_splits={d0: 32, d1: 1, d2: 1}
IO -- device-layout I/O (cost model, stick-padded) --
IO   op clone
IO     output op0                    torch [32768, 2, 2048] -> device [2, 32, 32768, 64] in HBM = 134217728 elems x 2B = 268435456 B  (hbm counted: 268435456 B)
IO     input  arg0_1                 torch [32768, 2048] -> device [32, 32768, 64] in HBM = 67108864 elems x 2B = 134217728 B  (hbm counted: 134217728 B) broadcast (loaded once)
IO   => HBM I/O total = 402653184 B  (lx 0 B, ~free)
MODEL -- estimate (turnaround): T = (R+W)/BW_PEAK + a*min(R,W) --
MODEL   R=134217728 B (read)   W=268435456 B (write)   loop_trip L=1
MODEL   base = (R+W)/150 = 2684.35 us
MODEL   turn = a*min(R,W) = 0.00574*134217728 = 770.41 us
MODEL   => T_model = 3454.76 us
MODEL FEATS [{"name":"clone","is_reduction":false,"out_elems":134217728,"cores":32,"dtype_bytes":2,"args":[{"name":"op0","role":"output","mem":"hbm","elems":134217728,"broadcast":false,"dims":[2,32,32768,64],"logical":[32768,2,2048],"loop_factor":1},{"name":"arg0_1","role":"input","mem":"hbm","elems":67108864,"broadcast":true,"dims":[32,32768,64],"logical":[32768,2048],"loop_factor":1}],"reduction_cores":1,"loop_trip":1,"tiles_output_dim":false,"tile_rows_per_core":0.0,"is_matmul":false,"matmul_macs":0,"matmul_rows_per_core":0.0,"matmul_cols_per_core":0.0,"matmul_a_bytes":0,"matmul_b_bytes":0,"matmul_m_split":1,"matmul_n_split":1,"hbm_pattern":""}]
TIMING op=cat1 reps=7/7 prof_wall_s=3.33 per_rep_s=0.476
SUMMARY op=cat1 rows=32768 cols=2048 cores=32 tiles=0 lx=0 io_hbm_bytes=402653184 kernel_us=3881.017 pred_us=3454.764 err_pct=-11.0 bw_gbps=103.7 memset_us=4879.115 other_dev_us=40254.390 total_dev_us=49014.522 kernel_us_min=3857.268 kernel_us_median=3881.017 kernel_us_mean=3877.355 kernel_us_std=13.721 kernel_us_cv=0.35 reps=7
TIMING_RUN cat1 [32768,2048] 26s
-- cat0 [256,8192] (IR -> haoyang_logs/ir/cat0_256x8192.txt)
  op_it_space_splits={d0: 1, d1: 32, d2: 1}
IO -- device-layout I/O (cost model, stick-padded) --
IO   op clone
IO     output op0                    torch [2, 256, 8192] -> device [256, 128, 2, 64] in HBM = 4194304 elems x 2B = 8388608 B  (hbm counted: 8388608 B)
IO     input  arg0_1                 torch [256, 8192] -> device [128, 256, 64] in HBM = 2097152 elems x 2B = 4194304 B  (hbm counted: 4194304 B) broadcast (loaded once)
IO   => HBM I/O total = 12582912 B  (lx 0 B, ~free)
MODEL -- estimate (turnaround): T = (R+W)/BW_PEAK + a*min(R,W) --
MODEL   R=4194304 B (read)   W=8388608 B (write)   loop_trip L=1
MODEL   base = (R+W)/150 = 83.89 us
MODEL   turn = a*min(R,W) = 0.00574*4194304 = 24.08 us
MODEL   => T_model = 212.63 us
MODEL FEATS [{"name":"clone","is_reduction":false,"out_elems":4194304,"cores":32,"dtype_bytes":2,"args":[{"name":"op0","role":"output","mem":"hbm","elems":4194304,"broadcast":false,"dims":[256,128,2,64],"logical":[2,256,8192],"loop_factor":1},{"name":"arg0_1","role":"input","mem":"hbm","elems":2097152,"broadcast":true,"dims":[128,256,64],"logical":[256,8192],"loop_factor":1}],"reduction_cores":1,"loop_trip":1,"tiles_output_dim":false,"tile_rows_per_core":0.0,"is_matmul":false,"matmul_macs":0,"matmul_rows_per_core":0.0,"matmul_cols_per_core":0.0,"matmul_a_bytes":0,"matmul_b_bytes":0,"matmul_m_split":1,"matmul_n_split":1,"hbm_pattern":"stick_scatter"}]
TIMING op=cat0 reps=7/7 prof_wall_s=0.18 per_rep_s=0.025
SUMMARY op=cat0 rows=256 cols=8192 cores=32 tiles=0 lx=0 io_hbm_bytes=12582912 kernel_us=217.067 pred_us=212.633 err_pct=-2.0 bw_gbps=58.0 memset_us=165.387 other_dev_us=587.032 total_dev_us=969.486 kernel_us_min=214.267 kernel_us_median=217.067 kernel_us_mean=216.640 kernel_us_std=1.471 kernel_us_cv=0.68 reps=7
TIMING_RUN cat0 [256,8192] 14s
-- cat0 [1024,8192] (IR -> haoyang_logs/ir/cat0_1024x8192.txt)
  op_it_space_splits={d0: 1, d1: 32, d2: 1}
IO -- device-layout I/O (cost model, stick-padded) --
IO   op clone
IO     output op0                    torch [2, 1024, 8192] -> device [1024, 128, 2, 64] in HBM = 16777216 elems x 2B = 33554432 B  (hbm counted: 33554432 B)
IO     input  arg0_1                 torch [1024, 8192] -> device [128, 1024, 64] in HBM = 8388608 elems x 2B = 16777216 B  (hbm counted: 16777216 B) broadcast (loaded once)
IO   => HBM I/O total = 50331648 B  (lx 0 B, ~free)
MODEL -- estimate (turnaround): T = (R+W)/BW_PEAK + a*min(R,W) --
MODEL   R=16777216 B (read)   W=33554432 B (write)   loop_trip L=1
MODEL   base = (R+W)/150 = 335.54 us
MODEL   turn = a*min(R,W) = 0.00574*16777216 = 96.30 us
MODEL   => T_model = 1003.02 us
MODEL FEATS [{"name":"clone","is_reduction":false,"out_elems":16777216,"cores":32,"dtype_bytes":2,"args":[{"name":"op0","role":"output","mem":"hbm","elems":16777216,"broadcast":false,"dims":[1024,128,2,64],"logical":[2,1024,8192],"loop_factor":1},{"name":"arg0_1","role":"input","mem":"hbm","elems":8388608,"broadcast":true,"dims":[128,1024,64],"logical":[1024,8192],"loop_factor":1}],"reduction_cores":1,"loop_trip":1,"tiles_output_dim":false,"tile_rows_per_core":0.0,"is_matmul":false,"matmul_macs":0,"matmul_rows_per_core":0.0,"matmul_cols_per_core":0.0,"matmul_a_bytes":0,"matmul_b_bytes":0,"matmul_m_split":1,"matmul_n_split":1,"hbm_pattern":"stick_scatter"}]
TIMING op=cat0 reps=7/7 prof_wall_s=0.47 per_rep_s=0.068
SUMMARY op=cat0 rows=1024 cols=8192 cores=32 tiles=0 lx=0 io_hbm_bytes=50331648 kernel_us=904.694 pred_us=1003.022 err_pct=+10.9 bw_gbps=55.6 memset_us=432.150 other_dev_us=2263.939 total_dev_us=3600.783 kernel_us_min=900.128 kernel_us_median=904.694 kernel_us_mean=905.403 kernel_us_std=3.600 kernel_us_cv=0.40 reps=7
TIMING_RUN cat0 [1024,8192] 15s
-- cat0 [4096,8192] (IR -> haoyang_logs/ir/cat0_4096x8192.txt)
  op_it_space_splits={d0: 1, d1: 32, d2: 1}
IO -- device-layout I/O (cost model, stick-padded) --
IO   op clone
IO     output op0                    torch [2, 4096, 8192] -> device [4096, 128, 2, 64] in HBM = 67108864 elems x 2B = 134217728 B  (hbm counted: 134217728 B)
IO     input  arg0_1                 torch [4096, 8192] -> device [128, 4096, 64] in HBM = 33554432 elems x 2B = 67108864 B  (hbm counted: 67108864 B) broadcast (loaded once)
IO   => HBM I/O total = 201326592 B  (lx 0 B, ~free)
MODEL -- estimate (turnaround): T = (R+W)/BW_PEAK + a*min(R,W) --
MODEL   R=67108864 B (read)   W=134217728 B (write)   loop_trip L=1
MODEL   base = (R+W)/150 = 1342.18 us
MODEL   turn = a*min(R,W) = 0.00574*67108864 = 385.20 us
MODEL   => T_model = 4892.12 us
MODEL FEATS [{"name":"clone","is_reduction":false,"out_elems":67108864,"cores":32,"dtype_bytes":2,"args":[{"name":"op0","role":"output","mem":"hbm","elems":67108864,"broadcast":false,"dims":[4096,128,2,64],"logical":[2,4096,8192],"loop_factor":1},{"name":"arg0_1","role":"input","mem":"hbm","elems":33554432,"broadcast":true,"dims":[128,4096,64],"logical":[4096,8192],"loop_factor":1}],"reduction_cores":1,"loop_trip":1,"tiles_output_dim":false,"tile_rows_per_core":0.0,"is_matmul":false,"matmul_macs":0,"matmul_rows_per_core":0.0,"matmul_cols_per_core":0.0,"matmul_a_bytes":0,"matmul_b_bytes":0,"matmul_m_split":1,"matmul_n_split":1,"hbm_pattern":"stick_scatter"}]
TIMING op=cat0 reps=7/7 prof_wall_s=1.49 per_rep_s=0.213
SUMMARY op=cat0 rows=4096 cols=8192 cores=32 tiles=0 lx=0 io_hbm_bytes=201326592 kernel_us=4018.194 pred_us=4892.123 err_pct=+21.7 bw_gbps=50.1 memset_us=2288.093 other_dev_us=17616.117 total_dev_us=23922.404 kernel_us_min=4005.530 kernel_us_median=4018.194 kernel_us_mean=4031.658 kernel_us_std=27.974 kernel_us_cv=0.69 reps=7
TIMING_RUN cat0 [4096,8192] 16s
-- cat0 [16384,8192] (IR -> haoyang_logs/ir/cat0_16384x8192.txt)
  op_it_space_splits={d0: 1, d1: 2, d2: 16}
IO -- device-layout I/O (cost model, stick-padded) --
IO   op clone
IO     output op0                    torch [2, 16384, 8192] -> device [16384, 128, 2, 64] in HBM = 268435456 elems x 2B = 536870912 B  (hbm counted: 536870912 B)
IO     input  arg0_1                 torch [16384, 8192] -> device [128, 16384, 64] in HBM = 134217728 elems x 2B = 268435456 B  (hbm counted: 268435456 B) broadcast (loaded once)
IO   => HBM I/O total = 805306368 B  (lx 0 B, ~free)
MODEL -- estimate (turnaround): T = (R+W)/BW_PEAK + a*min(R,W) --
MODEL   R=268435456 B (read)   W=536870912 B (write)   loop_trip L=1
MODEL   base = (R+W)/150 = 5368.71 us
MODEL   turn = a*min(R,W) = 0.00574*268435456 = 1540.82 us
MODEL   => T_model = 22190.66 us
MODEL FEATS [{"name":"clone","is_reduction":false,"out_elems":268435456,"cores":32,"dtype_bytes":2,"args":[{"name":"op0","role":"output","mem":"hbm","elems":268435456,"broadcast":false,"dims":[16384,128,2,64],"logical":[2,16384,8192],"loop_factor":1},{"name":"arg0_1","role":"input","mem":"hbm","elems":134217728,"broadcast":true,"dims":[128,16384,64],"logical":[16384,8192],"loop_factor":1}],"reduction_cores":1,"loop_trip":1,"tiles_output_dim":false,"tile_rows_per_core":0.0,"is_matmul":false,"matmul_macs":0,"matmul_rows_per_core":0.0,"matmul_cols_per_core":0.0,"matmul_a_bytes":0,"matmul_b_bytes":0,"matmul_m_split":1,"matmul_n_split":1,"hbm_pattern":"stick_scatter"}]
TIMING op=cat0 reps=7/7 prof_wall_s=5.55 per_rep_s=0.793
SUMMARY op=cat0 rows=16384 cols=8192 cores=32 tiles=0 lx=0 io_hbm_bytes=805306368 kernel_us=17466.944 pred_us=22190.664 err_pct=+27.0 bw_gbps=46.1 memset_us=9969.685 other_dev_us=89206.014 total_dev_us=116642.643 kernel_us_min=17397.241 kernel_us_median=17466.944 kernel_us_mean=17480.213 kernel_us_std=61.142 kernel_us_cv=0.35 reps=7
TIMING_RUN cat0 [16384,8192] 25s
-- transpose_outer [256,8192] m=8 (IR -> haoyang_logs/ir/transpose_outer_m8_256x8192.txt)
  op_it_space_splits={d0: 1, d1: 32, d2: 1}
IO -- device-layout I/O (cost model, stick-padded) --
IO   op clone
IO     output op0                    torch [8, 256, 8192] -> device [256, 128, 8, 64] in HBM = 16777216 elems x 2B = 33554432 B  (hbm counted: 33554432 B)
IO     input  arg0_1                 torch [256, 8, 8192] -> device [8, 128, 256, 64] in HBM = 16777216 elems x 2B = 33554432 B  (hbm counted: 33554432 B)
IO   => HBM I/O total = 67108864 B  (lx 0 B, ~free)
MODEL -- estimate (turnaround): T = (R+W)/BW_PEAK + a*min(R,W) --
MODEL   R=33554432 B (read)   W=33554432 B (write)   loop_trip L=1
MODEL   base = (R+W)/150 = 447.39 us
MODEL   turn = a*min(R,W) = 0.00574*33554432 = 192.60 us
MODEL   => T_model = 639.99 us
MODEL FEATS [{"name":"clone","is_reduction":false,"out_elems":16777216,"cores":32,"dtype_bytes":2,"args":[{"name":"op0","role":"output","mem":"hbm","elems":16777216,"broadcast":false,"dims":[256,128,8,64],"logical":[8,256,8192],"loop_factor":1},{"name":"arg0_1","role":"input","mem":"hbm","elems":16777216,"broadcast":false,"dims":[8,128,256,64],"logical":[256,8,8192],"loop_factor":1}],"reduction_cores":1,"loop_trip":1,"tiles_output_dim":false,"tile_rows_per_core":0.0,"is_matmul":false,"matmul_macs":0,"matmul_rows_per_core":0.0,"matmul_cols_per_core":0.0,"matmul_a_bytes":0,"matmul_b_bytes":0,"matmul_m_split":1,"matmul_n_split":1,"hbm_pattern":""}]
TIMING op=transpose_outer reps=7/7 prof_wall_s=0.45 per_rep_s=0.065
SUMMARY op=transpose_outer rows=256 cols=8192 cores=32 tiles=0 lx=0 io_hbm_bytes=67108864 kernel_us=881.719 pred_us=639.995 err_pct=-27.4 bw_gbps=76.1 memset_us=433.656 other_dev_us=2227.378 total_dev_us=3542.753 kernel_us_min=877.993 kernel_us_median=881.719 kernel_us_mean=883.643 kernel_us_std=4.122 kernel_us_cv=0.47 reps=7
TIMING_RUN transpose_outer [256,8192] m=8 16s
-- transpose_outer [1024,8192] m=8 (IR -> haoyang_logs/ir/transpose_outer_m8_1024x8192.txt)
  op_it_space_splits={d0: 1, d1: 32, d2: 1}
IO -- device-layout I/O (cost model, stick-padded) --
IO   op clone
IO     output op0                    torch [8, 1024, 8192] -> device [1024, 128, 8, 64] in HBM = 67108864 elems x 2B = 134217728 B  (hbm counted: 134217728 B)
IO     input  arg0_1                 torch [1024, 8, 8192] -> device [8, 128, 1024, 64] in HBM = 67108864 elems x 2B = 134217728 B  (hbm counted: 134217728 B)
IO   => HBM I/O total = 268435456 B  (lx 0 B, ~free)
MODEL -- estimate (turnaround): T = (R+W)/BW_PEAK + a*min(R,W) --
MODEL   R=134217728 B (read)   W=134217728 B (write)   loop_trip L=1
MODEL   base = (R+W)/150 = 1789.57 us
MODEL   turn = a*min(R,W) = 0.00574*134217728 = 770.41 us
MODEL   => T_model = 2559.98 us
MODEL FEATS [{"name":"clone","is_reduction":false,"out_elems":67108864,"cores":32,"dtype_bytes":2,"args":[{"name":"op0","role":"output","mem":"hbm","elems":67108864,"broadcast":false,"dims":[1024,128,8,64],"logical":[8,1024,8192],"loop_factor":1},{"name":"arg0_1","role":"input","mem":"hbm","elems":67108864,"broadcast":false,"dims":[8,128,1024,64],"logical":[1024,8,8192],"loop_factor":1}],"reduction_cores":1,"loop_trip":1,"tiles_output_dim":false,"tile_rows_per_core":0.0,"is_matmul":false,"matmul_macs":0,"matmul_rows_per_core":0.0,"matmul_cols_per_core":0.0,"matmul_a_bytes":0,"matmul_b_bytes":0,"matmul_m_split":1,"matmul_n_split":1,"hbm_pattern":""}]
TIMING op=transpose_outer reps=7/7 prof_wall_s=1.45 per_rep_s=0.207
SUMMARY op=transpose_outer rows=1024 cols=8192 cores=32 tiles=0 lx=0 io_hbm_bytes=268435456 kernel_us=2911.522 pred_us=2559.979 err_pct=-12.1 bw_gbps=92.2 memset_us=2294.973 other_dev_us=16977.566 total_dev_us=22184.061 kernel_us_min=2890.780 kernel_us_median=2911.522 kernel_us_mean=2911.153 kernel_us_std=12.306 kernel_us_cv=0.42 reps=7
TIMING_RUN transpose_outer [1024,8192] m=8 15s
-- transpose_outer [4096,8192] m=8 (IR -> haoyang_logs/ir/transpose_outer_m8_4096x8192.txt)
  op_it_space_splits={d0: 2, d1: 2, d2: 8}
IO -- device-layout I/O (cost model, stick-padded) --
IO   op clone
IO     output op0                    torch [8, 4096, 8192] -> device [4096, 128, 8, 64] in HBM = 268435456 elems x 2B = 536870912 B  (hbm counted: 536870912 B)
IO     input  arg0_1                 torch [4096, 8, 8192] -> device [8, 128, 4096, 64] in HBM = 268435456 elems x 2B = 536870912 B  (hbm counted: 536870912 B)
IO   => HBM I/O total = 1073741824 B  (lx 0 B, ~free)
MODEL -- estimate (turnaround): T = (R+W)/BW_PEAK + a*min(R,W) --
MODEL   R=536870912 B (read)   W=536870912 B (write)   loop_trip L=1
MODEL   base = (R+W)/150 = 7158.28 us
MODEL   turn = a*min(R,W) = 0.00574*536870912 = 3081.64 us
MODEL   => T_model = 10239.92 us
MODEL FEATS [{"name":"clone","is_reduction":false,"out_elems":268435456,"cores":32,"dtype_bytes":2,"args":[{"name":"op0","role":"output","mem":"hbm","elems":268435456,"broadcast":false,"dims":[4096,128,8,64],"logical":[8,4096,8192],"loop_factor":1},{"name":"arg0_1","role":"input","mem":"hbm","elems":268435456,"broadcast":false,"dims":[8,128,4096,64],"logical":[4096,8,8192],"loop_factor":1}],"reduction_cores":1,"loop_trip":1,"tiles_output_dim":false,"tile_rows_per_core":0.0,"is_matmul":false,"matmul_macs":0,"matmul_rows_per_core":0.0,"matmul_cols_per_core":0.0,"matmul_a_bytes":0,"matmul_b_bytes":0,"matmul_m_split":1,"matmul_n_split":1,"hbm_pattern":""}]
TIMING op=transpose_outer reps=7/7 prof_wall_s=5.54 per_rep_s=0.791
SUMMARY op=transpose_outer rows=4096 cols=8192 cores=32 tiles=0 lx=0 io_hbm_bytes=1073741824 kernel_us=11948.203 pred_us=10239.918 err_pct=-14.3 bw_gbps=89.9 memset_us=9912.782 other_dev_us=88771.712 total_dev_us=110632.697 kernel_us_min=11872.565 kernel_us_median=11948.203 kernel_us_mean=11947.260 kernel_us_std=34.694 kernel_us_cv=0.29 reps=7
TIMING_RUN transpose_outer [4096,8192] m=8 26s
-- transpose_outer [16384,8192] m=8 (IR -> haoyang_logs/ir/transpose_outer_m8_16384x8192.txt)
  op_it_space_splits={d0: 8, d1: 4, d2: 1}
SUMMARY op=transpose_outer rows=16384 cols=8192 tiles=0 lx=0 FAILED reason=InductorError: CalledProcessError: Command '['dxp_standalone', '-d', '/tmp/torchinductor_haoyang/tmp42l899rj/inductor-spyre/sdsc_fused_clone_transpose_0_3b
TIMING_RUN transpose_outer [16384,8192] m=8 25s
## RSHAPE DONE in 284s
## XIR -- IR capture: access pattern of each transport op (see haoyang_logs/ir/)
-- transpose [2048,2048] (IR -> haoyang_logs/ir/transpose_2048x2048.txt)
  op_it_space_splits={d0: 32, d1: 1}
IO -- device-layout I/O (cost model, stick-padded) --
IO   op clone
IO     output op0                    torch [2048, 2048] -> device [32, 2048, 64] in HBM = 4194304 elems x 2B = 8388608 B  (hbm counted: 8388608 B)
IO     input  arg0_1                 torch [2048, 2048] -> device [32, 2048, 64] in HBM = 4194304 elems x 2B = 8388608 B  (hbm counted: 8388608 B)
IO   => HBM I/O total = 16777216 B  (lx 0 B, ~free)
MODEL -- estimate (turnaround): T = (R+W)/BW_PEAK + a*min(R,W) --
MODEL   R=8388608 B (read)   W=8388608 B (write)   loop_trip L=1
MODEL   base = (R+W)/150 = 111.85 us
MODEL   turn = a*min(R,W) = 0.00574*8388608 = 48.15 us
MODEL   => T_model = 144.63 us
MODEL FEATS [{"name":"clone","is_reduction":false,"out_elems":4194304,"cores":32,"dtype_bytes":2,"args":[{"name":"op0","role":"output","mem":"hbm","elems":4194304,"broadcast":false,"dims":[32,2048,64],"logical":[2048,2048],"loop_factor":1},{"name":"arg0_1","role":"input","mem":"hbm","elems":4194304,"broadcast":false,"dims":[32,2048,64],"logical":[2048,2048],"loop_factor":1}],"reduction_cores":1,"loop_trip":1,"tiles_output_dim":false,"tile_rows_per_core":0.0,"is_matmul":false,"matmul_macs":0,"matmul_rows_per_core":0.0,"matmul_cols_per_core":0.0,"matmul_a_bytes":0,"matmul_b_bytes":0,"matmul_m_split":1,"matmul_n_split":1,"hbm_pattern":"restickify"}]
TIMING op=transpose reps=7/7 prof_wall_s=0.18 per_rep_s=0.026
SUMMARY op=transpose rows=2048 cols=2048 cores=32 tiles=0 lx=0 io_hbm_bytes=16777216 kernel_us=146.155 pred_us=144.631 err_pct=-1.0 bw_gbps=114.8 memset_us=162.245 other_dev_us=569.587 total_dev_us=877.987 kernel_us_min=144.913 kernel_us_median=146.155 kernel_us_mean=146.228 kernel_us_std=0.823 kernel_us_cv=0.56 reps=7
TIMING_RUN transpose [2048,2048] 14s
-- cat0 [2048,2048] (IR -> haoyang_logs/ir/cat0_2048x2048.txt)
  op_it_space_splits={d0: 1, d1: 32, d2: 1}
IO -- device-layout I/O (cost model, stick-padded) --
IO   op clone
IO     output op0                    torch [2, 2048, 2048] -> device [2048, 32, 2, 64] in HBM = 8388608 elems x 2B = 16777216 B  (hbm counted: 16777216 B)
IO     input  arg0_1                 torch [2048, 2048] -> device [32, 2048, 64] in HBM = 4194304 elems x 2B = 8388608 B  (hbm counted: 8388608 B) broadcast (loaded once)
IO   => HBM I/O total = 25165824 B  (lx 0 B, ~free)
MODEL -- estimate (turnaround): T = (R+W)/BW_PEAK + a*min(R,W) --
MODEL   R=8388608 B (read)   W=16777216 B (write)   loop_trip L=1
MODEL   base = (R+W)/150 = 167.77 us
MODEL   turn = a*min(R,W) = 0.00574*8388608 = 48.15 us
MODEL   => T_model = 349.54 us
MODEL FEATS [{"name":"clone","is_reduction":false,"out_elems":8388608,"cores":32,"dtype_bytes":2,"args":[{"name":"op0","role":"output","mem":"hbm","elems":8388608,"broadcast":false,"dims":[2048,32,2,64],"logical":[2,2048,2048],"loop_factor":1},{"name":"arg0_1","role":"input","mem":"hbm","elems":4194304,"broadcast":true,"dims":[32,2048,64],"logical":[2048,2048],"loop_factor":1}],"reduction_cores":1,"loop_trip":1,"tiles_output_dim":false,"tile_rows_per_core":0.0,"is_matmul":false,"matmul_macs":0,"matmul_rows_per_core":0.0,"matmul_cols_per_core":0.0,"matmul_a_bytes":0,"matmul_b_bytes":0,"matmul_m_split":1,"matmul_n_split":1,"hbm_pattern":"stick_scatter"}]
TIMING op=cat0 reps=7/7 prof_wall_s=0.25 per_rep_s=0.036
SUMMARY op=cat0 rows=2048 cols=2048 cores=32 tiles=0 lx=0 io_hbm_bytes=25165824 kernel_us=396.281 pred_us=349.542 err_pct=-11.8 bw_gbps=63.5 memset_us=247.464 other_dev_us=967.916 total_dev_us=1611.661 kernel_us_min=392.551 kernel_us_median=396.281 kernel_us_mean=395.629 kernel_us_std=1.912 kernel_us_cv=0.48 reps=7
TIMING_RUN cat0 [2048,2048] 15s
-- cat1 [2048,2048] (IR -> haoyang_logs/ir/cat1_2048x2048.txt)
  op_it_space_splits={d0: 32, d1: 1, d2: 1}
IO -- device-layout I/O (cost model, stick-padded) --
IO   op clone
IO     output op0                    torch [2048, 2, 2048] -> device [2, 32, 2048, 64] in HBM = 8388608 elems x 2B = 16777216 B  (hbm counted: 16777216 B)
IO     input  arg0_1                 torch [2048, 2048] -> device [32, 2048, 64] in HBM = 4194304 elems x 2B = 8388608 B  (hbm counted: 8388608 B) broadcast (loaded once)
IO   => HBM I/O total = 25165824 B  (lx 0 B, ~free)
MODEL -- estimate (turnaround): T = (R+W)/BW_PEAK + a*min(R,W) --
MODEL   R=8388608 B (read)   W=16777216 B (write)   loop_trip L=1
MODEL   base = (R+W)/150 = 167.77 us
MODEL   turn = a*min(R,W) = 0.00574*8388608 = 48.15 us
MODEL   => T_model = 215.92 us
MODEL FEATS [{"name":"clone","is_reduction":false,"out_elems":8388608,"cores":32,"dtype_bytes":2,"args":[{"name":"op0","role":"output","mem":"hbm","elems":8388608,"broadcast":false,"dims":[2,32,2048,64],"logical":[2048,2,2048],"loop_factor":1},{"name":"arg0_1","role":"input","mem":"hbm","elems":4194304,"broadcast":true,"dims":[32,2048,64],"logical":[2048,2048],"loop_factor":1}],"reduction_cores":1,"loop_trip":1,"tiles_output_dim":false,"tile_rows_per_core":0.0,"is_matmul":false,"matmul_macs":0,"matmul_rows_per_core":0.0,"matmul_cols_per_core":0.0,"matmul_a_bytes":0,"matmul_b_bytes":0,"matmul_m_split":1,"matmul_n_split":1,"hbm_pattern":""}]
TIMING op=cat1 reps=7/7 prof_wall_s=0.27 per_rep_s=0.038
SUMMARY op=cat1 rows=2048 cols=2048 cores=32 tiles=0 lx=0 io_hbm_bytes=25165824 kernel_us=233.160 pred_us=215.923 err_pct=-7.4 bw_gbps=107.9 memset_us=256.695 other_dev_us=981.509 total_dev_us=1471.364 kernel_us_min=230.930 kernel_us_median=233.160 kernel_us_mean=232.880 kernel_us_std=1.507 kernel_us_cv=0.65 reps=7
TIMING_RUN cat1 [2048,2048] 14s
-- transpose_outer [2048,2048] m=8 (IR -> haoyang_logs/ir/transpose_outer_m8_2048x2048.txt)
  op_it_space_splits={d0: 1, d1: 32, d2: 1}
IO -- device-layout I/O (cost model, stick-padded) --
IO   op clone
IO     output op0                    torch [8, 2048, 2048] -> device [2048, 32, 8, 64] in HBM = 33554432 elems x 2B = 67108864 B  (hbm counted: 67108864 B)
IO     input  arg0_1                 torch [2048, 8, 2048] -> device [8, 32, 2048, 64] in HBM = 33554432 elems x 2B = 67108864 B  (hbm counted: 67108864 B)
IO   => HBM I/O total = 134217728 B  (lx 0 B, ~free)
MODEL -- estimate (turnaround): T = (R+W)/BW_PEAK + a*min(R,W) --
MODEL   R=67108864 B (read)   W=67108864 B (write)   loop_trip L=1
MODEL   base = (R+W)/150 = 894.78 us
MODEL   turn = a*min(R,W) = 0.00574*67108864 = 385.20 us
MODEL   => T_model = 1279.99 us
MODEL FEATS [{"name":"clone","is_reduction":false,"out_elems":33554432,"cores":32,"dtype_bytes":2,"args":[{"name":"op0","role":"output","mem":"hbm","elems":33554432,"broadcast":false,"dims":[2048,32,8,64],"logical":[8,2048,2048],"loop_factor":1},{"name":"arg0_1","role":"input","mem":"hbm","elems":33554432,"broadcast":false,"dims":[8,32,2048,64],"logical":[2048,8,2048],"loop_factor":1}],"reduction_cores":1,"loop_trip":1,"tiles_output_dim":false,"tile_rows_per_core":0.0,"is_matmul":false,"matmul_macs":0,"matmul_rows_per_core":0.0,"matmul_cols_per_core":0.0,"matmul_a_bytes":0,"matmul_b_bytes":0,"matmul_m_split":1,"matmul_n_split":1,"hbm_pattern":""}]
TIMING op=transpose_outer reps=7/7 prof_wall_s=0.80 per_rep_s=0.114
SUMMARY op=transpose_outer rows=2048 cols=2048 cores=32 tiles=0 lx=0 io_hbm_bytes=134217728 kernel_us=1338.021 pred_us=1279.990 err_pct=-4.3 bw_gbps=100.3 memset_us=1044.290 other_dev_us=6190.099 total_dev_us=8572.410 kernel_us_min=1324.963 kernel_us_median=1338.021 kernel_us_mean=1335.556 kernel_us_std=7.814 kernel_us_cv=0.59 reps=7
TIMING_RUN transpose_outer [2048,2048] m=8 20s
-- transpose_outer [2048,2048] m=32 (IR -> haoyang_logs/ir/transpose_outer_m32_2048x2048.txt)
  op_it_space_splits={d0: 1, d1: 32, d2: 1}
IO -- device-layout I/O (cost model, stick-padded) --
IO   op clone
IO     output op0                    torch [32, 2048, 2048] -> device [2048, 32, 32, 64] in HBM = 134217728 elems x 2B = 268435456 B  (hbm counted: 268435456 B)
IO     input  arg0_1                 torch [2048, 32, 2048] -> device [32, 32, 2048, 64] in HBM = 134217728 elems x 2B = 268435456 B  (hbm counted: 268435456 B)
IO   => HBM I/O total = 536870912 B  (lx 0 B, ~free)
MODEL -- estimate (turnaround): T = (R+W)/BW_PEAK + a*min(R,W) --
MODEL   R=268435456 B (read)   W=268435456 B (write)   loop_trip L=1
MODEL   base = (R+W)/150 = 3579.14 us
MODEL   turn = a*min(R,W) = 0.00574*268435456 = 1540.82 us
MODEL   => T_model = 5119.96 us
MODEL FEATS [{"name":"clone","is_reduction":false,"out_elems":134217728,"cores":32,"dtype_bytes":2,"args":[{"name":"op0","role":"output","mem":"hbm","elems":134217728,"broadcast":false,"dims":[2048,32,32,64],"logical":[32,2048,2048],"loop_factor":1},{"name":"arg0_1","role":"input","mem":"hbm","elems":134217728,"broadcast":false,"dims":[32,32,2048,64],"logical":[2048,32,2048],"loop_factor":1}],"reduction_cores":1,"loop_trip":1,"tiles_output_dim":false,"tile_rows_per_core":0.0,"is_matmul":false,"matmul_macs":0,"matmul_rows_per_core":0.0,"matmul_cols_per_core":0.0,"matmul_a_bytes":0,"matmul_b_bytes":0,"matmul_m_split":1,"matmul_n_split":1,"hbm_pattern":""}]
TIMING op=transpose_outer reps=7/7 prof_wall_s=2.86 per_rep_s=0.408
SUMMARY op=transpose_outer rows=2048 cols=2048 cores=32 tiles=0 lx=0 io_hbm_bytes=536870912 kernel_us=6590.041 pred_us=5119.959 err_pct=-22.3 bw_gbps=81.5 memset_us=4793.201 other_dev_us=40875.671 total_dev_us=52258.913 kernel_us_min=6499.485 kernel_us_median=6590.041 kernel_us_mean=6582.052 kernel_us_std=48.020 kernel_us_cv=0.73 reps=7
TIMING_RUN transpose_outer [2048,2048] m=32 22s
## XIR DONE in 85s
==== transport isolation sweep DONE in 968s -- haoyang_logs/transport_iso_20260724_041855.log ====
